[2026-02-02T19:46:33.658+0000] {taskinstance.py:1956} INFO - Dependencies all met for dep_context=non-requeueable deps ti=<TaskInstance: etl_events_daily.process_monza.scrape_city_today scheduled__2026-02-01T06:00:00+00:00 [queued]>
[2026-02-02T19:46:33.666+0000] {taskinstance.py:1956} INFO - Dependencies all met for dep_context=requeueable deps ti=<TaskInstance: etl_events_daily.process_monza.scrape_city_today scheduled__2026-02-01T06:00:00+00:00 [queued]>
[2026-02-02T19:46:33.666+0000] {taskinstance.py:2170} INFO - Starting attempt 1 of 4
[2026-02-02T19:46:33.674+0000] {taskinstance.py:2191} INFO - Executing <Task(FilterableDockerOperator): process_monza.scrape_city_today> on 2026-02-01 06:00:00+00:00
[2026-02-02T19:46:33.678+0000] {standard_task_runner.py:60} INFO - Started process 340 to run task
[2026-02-02T19:46:33.680+0000] {standard_task_runner.py:87} INFO - Running: ['airflow', 'tasks', 'run', 'etl_events_daily', 'process_monza.scrape_city_today', 'scheduled__2026-02-01T06:00:00+00:00', '--job-id', '433', '--raw', '--subdir', 'DAGS_FOLDER/scrape_events.py', '--cfg-path', '/tmp/tmp889wf4io']
[2026-02-02T19:46:33.682+0000] {standard_task_runner.py:88} INFO - Job 433: Subtask process_monza.scrape_city_today
[2026-02-02T19:46:33.697+0000] {logging_mixin.py:188} WARNING - /home/airflow/.local/lib/python3.11/site-packages/airflow/settings.py:194 DeprecationWarning: The sql_alchemy_conn option in [core] has been moved to the sql_alchemy_conn option in [database] - the old setting has been used, but please update your config.
[2026-02-02T19:46:33.757+0000] {task_command.py:423} INFO - Running <TaskInstance: etl_events_daily.process_monza.scrape_city_today scheduled__2026-02-01T06:00:00+00:00 [running]> on host d1594f2b36ec
[2026-02-02T19:46:33.850+0000] {taskinstance.py:2480} INFO - Exporting env vars: AIRFLOW_CTX_DAG_OWNER='airflow' AIRFLOW_CTX_DAG_ID='etl_events_daily' AIRFLOW_CTX_TASK_ID='process_monza.scrape_city_today' AIRFLOW_CTX_EXECUTION_DATE='2026-02-01T06:00:00+00:00' AIRFLOW_CTX_TRY_NUMBER='1' AIRFLOW_CTX_DAG_RUN_ID='scheduled__2026-02-01T06:00:00+00:00'
[2026-02-02T19:46:33.870+0000] {docker.py:359} INFO - Starting docker container from image scrapy-events:latest
[2026-02-02T19:46:33.876+0000] {docker.py:367} WARNING - Using remote engine or docker-in-docker and mounting temporary volume from host is not supported. Falling back to `mount_tmp_dir=False` mode. You can set `mount_tmp_dir` parameter to False to disable mounting and remove the warning
[2026-02-02T19:46:34.435+0000] {docker.py:429} INFO - Avvio scraping per: Monza
Periodo: questa-settimana
[2026-02-02T19:46:34.437+0000] {docker.py:429} INFO - 2026-02-02 19:46:34 [scrapy.utils.log] INFO: Scrapy 2.14.1 started (bot: events)
[2026-02-02T19:46:34.442+0000] {docker.py:429} INFO - 2026-02-02 19:46:34 [scrapy.utils.log] INFO: Versions:
{'lxml': '6.0.2',
 'libxml2': '2.14.6',
 'cssselect': '1.3.0',
 'parsel': '1.10.0',
 'w3lib': '2.3.1',
 'Twisted': '25.5.0',
 'Python': '3.11.14 (main, Jan 13 2026, 03:12:14) [GCC 14.2.0]',
 'pyOpenSSL': '25.3.0 (OpenSSL 3.5.4 30 Sep 2025)',
 'cryptography': '46.0.3',
 'Platform': 'Linux-6.12.54-linuxkit-x86_64-with-glibc2.41'}
2026-02-02 19:46:34 [scrapy.crawler] DEBUG: Using CrawlerProcess
[2026-02-02T19:46:34.444+0000] {docker.py:429} INFO - 2026-02-02 19:46:34 [events] INFO: Scraping città: Monza
2026-02-02 19:46:34 [events] INFO: Periodo: questa-settimana (2026-02-02 - 2026-02-08)
[2026-02-02T19:46:34.444+0000] {docker.py:429} INFO - 2026-02-02 19:46:34 [scrapy.addons] INFO: Enabled addons:
[]
[2026-02-02T19:46:34.445+0000] {docker.py:429} INFO - 2026-02-02 19:46:34 [asyncio] DEBUG: Using selector: EpollSelector
[2026-02-02T19:46:34.445+0000] {docker.py:429} INFO - 2026-02-02 19:46:34 [scrapy.utils.log] DEBUG: Using reactor: twisted.internet.asyncioreactor.AsyncioSelectorReactor
[2026-02-02T19:46:34.446+0000] {docker.py:429} INFO - 2026-02-02 19:46:34 [scrapy.utils.log] DEBUG: Using asyncio event loop: asyncio.unix_events._UnixSelectorEventLoop
[2026-02-02T19:46:34.449+0000] {docker.py:429} INFO - 2026-02-02 19:46:34 [scrapy.extensions.telnet] INFO: Telnet Password: 20cba7ed1cf418d6
[2026-02-02T19:46:34.495+0000] {docker.py:429} INFO - 2026-02-02 19:46:34 [scrapy.middleware] INFO: Enabled extensions:
['scrapy.extensions.corestats.CoreStats',
 'scrapy.extensions.logcount.LogCount',
 'scrapy.extensions.telnet.TelnetConsole',
 'scrapy.extensions.memusage.MemoryUsage',
 'scrapy.extensions.feedexport.FeedExporter',
 'scrapy.extensions.logstats.LogStats']
[2026-02-02T19:46:34.496+0000] {docker.py:429} INFO - 2026-02-02 19:46:34 [scrapy.crawler] INFO: Overridden settings:
{'BOT_NAME': 'events',
 'CONCURRENT_REQUESTS': 2,
 'CONCURRENT_REQUESTS_PER_DOMAIN': 1,
 'DOWNLOAD_DELAY': 1,
 'FEED_EXPORT_ENCODING': 'utf-8',
 'NEWSPIDER_MODULE': 'events.spiders',
 'ROBOTSTXT_OBEY': True,
 'SPIDER_MODULES': ['events.spiders'],
 'USER_AGENT': 'Mozilla/5.0 (Macintosh; Intel Mac OS X 10_15_7) '
               'AppleWebKit/537.36 (KHTML, like Gecko) Chrome/120.0.0.0 '
               'Safari/537.36'}
[2026-02-02T19:46:34.547+0000] {docker.py:429} INFO - 2026-02-02 19:46:34 [scrapy.middleware] INFO: Enabled downloader middlewares:
['scrapy.downloadermiddlewares.offsite.OffsiteMiddleware',
 'scrapy.downloadermiddlewares.robotstxt.RobotsTxtMiddleware',
 'scrapy.downloadermiddlewares.httpauth.HttpAuthMiddleware',
 'scrapy.downloadermiddlewares.downloadtimeout.DownloadTimeoutMiddleware',
 'scrapy.downloadermiddlewares.defaultheaders.DefaultHeadersMiddleware',
 'scrapy.downloadermiddlewares.useragent.UserAgentMiddleware',
 'scrapy.downloadermiddlewares.retry.RetryMiddleware',
 'scrapy.downloadermiddlewares.redirect.MetaRefreshMiddleware',
 'scrapy.downloadermiddlewares.httpcompression.HttpCompressionMiddleware',
 'scrapy.downloadermiddlewares.redirect.RedirectMiddleware',
 'scrapy.downloadermiddlewares.cookies.CookiesMiddleware',
 'scrapy.downloadermiddlewares.httpproxy.HttpProxyMiddleware',
 'scrapy.downloadermiddlewares.stats.DownloaderStats']
[2026-02-02T19:46:34.549+0000] {docker.py:429} INFO - 2026-02-02 19:46:34 [scrapy.middleware] INFO: Enabled spider middlewares:
['scrapy.spidermiddlewares.start.StartSpiderMiddleware',
 'scrapy.spidermiddlewares.httperror.HttpErrorMiddleware',
 'scrapy.spidermiddlewares.referer.RefererMiddleware',
 'scrapy.spidermiddlewares.urllength.UrlLengthMiddleware',
 'scrapy.spidermiddlewares.depth.DepthMiddleware']
[2026-02-02T19:46:34.549+0000] {docker.py:429} INFO - 2026-02-02 19:46:34 [scrapy.middleware] INFO: Enabled item pipelines:
[]
[2026-02-02T19:46:34.550+0000] {docker.py:429} INFO - Output file: /app/city_today/output/eventi_monza_questa-settimana_20260202_194634.json
[2026-02-02T19:46:34.550+0000] {docker.py:429} INFO - 2026-02-02 19:46:34 [scrapy.core.engine] INFO: Spider opened
[2026-02-02T19:46:34.562+0000] {docker.py:429} INFO - 2026-02-02 19:46:34 [scrapy.extensions.logstats] INFO: Crawled 0 pages (at 0 pages/min), scraped 0 items (at 0 items/min)
2026-02-02 19:46:34 [scrapy.extensions.telnet] INFO: Telnet console listening on 127.0.0.1:6023
[2026-02-02T19:46:34.743+0000] {docker.py:429} INFO - 2026-02-02 19:46:34 [scrapy.core.engine] DEBUG: Crawled (200) <GET https://www.monzatoday.it/robots.txt> (referer: None)
[2026-02-02T19:46:36.242+0000] {docker.py:429} INFO - 2026-02-02 19:46:36 [scrapy.core.engine] DEBUG: Crawled (200) <GET https://www.monzatoday.it/eventi/dal/2026-02-02/al/2026-02-08/> (referer: None)
[2026-02-02T19:46:37.083+0000] {docker.py:429} INFO - 2026-02-02 19:46:37 [scrapy.core.engine] DEBUG: Crawled (200) <GET https://www.monzatoday.it/eventi/must-vimercate-mostra_mose_bianchi.html> (referer: https://www.monzatoday.it/eventi/dal/2026-02-02/al/2026-02-08/)
[2026-02-02T19:46:37.203+0000] {docker.py:429} INFO - 2026-02-02 19:46:37 [scrapy.core.scraper] DEBUG: Scraped from <200 https://www.monzatoday.it/eventi/must-vimercate-mostra_mose_bianchi.html>
{'category': ['Mostre'],
 'city': 'Monza',
 'city_id': None,
 'content_hash': 'b46224b63ffc47e2',
 'date_display': 'dal 31 gennaio al 3 maggio 2026',
 'date_end': '2026-05-03',
 'date_start': '2026-01-31',
 'description': "In Brianza si celebrano il genio e l'opera dell'illustre "
                'maestro monzese. Sabato 31 gennaio apre al Must di Vimercate '
                '"Mose Bianchi. L\'Ottocento a colori", la mostra dedicata a '
                'Mosè Bianchi, pittore monzese divenuto celebre e apprezzato '
                'nella seconda metà del XIX secolo, evento di punta di tutta '
                'la stagione culturale. La collezione del museo vimercatese '
                'accoglierà due prestigiosi dipinti di Mosè Bianchi che '
                'ritraggono i coniugi Sottocasa-Ponti, proprietari della villa '
                'che oggi è sede del Must e protagonisti della scena culturale '
                "cittadina dell'epoca. Opere che saranno esposte al pubblico "
                'insieme ad altri prestiti provenienti da collezioni pubbliche '
                'e private, per un allestimento che comprende 40 dipinti. '
                'Dalla veduta cittadina alla scena di genere, alla '
                'ritrattistica, la mostra "Mosè Bianchi. L\'Ottocento a '
                'colori", curata da Simona Bartolena, è un percorso che '
                'esplora la ricerca dell’artista in tutta la sua complessità, '
                'nel contesto di Villa Sottocasa, un tempo residenza di '
                'personaggi di aperta e feconda visione culturale e oggi - '
                'come un tempo - luogo aperto alla cultura, all’arte e alla '
                'bellezza, immerso nel suo giardino storico e impreziosito '
                'dall’armonia neoclassica delle facciate. Ulteriore valore '
                'alla mostra è rappresentato da uno speciale accordo di '
                'collaborazione fra il Must di Vimercate e i Musei Civici di '
                'Monza, che conservano numerose opere del maestro monzese e '
                'che i visitatori potranno apprezzare grazie a uno speciale '
                'biglietto ridotto. Come per tutti i grandi eventi artistici '
                'della stagione invernale e primaverile del Must, alla mostra '
                'sono legati numerosi altri eventi, dalle visite guidate ai '
                'laboratori per bambini e bambine e la conferenza della '
                'curatrice, nella sala conferenze dei Musei Civici di Monza. '
                'La mostra chiuderà domenica 3 maggio.',
 'event_id': 'must-vimercate-mostra_mose_bianchi',
 'image_url': '//citynews-monzatoday.stgy.ovh/~media/horizontal-low/70021161974578/dipinto-mose-bianchi-3.jpg',
 'location_address': None,
 'location_name': 'Must- Museo del territorio vimercatese',
 'price': 'Intero 5 euro, ridotto 3, gratis undur 14',
 'raw_data': {'detail': {'altre_informazioni': {'raw_text': 'Altre '
                                                            'informazioni',
                                                'website': None},
                         'descrizione': 'In Brianza si celebrano il genio e '
                                        "l'opera dell'illustre maestro "
                                        'monzese. Sabato 31 gennaio apre al '
                                        'Must di Vimercate "Mose Bianchi. '
                                        'L\'Ottocento a colori", la mostra '
                                        'dedicata a Mosè Bianchi, pittore '
                                        'monzese divenuto celebre e apprezzato '
                                        'nella seconda metà del XIX secolo, '
                                        'evento di punta di tutta la stagione '
                                        'culturale. La collezione del museo '
                                        'vimercatese accoglierà due '
                                        'prestigiosi dipinti di Mosè Bianchi '
                                        'che ritraggono i coniugi '
                                        'Sottocasa-Ponti, proprietari della '
                                        'villa che oggi è sede del Must e '
                                        'protagonisti della scena culturale '
                                        "cittadina dell'epoca. Opere che "
                                        'saranno esposte al pubblico insieme '
                                        'ad altri prestiti provenienti da '
                                        'collezioni pubbliche e private, per '
                                        'un allestimento che comprende 40 '
                                        'dipinti. Dalla veduta cittadina alla '
                                        'scena di genere, alla ritrattistica, '
                                        'la mostra "Mosè Bianchi. L\'Ottocento '
                                        'a colori", curata da Simona '
                                        'Bartolena, è un percorso che esplora '
                                        'la ricerca dell’artista in tutta la '
                                        'sua complessità, nel contesto di '
                                        'Villa Sottocasa, un tempo residenza '
                                        'di personaggi di aperta e feconda '
                                        'visione culturale e oggi - come un '
                                        'tempo - luogo aperto alla cultura, '
                                        'all’arte e alla bellezza, immerso nel '
                                        'suo giardino storico e impreziosito '
                                        'dall’armonia neoclassica delle '
                                        'facciate. Ulteriore valore alla '
                                        'mostra è rappresentato da uno '
                                        'speciale accordo di collaborazione '
                                        'fra il Must di Vimercate e i Musei '
                                        'Civici di Monza, che conservano '
                                        'numerose opere del maestro monzese e '
                                        'che i visitatori potranno apprezzare '
                                        'grazie a uno speciale biglietto '
                                        'ridotto. Come per tutti i grandi '
                                        'eventi artistici della stagione '
                                        'invernale e primaverile del Must, '
                                        'alla mostra sono legati numerosi '
                                        'altri eventi, dalle visite guidate ai '
                                        'laboratori per bambini e bambine e la '
                                        'conferenza della curatrice, nella '
                                        'sala conferenze dei Musei Civici di '
                                        'Monza. La mostra chiuderà domenica 3 '
                                        'maggio.',
                         'dove': {'address': None,
                                  'name': 'Must- Museo del territorio '
                                          'vimercatese',
                                  'raw_text': 'Dove Must- Museo del territorio '
                                              'vimercatese Indirizzo non '
                                              'disponibile Vimercate'},
                         'image': '//citynews-monzatoday.stgy.ovh/~media/horizontal-low/70021161974578/dipinto-mose-bianchi-3.jpg',
                         'prezzo': 'Intero 5 euro, ridotto 3, gratis undur 14',
                         'quando': {'date_end': '2026-05-03',
                                    'date_start': '2026-01-31',
                                    'raw_text': 'Quando Dal 31/01/2026 al '
                                                '03/05/2026 Mercoledì, giovedì '
                                                'e venerdì: 10 – 13 - Sabato e '
                                                'domenica: 10 – 19',
                                    'schedule': 'Mercoledì, giovedì e venerdì: '
                                                '10 – 13 - Sabato e domenica: '
                                                '10 – 19'}},
              'list': {'category': 'Mostre',
                       'date': 'dal 31 gennaio al 3 maggio 2026',
                       'image': '//citynews-monzatoday.stgy.ovh/~media/horizontal-mid/70021161974578/dipinto-mose-bianchi-3.jpg',
                       'location': 'Must- Museo del territorio vimercatese',
                       'stars': None,
                       'title': 'Al Must di Vimercate la mostra sul Mosè '
                                'Bianchi'}},
 'scraped_at': '2026-02-02T19:46:37.200251',
 'source': 'city_today',
 'title': 'Al Must di Vimercate la mostra sul Mosè Bianchi',
 'url': 'https://www.monzatoday.it/eventi/must-vimercate-mostra_mose_bianchi.html',
 'uuid': '95204f2a5fdd34d3',
 'website': None}
[2026-02-02T19:46:38.431+0000] {docker.py:429} INFO - 2026-02-02 19:46:38 [scrapy.core.engine] DEBUG: Crawled (200) <GET https://www.monzatoday.it/eventi/sagra-san-biagio-2026.html> (referer: https://www.monzatoday.it/eventi/dal/2026-02-02/al/2026-02-08/)
[2026-02-02T19:46:38.540+0000] {docker.py:429} INFO - 2026-02-02 19:46:38 [scrapy.core.scraper] DEBUG: Scraped from <200 https://www.monzatoday.it/eventi/sagra-san-biagio-2026.html>
{'category': ['Sagre'],
 'city': 'Monza',
 'city_id': None,
 'content_hash': '6d2ce84fd06aa692',
 'date_display': 'dal 31 gennaio al 3 febbraio 2026',
 'date_end': '2026-02-03',
 'date_start': '2026-01-31',
 'description': 'Ci saranno le bancarelle, i negozi aperti, la messa solenne, '
                "il concerto e la cena. E l'immancabile panettone da "
                'degustare. L’appuntamento è con la tradizione: domenica 1 '
                "febbraio torna infatti la sagra di san Biagio, l'appuntamento "
                'più importante del quartiere monzese che ogni anno omaggia il '
                'santo protettore della gola. Come sempre in via Prina, dalle '
                '8 alle 19, non mancheranno le bancarelle, i negozi aperti e '
                'la consueta fetta di panettone da degustare gratuitamente per '
                'tutti. Diversi saranno anche i momenti proposti dalla '
                'parrocchia di via Prina per grandi e piccini. Sabato 31 '
                'gennaio alle 21 il concerto "Requiem for Solace", con '
                "l'Orchestra Filarmonica Ettore Pozzoli, il Coro San Biagio e "
                'il Coro Modusnovi. Domenica 1 febbraio alle 10.30 la messa '
                'solenne presieduta da monsignor Erminio De Scalzi, vescovo '
                "ausiliare di Milano e abate emerito di Sant'Ambrogio, e nel "
                "pomeriggio, dalle 15 conferenza d'arte alla Rotonda e visita "
                'alle opere della chiesa di San Biagio. Lunedì 2 febbraio (in '
                'occasione della festa della Candelora), alle 18, la messa '
                'presieduta da Padre Robert Popa, cappellano dei fedeli '
                "cattolici Romeni di Rito Bizantino. L'eucaristia sarà "
                'preceduta dalla distribuzione delle candele benedette sul '
                'sagrato a cui seguirà la processione all’interno della '
                'chiesa. Martedì 3 febbraio la giornata si concluderà con la '
                'messa solenne presieduta da monsignor Alberto Torriani, '
                'arcivescovo di Crotone - Santa Severina (un gradito ritorno '
                'perché don Torriani è stato vicario parrocchiale in San '
                'Biagio), e concelebrata dai sacerdoti della comunità, del '
                'decanato e da quelli che hanno svolto il loro ministero in '
                'parrocchia. A seguire la grande cena comunitaria in oratorio '
                '(iscrizioni in segreteria entro il 29 gennaio allo 039 '
                '320395), con i piatti cucinati dallo chef Francesco '
                'Bartesaghi. Dal pomeriggio di sabato 31 gennaio sarà '
                'possibile ritirare le candele benedette e nella giornata di '
                'martedì 3 febbraio ricevere la benedizione con la reliquia di '
                'san Biagio e ritirare il pane e il panettone benedetti contro '
                'il mal di gola.',
 'event_id': 'sagra-san-biagio-2026',
 'image_url': '//citynews-monzatoday.stgy.ovh/~media/horizontal-low/58296547097225/panettone-1696143_1920.jpg',
 'location_address': 'Via Carlo Prina',
 'location_name': 'Via Prina e chiesa e oratorio di San Biagio',
 'price': 'Prezzo non disponibile',
 'raw_data': {'detail': {'altre_informazioni': {'raw_text': 'Altre '
                                                            'informazioni',
                                                'website': None},
                         'descrizione': 'Ci saranno le bancarelle, i negozi '
                                        'aperti, la messa solenne, il concerto '
                                        "e la cena. E l'immancabile panettone "
                                        'da degustare. L’appuntamento è con la '
                                        'tradizione: domenica 1 febbraio torna '
                                        'infatti la sagra di san Biagio, '
                                        "l'appuntamento più importante del "
                                        'quartiere monzese che ogni anno '
                                        'omaggia il santo protettore della '
                                        'gola. Come sempre in via Prina, dalle '
                                        '8 alle 19, non mancheranno le '
                                        'bancarelle, i negozi aperti e la '
                                        'consueta fetta di panettone da '
                                        'degustare gratuitamente per tutti. '
                                        'Diversi saranno anche i momenti '
                                        'proposti dalla parrocchia di via '
                                        'Prina per grandi e piccini. Sabato 31 '
                                        'gennaio alle 21 il concerto "Requiem '
                                        'for Solace", con l\'Orchestra '
                                        'Filarmonica Ettore Pozzoli, il Coro '
                                        'San Biagio e il Coro Modusnovi. '
                                        'Domenica 1 febbraio alle 10.30 la '
                                        'messa solenne presieduta da monsignor '
                                        'Erminio De Scalzi, vescovo ausiliare '
                                        'di Milano e abate emerito di '
                                        "Sant'Ambrogio, e nel pomeriggio, "
                                        "dalle 15 conferenza d'arte alla "
                                        'Rotonda e visita alle opere della '
                                        'chiesa di San Biagio. Lunedì 2 '
                                        'febbraio (in occasione della festa '
                                        'della Candelora), alle 18, la messa '
                                        'presieduta da Padre Robert Popa, '
                                        'cappellano dei fedeli cattolici '
                                        'Romeni di Rito Bizantino. '
                                        "L'eucaristia sarà preceduta dalla "
                                        'distribuzione delle candele benedette '
                                        'sul sagrato a cui seguirà la '
                                        'processione all’interno della chiesa. '
                                        'Martedì 3 febbraio la giornata si '
                                        'concluderà con la messa solenne '
                                        'presieduta da monsignor Alberto '
                                        'Torriani, arcivescovo di Crotone - '
                                        'Santa Severina (un gradito ritorno '
                                        'perché don Torriani è stato vicario '
                                        'parrocchiale in San Biagio), e '
                                        'concelebrata dai sacerdoti della '
                                        'comunità, del decanato e da quelli '
                                        'che hanno svolto il loro ministero in '
                                        'parrocchia. A seguire la grande cena '
                                        'comunitaria in oratorio (iscrizioni '
                                        'in segreteria entro il 29 gennaio '
                                        'allo 039 320395), con i piatti '
                                        'cucinati dallo chef Francesco '
                                        'Bartesaghi. Dal pomeriggio di sabato '
                                        '31 gennaio sarà possibile ritirare le '
                                        'candele benedette e nella giornata di '
                                        'martedì 3 febbraio ricevere la '
                                        'benedizione con la reliquia di san '
                                        'Biagio e ritirare il pane e il '
                                        'panettone benedetti contro il mal di '
                                        'gola.',
                         'dove': {'address': 'Via Carlo Prina',
                                  'name': 'Via Prina e chiesa e oratorio di '
                                          'San Biagio',
                                  'raw_text': 'Dove Via Prina e chiesa e '
                                              'oratorio di San Biagio Via '
                                              'Carlo Prina'},
                         'image': '//citynews-monzatoday.stgy.ovh/~media/horizontal-low/58296547097225/panettone-1696143_1920.jpg',
                         'prezzo': 'Prezzo non disponibile',
                         'quando': {'date_end': '2026-02-03',
                                    'date_start': '2026-01-31',
                                    'raw_text': 'Quando Dal 31/01/2026 al '
                                                '03/02/2026 fino a domani '
                                                'Orario non disponibile',
                                    'schedule': 'Orario non disponibile'}},
              'list': {'category': 'Sagre',
                       'date': 'dal 31 gennaio al 3 febbraio 2026',
                       'image': '//citynews-monzatoday.stgy.ovh/~media/horizontal-mid/58296547097225/panettone-1696143_1920.jpg',
                       'location': 'Via Prina e chiesa e oratorio di San '
                                   'Biagio',
                       'stars': None,
                       'title': 'La sagra di san Biagio'}},
 'scraped_at': '2026-02-02T19:46:38.537621',
 'source': 'city_today',
 'title': 'La sagra di san Biagio',
 'url': 'https://www.monzatoday.it/eventi/sagra-san-biagio-2026.html',
 'uuid': '5cb51f9b3dcc73a6',
 'website': None}
[2026-02-02T19:46:39.356+0000] {docker.py:429} INFO - 2026-02-02 19:46:39 [scrapy.core.engine] DEBUG: Crawled (200) <GET https://www.monzatoday.it/eventi/musei-civici-mostra-bucci-bigia.html> (referer: https://www.monzatoday.it/eventi/dal/2026-02-02/al/2026-02-08/)
[2026-02-02T19:46:39.467+0000] {docker.py:429} INFO - 2026-02-02 19:46:39 [scrapy.core.scraper] DEBUG: Scraped from <200 https://www.monzatoday.it/eventi/musei-civici-mostra-bucci-bigia.html>
{'category': ['Mostre'],
 'city': 'Monza',
 'city_id': None,
 'content_hash': 'ea3a92a126081068',
 'date_display': 'dal 2 febbraio al 6 aprile 2026',
 'date_end': '2026-04-06',
 'date_start': '2026-04-06',
 'description': 'È arrivato con la famiglia a Monza, nella casa di piazza '
                'Garibaldi. Poi è volato a Parigi, dove si è imbevuto della '
                "nuova arte dell'Avanguardia. Infine è tornato in città, dove "
                'ancora oggi le sue tele sono nei salotti di diversi monzesi a '
                'raccontare fatti e protagonisti del ‘900. In occasione del '
                '70esimo anniversario della scomparsa (e a vent’anni '
                "dall'ultima esposizione a lui dedicata in Arengario) del "
                'pittore, incisore e scrittore Anselmo Bucci, ai Musei civici '
                'è aperta la mostra "Anselmo Bucci. Monza e il Novecento", '
                'realizzata in collaborazione con l’associazione Amici dei '
                'musei di Monza e Brianza. L’esposizione (fino al 6 aprile '
                '2026), curata da Alberto Crespi, intende ricostruire e '
                'rendere omaggio alla poliedrica figura dell’artista (uno dei '
                'più talentuosi del secolo lungo) attraverso un percorso '
                'espositivo costituito interamente da opere appartenenti alle '
                'collezioni civiche. La rassegna prende corpo attorno a un '
                'nucleo di opere - prevalentemente dipinti e incisioni - '
                'entrate nel patrimonio del museo nel corso dei decenni '
                'attraverso acquisti o donazioni. Accanto a opere già '
                'valorizzate all’interno del percorso museale permanente, '
                'vengono per l’occasione riproposti al pubblico pezzi '
                'provenienti dai depositi del museo. Ad arricchire il percorso '
                'espositivo della rassegna contribuisce, inoltre, la presenza '
                'di fotografie e documenti inediti provenienti dal Fondo Bucci '
                "del Museo Etnologico di Monza. All'interno della mostra Musei "
                'civici di Monza omaggiano Emilia, soprannominata "la Bigia", '
                'di professione insegnante presso la scuola elementare di '
                'Bresso e sorella del celebre artista Anselmo Bucci, e lo '
                'fanno esponendo fino al 15 marzo 2026 il dipinto "La scuola '
                'della Bigia". Una tela che è quasi un\'istantanea sulla '
                'quotidianità di inizio secolo e che al di là del valore '
                'artistico lascia emergere un forte dato biografico e la '
                'sensibilità di Bucci, il calore degli affetti e la vicinanza '
                'familiare alla sua amata sorella. Nel periodo della durata '
                'della mostra e dell’esposizione del dipinto La scuola della '
                "Bigia è prevista l'organizzazione di iniziative collaterali "
                'quali visite guidate, incontri tematici con studiosi '
                'qualificati e attività per famiglie. Il museo organizzerà '
                'inoltre percorsi didattici e laboratori dell’arte per le '
                'scuole di ogni ordine e grado. La mostra è interamente '
                'accessibile a persone con disabilità motorie: sono '
                'disponibili per persone cieche audiodescrizioni di alcune '
                'opere in mostra e schede facilitate per persone con '
                'disabilità intellettive. È possibile organizzare su '
                'prenotazione visite guidate per gruppi, in italiano o in '
                'inglese, e visite guidate inclusive per persone con '
                'disabilità visive, uditive, intellettive o demenze. Per info '
                'e prenotazioni: www.museicivicimonza.it .',
 'event_id': 'musei-civici-mostra-bucci-bigia',
 'image_url': '//citynews-monzatoday.stgy.ovh/~media/horizontal-low/7545034586280/anselmo-bucci.jpeg',
 'location_address': 'Via Teodolinda Regina',
 'location_name': 'Musei civici',
 'price': 'Prezzo non disponibile',
 'raw_data': {'detail': {'altre_informazioni': {'raw_text': 'Altre '
                                                            'informazioni Sito '
                                                            'web '
                                                            'museicivicimonza.it',
                                                'website': 'https://www.museicivicimonza.it'},
                         'descrizione': 'È arrivato con la famiglia a Monza, '
                                        'nella casa di piazza Garibaldi. Poi è '
                                        'volato a Parigi, dove si è imbevuto '
                                        "della nuova arte dell'Avanguardia. "
                                        'Infine è tornato in città, dove '
                                        'ancora oggi le sue tele sono nei '
                                        'salotti di diversi monzesi a '
                                        'raccontare fatti e protagonisti del '
                                        '‘900. In occasione del 70esimo '
                                        'anniversario della scomparsa (e a '
                                        "vent’anni dall'ultima esposizione a "
                                        'lui dedicata in Arengario) del '
                                        'pittore, incisore e scrittore Anselmo '
                                        'Bucci, ai Musei civici è aperta la '
                                        'mostra "Anselmo Bucci. Monza e il '
                                        'Novecento", realizzata in '
                                        'collaborazione con l’associazione '
                                        'Amici dei musei di Monza e Brianza. '
                                        'L’esposizione (fino al 6 aprile '
                                        '2026), curata da Alberto Crespi, '
                                        'intende ricostruire e rendere omaggio '
                                        'alla poliedrica figura dell’artista '
                                        '(uno dei più talentuosi del secolo '
                                        'lungo) attraverso un percorso '
                                        'espositivo costituito interamente da '
                                        'opere appartenenti alle collezioni '
                                        'civiche. La rassegna prende corpo '
                                        'attorno a un nucleo di opere - '
                                        'prevalentemente dipinti e incisioni - '
                                        'entrate nel patrimonio del museo nel '
                                        'corso dei decenni attraverso acquisti '
                                        'o donazioni. Accanto a opere già '
                                        'valorizzate all’interno del percorso '
                                        'museale permanente, vengono per '
                                        'l’occasione riproposti al pubblico '
                                        'pezzi provenienti dai depositi del '
                                        'museo. Ad arricchire il percorso '
                                        'espositivo della rassegna '
                                        'contribuisce, inoltre, la presenza di '
                                        'fotografie e documenti inediti '
                                        'provenienti dal Fondo Bucci del Museo '
                                        "Etnologico di Monza. All'interno "
                                        'della mostra Musei civici di Monza '
                                        'omaggiano Emilia, soprannominata "la '
                                        'Bigia", di professione insegnante '
                                        'presso la scuola elementare di Bresso '
                                        'e sorella del celebre artista Anselmo '
                                        'Bucci, e lo fanno esponendo fino al '
                                        '15 marzo 2026 il dipinto "La scuola '
                                        'della Bigia". Una tela che è quasi '
                                        "un'istantanea sulla quotidianità di "
                                        'inizio secolo e che al di là del '
                                        'valore artistico lascia emergere un '
                                        'forte dato biografico e la '
                                        'sensibilità di Bucci, il calore degli '
                                        'affetti e la vicinanza familiare alla '
                                        'sua amata sorella. Nel periodo della '
                                        'durata della mostra e '
                                        'dell’esposizione del dipinto La '
                                        'scuola della Bigia è prevista '
                                        "l'organizzazione di iniziative "
                                        'collaterali quali visite guidate, '
                                        'incontri tematici con studiosi '
                                        'qualificati e attività per famiglie. '
                                        'Il museo organizzerà inoltre percorsi '
                                        'didattici e laboratori dell’arte per '
                                        'le scuole di ogni ordine e grado. La '
                                        'mostra è interamente accessibile a '
                                        'persone con disabilità motorie: sono '
                                        'disponibili per persone cieche '
                                        'audiodescrizioni di alcune opere in '
                                        'mostra e schede facilitate per '
                                        'persone con disabilità intellettive. '
                                        'È possibile organizzare su '
                                        'prenotazione visite guidate per '
                                        'gruppi, in italiano o in inglese, e '
                                        'visite guidate inclusive per persone '
                                        'con disabilità visive, uditive, '
                                        'intellettive o demenze. Per info e '
                                        'prenotazioni: www.museicivicimonza.it '
                                        '.',
                         'dove': {'address': 'Via Teodolinda Regina',
                                  'name': 'Musei civici',
                                  'raw_text': 'Dove Musei civici Via '
                                              'Teodolinda Regina'},
                         'image': '//citynews-monzatoday.stgy.ovh/~media/horizontal-low/7545034586280/anselmo-bucci.jpeg',
                         'prezzo': 'Prezzo non disponibile',
                         'quando': {'date_end': '2026-04-06',
                                    'date_start': '2026-04-06',
                                    'raw_text': 'Quando al 06/04/2026 Orario '
                                                'non disponibile',
                                    'schedule': 'Orario non disponibile'}},
              'list': {'category': 'Mostre',
                       'date': 'dal 2 febbraio al 6 aprile 2026',
                       'image': '//citynews-monzatoday.stgy.ovh/~media/horizontal-mid/7545034586280/anselmo-bucci.jpeg',
                       'location': 'Musei civici',
                       'stars': None,
                       'title': 'A Monza la mostra di Bucci e della Bigia'}},
 'scraped_at': '2026-02-02T19:46:39.464565',
 'source': 'city_today',
 'title': 'A Monza la mostra di Bucci e della Bigia',
 'url': 'https://www.monzatoday.it/eventi/musei-civici-mostra-bucci-bigia.html',
 'uuid': 'df3459dc39b85129',
 'website': 'https://www.museicivicimonza.it'}
[2026-02-02T19:46:40.806+0000] {docker.py:429} INFO - 2026-02-02 19:46:40 [scrapy.core.engine] DEBUG: Crawled (200) <GET https://www.monzatoday.it/eventi/desio-mostra-ape_maia.html> (referer: https://www.monzatoday.it/eventi/dal/2026-02-02/al/2026-02-08/)
[2026-02-02T19:46:40.917+0000] {docker.py:429} INFO - 2026-02-02 19:46:40 [scrapy.core.scraper] DEBUG: Scraped from <200 https://www.monzatoday.it/eventi/desio-mostra-ape_maia.html>
{'category': ['Mostre'],
 'city': 'Monza',
 'city_id': None,
 'content_hash': '8a6466686eb8acae',
 'date_display': 'dal 17 gennaio al 8 febbraio 2026',
 'date_end': '2026-02-08',
 'date_start': '2026-01-17',
 'description': "L'ape Maia compie 50 anni e la Brianza la celebra con una "
                'grande mostra a ingresso libero e gratuito. Sabato 17 gennaio '
                'si apre infatti a Villa Tittoni a Desio l\'esposizione "L’Ape '
                'Maia. 50 anni in volo", curata da Luca Bertuzzi ed Enrico '
                'Ercole e realizzata da Fondazione Franco Fossati e Wow Spazio '
                'Fumetto assieme a DeAPlaneta Entertainment in collaborazione '
                'con il Comune di Desio. La mostra ripercorre la storia del '
                "celebre personaggio che accompagnato l'infanzia di tanti "
                'bambini, dalle origini letterarie al successo del noto '
                'cartone animato e sarà aperta tutti i weekend dal 17 gennaio '
                'all’8 febbraio, dalle 10 alle 19 con ingresso libero. Un '
                'viaggio tra illustrazioni, tavole originali, riviste e pezzi '
                "rari e che sarà preceduto il 17 gennaio dall'evento "
                'inaugurale aperto a tutti, a partire dalle 15, quando nella '
                'sala convegni di Villa Tittoni dove saranno esposti gli '
                'scatti delle Art Figures di Maia e dove avrà luogo anche uno '
                'speciale show dedicato a "L’Ape Maia. Il musical". In mostra '
                'sono esposte riproduzioni di articoli e riviste, tra cui '
                'Topolino e Tv Sorrisi e Canzoni dedicati al celebre '
                'personaggio. E si può vedere anche il disco a 45 giri insieme '
                'alla riproduzione della hit parade degli album più venduti, '
                'che testimonia come L’Ape Maia abbia raggiunto la vetta della '
                'classifica nel corso del 1980. E poi ancora illustrazioni, '
                'fumetti dedicati, e decine di pubblicazioni come TV Junior, '
                'settimanale edito direttamente da Eri Edizioni Rai dove Maia '
                'compare accanto a personaggi come Mazinga, Capitan Harlock e '
                'Bia, con tante tavole originali. Tra le numerose curiosità '
                'anche un gioco dell’oca distribuito con una delle riviste '
                'dell’Ape Maia, album di figurine dal 1980 a oggi, la '
                'collezione completa dei dvd della serie, un approfondimento '
                'dedicato ai videogiochi e molte altre sorprese, tra cui '
                'giocattoli moderni e d’epoca. Non mancherà poi lo spazio '
                'dedicato alle origini letterarie del personaggio, ossia il '
                'romanzo del 1912 "Die Biene Maja und ihre Abenteuer" dello '
                'scrittore tedesco Waldemar Bonsels che sarà esposto nella sua '
                'prima edizione attorniato da altre edizioni importanti, tra '
                "cui la prima italiana, e la bellissima edizione anni '40 "
                'illustrata da Gino Baldo e quella del decennio successivo con '
                'i disegni di Roberto Lemmi. La mostra è aperta il sabato e la '
                'domenica dalle 10 alle 19.',
 'event_id': 'desio-mostra-ape_maia',
 'image_url': '//citynews-monzatoday.stgy.ovh/~media/horizontal-low/23813251674326/ape-maia.jpg',
 'location_address': 'Via G. M.Lampugnani, 62',
 'location_name': 'Villa Tittoni',
 'price': 'Gratis',
 'raw_data': {'detail': {'altre_informazioni': {'raw_text': 'Altre '
                                                            'informazioni',
                                                'website': None},
                         'descrizione': "L'ape Maia compie 50 anni e la "
                                        'Brianza la celebra con una grande '
                                        'mostra a ingresso libero e gratuito. '
                                        'Sabato 17 gennaio si apre infatti a '
                                        "Villa Tittoni a Desio l'esposizione "
                                        '"L’Ape Maia. 50 anni in volo", curata '
                                        'da Luca Bertuzzi ed Enrico Ercole e '
                                        'realizzata da Fondazione Franco '
                                        'Fossati e Wow Spazio Fumetto assieme '
                                        'a DeAPlaneta Entertainment in '
                                        'collaborazione con il Comune di '
                                        'Desio. La mostra ripercorre la storia '
                                        'del celebre personaggio che '
                                        "accompagnato l'infanzia di tanti "
                                        'bambini, dalle origini letterarie al '
                                        'successo del noto cartone animato e '
                                        'sarà aperta tutti i weekend dal 17 '
                                        'gennaio all’8 febbraio, dalle 10 alle '
                                        '19 con ingresso libero. Un viaggio '
                                        'tra illustrazioni, tavole originali, '
                                        'riviste e pezzi rari e che sarà '
                                        "preceduto il 17 gennaio dall'evento "
                                        'inaugurale aperto a tutti, a partire '
                                        'dalle 15, quando nella sala convegni '
                                        'di Villa Tittoni dove saranno esposti '
                                        'gli scatti delle Art Figures di Maia '
                                        'e dove avrà luogo anche uno speciale '
                                        'show dedicato a "L’Ape Maia. Il '
                                        'musical". In mostra sono esposte '
                                        'riproduzioni di articoli e riviste, '
                                        'tra cui Topolino e Tv Sorrisi e '
                                        'Canzoni dedicati al celebre '
                                        'personaggio. E si può vedere anche il '
                                        'disco a 45 giri insieme alla '
                                        'riproduzione della hit parade degli '
                                        'album più venduti, che testimonia '
                                        'come L’Ape Maia abbia raggiunto la '
                                        'vetta della classifica nel corso del '
                                        '1980. E poi ancora illustrazioni, '
                                        'fumetti dedicati, e decine di '
                                        'pubblicazioni come TV Junior, '
                                        'settimanale edito direttamente da Eri '
                                        'Edizioni Rai dove Maia
[2026-02-02T19:46:40.918+0000] {docker.py:429} INFO - compare '
                                        'accanto a personaggi come Mazinga, '
                                        'Capitan Harlock e Bia, con tante '
                                        'tavole originali. Tra le numerose '
                                        'curiosità anche un gioco dell’oca '
                                        'distribuito con una delle riviste '
                                        'dell’Ape Maia, album di figurine dal '
                                        '1980 a oggi, la collezione completa '
                                        'dei dvd della serie, un '
                                        'approfondimento dedicato ai '
                                        'videogiochi e molte altre sorprese, '
                                        'tra cui giocattoli moderni e d’epoca. '
                                        'Non mancherà poi lo spazio dedicato '
                                        'alle origini letterarie del '
                                        'personaggio, ossia il romanzo del '
                                        '1912 "Die Biene Maja und ihre '
                                        'Abenteuer" dello scrittore tedesco '
                                        'Waldemar Bonsels che sarà esposto '
                                        'nella sua prima edizione attorniato '
                                        'da altre edizioni importanti, tra cui '
                                        'la prima italiana, e la bellissima '
                                        "edizione anni '40 illustrata da Gino "
                                        'Baldo e quella del decennio '
                                        'successivo con i disegni di Roberto '
                                        'Lemmi. La mostra è aperta il sabato e '
                                        'la domenica dalle 10 alle 19.',
                         'dove': {'address': 'Via G. M.Lampugnani, 62',
                                  'name': 'Villa Tittoni',
                                  'raw_text': 'Dove Villa Tittoni Via G. '
                                              'M.Lampugnani, 62 Desio'},
                         'image': '//citynews-monzatoday.stgy.ovh/~media/horizontal-low/23813251674326/ape-maia.jpg',
                         'prezzo': 'Gratis',
                         'quando': {'date_end': '2026-02-08',
                                    'date_start': '2026-01-17',
                                    'raw_text': 'Quando Dal 17/01/2026 al '
                                                '08/02/2026 Dalle 10 alle 19',
                                    'schedule': 'Dalle 10 alle 19'}},
              'list': {'category': 'Mostre',
                       'date': 'dal 17 gennaio al 8 febbraio 2026',
                       'image': '//citynews-monzatoday.stgy.ovh/~media/horizontal-mid/23813251674326/ape-maia.jpg',
                       'location': 'Villa Tittoni',
                       'stars': None,
                       'title': 'A Desio la mostra (gratis) per i 50 anni '
                                "dell'Ape Maia"}},
 'scraped_at': '2026-02-02T19:46:40.914486',
 'source': 'city_today',
 'title': "A Desio la mostra (gratis) per i 50 anni dell'Ape Maia",
 'url': 'https://www.monzatoday.it/eventi/desio-mostra-ape_maia.html',
 'uuid': '85f938934b9d5607',
 'website': None}
[2026-02-02T19:46:42.148+0000] {docker.py:429} INFO - 2026-02-02 19:46:42 [scrapy.core.engine] DEBUG: Crawled (200) <GET https://www.monzatoday.it/eventi/monza-piazza-centemero-mercatino-regionale-inverno-2026.html> (referer: https://www.monzatoday.it/eventi/dal/2026-02-02/al/2026-02-08/)
[2026-02-02T19:46:42.254+0000] {docker.py:429} INFO - 2026-02-02 19:46:42 [scrapy.core.scraper] DEBUG: Scraped from <200 https://www.monzatoday.it/eventi/monza-piazza-centemero-mercatino-regionale-inverno-2026.html>
{'category': ['Mercatini'],
 'city': 'Monza',
 'city_id': None,
 'content_hash': 'dc937b59892604f5',
 'date_display': 'dal 6 al 8 febbraio 2026',
 'date_end': '2026-02-08',
 'date_start': '2026-02-06',
 'description': None,
 'event_id': 'monza-piazza-centemero-mercatino-regionale-inverno-2026',
 'image_url': '//citynews-monzatoday.stgy.ovh/~media/horizontal-low/19555754049262/mercato-regionale.jpg',
 'location_address': None,
 'location_name': 'Piazza Centemero e Paleari',
 'price': 'Prezzo non disponibile',
 'raw_data': {'detail': {'altre_informazioni': {'raw_text': 'Altre '
                                                            'informazioni',
                                                'website': None},
                         'descrizione': None,
                         'dove': {'address': None,
                                  'name': 'Piazza Centemero e Paleari',
                                  'raw_text': 'Dove Piazza Centemero e Paleari '
                                              'Indirizzo non disponibile'},
                         'image': '//citynews-monzatoday.stgy.ovh/~media/horizontal-low/19555754049262/mercato-regionale.jpg',
                         'prezzo': 'Prezzo non disponibile',
                         'quando': {'date_end': '2026-02-08',
                                    'date_start': '2026-02-06',
                                    'raw_text': 'Quando Dal 06/02/2026 al '
                                                '08/02/2026 Orario non '
                                                'disponibile',
                                    'schedule': 'Orario non disponibile'}},
              'list': {'category': 'Mercatini',
                       'date': 'dal 6 al 8 febbraio 2026',
                       'image': '//citynews-monzatoday.stgy.ovh/~media/horizontal-mid/19555754049262/mercato-regionale.jpg',
                       'location': 'Piazza Centemero e Paleari',
                       'stars': None,
                       'title': 'A Monza il mercatino con i sapori '
                                "dell'inverno"}},
 'scraped_at': '2026-02-02T19:46:42.252795',
 'source': 'city_today',
 'title': "A Monza il mercatino con i sapori dell'inverno",
 'url': 'https://www.monzatoday.it/eventi/monza-piazza-centemero-mercatino-regionale-inverno-2026.html',
 'uuid': 'a00f0f8f971f1ff9',
 'website': None}
[2026-02-02T19:46:43.698+0000] {docker.py:429} INFO - 2026-02-02 19:46:43 [scrapy.core.engine] DEBUG: Crawled (200) <GET https://www.monzatoday.it/eventi/festival-casoeula-2025-gara-ristoranti.html> (referer: https://www.monzatoday.it/eventi/dal/2026-02-02/al/2026-02-08/)
[2026-02-02T19:46:43.808+0000] {docker.py:429} INFO - 2026-02-02 19:46:43 [scrapy.core.scraper] DEBUG: Scraped from <200 https://www.monzatoday.it/eventi/festival-casoeula-2025-gara-ristoranti.html>
{'category': ['Cibo e Vino'],
 'city': 'Monza',
 'city_id': None,
 'content_hash': 'ade939b6bad1c3a2',
 'date_display': 'dal 1 novembre 2025 al 28 febbraio 2026',
 'date_end': '2026-02-28',
 'date_start': '2025-11-01',
 'description': "In corrispondenza della festività dell'1 novembre, parte "
                "l'anteprima del Festival de la Cazoeula (o cassoeula), fino "
                'al 17 Novembre. Come prevede la migliore tradizione popolare '
                'brianzola, la festa di Ognissanti, oltre a portare con sé i '
                'primi freddi, riporta in tavola il mitico piatto e così, nel '
                'rispetto della tradizione, dal 1 al 17 novembre, i ristoranti '
                'partecipanti alla ormai storica kermesse, cominceranno a '
                'scaldare i motori e i fornelli con la tradizionale anteprima. '
                'La gara vera e propria entrerà invece nel vivo a partire dal '
                '17 gennaio 2025 (per concludersi poi il 28 febbraio) ma già '
                'le prime 2 settimane di novembre saranno la prima importante '
                'occasione per iniziare a capire chi potrà essere il vincitore '
                "della nuova edizione dell'iconico Festival. Nato nel 2013 "
                'allo scopo di valorizzare e promuovere il piatto tipico '
                'brianzolo, il Festival de la Cazoeula è giunto oggi alla sua '
                'tredicesima edizione ed è cresciuto costantemente nel corso '
                'degli anni, sia come numero di ristoranti partecipanti, sia '
                'come numero di portate servite. I ristoranti in gara arrivano '
                'dal canturino, da Monza e Brianza, Lecco e Milano. Ecco i '
                'ristoranti in provincia di Monza e Brianza che '
                'parteciperanno: Il Dollaro, in via Giuseppe Garibaldi 1 a '
                "Briosco, l'Osteria Social Food, in via Eugenio Curiel 1 a "
                'Mezzago, Il Fienile, in via Fornaciai 16 a Briosco, Trattoria '
                'da Fabio, in via Garibaldi 16 a Verano Brianza, La Piana, in '
                "via Pietro Zappelli 15 a Carate Brianza, e l'Ostaria alla "
                'Torre, in via Gran Paradiso 21 a Giussano. Il Festival è una '
                'gara culinaria fra i ristoranti partecipanti, che si conclude '
                'con l’aggiudicazione annuale del trofeo Cazoeula d’oro. La '
                "durata complessiva per l'edizione 2025 è di 2 mesi: "
                'un’anteprima dall’1 al 17 novembre ed una successiva parte '
                'centrale dal 17 gennaio al 28 febbraio. La valutazione dei '
                'piatti avviene attraverso 4 successivi passaggi, utili a '
                'garantire imparzialità, accuratezza e serietà del giudizio '
                'finale: 1 - voto diretto da parte dei clienti dei ristoranti '
                '(che recandosi a pranzo o a cena nei singoli ristoranti '
                'possono compilare l’apposita scheda di valutazione, cartacea '
                'oppure on line) 2 - valutazione alla cieca convocata '
                'contestualmente alla giuria popolare, che viene riunita a '
                'porte chiuse in quattro diverse serate durante l’intera '
                'durata del festival (i componenti vengono sorteggiati a caso '
                'fra tutti coloro che hanno espresso il loro voto all’interno '
                'dei singoli ristoranti, compilando la scheda di valutazione '
                'on line); 3 - valutazione alla cieca da parte della giuria '
                'tecnica; 4 - valutazione alla cieca da parte del "Conclave '
                'della cazoeula" (composto da tutti gli chef dei ristoranti '
                'partecipanti al festival). Solo al termine del quarto livello '
                'di valutazione si stabilisce finalmente il vincitore del '
                'Festival, che viene proclamato, agli inizi di marzo, nel '
                'corso della serata degli "Oscar de la cazoeula". L\'intero '
                "Festival è gestito dall'Associazione Cazoeula (composta da "
                'tutti i ristoranti aderenti al Festival), amministrata da un '
                'Consiglio di Amministrazione composto da 10 membri. '
                "L'allargamento territoriale del Festival ha spinto gli "
                'organizzatori ad adottare, a partire dal 2024, un nuovo '
                'disciplinare più inclusivo, allargando la ricetta originaria '
                'a comprendere le diverse varianti territoriali e modificando '
                'persino il nome della kermesse che aggiunge alla tradizionale '
                '"z" canturina, la "s" milanese, da Cazoeula a Cassoeula. Per '
                "ulteriori dettagli e per l'elenco completo dei ristoranti "
                'partecipanti, si rinvia al sito www.festivaldelacazoeula.it .',
 'event_id': 'festival-casoeula-2025-gara-ristoranti',
 'image_url': '//citynews-monzatoday.stgy.ovh/~media/horizontal-low/23207716514455/cassoeula.jpg',
 'location_address': None,
 'location_name': None,
 'price': 'Prezzo non disponibile',
 'raw_data': {'detail': {'altre_informazioni': {'raw_text': 'Altre '
                                                            'informazioni',
                                                'website': None},
                         'descrizione': 'In corrispondenza della festività '
                                        "dell'1 novembre, parte l'anteprima "
                                        'del Festival de la Cazoeula (o '
                                        'cassoeula), fino al 17 Novembre. Come '
                                        'prevede la migliore tradizione '
                                        'popolare brianzola, la festa di '
                                        'Ognissanti, oltre a portare con sé i '
                                        'primi freddi, riporta in tavola il '
                                        'mitico piatto e così, nel rispetto '
                                        'della tradizione, dal 1 al 17 '
                                        'novembre, i ristoranti partecipanti '
                                        'alla ormai storica kermesse, '
                                        'cominceranno a scaldare i motori e i '
                                        'fornelli con la tradizionale '
                                        'anteprima. La gara vera e propria '
                                        'entrerà invece nel vivo a partire dal '
                                        '17 gennaio 2025 (per concludersi poi '
                                        'il 28 febbraio) ma già le prime 2 '
                                        'settimane di novembre saranno la '
                                        'prima importante occasione per '
                                        'iniziare a capire chi potrà essere il '
                                        'vincitore della nuova edizione '
                                        "dell'iconico Festival. Nato nel 2013 "
                                        'allo scopo di valorizzare e '
                                        'promuovere il piatto tipico '
                                        'brianzolo, il Festival de la Cazoeula '
                                        'è giunto oggi alla sua tredicesima '
                                        'edizione ed è cresciuto costantemente '
                                        'nel corso degli anni, sia come numero '
                                        'di ristoranti partecipanti, sia come '
                                        'numero di portate servite. I '
                                        'ristoranti in gara arrivano dal '
                                        'canturino, da Monza e Brianza, Lecco '
                                        'e Milano. Ecco i ristoranti in '
                                        'provincia di Monza e Brianza che '
                                        'parteciperanno: Il Dollaro, in via '
                                        'Giuseppe Garibaldi 1 a Briosco, '
                                        "l'Osteria Social Food, in via Eugenio "
                                        'Curiel 1 a Mezzago, Il Fienile, in '
                                        'via Fornaciai 16 a Briosco, Trattoria '
                                        'da Fabio, in via Garibaldi 16 a '
                                        'Verano Brianza, La Piana, in via '
                                        'Pietro Zappelli 15 a Carate Brianza, '
                                        "e l'Ostaria alla Torre, in via Gran "
                                        'Paradiso 21 a Giussano. Il Festival è '
                                        'una gara culinaria fra i ristoranti '
                                        'partecipanti, che si conclude con '
                                        'l’aggiudicazione annuale del trofeo '
                                        'Cazoeula d’oro. La durata complessiva '
                                        "per l'edizione 2025 è di 2 mesi: "
                                        'un’anteprima dall’1 al 17 novembre ed '
                                        'una successiva parte centrale dal 17 '
                                        'gennaio al 28 febbraio. La '
                                        'valutazione dei piatti avviene '
                                        'attraverso 4 successivi passaggi, '
                                        'utili a garantire imparzialità, '
                                        'accuratezza e serietà del giudizio '
                                        'finale: 1 - voto diretto da parte dei '
                                        'clienti dei ristoranti (che recandosi '
                                        'a pranzo o a cena nei singoli '
                                        'ristoranti possono compilare '
                                        'l’apposita scheda di valutazione, '
                                        'cartacea oppure on line) 2 - '
                                        'valutazione alla cieca convocata '
                                        'contestualmente alla giuria popolare, '
                                        'che viene riunita a porte chiuse in '
                                        'quattro diverse serate durante '
                                        'l’intera durata del festival (i '
                                        'componenti vengono sorteggiati a caso '
                                        'fra tutti coloro che hanno espresso '
                                        'il loro voto all’interno dei singoli '
                                        'ristoranti, compilando la scheda di '
                                        'valutazione on line); 3 - valutazione '
                                        'alla cieca da parte della giuria '
                                        'tecnica; 4 - valutazione alla cieca '
                                        'da parte del "Conclave della '
                                        'cazoeula" (composto da tutti gli chef '
                                        'dei ristoranti partecipanti al '
                                        'festival). Solo al termine del quarto '
                                        'livello di valutazione si stabilisce '
                                        'finalmente il vincitore del Festival, '
                                        'che viene proclamato, agli inizi di '
                                        'marzo, nel corso della serata degli '
                                        '"Oscar de la cazoeula". L\'intero '
                                        "Festival è gestito dall'Associazione "
                                        'Cazoeula (composta da tutti i '
                                        'ristoranti aderenti al Festival), '
                                        'amministrata da un Consiglio di '
                                        'Amministrazione composto da 10 '
                                        "membri. L'allargamento territoriale "
                                        'del Festival ha spinto gli '
                                        'organizzatori ad adottare, a partire '
                                        'dal 2024, un nuovo disciplinare più '
                                        'inclusivo, allargando la ricetta '
                                        'originaria a comprendere le diverse '
                                        'varianti territoriali e modificando '
                                        'persino il nome della kermesse che '
                                        'aggiunge alla tradizionale "z" '
                                        'canturina, la "s" milanese, da '
                                        'Cazoeula a Cassoeula. Per ulteriori '
                                        "dettagli e per l'elenco completo dei "
                                        'ristoranti partecipanti, si rinvia al '
                                        'sito www.festivaldelacazoeula.it .',
                         'dove': {'address': None,
                                  'name': None,
                                  'raw_text': 'Dove Indirizzo non disponibile'},
                         'image': '//citynews-monzatoday.stgy.ovh/~media/horizontal-low/23207716514455/cassoeula.jpg',
                         'prezzo': 'Prezzo non disponibile',
                         'quando': {'date_end': '2026-02-28',
                                    'date_start': '2025-11-01',
                                    'raw_text': 'Quando Dal 01/11/2025 al '
                                                '28/02/2026 Orario non '
                                                'disponibile',
                                    'schedule': 'Orario non disponibile'}},
              'list': {'category': 'Cibo e Vino',
                       'date': 'dal 1 novembre 2025 al 28 febbraio 2026',
                       'image': '//citynews-monzatoday.stgy.ovh/~media/horizontal-mid/23207716514455/cassoeula.jpg',
                       'location': None,
                       'stars': None,
                       'title': 'Il festival della Cassoeula: 6 ristoranti in '
                                'gara a Monza e Brianza'}},
 'scraped_at': '2026-02-02T19:46:43.805862',
 'source': 'city_today',
 'title': 'Il festival della Cassoeula: 6 ristoranti in gara a Monza e Brianza',
 'url': 'https://www.monzatoday.it/eventi/festival-casoeula-2025-gara-ristoranti.html',
 'uuid': 'cce6c316388681c0',
 'website': None}
[2026-02-02T19:46:44.929+0000] {docker.py:429} INFO - 2026-02-02 19:46:44 [scrapy.core.engine] DEBUG: Crawled (200) <GET https://www.monzatoday.it/eventi/passaggio-fiamma-olimpica-4-febbraio.html> (referer: https://www.monzatoday.it/eventi/dal/2026-02-02/al/2026-02-08/)
[2026-02-02T19:46:45.043+0000] {docker.py:429} INFO - 2026-02-02 19:46:45 [scrapy.core.scraper] DEBUG: Scraped from <200 https://www.monzatoday.it/eventi/passaggio-fiamma-olimpica-4-febbraio.html>
{'category': ['Sport'],
 'city': 'Monza',
 'city_id': None,
 'content_hash': '0375c1249c0430f0',
 'date_display': '4 febbraio 2026',
 'date_end': '2026-02-04',
 'date_start': '2026-02-04',
 'description': 'Monza si prepara ad accogliere uno dei momenti più '
                'emozionanti del percorso verso i XXV Giochi Olimpici '
                'Invernali di Milano Cortina 2026. Il 4 febbraio , infatti, la '
                'Torcia Olimpica attraverserà le strade della città, portando '
                'con sé un messaggio universale di speranza, inclusione e '
                'unità. Il Viaggio della Fiamma Olimpica , è una bella '
                'occasione per celebrare lo sport e dei suoi valori fondanti, '
                "nonché per vivere la magia dell'Olimpismo, lungo un tragitto "
                'che collegherà 110 province italiane dal 6 dicembre 2025 al 6 '
                'febbraio 2026 . È con orgoglio che Coca-Cola , ancora una '
                'volta, accompagna questo Viaggio, rinsaldando il suo legame '
                'con la Fiamma Olimpica, risalente ai Giochi Olimpici di '
                'Barcellona 1992. Da quella volta, Coca-Cola ha sponsorizzato '
                'per ben sedici volte il Viaggio della Fiamma Olimpica, '
                'portandola attraverso più di cinquanta Paesi. La partnership '
                'tra il Movimento Olimpico e Coca-Cola è, però, precedente e '
                'affonda le radici nel lontano 1928, ai Giochi Olimpici di '
                'Amsterdam, quando il celebre brand si è posto a fianco degli '
                'atleti: ciò lo ha reso il partner più duraturo nella storia '
                'delle Olimpiadi. È iniziato così l’impegno costante nel '
                'portare ovunque i valori dello sport, che è stato rinnovato '
                'fino al 2032. Questo è anche l’obiettivo del Viaggio della '
                "Fiamma Olimpica: 61 giorni lungo l'Italia durante i quali "
                '10.001 tedofori diventeranno portatori di un messaggio '
                'potente di speranza, inclusività e unità, mostrando come lo '
                'sport sia in grado di ispirare il mondo. Coca-Cola sarà lì '
                'per celebrare ogni tedoforo e per regalare un momento '
                'memorabile e di gioia condivisa. Il Truck Coca-Cola sarà tra '
                'gli elementi più iconici del Viaggio della Fiamma Olimpica di '
                'Milano Cortina 2026 : un’esperienza itinerante di luce, suono '
                'e movimento che accompagnerà i tedofori lungo il percorso , '
                'accendendo l’entusiasmo del pubblico e trasformando ogni '
                'tappa in un momento di festa condivisa. Il Main Truck si '
                'ispira al design delle auto italiane vintage, simbolo di '
                'stile, eleganza e artigianalità. Grazie a schermi LED '
                'dinamici, installazioni luminose e a un sistema audio di '
                'grande impatto, il Convoglio trasformerà ogni arrivo della '
                'Fiamma Olimpica in una celebrazione collettiva, animata da '
                'oltre 80 persone tra Brand Ambassador, DJ e MC che '
                'coinvolgeranno il pubblico in un crescendo di musica, energia '
                'e partecipazione. Coca-Cola accompagna Il Viaggio della '
                'Fiamma Olimpica scegliendo tedofori capaci di raccontare '
                'messaggi diversi: l’impegno sociale, lo sport, la musica e la '
                'cultura pop; ciascuno di loro incarna un modo unico di vivere '
                'e raccontare i valori olimpici, dimostrando come la passione, '
                'la determinazione e l’inclusione possano ispirare e unire le '
                'persone. Attraverso questa selezione eterogenea, Coca-Cola '
                'celebra un viaggio di valori e di storie, che unisce persone, '
                'passioni e territori, lasciando un’eredità di impatto sociale '
                'e umano, fondata sulla collaborazione, sull’inclusione e '
                'sulla condivisione. Coca-Cola è un vero e proprio simbolo di '
                'condivisione e ha deciso di impegnarsi per far vivere '
                'esperienze memorabili a chi prenderà parte all’evento '
                'mettendo in risalto i suoi pilastri fondamentali: Iconicità, '
                'Musica e Condivisione. Sorgerà così il Coca-Cola Village, un '
                'epicentro di energia dove musica, cibo e intrattenimento si '
                'fonderanno per regalare emozioni a tutta la comunità. Il '
                'cuore della celebrazione della città sarà il Warm-Up Stage , '
                'dove un DJ set coinvolgente e un mega karaoke trasformeranno '
                'la piazza in una festa collettiva. In un angolo speciale sarà '
                'possibile conoscere la storia del legame di Coca-Cola con il '
                'Movimento Olimpico. Durante il Viaggio della Fiamma Olimpica '
                'e nel Villaggio Coca-Cola, saranno distribuite mini-lattine '
                'in alluminio di Coca-Cola Original e Coca-Cola Zero Zuccheri. '
                'La raccolta sarà gestita in collaborazione con CiAl – '
                'Consorzio Nazionale Imballaggi Alluminio , grazie a un mezzo '
                'dedicato presente nel Convoglio e tramite presidi specifici '
                'all’interno del Village nelle diverse città ospitanti . Nel '
                'quadro dell’impegno sociale in vista dei Giochi Olimpici e '
                'Paralimpici Invernali Milano Cortina 2026 , Coca-Cola '
                'collaborerà nuovamente con Banco Alimentare : durante le City '
                'Celebration sarà possibile gustare dell’ottima pizza '
                'accompagnata da Coca-Cola e sostenere le attività '
                'dell’organizzazione con una donazione . Lo sport rimane il '
                'protagonista indiscusso, quindi non poteva mancare l’ Area '
                'Sport - Powerade , uno spazio interattivo per provare '
                "l'emozione degli sport Olimpici attraverso esperienze "
                'coinvolgenti. Nella simulazione di hockey su ghiaccio si '
                'potrà provare a segnare il goal più veloce, sfidando amici e '
                'familiari. La VR Experience permetterà di immergersi negli '
                'sport invernali grazie ai visori di realtà virtuale, '
                'scegliendo tra discipline olimpiche e paralimpiche. Il '
                "simulatore di sci offrirà, invece, l'adrenalina di una "
                'discesa olimpica, Il Coca-Cola Village ha in serbo molte '
                'altre sorprese e aprirà le porte per accogliere tutti coloro '
                'che vorranno partecipare a questa giornata imperdibile. '
                "Un'occasione per sentirsi parte di qualcosa di più grande, "
                'per condividere emozioni e per portare in tutta Italia i '
                'valori dello sport. Monza è pronta a scrivere la sua pagina '
                'in questo Viaggio straordinario verso Milano Cortina 2026.',
 'event_id': 'passaggio-fiamma-olimpica-4-febbraio',
 'image_url': 'https://www.monzatoday.it/~media/horizontal-hi/26340750900987/copertina-5.jpg',
 'location_address': 'Piazza Trento e Trieste',
 'location_name': 'Coca-Cola Village',
 'price': 'Gratis',
 'raw_data': {'detail': {'altre_informazioni': {'raw_text': 'Altre '
                                                            'informazioni Sito '
                                                            'web coca-cola.com',
                                                'website': 'https://www.coca-cola.com/it/it/offerings/segui-la-magia-della-fiamma-olimpica-con-coca-cola'},
                         'descrizione': 'Monza si prepara ad accogliere uno '
                                        'dei momenti più emozionanti del '
                                        'percorso verso i XXV Giochi Olimpici '
                                        'Invernali di Milano Cortina 2026. Il '
                                        '4 febbraio , infatti, la Torcia '
                                        'Olimpica attraverserà le strade della '
                                        'città, portando con sé un messaggio '
                                        'universale di speranza, inclusione e '
                                        'unità. Il Viaggio della Fiamma '
                                        'Olimpica , è una bella occasione per '
                                        'celebrare lo sport e dei suoi valori '
                                        'fondanti, nonché per vivere la magia '
                                        "dell'Olimpismo, lungo un tragitto che "
                                        'collegherà 110 province italiane dal '
                                        '6 dicembre 2025 al 6 febbraio 2026 . '
                                        'È con orgoglio che Coca-Cola , ancora '
                                        'una volta, accompagna questo Viaggio, '
                                        'rinsaldando il suo legame con la '
                                        'Fiamma Olimpica, risalente ai Giochi '
                                        'Olimpici di Barcellona 1992. Da '
                                        'quella volta, Coca-Cola ha '
                                        'sponsorizzato per ben sedici volte il '
                                        'Viaggio della Fiamma Olimpica, '
                                        'portandola attraverso più di '
                                        'cinquanta Paesi. La partnership tra '
                                        'il Movimento Olimpico e Coca-Cola è, '
                                        'però, precedente e affonda le radici '
                                        'nel lontano 1928, ai Giochi Olimpici '
                                        'di Amsterdam, quando il celebre brand '
                                        'si è posto a fianco degli atleti: ciò '
                                        'lo ha reso il partner più duraturo '
                                        'nella storia delle Olimpiadi. È '
                                        'iniziato così l’impegno costante nel '
                                        'portare ovunque i valori dello sport, '
                                        'che è stato rinnovato fino al 2032. '
                                        'Questo è anche l’obiettivo del '
                                        'Viaggio della Fiamma Olimpica: 61 '
                                        "giorni lungo l'Italia durante i quali "
                                        '10.001 tedofori diventeranno '
                                        'portatori di un messaggio potente di '
                                        'speranza, inclusività e unità, '
                                        'mostrando come lo sport sia in grado '
                                        'di ispirare il mondo. Coca-Cola sarà '
                                        'lì per celebrare ogni tedoforo e per '
                                        'regalare un momento memorabile e di '
                                        'gioia condivisa. Il Truck Coca-Cola '
                                        'sarà tra gli elementi più iconici del '
                                        'Viaggio della Fiamma Olimpica di '
                                        'Milano Cortina 2026 : un’esperienza '
                                        'itinerante di luce, suono e movimento '
                                        'che accompagnerà i tedofori lungo il '
                                        'percorso , accendendo l’entusiasmo '
                                        'del pubblico e trasformando ogni '
                                        'tappa in un momento di festa '
                                        'condivisa. Il Main Truck si ispira al '
                                        'design delle auto italiane vintage, '
                                        'simbolo di stile, eleganza e '
                                        'artigianalità. Grazie a schermi LED '
                                        'dinamici, installazioni luminose e a '
                                        'un sistema audio di grande impatto, '
                                        'il Convoglio trasformerà ogni arrivo '
                                        'della Fiamma Olimpica in una '
                                        'celebrazione collettiva, animata da '
                                        'oltre 80 persone tra Brand '
                                        'Ambassador, DJ e MC che '
                                        'coinvolgeranno il pubblico in un '
                                        'crescendo di musica, energia e '
                                        'partecipazione. Coca-Cola accompagna '
                                        'Il Viaggio della Fiamma Olimpica '
                                        'scegliendo tedofori capaci di '
                                        'raccontare messaggi diversi: '
                                        'l’impegno sociale, lo sport, la '
                                        'musica e la cultura pop; ciascuno di '
                                        'loro incarna un modo unico di vivere '
                                        'e raccontare i valori olimpici, '
                                        'dimostrando come la passione, la '
                                        'determinazione e l’inclusione possano '
                                        'ispirare e unire le persone. '
                                        'Attraverso questa selezione '
                                        'eterogenea, Coca-Cola celebra un '
                                        'viaggio di valori e di storie, che '
                                        'unisce persone, passioni e territori, '
                                        'lasciando un’eredità di impatto '
                                        'sociale e umano, fondata sulla '
                                        'collaborazione, sull’inclusione e '
                                        'sulla condivisione. Coca-Cola è un '
                                        'vero e proprio simbolo di '
                                        'condivisione e ha deciso di '
                                        'impegnarsi per far vivere esperienze '
                                        'memorabili a chi prenderà parte '
                                        'all’evento mettendo in risalto i suoi '
                                        'pilastri fondamentali: Iconicità, '
                                        'Musica e Condivisione. Sorgerà così '
                                        'il Coca-Cola Village, un epicentro di '
                                        'energia dove musica, cibo e '
                                        'intrattenimento si fonderanno per '
                                        'regalare emozioni a tutta la '
                                        'comunità. Il cuore della celebrazione '
                                        'della città sarà il Warm-Up Stage , '
                                        'dove un DJ set coinvolgente e un mega '
                                        'karaoke trasformeranno la piazza in '
                                        'una festa collettiva. In un angolo '
                                        'speciale sarà possibile conoscere la '
                                        'storia del legame di Coca-Cola con il '
                                        'Movimento Olimpico. Durante il '
                                        'Viaggio della Fiamma Olimpica e nel '
                                        'Villaggio Coca-Cola, saranno '
                                        'distribuite mini-lattine in alluminio '
                                        'di Coca-Cola Original e Coca-Cola '
                                        'Zero Zuccheri. La raccolta sarà '
                                        'gestita in collaborazione con CiAl – '
                                        'Consorzio Nazionale Imballaggi '
                                        'Alluminio , grazie a un mezzo '
                                        'dedicato presente nel Convoglio e '
                                        'tramite presidi specifici all’interno '
                                        'del Village nelle diverse città '
                                        'ospitanti . Nel quadro dell’impegno '
                                        'sociale in vista dei Giochi Olimpici '
                                        'e Paralimpici Invernali Milano '
                                        'Cortina 2026 , Coca-Cola collaborerà '
                                        'nuovamente con Banco Alimentare : '
                                        'durante le City Celebration sarà '
                                        'possibile gustare dell’ottima pizza '
                                        'accompagnata da Coca-Cola e sostenere '
                                        'le attività dell’organizzazione con '
                                        'una donazione . Lo sport rimane il '
                                        'protagonista indiscusso, quindi non '
                                        'poteva mancare l’ Area Sport - '
                                        'Powerade , uno spazio interattivo per '
                                        "provare l'emozione degli sport "
                                        'Olimpici attraverso esperienze '
                                        'coinvolgenti. Nella simulazione di '
                                        'hockey su ghiaccio si potrà provare a '
                                        'segnare il goal più veloce, sfidando '
                                        'amici e familiari. La VR Experience '
                                        'permetterà di immergersi negli sport '
                                        'invernali grazie ai visori di realtà '
                                        'virtuale, scegliendo tra discipline '
                                        'olimpiche e paralimpiche. Il '
                                        'simulatore di sci offrirà, invece, '
                                        "l'adrenalina di una discesa olimpica, "
                                        'Il Coca-Cola Village ha in serbo '
                                        'molte altre sorprese e aprirà le '
                                        'porte per accogliere tutti coloro che '
                                        'vorranno partecipare a questa '
                                        "giornata imperdibile. Un'occasione "
                                        'per sentirsi parte di qualcosa di più '
                                        'grande, per condividere emozioni e '
                                        'per portare in tutta Italia i valori '
                                        'dello sport. Monza è pronta a '
                                        'scrivere la sua pagina in questo '
                                        'Viaggio straordinario verso Milano '
                                        'Cortina 2026.',
                         'dove': {'address': 'Piazza Trento e Trieste',
                                  'name': 'Coca-Cola Village',
                                  'raw_text': 'Dove Coca-Cola Village Piazza '
                                              'Trento e Trieste'},
                         'image': 'https://www.monzatoday.it/~media/horizontal-hi/26340750900987/copertina-5.jpg',
                         'prezzo': 'Gratis',
                         'quando': {'date_end': '2026-02-04',
                                    'date_start': '2026-02-04',
                                    'raw_text': 'Quando Dal 04/02/2026 al '
                                                '04/02/2026 17:00 - 19:30',
                                    'schedule': '17:00 - 19:30'}},
              'list': {'category': 'Sport',
                       'date': '4 febbraio 2026',
                       'image': '//citynews-monzatoday.stgy.ovh/~media/horizontal-mid/26340750900987/copertina-5.jpg',
                       'location': 'Coca-Cola Village',
                       'stars': 5,
                       'title': 'Musica, sport e condivisione per celebrare '
                                'l’arrivo della Fiamma Olimpica a Monza'}},
 'scraped_at': '2026-02-02T19:46:45.040103',
 'source': 'city_today',
 'title': 'Musica, sport e condivisione per celebrare l’arrivo della Fiamma '
          'Olimpica a Monza',
 'url': 'https://www.monzatoday.it/eventi/passaggio-fiamma-olimpica-4-febbraio.html',
 'uuid': '5913874905a2870a',
 'website': 'https://www.coca-cola.com/it/it/offerings/segui-la-magia-della-fiamma-olimpica-con-coca-cola'}
[2026-02-02T19:46:45.045+0000] {docker.py:429} INFO - 2026-02-02 19:46:45 [scrapy.core.engine] INFO: Closing spider (finished)
[2026-02-02T19:46:45.046+0000] {docker.py:429} INFO - 2026-02-02 19:46:45 [scrapy.extensions.feedexport] INFO: Stored json feed (7 items) in: /app/city_today/output/eventi_monza_questa-settimana_20260202_194634.json
[2026-02-02T19:46:45.046+0000] {docker.py:429} INFO - 2026-02-02 19:46:45 [scrapy.statscollectors] INFO: Dumping Scrapy stats:
{'downloader/request_bytes': 3577,
 'downloader/request_count': 9,
 'downloader/request_method_count/GET': 9,
 'downloader/response_bytes': 1209188,
 'downloader/response_count': 9,
 'downloader/response_status_count/200': 9,
 'elapsed_time_seconds': 10.487472,
 'feedexport/success_count/FileFeedStorage': 1,
 'finish_reason': 'finished',
 'finish_time': datetime.datetime(2026, 2, 2, 19, 46, 45, 42932, tzinfo=datetime.timezone.utc),
 'httpcompression/response_bytes': 6398527,
 'httpcompression/response_count': 9,
 'item_scraped_count': 7,
 'items_per_city/Monza': 7,
 'items_per_minute': 42.0,
 'log_count/DEBUG': 16,
 'log_count/INFO': 3,
 'memusage/max': 68866048,
 'memusage/startup': 68866048,
 'request_depth_max': 1,
 'response_received_count': 9,
 'responses_per_minute': 54.0,
 'robotstxt/request_count': 1,
 'robotstxt/response_count': 1,
 'robotstxt/response_status_count/200': 1,
 'scheduler/dequeued': 8,
 'scheduler/dequeued/memory': 8,
 'scheduler/enqueued': 8,
 'scheduler/enqueued/memory': 8,
 'start_time': datetime.datetime(2026, 2, 2, 19, 46, 34, 555460, tzinfo=datetime.timezone.utc)}
2026-02-02 19:46:45 [scrapy.core.engine] INFO: Spider closed (finished)
[2026-02-02T19:46:45.084+0000] {docker.py:429} INFO - Scraping completato. File: /app/city_today/output/eventi_monza_questa-settimana_20260202_194634.json
[2026-02-02T19:46:45.339+0000] {taskinstance.py:1138} INFO - Marking task as SUCCESS. dag_id=etl_events_daily, task_id=process_monza.scrape_city_today, execution_date=20260201T060000, start_date=20260202T194633, end_date=20260202T194645
[2026-02-02T19:46:45.380+0000] {local_task_job_runner.py:234} INFO - Task exited with return code 0
[2026-02-02T19:46:45.420+0000] {taskinstance.py:3280} INFO - 0 downstream tasks scheduled from follow-on schedule check
