[2026-02-02T19:46:15.926+0000] {taskinstance.py:1956} INFO - Dependencies all met for dep_context=non-requeueable deps ti=<TaskInstance: etl_events_daily.process_livorno.scrape_city_today scheduled__2026-02-01T06:00:00+00:00 [queued]>
[2026-02-02T19:46:15.939+0000] {taskinstance.py:1956} INFO - Dependencies all met for dep_context=requeueable deps ti=<TaskInstance: etl_events_daily.process_livorno.scrape_city_today scheduled__2026-02-01T06:00:00+00:00 [queued]>
[2026-02-02T19:46:15.939+0000] {taskinstance.py:2170} INFO - Starting attempt 1 of 4
[2026-02-02T19:46:15.955+0000] {taskinstance.py:2191} INFO - Executing <Task(FilterableDockerOperator): process_livorno.scrape_city_today> on 2026-02-01 06:00:00+00:00
[2026-02-02T19:46:15.963+0000] {standard_task_runner.py:60} INFO - Started process 312 to run task
[2026-02-02T19:46:15.966+0000] {standard_task_runner.py:87} INFO - Running: ['airflow', 'tasks', 'run', 'etl_events_daily', 'process_livorno.scrape_city_today', 'scheduled__2026-02-01T06:00:00+00:00', '--job-id', '421', '--raw', '--subdir', 'DAGS_FOLDER/scrape_events.py', '--cfg-path', '/tmp/tmpyhkcb5bb']
[2026-02-02T19:46:15.968+0000] {standard_task_runner.py:88} INFO - Job 421: Subtask process_livorno.scrape_city_today
[2026-02-02T19:46:15.990+0000] {logging_mixin.py:188} WARNING - /home/airflow/.local/lib/python3.11/site-packages/airflow/settings.py:194 DeprecationWarning: The sql_alchemy_conn option in [core] has been moved to the sql_alchemy_conn option in [database] - the old setting has been used, but please update your config.
[2026-02-02T19:46:16.045+0000] {task_command.py:423} INFO - Running <TaskInstance: etl_events_daily.process_livorno.scrape_city_today scheduled__2026-02-01T06:00:00+00:00 [running]> on host d1594f2b36ec
[2026-02-02T19:46:16.171+0000] {taskinstance.py:2480} INFO - Exporting env vars: AIRFLOW_CTX_DAG_OWNER='airflow' AIRFLOW_CTX_DAG_ID='etl_events_daily' AIRFLOW_CTX_TASK_ID='process_livorno.scrape_city_today' AIRFLOW_CTX_EXECUTION_DATE='2026-02-01T06:00:00+00:00' AIRFLOW_CTX_TRY_NUMBER='1' AIRFLOW_CTX_DAG_RUN_ID='scheduled__2026-02-01T06:00:00+00:00'
[2026-02-02T19:46:16.200+0000] {docker.py:359} INFO - Starting docker container from image scrapy-events:latest
[2026-02-02T19:46:16.210+0000] {docker.py:367} WARNING - Using remote engine or docker-in-docker and mounting temporary volume from host is not supported. Falling back to `mount_tmp_dir=False` mode. You can set `mount_tmp_dir` parameter to False to disable mounting and remove the warning
[2026-02-02T19:46:17.058+0000] {docker.py:429} INFO - Avvio scraping per: Livorno
Periodo: questa-settimana
[2026-02-02T19:46:17.061+0000] {docker.py:429} INFO - 2026-02-02 19:46:17 [scrapy.utils.log] INFO: Scrapy 2.14.1 started (bot: events)
[2026-02-02T19:46:17.067+0000] {docker.py:429} INFO - 2026-02-02 19:46:17 [scrapy.utils.log] INFO: Versions:
{'lxml': '6.0.2',
 'libxml2': '2.14.6',
 'cssselect': '1.3.0',
 'parsel': '1.10.0',
 'w3lib': '2.3.1',
 'Twisted': '25.5.0',
 'Python': '3.11.14 (main, Jan 13 2026, 03:12:14) [GCC 14.2.0]',
 'pyOpenSSL': '25.3.0 (OpenSSL 3.5.4 30 Sep 2025)',
 'cryptography': '46.0.3',
 'Platform': 'Linux-6.12.54-linuxkit-x86_64-with-glibc2.41'}
2026-02-02 19:46:17 [scrapy.crawler] DEBUG: Using CrawlerProcess
[2026-02-02T19:46:17.069+0000] {docker.py:429} INFO - 2026-02-02 19:46:17 [events] INFO: Scraping città: Livorno
2026-02-02 19:46:17 [events] INFO: Periodo: questa-settimana (2026-02-02 - 2026-02-08)
[2026-02-02T19:46:17.070+0000] {docker.py:429} INFO - 2026-02-02 19:46:17 [scrapy.addons] INFO: Enabled addons:
[]
[2026-02-02T19:46:17.071+0000] {docker.py:429} INFO - 2026-02-02 19:46:17 [asyncio] DEBUG: Using selector: EpollSelector
[2026-02-02T19:46:17.071+0000] {docker.py:429} INFO - 2026-02-02 19:46:17 [scrapy.utils.log] DEBUG: Using reactor: twisted.internet.asyncioreactor.AsyncioSelectorReactor
2026-02-02 19:46:17 [scrapy.utils.log] DEBUG: Using asyncio event loop: asyncio.unix_events._UnixSelectorEventLoop
[2026-02-02T19:46:17.075+0000] {docker.py:429} INFO - 2026-02-02 19:46:17 [scrapy.extensions.telnet] INFO: Telnet Password: 0dedb44d986bc371
[2026-02-02T19:46:17.135+0000] {docker.py:429} INFO - 2026-02-02 19:46:17 [scrapy.middleware] INFO: Enabled extensions:
['scrapy.extensions.corestats.CoreStats',
 'scrapy.extensions.logcount.LogCount',
 'scrapy.extensions.telnet.TelnetConsole',
 'scrapy.extensions.memusage.MemoryUsage',
 'scrapy.extensions.feedexport.FeedExporter',
 'scrapy.extensions.logstats.LogStats']
[2026-02-02T19:46:17.136+0000] {docker.py:429} INFO - 2026-02-02 19:46:17 [scrapy.crawler] INFO: Overridden settings:
{'BOT_NAME': 'events',
 'CONCURRENT_REQUESTS': 2,
 'CONCURRENT_REQUESTS_PER_DOMAIN': 1,
 'DOWNLOAD_DELAY': 1,
 'FEED_EXPORT_ENCODING': 'utf-8',
 'NEWSPIDER_MODULE': 'events.spiders',
 'ROBOTSTXT_OBEY': True,
 'SPIDER_MODULES': ['events.spiders'],
 'USER_AGENT': 'Mozilla/5.0 (Macintosh; Intel Mac OS X 10_15_7) '
               'AppleWebKit/537.36 (KHTML, like Gecko) Chrome/120.0.0.0 '
               'Safari/537.36'}
[2026-02-02T19:46:17.192+0000] {docker.py:429} INFO - 2026-02-02 19:46:17 [scrapy.middleware] INFO: Enabled downloader middlewares:
['scrapy.downloadermiddlewares.offsite.OffsiteMiddleware',
 'scrapy.downloadermiddlewares.robotstxt.RobotsTxtMiddleware',
 'scrapy.downloadermiddlewares.httpauth.HttpAuthMiddleware',
 'scrapy.downloadermiddlewares.downloadtimeout.DownloadTimeoutMiddleware',
 'scrapy.downloadermiddlewares.defaultheaders.DefaultHeadersMiddleware',
 'scrapy.downloadermiddlewares.useragent.UserAgentMiddleware',
 'scrapy.downloadermiddlewares.retry.RetryMiddleware',
 'scrapy.downloadermiddlewares.redirect.MetaRefreshMiddleware',
 'scrapy.downloadermiddlewares.httpcompression.HttpCompressionMiddleware',
 'scrapy.downloadermiddlewares.redirect.RedirectMiddleware',
 'scrapy.downloadermiddlewares.cookies.CookiesMiddleware',
 'scrapy.downloadermiddlewares.httpproxy.HttpProxyMiddleware',
 'scrapy.downloadermiddlewares.stats.DownloaderStats']
[2026-02-02T19:46:17.195+0000] {docker.py:429} INFO - 2026-02-02 19:46:17 [scrapy.middleware] INFO: Enabled spider middlewares:
['scrapy.spidermiddlewares.start.StartSpiderMiddleware',
 'scrapy.spidermiddlewares.httperror.HttpErrorMiddleware',
 'scrapy.spidermiddlewares.referer.RefererMiddleware',
 'scrapy.spidermiddlewares.urllength.UrlLengthMiddleware',
 'scrapy.spidermiddlewares.depth.DepthMiddleware']
[2026-02-02T19:46:17.195+0000] {docker.py:429} INFO - 2026-02-02 19:46:17 [scrapy.middleware] INFO: Enabled item pipelines:
[]
[2026-02-02T19:46:17.196+0000] {docker.py:429} INFO - Output file: /app/city_today/output/eventi_livorno_questa-settimana_20260202_194617.json
[2026-02-02T19:46:17.196+0000] {docker.py:429} INFO - 2026-02-02 19:46:17 [scrapy.core.engine] INFO: Spider opened
[2026-02-02T19:46:17.204+0000] {docker.py:429} INFO - 2026-02-02 19:46:17 [scrapy.extensions.logstats] INFO: Crawled 0 pages (at 0 pages/min), scraped 0 items (at 0 items/min)
[2026-02-02T19:46:17.205+0000] {docker.py:429} INFO - 2026-02-02 19:46:17 [scrapy.extensions.telnet] INFO: Telnet console listening on 127.0.0.1:6023
[2026-02-02T19:46:17.395+0000] {docker.py:429} INFO - 2026-02-02 19:46:17 [scrapy.core.engine] DEBUG: Crawled (200) <GET https://www.livornotoday.it/robots.txt> (referer: None)
[2026-02-02T19:46:18.857+0000] {docker.py:429} INFO - 2026-02-02 19:46:18 [scrapy.core.engine] DEBUG: Crawled (200) <GET https://www.livornotoday.it/eventi/dal/2026-02-02/al/2026-02-08/> (referer: None)
[2026-02-02T19:46:20.136+0000] {docker.py:429} INFO - 2026-02-02 19:46:20 [scrapy.core.engine] DEBUG: Crawled (200) <GET https://www.livornotoday.it/eventi/cinema-colazione-miracolo-milano-centro-artistico-grattacielo-livorno-8-febbraio.html> (referer: https://www.livornotoday.it/eventi/dal/2026-02-02/al/2026-02-08/)
[2026-02-02T19:46:20.285+0000] {docker.py:429} INFO - 2026-02-02 19:46:20 [scrapy.core.scraper] DEBUG: Scraped from <200 https://www.livornotoday.it/eventi/cinema-colazione-miracolo-milano-centro-artistico-grattacielo-livorno-8-febbraio.html>
{'category': ['Cinema'],
 'city': 'Livorno',
 'city_id': None,
 'content_hash': 'b7d0b8858b4fa686',
 'date_display': '8 febbraio 2026',
 'date_end': '2026-02-08',
 'date_start': '2026-02-08',
 'description': 'Per Cinema a Colazione, domenica 8 febbraio, al Centro '
                'Artistico Il Grattacielo, sarà proiettato il film "Miracolo a '
                'Milano" (1951 – 1h40m) per la regia di Vittorio De Sica. '
                "Introduce il film Maurizio Iacono. L'evento, come di "
                "consueto, prevede la colazione alle 9.15 e l'inizio della "
                "proiezione alle 10.30. Il biglietto d'ingresso di 8 euro è "
                'comprensivo della colazione. "Miracolo a Milano" è un film '
                'del 1951 diretto da Vittorio De Sica, tratto dal romanzo Totò '
                'il buono di Cesare Zavattini, che ne curò anche la '
                'sceneggiatura. È una delle opere più originali del '
                'neorealismo italiano, capace di mescolare cronaca sociale e '
                'fiaba surreale. La storia ha per protagonista Totò (Francesco '
                'Golisano), un orfano cresciuto con bontà e candore, che da '
                'adulto finisce a vivere in una baraccopoli alla periferia di '
                'Milano insieme a poveri ed emarginati. Con il suo ottimismo '
                'contagioso riesce a portare serenità tra i compagni di '
                'sventura, finché un ricco industriale non scopre che sotto i '
                'terreni della baraccopoli si nasconde il petrolio. Gli '
                'scontri tra polizia e senzatetto sembrano segnare la fine di '
                'ogni speranza, ma grazie a una colomba magica Totò riesce a '
                'donare ai poveri un miracolo inatteso e poetico. De Sica, con '
                'uno stile sospeso tra realismo e fantasia, mette in scena una '
                "parabola universale sulla dignità umana, l'ingiustizia "
                "sociale e il sogno di un mondo più giusto. L'equilibrio tra "
                'ironia, tenerezza e invenzione visionaria rende Miracolo a '
                'Milano un film unico nel panorama italiano e internazionale. '
                "L'opera vinse la Palma d'oro al Festival di Cannes del 1951, "
                'consacrandosi come uno dei vertici del cinema del dopoguerra. '
                'Vittorio De Sica, regista, attore e sceneggiatore, è nato il '
                '7 luglio 1901 a Sora ed è morto il 13 novembre 1974 a '
                'Neuilly-sur-Seine. Considerato tra i grandi maestri del '
                'cinema mondiale. È considerato uno dei padri del neorealismo '
                'e uno dei maggiori registi e interpreti della commedia '
                "all'italiana. I suoi film Sciuscià, Ladri di biciclette, "
                'Ieri, oggi, domani e Il giardino dei Finzi Contini hanno '
                "vinto l'Oscar al miglior film in lingua straniera, premio al "
                "quale fu candidato anche Matrimonio all'italiana. Alfonso "
                'Maurizio Iacono è un filosofo italiano. Ordinario di Storia '
                "della Filosofia all'Università di Pisa, nell'anno accademico "
                "2002-2003 è stato Visiting Professor all'Université de Paris "
                '1. Fino al 2012 ha ricoperto la carica di Preside della '
                "Facoltà di Lettere e Filosofia dell'Università di Pisa. Info "
                'Il progetto Cinema a Colazione è nato dalla collaborazione '
                "del Centro Studi Commedia all'italiana, 50&Più Università di "
                'Livorno, FiPiLi Horror Festival, Circolo KInoglaz e Erasmo '
                'Libri, con la compartecipazione del Comune di Livorno. Per '
                'informazioni: cinemaacolazione@gmail.com Prevendita online: '
                'biglietti.cinemaacolazione.it.',
 'event_id': 'cinema-colazione-miracolo-milano-centro-artistico-grattacielo-livorno-8-febbraio',
 'image_url': '//citynews-livornotoday.stgy.ovh/~media/horizontal-low/56882950722872/miracolo-a-milano_page-0001.jpg',
 'location_address': 'Via del Platano, 6',
 'location_name': 'Centro Artistico Il Grattacielo',
 'price': '8 euro',
 'raw_data': {'detail': {'altre_informazioni': {'raw_text': 'Altre '
                                                            'informazioni',
                                                'website': None},
                         'descrizione': 'Per Cinema a Colazione, domenica 8 '
                                        'febbraio, al Centro Artistico Il '
                                        'Grattacielo, sarà proiettato il film '
                                        '"Miracolo a Milano" (1951 – 1h40m) '
                                        'per la regia di Vittorio De Sica. '
                                        'Introduce il film Maurizio Iacono. '
                                        "L'evento, come di consueto, prevede "
                                        "la colazione alle 9.15 e l'inizio "
                                        'della proiezione alle 10.30. Il '
                                        "biglietto d'ingresso di 8 euro è "
                                        'comprensivo della colazione. '
                                        '"Miracolo a Milano" è un film del '
                                        '1951 diretto da Vittorio De Sica, '
                                        'tratto dal romanzo Totò il buono di '
                                        'Cesare Zavattini, che ne curò anche '
                                        'la sceneggiatura. È una delle opere '
                                        'più originali del neorealismo '
                                        'italiano, capace di mescolare cronaca '
                                        'sociale e fiaba surreale. La storia '
                                        'ha per protagonista Totò (Francesco '
                                        'Golisano), un orfano cresciuto con '
                                        'bontà e candore, che da adulto '
                                        'finisce a vivere in una baraccopoli '
                                        'alla periferia di Milano insieme a '
                                        'poveri ed emarginati. Con il suo '
                                        'ottimismo contagioso riesce a portare '
                                        'serenità tra i compagni di sventura, '
                                        'finché un ricco industriale non '
                                        'scopre che sotto i terreni della '
                                        'baraccopoli si nasconde il petrolio. '
                                        'Gli scontri tra polizia e senzatetto '
                                        'sembrano segnare la fine di ogni '
                                        'speranza, ma grazie a una colomba '
                                        'magica Totò riesce a donare ai poveri '
                                        'un miracolo inatteso e poetico. De '
                                        'Sica, con uno stile sospeso tra '
                                        'realismo e fantasia, mette in scena '
                                        'una parabola universale sulla dignità '
                                        "umana, l'ingiustizia sociale e il "
                                        'sogno di un mondo più giusto. '
                                        "L'equilibrio tra ironia, tenerezza e "
                                        'invenzione visionaria rende Miracolo '
                                        'a Milano un film unico nel panorama '
                                        "italiano e internazionale. L'opera "
                                        "vinse la Palma d'oro al Festival di "
                                        'Cannes del 1951, consacrandosi come '
                                        'uno dei vertici del cinema del '
                                        'dopoguerra. Vittorio De Sica, '
                                        'regista, attore e sceneggiatore, è '
                                        'nato il 7 luglio 1901 a Sora ed è '
                                        'morto il 13 novembre 1974 a '
                                        'Neuilly-sur-Seine. Considerato tra i '
                                        'grandi maestri del cinema mondiale. È '
                                        'considerato uno dei padri del '
                                        'neorealismo e uno dei maggiori '
                                        'registi e interpreti della commedia '
                                        "all'italiana. I suoi film Sciuscià, "
                                        'Ladri di biciclette, Ieri, oggi, '
                                        'domani e Il giardino dei Finzi '
                                        "Contini hanno vinto l'Oscar al "
                                        'miglior film in lingua straniera, '
                                        'premio al quale fu candidato anche '
                                        "Matrimonio all'italiana. Alfonso "
                                        'Maurizio Iacono è un filosofo '
                                        'italiano. Ordinario di Storia della '
                                        "Filosofia all'Università di Pisa, "
                                        "nell'anno accademico 2002-2003 è "
                                        'stato Visiting Professor '
                                        "all'Université de Paris 1. Fino al "
                                        '2012 ha ricoperto la carica di '
                                        'Preside della Facoltà di Lettere e '
                                        "Filosofia dell'Università di Pisa. "
                                        'Info Il progetto Cinema a Colazione è '
                                        'nato dalla collaborazione del Centro '
                                        "Studi Commedia all'italiana, 50&Più "
                                        'Università di Livorno, FiPiLi Horror '
                                        'Festival, Circolo KInoglaz e Erasmo '
                                        'Libri, con la compartecipazione del '
                                        'Comune di Livorno. Per informazioni: '
                                        'cinemaacolazione@gmail.com Prevendita '
                                        'online: '
                                        'biglietti.cinemaacolazione.it.',
                         'dove': {'address': 'Via del Platano, 6',
                                  'name': 'Centro Artistico Il Grattacielo',
                                  'raw_text': 'Dove Centro Artistico Il '
                                              'Grattacielo Via del Platano, 6'},
                         'image': '//citynews-livornotoday.stgy.ovh/~media/horizontal-low/56882950722872/miracolo-a-milano_page-0001.jpg',
                         'prezzo': '8 euro',
                         'quando': {'date_end': '2026-02-08',
                                    'date_start': '2026-02-08',
                                    'raw_text': 'Quando Dal 08/02/2026 al '
                                                '08/02/2026 9.15 colazione, '
                                                '10.30 film',
                                    'schedule': '9.15 colazione, 10.30 film'}},
              'list': {'category': 'Cinema',
                       'date': '8 febbraio 2026',
                       'image': '//citynews-livornotoday.stgy.ovh/~media/horizontal-mid/56882950722872/miracolo-a-milano_page-0001.jpg',
                       'location': 'Centro Artistico Il Grattacielo',
                       'stars': 3,
                       'title': 'Cinema a colazione, domenica 8 febbraio '
                                '"Miracolo a Milano" al Centro artistico Il '
                                'Grattacielo'}},
 'scraped_at': '2026-02-02T19:46:20.280638',
 'source': 'city_today',
 'title': 'Cinema a colazione, domenica 8 febbraio "Miracolo a Milano" al '
          'Centro artistico Il Grattacielo',
 'url': 'https://www.livornotoday.it/eventi/cinema-colazione-miracolo-milano-centro-artistico-grattacielo-livorno-8-febbraio.html',
 'uuid': '7755e2f0e8fc76c6',
 'website': None}
[2026-02-02T19:46:21.331+0000] {docker.py:429} INFO - 2026-02-02 19:46:21 [scrapy.core.engine] DEBUG: Crawled (200) <GET https://www.livornotoday.it/eventi/lezioni-cinema-fantozzi-museo-storia-naturale-livorno-7-febbraio.html> (referer: https://www.livornotoday.it/eventi/dal/2026-02-02/al/2026-02-08/)
[2026-02-02T19:46:21.444+0000] {docker.py:429} INFO - 2026-02-02 19:46:21 [scrapy.core.scraper] DEBUG: Scraped from <200 https://www.livornotoday.it/eventi/lezioni-cinema-fantozzi-museo-storia-naturale-livorno-7-febbraio.html>
{'category': ['Cinema'],
 'city': 'Livorno',
 'city_id': None,
 'content_hash': 'ece95ec0234601aa',
 'date_display': '7 febbraio 2026',
 'date_end': '2026-02-07',
 'date_start': '2026-02-07',
 'description': 'Quinta e ultima lezione del progetto Lezioni di Cinema "I '
                'personaggi della storia o della letteratura", progetto giunto '
                'alla sua nona edizione, a cura di 50&Più Università di '
                "Livorno, del Centro Studi Commedia all'italiana, del Circolo "
                'KInoglaz, di FiPiLi Horror Festival, e di Erasmo Libri. '
                "Sabato 7 febbraio, alle 17 nell'auditorio del Museo di Storia "
                'Naturale del Mediterraneo la lezione avrà come tema Fantozzi '
                'sulla pagina, sullo schermo e dietro le quinte. "Fantozzi '
                'siamo tutti noi" diceva Villaggio. Questa straordinaria '
                'maschera tragicomica è tra le più famose del nostro cinema, '
                "il perdente dagli improbabili congiuntivi, l'immagine di "
                "un'Italia che forse non c'è più. Nella lezione di sabato i "
                'relatori Massimo Ghirlanda e Fabio Canessa dialogheranno con '
                'la figlia Elisabetta Villaggi sul personaggio Fantozzi: '
                '"sulla pagina", commentando alcuni passi tratti dai romanzi '
                'di Paolo Villaggio, "sullo schermo", facendo vedere degli '
                'spezzoni dei suoi celebri film e "dietro le quinte", e '
                "nell'occasione Elisabetta Villaggio presenterà il sul libro "
                '"Fantozzi dietro le quinte" (Baldini&Castoldi), un racconto '
                "corale, un'incursione autentica nella vita di Paolo Villaggio "
                "e poi un'altra, inedita e fitta di testimonianze di prima "
                'mano, nel dietro le quinte del suo personaggio più '
                'memorabile: Ugo Fantozzi. Un ricordo privato del padre, '
                "dall'infanzia a Genova alle sere d'estate a Boccadasse, "
                "dall'amore vero incontrato a vent'anni al suo debole per "
                'Buñuel, senza dimenticare la gavetta romana – iniziata in uno '
                'scantinato umido a Trastevere e culminata con Federico '
                "Fellini – e l'amicizia con Fabrizio De André. E poi, l'ansia "
                'congenita, il cibo come atto di sfogo, il ritiro, la '
                'malattia. Sarà possibile acquistare il libro, prima e dopo la '
                'lezione, grazie alla collaborazione con la Libreria '
                'Mondadori. Elisabetta Villaggio ha studiato Filosofia '
                "all'Università di Bologna e Cinema e Televisione a Los "
                "Angeles all'USC (University of South California). Ha lavorato "
                'in televisione come assistente alla regia, regista, autrice e '
                'consulente per programmi Rai, Mediaset, La7. Ha realizzato '
                'due cortometraggi e scritto alcune sceneggiature. Insegna '
                'alla RUFA (Rome University of Fine Arts) nel dipartimento di '
                'Cinema. Tra i libri pubblicati, i romanzi Una vita bizzarra '
                '(2013, Premio Anassilaos alla narrativa) e La Mustang rossa '
                '(2016). Massimo Ghirlanda, presidente del Centro Studi '
                "Commedia all'italiana di Castiglioncello, è l'ideatore di "
                'Lezioni di Cinema di Livorno. Ha tenuto corsi di Storia del '
                'cinema e si è interessato di autori del cinema italiano, '
                'scrivendo articoli per le riviste "Cabiria" e "Bianco e '
                'Nero". Nel 2007, per l\'editore Pacini, ha pubblicato il '
                'volume Castiglioncello e il cinema. I film, i luoghi e i '
                'personaggi. È il direttore della collana I Quaderni di Storia '
                'del cinema della casa Editrice Erasmo di cui ha curato le '
                'edizioni critiche delle sceneggiature del Sorpasso di Scola e '
                'Maccari e In nome del popolo italiano di Age e Scarpelli. Fa '
                "parte dal 2012 della giuria del Premio Suso Cecchi d'Amico "
                'per la miglior sceneggiatura. Nel 2022 a Trevico, per la sua '
                'attività culturale, ha ricevuto il Premio Scola. Fabio '
                'Canessa, docente del Liceo Virgilio di Roma, critico '
                'cinematografico, collaboratore di spettacoli televisivi e '
                'teatrali, è stato consigliere del Ministero della Cultura e '
                'ha scritto su Pasolini e Anna Magnani. Info e contatti Costo '
                'della lezione: 7 euro intero; 5 euro ridotto per associati '
                "50&Più, Centro Studi Commedia all'Italiana, Circolo Kinoglaz, "
                'Ass. FiPiLi Horror, giovani fino a 25 anni. Agli studenti '
                'partecipanti sarà rilasciata una certificazione per usufruire '
                'del credito scolastico. INFO: Associazione 50&Più Via '
                'Serristori 15, tel. 0586 881128/342 0459699 - mail: '
                'livornouniversita@gmail.com .',
 'event_id': 'lezioni-cinema-fantozzi-museo-storia-naturale-livorno-7-febbraio',
 'image_url': '//citynews-livornotoday.stgy.ovh/~media/horizontal-low/26641700784268/paolo-villaggio-fantozzi.jpg',
 'location_address': 'Via Roma, 234',
 'location_name': 'Auditorium Museo di Storia Naturale',
 'price': '7 euro intero; 5 euro ridotto per associati 50&Più, Centro Studi '
          "Commedia all'Italiana, Circolo Kinoglaz, Ass. FiPiLi Horror, "
          'giovani fino a 25 anni.',
 'raw_data': {'detail': {'altre_informazioni': {'raw_text': 'Altre '
                                                            'informazioni',
                                                'website': None},
                         'descrizione': 'Quinta e ultima lezione del progetto '
                                        'Lezioni di Cinema "I personaggi della '
                                        'storia o della letteratura", progetto '
                                        'giunto alla sua nona edizione, a cura '
                                        'di 50&Più Università di Livorno, del '
                                        "Centro Studi Commedia all'italiana, "
                                        'del Circolo KInoglaz, di FiPiLi '
                                        'Horror Festival, e di Erasmo Libri. '
                                        'Sabato 7 febbraio, alle 17 '
                                        "nell'auditorio del Museo di Storia "
                                        'Naturale del Mediterraneo la lezione '
                                        'avrà come tema Fantozzi sulla pagina, '
                                        'sullo schermo e dietro le quinte. '
                                        '"Fantozzi siamo tutti noi" diceva '
                                        'Villaggio. Questa straordinaria '
                                        'maschera tragicomica è tra le più '
                                        'famose del nostro cinema, il perdente '
                                        'dagli improbabili congiuntivi, '
                                        "l'immagine di un'Italia che forse non "
                                        "c'è più. Nella lezione di sabato i "
                                        'relatori Massimo Ghirlanda e Fabio '
                                        'Canessa dialogheranno con la figlia '
                                        'Elisabetta Villaggi sul personaggio '
                                        'Fantozzi: "sulla pagina", commentando '
                                        'alcuni passi tratti dai romanzi di '
                                        'Paolo Villaggio, "sullo schermo", '
                                        'facendo vedere degli spezzoni dei '
                                        'suoi celebri film e "dietro le '
                                        'quinte", e nell\'occasione Elisabetta '
                                        'Villaggio presenterà il sul libro '
                                        '"Fantozzi dietro le quinte" '
                                        '(Baldini&Castoldi), un racconto '
                                        "corale, un'incursione autentica nella "
                                        'vita di Paolo Villaggio e poi '
                                        "un'altra, inedita e fitta di "
                                        'testimonianze di prima mano, nel '
                                        'dietro le quinte del suo personaggio '
                                        'più memorabile: Ugo Fantozzi. Un '
                                        'ricordo privato del padre, '
                                        "dall'infanzia a Genova alle sere "
                                        "d'estate a Boccadasse, dall'amore "
                                        "vero incontrato a vent'anni al suo "
                                        'debole per Buñuel, senza dimenticare '
                                        'la gavetta romana – iniziata in uno '
                                        'scantinato umido a Trastevere e '
                                        'culminata con Federico Fellini – e '
                                        "l'amicizia con Fabrizio De André. E "
                                        "poi, l'ansia congenita, il cibo come "
                                        'atto di sfogo, il ritiro, la '
                                        'malattia. Sarà possibile acquistare '
                                        'il libro, prima e dopo la lezione, '
                                        'grazie alla collaborazione con la '
                                        'Libreria Mondadori. Elisabetta '
                                        'Villaggio ha studiato Filosofia '
                                        "all'Università di Bologna e Cinema e "
                                        "Televisione a Los Angeles all'USC "
                                        '(University of South California). Ha '
                                        'lavorato in televisione come '
                                        'assistente alla regia, regista, '
                                        'autrice e consulente per programmi '
                                        'Rai, Mediaset, La7. Ha realizzato due '
                                        'cortometraggi e scritto alcune '
                                        'sceneggiature. Insegna alla RUFA '
                                        '(Rome University of Fine Arts) nel '
                                        'dipartimento di Cinema. Tra i libri '
                                        'pubblicati, i romanzi Una vita '
                                        'bizzarra (2013, Premio Anassilaos '
                                        'alla narrativa) e La Mustang rossa '
                                        '(2016). Massimo Ghirlanda, presidente '
                                        'del Centro Studi Commedia '
                                        "all'italiana di Castiglioncello, è "
                                        "l'ideatore di Lezioni di Cinema di "
                                        'Livorno. Ha tenuto corsi di Storia '
                                        'del cinema e si è interessato di '
                                        'autori del cinema italiano, scrivendo '
                                        'articoli per le riviste "Cabiria" e '
                                        '"Bianco e Nero". Nel 2007, per '
                                        "l'editore Pacini, ha pubblicato il "
                                        'volume Castiglioncello e il cinema. I '
                                        'film, i luoghi e i personaggi. È il '
                                        'direttore della collana I Quaderni di '
                                        'Storia del cinema della casa Editrice '
                                        'Erasmo di cui ha curato le edizioni '
                                        'critiche delle sceneggiature del '
                                        'Sorpasso di Scola e Maccari e In nome '
                                        'del popolo italiano di Age e '
                                        'Scarpelli. Fa parte dal 2012 della '
                                        "giuria del Premio Suso Cecchi d'Amico "
                                        'per la miglior sceneggiatura. Nel '
                                        '2022 a Trevico, per la sua attività '
                                        'culturale, ha ricevuto il Premio '
                                        'Scola. Fabio Canessa, docente del '
                                        'Liceo Virgilio di Roma, critico '
                                        'cinematografico, collaboratore di '
                                        'spettacoli televisivi e teatrali, è '
                                        'stato consigliere del Ministero della '
                                        'Cultura e ha scritto su Pasolini e '
                                        'Anna Magnani. Info e contatti Costo '
                                        'della lezione: 7 euro intero; 5 euro '
                                        'ridotto per associati 50&Più, Centro '
                                        "Studi Commedia all'Italiana, Circolo "
                                        'Kinoglaz, Ass. FiPiLi Horror, giovani '
                                        'fino a 25 anni. Agli studenti '
                                        'partecipanti sarà rilasciata una '
                                        'certificazione per usufruire del '
                                        'credito scolastico. INFO: '
                                        'Associazione 50&Più Via Serristori '
                                        '15, tel. 0586 881128/342 0459699 - '
                                        'mail: livornouniversita@gmail.com .',
                         'dove': {'address': 'Via Roma, 234',
                                  'name': 'Auditorium Museo di Storia Naturale',
                                  'raw_text': 'Dove Auditorium Museo di Storia '
                                              'Naturale Via Roma, 234'},
                         'image': '//citynews-livornotoday.stgy.ovh/~media/horizontal-low/26641700784268/paolo-villaggio-fantozzi.jpg',
                         'prezzo': '7 euro intero; 5 euro ridotto per '
                                   'associati 50&Più, Centro Studi Commedia '
                                   "all'Italiana, Circolo Kinoglaz, Ass. "
                                   'FiPiLi Horror, giovani fino a 25 anni.',
                         'quando': {'date_end': '2026-02-07',
                                    'date_start': '2026-02-07',
                                    'raw_text': 'Quando Dal 07/02/2026 al '
                                                '07/02/2026 17',
                                    'schedule': '17'}},
              'list': {'category': 'Cinema',
                       'date': '7 febbraio 2026',
                       'image': '//citynews-livornotoday.stgy.ovh/~media/horizontal-mid/26641700784268/paolo-villaggio-fantozzi.jpg',
                       'location': 'Auditorium Museo di Storia Naturale',
                       'stars': 3,
                       'title': 'Lezioni di cinema, sabato 7 febbraio incontro '
                                'su Fantozzi al Museo di Storia Naturale'}},
 'scraped_at': '2026-02-02T19:46:21.440177',
 'source': 'city_today',
 'title': 'Lezioni di cinema, sabato 7 febbraio incontro su Fantozzi al Museo '
          'di Storia Naturale',
 'url': 'https://www.livornotoday.it/eventi/lezioni-cinema-fantozzi-museo-storia-naturale-livorno-7-febbraio.html',
 'uuid': 'd4b93795e6936c67',
 'website': None}
[2026-02-02T19:46:22.949+0000] {docker.py:429} INFO - 2026-02-02 19:46:22 [scrapy.core.engine] DEBUG: Crawled (200) <GET https://www.livornotoday.it/eventi/mostra-diego-azzola-asya-dellomodarme-fortezza-nuova-livorno.html> (referer: https://www.livornotoday.it/eventi/dal/2026-02-02/al/2026-02-08/)
[2026-02-02T19:46:23.059+0000] {docker.py:429} INFO - 2026-02-02 19:46:23 [scrapy.core.scraper] DEBUG: Scraped from <200 https://www.livornotoday.it/eventi/mostra-diego-azzola-asya-dellomodarme-fortezza-nuova-livorno.html>
{'category': ['Mostre'],
 'city': 'Livorno',
 'city_id': None,
 'content_hash': '3edc791474d9b23d',
 'date_display': 'dal 17 gennaio al 21 febbraio 2026',
 'date_end': '2026-02-21',
 'date_start': '2026-01-17',
 'description': 'Sabato 17 gennaio, alle 18, si terrà nella Sala del Forno in '
                'Fortezza Nuova l\'inaugurazione di " Nautilus - Sezioni di '
                'Zoologia Comparata", mostra bipersonale che riunisce le opere '
                "di Diego Azzola (Bergamo, 2000) e Asya Dell'Omodarme "
                '(Livorno, 1997), a cura di Sara Poli e Cecilia Faleni. La '
                'mostra, organizzata da Forno Project, il project-space di '
                'Galleria Fidanda, con il Patrocinio del Comune di Livorno e '
                'Regione Toscana, trae ispirazione dal celebre nautilus aperto '
                "e sezionato dall'esploratore e naturalista Nicolò Gualtieri "
                '(1688-1744), il cui lavoro scientifico rappresenta un punto '
                'di riferimento nella storia della malacologia. Come il '
                'nautilus di Gualtieri rivela la geometria interna della '
                'conchiglia attraverso la dissezione metodica, lo spazio '
                'espositivo non si organizza secondo un ordine gerarchico o '
                'tassonomico, ma come una sequenza di compartimenti contigui, '
                'in cui le opere abitano una condizione di coesistenza e '
                'risonanza. La mostra sarà aperta nella Sala del Forno in '
                'Fortezza Nuova tutti i giorni dal lunedì al sabato dalle 9 '
                'alle 13 e dalle 14 alle 17 (lunedì mattina chiusi). Sarà '
                'possibile visitare le opere fino al 21 febbraio, giorno di '
                "chiusura dell'esposizione. L'esposizione comprende pitture e "
                'installazioni che dialogano concettualmente con esemplari e '
                'reperti provenienti dal mondo marino e terrestre, in '
                'particolare dalla malacologia – grazie alla collaborazione '
                'con il Museo della Certosa di Calci – e dalla tassidermia, '
                'con il contributo del Museo di Storia Naturale del '
                'Mediterraneo di Livorno. Gli artisti costruiscono una '
                'catalogazione volutamente instabile e bizzarra, in cui i '
                'criteri scientifici tradizionali vengono sovvertiti e le '
                'tassonomie si rivelano fragili, aperte a nuove possibilità di '
                'relazione tra le specie e i regni naturali. "Nautilus - '
                'Sezioni di Zoologia Comparata" interroga i limiti della '
                'classificazione scientifica e propone un sistema di '
                "conoscenza alternativo, dove l'impossibilità di catalogare "
                'definitivamente diventa strumento espressivo e concettuale.',
 'event_id': 'mostra-diego-azzola-asya-dellomodarme-fortezza-nuova-livorno',
 'image_url': '//citynews-livornotoday.stgy.ovh/~media/horizontal-low/26899072534913/nautilus-2.jpeg',
 'location_address': 'Scali della Fortezza Nuova',
 'location_name': 'Sala del Forno - Fortezza Nuova',
 'price': 'Gratis',
 'raw_data': {'detail': {'altre_informazioni': {'raw_text': 'Altre '
                                                            'informazioni',
                                                'website': None},
                         'descrizione': 'Sabato 17 gennaio, alle 18, si terrà '
                                        'nella Sala del Forno in Fortezza '
                                        'Nuova l\'inaugurazione di " Nautilus '
                                        '- Sezioni di Zoologia Comparata", '
                                        'mostra bipersonale che riunisce le '
                                        'opere di Diego Azzola (Bergamo, 2000) '
                                        "e Asya Dell'Omodarme (Livorno, 1997), "
                                        'a cura di Sara Poli e Cecilia Faleni. '
                                        'La mostra, organizzata da Forno '
                                        'Project, il project-space di Galleria '
                                        'Fidanda, con il Patrocinio del Comune '
                                        'di Livorno e Regione Toscana, trae '
                                        'ispirazione dal celebre nautilus '
                                        "aperto e sezionato dall'esploratore e "
                                        'naturalista Nicolò Gualtieri '
                                        '(1688-1744), il cui lavoro '
                                        'scientifico rappresenta un punto di '
                                        'riferimento nella storia della '
                                        'malacologia. Come il nautilus di '
                                        'Gualtieri rivela la geometria interna '
                                        'della conchiglia attraverso la '
                                        'dissezione metodica, lo spazio '
                                        'espositivo non si organizza secondo '
                                        'un ordine gerarchico o tassonomico, '
                                        'ma come una sequenza di compartimenti '
                                        'contigui, in cui le opere abitano una '
                                        'condizione di coesistenza e '
                                        'risonanza. La mostra sarà aperta '
                                        'nella Sala del Forno in Fortezza '
                                        'Nuova tutti i giorni dal lunedì al '
                                        'sabato dalle 9 alle 13 e dalle 14 '
                                        'alle 17 (lunedì mattina chiusi). Sarà '
                                        'possibile visitare le opere fino al '
                                        '21 febbraio, giorno di chiusura '
                                        "dell'esposizione. L'esposizione "
                                        'comprende pitture e installazioni che '
                                        'dialogano concettualmente con '
                                        'esemplari e reperti provenienti dal '
                                        'mondo marino e terrestre, in '
                                        'particolare dalla malacologia – '
                                        'grazie alla collaborazione con il '
                                        'Museo della Certosa di Calci – e '
                                        'dalla tassidermia, con il contributo '
                                        'del Museo di Storia Naturale del '
                                        'Mediterraneo di Livorno. Gli artisti '
                                        'costruiscono una catalogazione '
                                        'volutamente instabile e bizzarra, in '
                                        'cui i criteri scientifici '
                                        'tradizionali vengono sovvertiti e le '
                                        'tassonomie si rivelano fragili, '
                                        'aperte a nuove possibilità di '
                                        'relazione tra le specie e i regni '
                                        'naturali. "Nautilus - Sezioni di '
                                        'Zoologia Comparata" interroga i '
                                        'limiti della classificazione '
                                        'scientifica e propone un sistema di '
                                        'conoscenza alternativo, dove '
                                        "l'impossibilità di catalogare "
                                        'definitivamente diventa strumento '
                                        'espressivo e concettuale.',
                         'dove': {'address': 'Scali della Fortezza Nuova',
                                  'name': 'Sala del Forno - Fortezza Nuova',
                                  'raw_text': 'Dove Sala del Forno - Fortezza '
                                              'Nuova Scali della Fortezza '
                                              'Nuova'},
                         'image': '//citynews-livornotoday.stgy.ovh/~media/horizontal-low/26899072534913/nautilus-2.jpeg',
                         'prezzo': 'Gratis',
                         'quando': {'date_end': '2026-02-21',
                                    'date_start': '2026-01-17',
                                    'raw_text': 'Quando Dal 17/01/2026 al '
                                                '21/02/2026 Tutti i giorni dal '
                                                'lunedì al sabato dalle 9 alle '
                                                '13 e dalle 14 alle 17 (lunedì '
                                                'mattina chiusi)',
                                    'schedule': 'Tutti i giorni dal lunedì al '
                                                'sabato dalle 9 alle 13 e '
                                                'dalle 14 alle 17 (lunedì '
                                                'mattina chiusi)'}},
              'list': {'category': 'Mostre',
                       'date': 'dal 17 gennaio al 21 febbraio 2026',
                       'image': '//citynews-livornotoday.stgy.ovh/~media/horizontal-mid/26899072534913/nautilus-2.jpeg',
                       'location': 'Sala del Forno - Fortezza Nuova',
                       'stars': 3,
                       'title': '"Nautilus", dal 17 gennaio la mostra di Diego '
                                "Azzola e Asya Dell'Omodarme in Fortezza "
                                'Nuova'}},
 'scraped_at': '2026-02-02T19:46:23.056902',
 'source': 'city_today',
 'title': '"Nautilus", dal 17 gennaio la mostra di Diego Azzola e Asya '
          "Dell'Omodarme in Fortezza Nuova",
 'url': 'https://www.livornotoday.it/eventi/mostra-diego-azzola-asya-dellomodarme-fortezza-nuova-livorno.html',
 'uuid': 'a2095decef1f4628',
 'website': None}
[2026-02-02T19:46:24.501+0000] {docker.py:429} INFO - 2026-02-02 19:46:24 [scrapy.core.engine] DEBUG: Crawled (200) <GET https://www.livornotoday.it/eventi/vintage-violence-tour-2026-livorno-biglietti.html> (referer: https://www.livornotoday.it/eventi/dal/2026-02-02/al/2026-02-08/)
[2026-02-02T19:46:24.614+0000] {docker.py:429} INFO - 2026-02-02 19:46:24 [scrapy.core.scraper] DEBUG: Scraped from <200 https://www.livornotoday.it/eventi/vintage-violence-tour-2026-livorno-biglietti.html>
{'category': [],
 'city': 'Livorno',
 'city_id': None,
 'content_hash': 'f229c76e485e1e91',
 'date_display': '7 febbraio 2026',
 'date_end': '2026-02-07',
 'date_start': '2026-02-07',
 'description': 'I Vintage Violence, tra i più prolifici e riconoscibili '
                'gruppi nel panorama rock indipendente italiano, annunciano il '
                'tour invernale "Concerti a sentimento 2026", prodotto da Tube '
                'Music, che li vedrà protagonisti sui palchi di alcune delle '
                'venue rock più iconiche d’Italia. Milano, Roma, Bologna, '
                'Torino, Brescia e Fontanafredda (PN) sono le prime date '
                'confermate, tra cui Livorno dove il gruppo si esibirà il '
                'prossimo 7 febbraio al The Cage in via del Vecchio '
                'Lazzeretto. Per l’occasione la band riporterà in scaletta '
                'anche brani storici assenti dai live da molto tempo. Tra '
                'questi "Paura dell’Islam", scelto direttamente dal pubblico '
                'tramite un sondaggio online, insieme ad altre sorprese che '
                'verranno svelate solo durante i concerti. Il tour accompagna '
                'l’uscita di "A Sentimento", ep che raccoglie le ultime '
                'produzioni della band, incluso il nuovo singolo “Guaribili '
                'Ottimisti”. Considerato a tutti gli effetti un album, il '
                'lavoro rappresenta una fase artistica compatta e coerente, '
                'tanto da essere stampato anche in vinile con una '
                'rimasterizzazione dedicata e disponibile solo ai concerti. '
                'Sul palco la formazione storica – Nicolò Caldirola (voce), '
                'Rocco Arienti (chitarra e testi), Roberto Galli (basso) e '
                'Beniamino Cefalù (batteria) – sarà affiancata da Franco '
                'Cassinelli alla seconda chitarra. "Sarà un tour esaltante", '
                'racconta la band, "perché suoneremo nelle città e nei club '
                'che amiamo di più, alcuni dei quali rappresentano un sogno '
                'che avevamo fin da ragazzi. Non vediamo l’ora di portare sul '
                'palco uno spettacolo da ricordare". Info biglietti: '
                'https://www.ticketsms.it/it/event/vintage-violence-livorno-the-cage-07-02-2026',
 'event_id': 'vintage-violence-tour-2026-livorno-biglietti',
 'image_url': '//citynews-livornotoday.stgy.ovh/~media/horizontal-low/64962371717016/vintage-violence-live-the-cage.jpg',
 'location_address': 'Via del Vecchio Lazzeretto, 20',
 'location_name': 'The Cage',
 'price': '€ 11',
 'raw_data': {'detail': {'altre_informazioni': {'raw_text': 'Altre '
                                                            'informazioni Sito '
                                                            'web ticketsms.it',
                                                'website': 'https://www.ticketsms.it/it/event/vintage-violence-livorno-the-cage-07-02-2026'},
                         'descrizione': 'I Vintage Violence, tra i più '
                                        'prolifici e riconoscibili gruppi nel '
                                        'panorama rock indipendente italiano, '
                                        'annunciano il tour invernale '
                                        '"Concerti a sentimento 2026", '
                                        'prodotto da Tube Music, che li vedrà '
                                        'protagonisti sui palchi di alcune '
                                        'delle venue rock più iconiche '
                                        'd’Italia. Milano, Roma, Bologna, '
                                        'Torino, Brescia e Fontanafredda (PN) '
                                        'sono le prime date confermate, tra '
                                        'cui Livorno dove il gruppo si esibirà '
                                        'il prossimo 7 febbraio al The Cage in '
                                        'via del Vecchio Lazzeretto. Per '
                                        'l’occasione la band riporterà in '
                                        'scaletta anche brani storici assenti '
                                        'dai live da molto tempo. Tra questi '
                                        '"Paura dell’Islam", scelto '
                                        'direttamente dal pubblico tramite un '
                                        'sondaggio online, insieme ad altre '
                                        'sorprese che verranno svelate solo '
                                        'durante i concerti. Il tour '
                                        'accompagna l’uscita di "A '
                                        'Sentimento", ep che raccoglie le '
                                        'ultime produzioni della band, incluso '
                                        'il nuovo singolo “Guaribili '
                                        'Ottimisti”. Considerato a tutti gli '
                                        'effetti un album, il lavoro '
                                        'rappresenta una fase artistica '
                                        'compatta e coerente, tanto da essere '
                                        'stampato anche in vinile con una '
                                        'rimasterizzazione dedicata e '
                                        'disponibile solo ai concerti. Sul '
                                        'palco la formazione storica – Nicolò '
                                        'Caldirola (voce), Rocco Arienti '
                                        '(chitarra e testi), Roberto Galli '
                                        '(basso) e Beniamino Cefalù (batteria) '
                                        '– sarà affiancata da Franco '
                                        'Cassinelli alla seconda chitarra. '
                                        '"Sarà un tour esaltante", racconta la '
                                        'band, "perché suoneremo nelle città e '
                                        'nei club che amiamo di più, alcuni '
                                        'dei quali rappresentano un sogno che '
                                        'avevamo fin da ragazzi. Non vediamo '
                                        'l’ora di portare sul palco uno '
                                        'spettacolo da ricordare". Info '
                                        'biglietti: '
                                        'https://www.ticketsms.it/it/event/vintage-violence-livorno-the-cage-07-02-2026',
                         'dove': {'address': 'Via del Vecchio Lazzeretto, 20',
                                  'name': 'The Cage',
                                  'raw_text': 'Dove The Cage Via del Vecchio '
                                              'Lazzeretto, 20'},
                         'image': '//citynews-livornotoday.stgy.ovh/~media/horizontal-low/64962371717016/vintage-violence-live-the-cage.jpg',
                         'prezzo': '€ 11',
                         'quando': {'date_end': '2026-02-07',
                                    'date_start': '2026-02-07',
                                    'raw_text': 'Quando Dal 07/02/2026 al '
                                                '07/02/2026 22:30',
                                    'schedule': '22:30'}},
              'list': {'category': None,
                       'date': '7 febbraio 2026',
                       'image': '//citynews-livornotoday.stgy.ovh/~media/horizontal-mid/64962371717016/vintage-violence-live-the-cage.jpg',
                       'location': 'The Cage',
                       'stars': None,
                       'title': 'Concerti a sentimento 2026, i Vintage '
                                'Violence in tour a Livorno: il 7 febrbraio '
                                'live al The Cage'}},
 'scraped_at': '2026-02-02T19:46:24.610298',
 'source': 'city_today',
 'title': 'Concerti a sentimento 2026, i Vintage Violence in tour a Livorno: '
          'il 7 febrbraio live al The Cage',
 'url': 'https://www.livornotoday.it/eventi/vintage-violence-tour-2026-livorno-biglietti.html',
 'uuid': '67d3dafb7cec8595',
 'website': 'https://www.ticketsms.it/it/event/vintage-violence-livorno-the-cage-07-02-2026'}
[2026-02-02T19:46:25.936+0000] {docker.py:429} INFO - 2026-02-02 19:46:25 [scrapy.core.engine] DEBUG: Crawled (200) <GET https://www.livornotoday.it/eventi/mostra-rachele-carol-odello-melograno-art-gallery-livorno.html> (referer: https://www.livornotoday.it/eventi/dal/2026-02-02/al/2026-02-08/)
[2026-02-02T19:46:26.067+0000] {docker.py:429} INFO - 2026-02-02 19:46:26 [scrapy.core.scraper] DEBUG: Scraped from <200 https://www.livornotoday.it/eventi/mostra-rachele-carol-odello-melograno-art-gallery-livorno.html>
{'category': ['Mostre'],
 'city': 'Livorno',
 'city_id': None,
 'content_hash': 'ad1027beb07f808b',
 'date_display': 'dal 29 gennaio al 4 febbraio 2026',
 'date_end': '2026-02-04',
 'date_start': '2026-01-29',
 'description': 'Dal 29 gennaio al 4 febbraio (vernissage sabato 31 alle 18) '
                'la Melograno Art Gallery ospiterà “Astri e astrologia '
                'biblica” la nuova mostra personale di Rachele Carol Odello '
                '(in arte Seventeen), un percorso pittorico che intreccia '
                'simboli celesti, tradizioni antiche e ricerca spirituale. In '
                "occasione del vernissage, l'artista presenterà anche il suo "
                'nuovo libro, che porta lo stesso titolo della mostra. Durante '
                "l'incontro, Rachele guiderà il pubblico attraverso le sue "
                'opere e i temi del volume, offrendo una lettura personale e '
                'contemporanea del rapporto tra cielo, spiritualità e identità '
                "interiore. Le opere nascono dall'incontro tra pittura, "
                'simbolismo e meditazione. Il progetto esplora il linguaggio '
                'delle costellazioni e il loro riflesso nella dimensione '
                "spirituale dell'essere umano. Le tele diventano mappe "
                'interiori, costellazioni emotive, spazi in cui luce e colore '
                'si intrecciano per raccontare un cammino di consapevolezza. '
                "L'artista indaga il modo in cui gli astri, nella tradizione "
                'biblica e nelle antiche narrazioni, non siano forze che '
                'determinano il destino, ma strumenti simbolici che '
                "accompagnano l'individuo nella scoperta della propria "
                'missione personale. Ogni opera è una porta, un segno, un '
                'invito a riconoscere la propria unicità. Il libro “Astri e '
                'astrologia biblica” approfondisce i temi presenti nella '
                'mostra, proponendo un percorso che attraversa mistica ebraica '
                'e tradizione cristiana, racconti dei Magi e simbolismo delle '
                "costellazioni, e introduce l'idea delle “stelle interiori” "
                'come guida alla crescita personale. Il volume offre una '
                'visione che unisce spiritualità e conoscenza cosmica, '
                'invitando il lettore a esplorare se stesso, sanare ferite e '
                'valorizzare il proprio potenziale. Gli astri diventano '
                'strumenti di comprensione e portatori di un “DNA spirituale” '
                'che parla di identità, vocazione e cammino personale. La '
                'sequenza dei segni zodiacali, interpretata secondo la '
                'profezia biblica, offre una prospettiva originale sul futuro '
                'e sulla spiritualità, favorendo un contatto più profondo con '
                'la propria interiorità.',
 'event_id': 'mostra-rachele-carol-odello-melograno-art-gallery-livorno',
 'image_url': '//citynews-livornotoday.stgy.ovh/~media/horizontal-low/69090074185973/unnamed-1-23.jpg',
 'location_address': 'Via Giovanni Marradi, 62',
 'location_name': 'Melograno Art Gallery',
 'price': 'Gratis',
 'raw_data': {'detail': {'altre_informazioni': {'raw_text': 'Altre '
                                                            'informazioni',
                                                'website': None},
                         'descrizione': 'Dal 29 gennaio al 4 febbraio '
                                        '(vernissage sabato 31 alle 18) la '
                                        'Melograno Art Gallery ospiterà “Astri '
                                        'e astrologia biblica” la nuova mostra '
                                        'personale di Rachele Carol Odello (in '
                                        'arte Seventeen), un percorso '
                                        'pittorico che intreccia simboli '
                                        'celesti, tradizioni antiche e ricerca '
                                        'spirituale. In occasione del '
                                        "vernissage, l'artista presenterà "
                                        'anche il suo nuovo libro, che porta '
                                        'lo stesso titolo della mostra. '
                                        "Durante l'incontro, Rachele guiderà "
                                        'il pubblico attraverso le sue opere e '
                                        'i temi del volume, offrendo una '
                                        'lettura personale e contemporanea del '
                                        'rapporto tra cielo, spiritualità e '
                                        'identità interiore. Le opere nascono '
                                        "dall'incontro tra pittura, simbolismo "
                                        'e meditazione. Il progetto esplora il '
                                        'linguaggio delle costellazioni e il '
                                        'loro riflesso nella dimensione '
                                        "spirituale dell'essere umano. Le tele "
                                        'diventano mappe interiori, '
                                        'costellazioni emotive, spazi in cui '
                                        'luce e colore si intrecciano per '
                                        'raccontare un cammino di '
                                        "consapevolezza. L'artista indaga il "
                                        'modo in cui gli astri, nella '
                                        'tradizione biblica e nelle antiche '
                                        'narrazioni, non siano forze che '
                                        'determinano il destino, ma strumenti '
                                        'simbolici che accompagnano '
                                        "l'individuo nella scoperta della "
                                        'propria missione personale. Ogni '
                                        'opera è una porta, un segno, un '
                                        'invito a riconoscere la propria '
                                        'unicità. Il libro “Astri e astrologia '
                                        'biblica” approfondisce i temi '
                                        'presenti nella mostra, proponendo un '
                                        'percorso che attraversa mistica '
                                        'ebraica e tradizione cristiana, '
                                        'racconti dei Magi e simbolismo delle '
                                        "costellazioni, e introduce l'idea "
                                        'delle “stelle interiori” come guida '
                                        'alla crescita personale. Il volume '
                                        'offre una visione che unisce '
                                        'spiritualità e conoscenza cosmica, '
                                        'invitando il lettore a esplorare se '
                                        'stesso, sanare ferite e valorizzare '
                                        'il proprio potenziale. Gli astri '
                                        'diventano strumenti di comprensione e '
                                        'portatori di un “DNA spirituale” che '
                                        'parla di identità, vocazione e '
                                        'cammino personale. La sequenza dei '
                                        'segni zodiacali, interpretata secondo '
                                        'la profezia biblica, offre una '
                                        'prospettiva originale sul futuro e '
                                        'sulla spiritualità, favorendo un '
                                        'contatto più profondo con la propria '
                                        'interiorità.',
                         'dove': {'address': 'Via Giovanni Marradi, 62',
                                  'name': 'Melograno Art Gallery',
                                  'raw_text': 'Dove Melograno Art Gallery Via '
                                              'Giovanni Marradi, 62'},
                         'image': '//citynews-livornotoday.stgy.ovh/~media/horizontal-low/69090074185973/unnamed-1-23.jpg',
                         'prezzo': 'Gratis',
                         'quando': {'date_end': '2026-02-04',
                                    'date_start': '2026-01-29',
                                    'raw_text': 'Quando Dal 29/01/2026 al '
                                                '04/02/2026 Tutti i giorni '
                                                '10-12.30 e 16-20. Domenica e '
                                                'festivi 10-12.30 e 17-20. '
                                                'Chiusura il lunedì mattina',
                                    'schedule': 'Tutti i giorni 10-12.30 e '
                                                '16-20. Domenica e festivi '
                                                '10-12.30 e 17-20. Chiusura il '
                                                'lunedì mattina'}},
              'list': {'category': 'Mostre',
                       'date': 'dal 29 gennaio al 4 febbraio 2026',
                       'image': '//citynews-livornotoday.stgy.ovh/~media/horizontal-mid/69090074185973/unnamed-1-23.jpg',
                       'location': 'Melograno Art Gallery',
                       'stars': 3,
                       'title': '"Astri e astrologia biblica", dal 29 gennaio '
                                'al 4 febbraio la mostra di Rachele Carol '
                                'Odello alla Melograno Art Gallery'}},
 'scraped_at': '2026-02-02T19:46:26.057960',
 'source': 'city_today',
 'title': '"Astri e astrologia biblica", dal 29 gennaio al 4 febbraio la '
          'mostra di Rachele Carol Odello alla Melograno Art Gallery',
 'url': 'https://www.livornotoday.it/eventi/mostra-rachele-carol-odello-melograno-art-gallery-livorno.html',
 'uuid': '794a1163212f7e06',
 'website': None}
[2026-02-02T19:46:26.890+0000] {docker.py:429} INFO - 2026-02-02 19:46:26 [scrapy.core.engine] DEBUG: Crawled (200) <GET https://www.livornotoday.it/eventi/mostra-giorgio-salise-symphony-livorno.html> (referer: https://www.livornotoday.it/eventi/dal/2026-02-02/al/2026-02-08/)
[2026-02-02T19:46:27.003+0000] {docker.py:429} INFO - 2026-02-02 19:46:26 [scrapy.core.scraper] DEBUG: Scraped from <200 https://www.livornotoday.it/eventi/mostra-giorgio-salise-symphony-livorno.html>
{'category': ['Mostre'],
 'city': 'Livorno',
 'city_id': None,
 'content_hash': 'c6c6fea96b0be7f0',
 'date_display': 'dal 23 gennaio al 6 febbraio 2026',
 'date_end': '2026-02-06',
 'date_start': '2026-01-23',
 'description': 'Venerdì 23 gennaio, alle 18 da Symphony Record Shop, '
                'appuntamento con il vernissage della mostra di Giorgio Salise '
                '"L\'orrore disegnato - Viaggio nel cinema horror". La mostra, '
                'che rimarrà visibile fino a venerdì 6 febbraio, è un percorso '
                "visivo intenso e suggestivo attraverso l'immaginario del "
                'cinema horror, reinterpretato dal segno e dalla sensibilità '
                'artistica di Giorgio Salise. Questa esposizione ci accompagna '
                'in un viaggio che attraversa epoche, stili e atmosfere del '
                'grande schermo, trasformando immagini iconiche e suggestioni '
                'cinematografiche in opere grafiche capaci di evocare paura, '
                "tensione, mistero, ma anche fascino e bellezza. L'orrore, "
                'qui, non è solo spavento, diventa linguaggio, memoria '
                'collettiva, racconto visivo. Il lavoro di Giorgio Salise si '
                "distingue per la capacità di sintetizzare l'essenza dei film "
                'horror, andando oltre la semplice citazione. Attraverso il '
                "disegno, l'artista rielabora personaggi, scenari e simboli, "
                'restituendoci una visione personale e profonda, che dialoga '
                "con la storia del cinema e con l'immaginario di chi lo ha "
                'amato e vissuto. "L\'orrore disegnato" è quindi un omaggio al '
                'cinema horror, ma anche un invito a guardarlo con occhi '
                "diversi: non solo come genere, ma come forma d'arte capace di "
                'riflettere le paure, i sogni e le ossessioni di ogni epoca. '
                'Giorgio Salesi, disegna fin da quando andavo alle medie. È un '
                'autodidatta con la forte passione per i libri, il cinema, i '
                'fumetti e molto altro. Per lui disegnare è sempre stata una '
                'terapia; un modo per esprimere quel potenziale nascosto, che '
                'nella vita di tutti i giorni, a causa della sua indole, non '
                'riusciva a tirare fuori. I visitatori sono invitati a '
                'prendere il tempo necessario per osservare le opere, '
                "lasciandosi guidare dalle immagini e dall'autore, e, perché "
                'no, ritrovare frammenti di film, emozioni e ricordi '
                'personali. Info: Symphony piazza Cavour, 23, 0586 1754832 – '
                '37111449537 – info@symphonyshop.it',
 'event_id': 'mostra-giorgio-salise-symphony-livorno',
 'image_url': '//citynews-livornotoday.stgy.ovh/~media/horizontal-low/32786941698637/salo-120-giornate-di-sodoma.jpg',
 'location_address': 'Piazza Cavour, 23',
 'location_name': 'Symphony Record Shop',
 'price': 'Gratis',
 'raw_data': {'detail': {'altre_informazioni': {'raw_text': 'Altre '
                                                            'informazioni',
                                                'website': None},
                         'descrizione': 'Venerdì 23 gennaio, alle 18 da '
                                        'Symphony Record Shop, appuntamento '
                                        'con il vernissage della mostra di '
                                        'Giorgio Salise "L\'orrore disegnato - '
                                        'Viaggio nel cinema horror". La '
                                        'mostra, che rimarrà visibile fino a '
                                        'venerdì 6 febbraio, è un percorso '
                                        'visivo intenso e suggestivo '
                                        "attraverso l'immaginario del cinema "
                                        'horror, reinterpretato dal segno e '
                                        'dalla sensibilità artistica di '
                                        'Giorgio Salise. Questa esposizione ci '
                                        'accompagna in un viaggio che '
                                        'attraversa epoche, stili e atmosfere '
                                        'del grande schermo, trasformando '
                                        'immagini iconiche e suggestioni '
                                        'cinematografiche in opere grafiche '
                                        'capaci di evocare paura, tensione, '
                                        'mistero, ma anche fascino e bellezza. '
                                        "L'orrore, qui, non è solo spavento, "
                                        'diventa linguaggio, memoria '
                                        'collettiva, racconto visivo. Il '
                                        'lavoro di Giorgio Salise si distingue '
                                        'per la capacità di sintetizzare '
                                        "l'essenza dei film horror, andando "
                                        'oltre la semplice citazione. '
                                        "Attraverso il disegno, l'artista "
                                        'rielabora personaggi, scenari e '
                                        'simboli, restituendoci una visione '
                                        'personale e profonda, che dialoga con '
                                        'la storia del cinema e con '
                                        "l'immaginario di chi lo ha amato e "
                                        'vissuto. "L\'orrore disegnato" è '
                                        'quindi un omaggio al cinema horror, '
                                        'ma anche un invito a guardarlo con '
                                        'occhi diversi: non solo come genere, '
                                        "ma come forma d'arte capace di "
                                        'riflettere le paure, i sogni e le '
                                        'ossessioni di ogni epoca. Giorgio '
                                        'Salesi, disegna fin da quando andavo '
                                        'alle medie. È un autodidatta con la '
                                        'forte passione per i libri, il '
                                        'cinema, i fumetti e molto altro. Per '
                                        'lui disegnare è sempre stata una '
                                        'terapia; un modo per esprimere quel '
                                        'potenziale nascosto, che nella vita '
                                        'di tutti i giorni, a causa della sua '
                                        'indole, non riusciva a tirare fuori. '
                                        'I visitatori sono invitati a prendere '
                                        'il tempo necessario per osservare le '
                                        'opere, lasciandosi guidare dalle '
                                        "immagini e dall'autore, e, perché no, "
                                        'ritrovare frammenti di film, emozioni '
                                        'e ricordi personali. Info: Symphony '
                                        'piazza Cavour, 23, 0586 1754832 – '
                                        '37111449537 – info@symphonyshop.it',
                         'dove': {'address': 'Piazza Cavour, 23',
                                  'name': 'Symphony Record Shop',
                                  'raw_text': 'Dove Symphony Record Shop '
                                              'Piazza Cavour, 23'},
                         'image': '//citynews-livornotoday.stgy.ovh/~media/horizontal-low/32786941698637/salo-120-giornate-di-sodoma.jpg',
                         'prezzo': 'Gratis',
                         'quando': {'date_end': '2026-02-06',
                                    'date_start': '2026-01-23',
                                    'raw_text': 'Quando Dal 23/01/2026 al '
                                                '06/02/2026 Vernissage venerdì '
                                                '23 gennaio alle 18',
                                    'schedule': 'Vernissage venerdì 23 gennaio '
                                                'alle 18'}},
              'list': {'category': 'Mostre',
                       'date': 'dal 23 gennaio al 6 febbraio 2026',
                       'image': '//citynews-livornotoday.stgy.ovh/~media/horizontal-mid/32786941698637/salo-120-giornate-di-sodoma.jpg',
                       'location': 'Symphony Record Shop',
                       'stars': 3,
                       'title': '"L\'orrore disegnato", dal 23 gennaio la '
                                'mostra di Giorgio Salise da Symphony Record '
                                'Shop'}},
 'scraped_at': '2026-02-02T19:46:26.998398',
 'source': 'city_today',
 'title': '"L\'orrore disegnato", dal 23 gennaio la mostra di Giorgio Salise '
          'da Symphony Record Shop',
 'url': 'https://www.livornotoday.it/eventi/mostra-giorgio-salise-symphony-livorno.html',
 'uuid': '6b756c9e6fc1dfa3',
 'website': None}
[2026-02-02T19:46:27.008+0000] {docker.py:429} INFO - 2026-02-02 19:46:27 [scrapy.core.engine] INFO: Closing spider (finished)
[2026-02-02T19:46:27.009+0000] {docker.py:429} INFO - 2026-02-02 19:46:27 [scrapy.extensions.feedexport] INFO: Stored json feed (6 items) in: /app/city_today/output/eventi_livorno_questa-settimana_20260202_194617.json
2026-02-02 19:46:27 [scrapy.statscollectors] INFO: Dumping Scrapy stats:
{'downloader/request_bytes': 3327,
 'downloader/request_count': 8,
 'downloader/request_method_count/GET': 8,
 'downloader/response_bytes': 1069610,
 'downloader/response_count': 8,
 'downloader/response_status_count/200': 8,
 'elapsed_time_seconds': 9.801445,
 'feedexport/success_count/FileFeedStorage': 1,
 'finish_reason': 'finished',
 'finish_time': datetime.datetime(2026, 2, 2, 19, 46, 27, 4046, tzinfo=datetime.timezone.utc),
 'httpcompression/response_bytes': 5688860,
 'httpcompression/response_count': 8,
 'item_scraped_count': 6,
 'items_per_city/Livorno': 6,
 'items_per_minute': 40.0,
 'log_count/DEBUG': 14,
 'log_count/INFO': 3,
 'memusage/max': 68489216,
 'memusage/startup': 68489216,
 'request_depth_max': 1,
 'response_received_count': 8,
 'responses_per_minute': 53.333333333333336,
 'robotstxt/request_count': 1,
 'robotstxt/response_count': 1,
 'robotstxt/response_status_count/200': 1,
 'scheduler/dequeued': 7,
 'scheduler/dequeued/memory': 7,
 'scheduler/enqueued': 7,
 'scheduler/enqueued/memory': 7,
 'start_time': datetime.datetime(2026, 2, 2, 19, 46, 17, 202601, tzinfo=datetime.timezone.utc)}
2026-02-02 19:46:27 [scrapy.core.engine] INFO: Spider closed (finished)
[2026-02-02T19:46:27.072+0000] {docker.py:429} INFO - Scraping completato. File: /app/city_today/output/eventi_livorno_questa-settimana_20260202_194617.json
[2026-02-02T19:46:27.625+0000] {taskinstance.py:1138} INFO - Marking task as SUCCESS. dag_id=etl_events_daily, task_id=process_livorno.scrape_city_today, execution_date=20260201T060000, start_date=20260202T194615, end_date=20260202T194627
[2026-02-02T19:46:27.644+0000] {local_task_job_runner.py:234} INFO - Task exited with return code 0
[2026-02-02T19:46:27.698+0000] {taskinstance.py:3280} INFO - 0 downstream tasks scheduled from follow-on schedule check
