[2026-01-30T14:22:41.100+0000] {taskinstance.py:1956} INFO - Dependencies all met for dep_context=non-requeueable deps ti=<TaskInstance: etl_events_daily.process_terni.scrape_city_today scheduled__2026-01-29T06:00:00+00:00 [queued]>
[2026-01-30T14:22:41.127+0000] {taskinstance.py:1956} INFO - Dependencies all met for dep_context=requeueable deps ti=<TaskInstance: etl_events_daily.process_terni.scrape_city_today scheduled__2026-01-29T06:00:00+00:00 [queued]>
[2026-01-30T14:22:41.129+0000] {taskinstance.py:2170} INFO - Starting attempt 1 of 4
[2026-01-30T14:22:41.219+0000] {taskinstance.py:2191} INFO - Executing <Task(FilterableDockerOperator): process_terni.scrape_city_today> on 2026-01-29 06:00:00+00:00
[2026-01-30T14:22:41.233+0000] {standard_task_runner.py:60} INFO - Started process 216 to run task
[2026-01-30T14:22:41.240+0000] {standard_task_runner.py:87} INFO - Running: ['airflow', 'tasks', 'run', 'etl_events_daily', 'process_terni.scrape_city_today', 'scheduled__2026-01-29T06:00:00+00:00', '--job-id', '283', '--raw', '--subdir', 'DAGS_FOLDER/scrape_events.py', '--cfg-path', '/tmp/tmpmb23wxhh']
[2026-01-30T14:22:41.247+0000] {standard_task_runner.py:88} INFO - Job 283: Subtask process_terni.scrape_city_today
[2026-01-30T14:22:41.325+0000] {logging_mixin.py:188} WARNING - /home/airflow/.local/lib/python3.11/site-packages/airflow/settings.py:194 DeprecationWarning: The sql_alchemy_conn option in [core] has been moved to the sql_alchemy_conn option in [database] - the old setting has been used, but please update your config.
[2026-01-30T14:22:41.520+0000] {task_command.py:423} INFO - Running <TaskInstance: etl_events_daily.process_terni.scrape_city_today scheduled__2026-01-29T06:00:00+00:00 [running]> on host a9aac56aef94
[2026-01-30T14:22:41.820+0000] {taskinstance.py:2480} INFO - Exporting env vars: AIRFLOW_CTX_DAG_OWNER='airflow' AIRFLOW_CTX_DAG_ID='etl_events_daily' AIRFLOW_CTX_TASK_ID='process_terni.scrape_city_today' AIRFLOW_CTX_EXECUTION_DATE='2026-01-29T06:00:00+00:00' AIRFLOW_CTX_TRY_NUMBER='1' AIRFLOW_CTX_DAG_RUN_ID='scheduled__2026-01-29T06:00:00+00:00'
[2026-01-30T14:22:41.934+0000] {docker.py:359} INFO - Starting docker container from image scrapy-events:latest
[2026-01-30T14:22:41.950+0000] {docker.py:367} WARNING - Using remote engine or docker-in-docker and mounting temporary volume from host is not supported. Falling back to `mount_tmp_dir=False` mode. You can set `mount_tmp_dir` parameter to False to disable mounting and remove the warning
[2026-01-30T14:22:44.108+0000] {docker.py:429} INFO - Avvio scraping per: Terni
Periodo: questa-settimana
[2026-01-30T14:22:44.113+0000] {docker.py:429} INFO - 2026-01-30 14:22:44 [scrapy.utils.log] INFO: Scrapy 2.14.1 started (bot: events)
[2026-01-30T14:22:44.124+0000] {docker.py:429} INFO - 2026-01-30 14:22:44 [scrapy.utils.log] INFO: Versions:
{'lxml': '6.0.2',
 'libxml2': '2.14.6',
 'cssselect': '1.3.0',
 'parsel': '1.10.0',
 'w3lib': '2.3.1',
 'Twisted': '25.5.0',
 'Python': '3.11.14 (main, Jan 13 2026, 03:12:14) [GCC 14.2.0]',
 'pyOpenSSL': '25.3.0 (OpenSSL 3.5.4 30 Sep 2025)',
 'cryptography': '46.0.3',
 'Platform': 'Linux-6.12.54-linuxkit-x86_64-with-glibc2.41'}
2026-01-30 14:22:44 [scrapy.crawler] DEBUG: Using CrawlerProcess
[2026-01-30T14:22:44.129+0000] {docker.py:429} INFO - 2026-01-30 14:22:44 [events] INFO: Scraping città: Terni
2026-01-30 14:22:44 [events] INFO: Periodo: questa-settimana (2026-01-30 - 2026-02-01)
[2026-01-30T14:22:44.131+0000] {docker.py:429} INFO - 2026-01-30 14:22:44 [scrapy.addons] INFO: Enabled addons:
[]
[2026-01-30T14:22:44.132+0000] {docker.py:429} INFO - 2026-01-30 14:22:44 [asyncio] DEBUG: Using selector: EpollSelector
[2026-01-30T14:22:44.133+0000] {docker.py:429} INFO - 2026-01-30 14:22:44 [scrapy.utils.log] DEBUG: Using reactor: twisted.internet.asyncioreactor.AsyncioSelectorReactor
2026-01-30 14:22:44 [scrapy.utils.log] DEBUG: Using asyncio event loop: asyncio.unix_events._UnixSelectorEventLoop
[2026-01-30T14:22:44.137+0000] {docker.py:429} INFO - 2026-01-30 14:22:44 [scrapy.extensions.telnet] INFO: Telnet Password: 07fe604909df4e0b
[2026-01-30T14:22:44.339+0000] {docker.py:429} INFO - 2026-01-30 14:22:44 [scrapy.middleware] INFO: Enabled extensions:
['scrapy.extensions.corestats.CoreStats',
 'scrapy.extensions.logcount.LogCount',
 'scrapy.extensions.telnet.TelnetConsole',
 'scrapy.extensions.memusage.MemoryUsage',
 'scrapy.extensions.feedexport.FeedExporter',
 'scrapy.extensions.logstats.LogStats']
[2026-01-30T14:22:44.345+0000] {docker.py:429} INFO - 2026-01-30 14:22:44 [scrapy.crawler] INFO: Overridden settings:
{'BOT_NAME': 'events',
 'CONCURRENT_REQUESTS': 2,
 'CONCURRENT_REQUESTS_PER_DOMAIN': 1,
 'DOWNLOAD_DELAY': 1,
 'FEED_EXPORT_ENCODING': 'utf-8',
 'NEWSPIDER_MODULE': 'events.spiders',
 'ROBOTSTXT_OBEY': True,
 'SPIDER_MODULES': ['events.spiders'],
 'USER_AGENT': 'Mozilla/5.0 (Macintosh; Intel Mac OS X 10_15_7) '
               'AppleWebKit/537.36 (KHTML, like Gecko) Chrome/120.0.0.0 '
               'Safari/537.36'}
[2026-01-30T14:22:44.574+0000] {docker.py:429} INFO - 2026-01-30 14:22:44 [scrapy.middleware] INFO: Enabled downloader middlewares:
['scrapy.downloadermiddlewares.offsite.OffsiteMiddleware',
 'scrapy.downloadermiddlewares.robotstxt.RobotsTxtMiddleware',
 'scrapy.downloadermiddlewares.httpauth.HttpAuthMiddleware',
 'scrapy.downloadermiddlewares.downloadtimeout.DownloadTimeoutMiddleware',
 'scrapy.downloadermiddlewares.defaultheaders.DefaultHeadersMiddleware',
 'scrapy.downloadermiddlewares.useragent.UserAgentMiddleware',
 'scrapy.downloadermiddlewares.retry.RetryMiddleware',
 'scrapy.downloadermiddlewares.redirect.MetaRefreshMiddleware',
 'scrapy.downloadermiddlewares.httpcompression.HttpCompressionMiddleware',
 'scrapy.downloadermiddlewares.redirect.RedirectMiddleware',
 'scrapy.downloadermiddlewares.cookies.CookiesMiddleware',
 'scrapy.downloadermiddlewares.httpproxy.HttpProxyMiddleware',
 'scrapy.downloadermiddlewares.stats.DownloaderStats']
[2026-01-30T14:22:44.582+0000] {docker.py:429} INFO - 2026-01-30 14:22:44 [scrapy.middleware] INFO: Enabled spider middlewares:
['scrapy.spidermiddlewares.start.StartSpiderMiddleware',
 'scrapy.spidermiddlewares.httperror.HttpErrorMiddleware',
 'scrapy.spidermiddlewares.referer.RefererMiddleware',
 'scrapy.spidermiddlewares.urllength.UrlLengthMiddleware',
 'scrapy.spidermiddlewares.depth.DepthMiddleware']
[2026-01-30T14:22:44.583+0000] {docker.py:429} INFO - 2026-01-30 14:22:44 [scrapy.middleware] INFO: Enabled item pipelines:
[]
[2026-01-30T14:22:44.584+0000] {docker.py:429} INFO - Output file: /app/city_today/output/eventi_terni_questa-settimana_20260130_142244.json
[2026-01-30T14:22:44.585+0000] {docker.py:429} INFO - 2026-01-30 14:22:44 [scrapy.core.engine] INFO: Spider opened
[2026-01-30T14:22:44.617+0000] {docker.py:429} INFO - 2026-01-30 14:22:44 [scrapy.extensions.logstats] INFO: Crawled 0 pages (at 0 pages/min), scraped 0 items (at 0 items/min)
[2026-01-30T14:22:44.619+0000] {docker.py:429} INFO - 2026-01-30 14:22:44 [scrapy.extensions.telnet] INFO: Telnet console listening on 127.0.0.1:6023
[2026-01-30T14:22:45.358+0000] {docker.py:429} INFO - 2026-01-30 14:22:45 [scrapy.core.engine] DEBUG: Crawled (200) <GET https://www.ternitoday.it/robots.txt> (referer: None)
[2026-01-30T14:22:47.280+0000] {docker.py:429} INFO - 2026-01-30 14:22:47 [scrapy.core.engine] DEBUG: Crawled (200) <GET https://www.ternitoday.it/eventi/dal/2026-01-30/al/2026-02-01/> (referer: None)
[2026-01-30T14:22:48.267+0000] {docker.py:429} INFO - 2026-01-30 14:22:48 [scrapy.core.engine] DEBUG: Crawled (200) <GET https://www.ternitoday.it/eventi/presentazione-del-libro-di-donata-columbro-perche-contare-i-femminicidi-e-un-atto-politico-alla-casa-delle-donne-di-terni.html> (referer: https://www.ternitoday.it/eventi/dal/2026-01-30/al/2026-02-01/)
[2026-01-30T14:22:48.397+0000] {docker.py:429} INFO - 2026-01-30 14:22:48 [scrapy.core.scraper] DEBUG: Scraped from <200 https://www.ternitoday.it/eventi/presentazione-del-libro-di-donata-columbro-perche-contare-i-femminicidi-e-un-atto-politico-alla-casa-delle-donne-di-terni.html>
{'category': None,
 'city': 'Terni',
 'content_hash': 'ee6be50d0c500096',
 'date_end': '2026-01-30',
 'date_start': '2026-01-30',
 'dates': [{'date': '2026-01-30', 'weekday': 'Venerdì'}],
 'description': 'La Casa delle Donne di Terni, v enerdì 30 gennaio alle ore '
                '18:00 nella sede di via Aminale 20–22 , ospiterà la '
                'presentazione del libro “Perché contare i femminicidi è un '
                'atto politico” di Donata Columbro , giornalista e '
                'divulgatrice, tra le voci più autorevoli del data journalism '
                'e del femminismo dei dati in Italia. Un incontro che va oltre '
                'la semplice presentazione editoriale: il libro affronta il '
                'tema dei femminicidi da una prospettiva politica e culturale, '
                'mostrando come i numeri non siano mai neutri e come il modo '
                'di contarli, raccontarli e interpretarli influenzi la '
                'coscienza collettiva e le politiche pubbliche. Un’occasione '
                'preziosa per riflettere, acquisire strumenti critici e '
                'interrogarsi sul rapporto tra dati, informazione e diritti. A '
                'dialogare con l’autrice saranno la giornalista Valentina '
                'Capati e Paola Gigante, presidente di Terni Donne APS, in un '
                'confronto aperto al pubblico che promette spunti di grande '
                'attualità e profondità. Un evento pensato per chi vuole '
                'comprendere e informarsi sul tema.',
 'image_url': '//citynews-ternitoday.stgy.ovh/~media/horizontal-mid/67326365349183/columbro.jpg',
 'location_address': 'Via Lodovico Aminale',
 'location_name': 'Casa delle Donne',
 'price': 'Gratis',
 'scraped_at': '2026-01-30T14:22:47.392324',
 'time_info': '18',
 'title': 'Presentazione del libro di Donata Columbro “Perché contare i '
          'femminicidi è un atto politico” alla Casa delle Donne di Terni',
 'url': 'https://www.ternitoday.it/eventi/presentazione-del-libro-di-donata-columbro-perche-contare-i-femminicidi-e-un-atto-politico-alla-casa-delle-donne-di-terni.html',
 'uuid': '358a57bb64f3670d'}
[2026-01-30T14:22:49.160+0000] {docker.py:429} INFO - 2026-01-30 14:22:49 [scrapy.core.engine] DEBUG: Crawled (200) <GET https://www.ternitoday.it/eventi/cinema/terni-proieizione-incontri-ravvicinati-terzo-tipo-politeama-lucioli-3-febbraio-2026.html> (referer: https://www.ternitoday.it/eventi/dal/2026-01-30/al/2026-02-01/)
[2026-01-30T14:22:49.281+0000] {docker.py:429} INFO - 2026-01-30 14:22:49 [scrapy.core.scraper] DEBUG: Scraped from <200 https://www.ternitoday.it/eventi/cinema/terni-proieizione-incontri-ravvicinati-terzo-tipo-politeama-lucioli-3-febbraio-2026.html>
{'category': 'Cinema',
 'city': 'Terni',
 'content_hash': 'd48138862be0a4d0',
 'date_end': '2026-02-03',
 'date_start': '2026-02-03',
 'dates': [{'date': '2026-02-03', 'time_start': '20:30', 'weekday': 'Martedì'}],
 'description': 'Torna nelle sale italiane Incontri ravvicinati del terzo tipo '
                ', il capolavoro realizzato nel 1977 da Steven Spielberg e una '
                'proiezione è in programma al cinema Politeama Lucioli di '
                'Terni la sera del 3 febbraio, preceduto alle 20.30 da una '
                'introduzione storico-critica a cura di Sentieri del cinema. '
                'L’altro è il protagonista indiscusso del cinema di Spielberg, '
                'il suo cuore pulsante, il suo motore segreto. La sua visione '
                'è sempre duplice, ambigua: può produrre inquietudine e paura, '
                'ma anche meraviglia, stupore, speranza. Per potersi '
                'avvicinare all’altro - l’alieno, in questo caso - per poter '
                'accogliere la rivelazione della sua esistenza, il '
                'protagonista di Incontri ravvicinati del terzo tipo , Roy, '
                'deve rinunciare ad essere adulto, abbracciare la sua parte '
                'infantile e irrazionale, anche a costo di sconvolgere '
                'l’equilibrio familiare. In un microcosmo così chiuso e '
                'intimorito dalla paura nei confronti dell’altro come è quello '
                'in cui oggi viviamo, rivedere questo film, che racconta di un '
                'desiderio di comprensione e comunicazione universale, è, per '
                'questo, come respirare una boccata di aria fresca. Ma non è '
                'solo per questo che questo capolavoro che ha ridisegnato '
                'completamente i contorni e le coordinate del genere '
                'fantascientifico merita di essere rivisto. È perché è un film '
                'sulla gioia dell’infanzia, sul fatto che gli adulti '
                'dovrebbero un po’ più spesso porsi al livello dei più piccoli '
                'per osservare la vita con occhi diversi, da punti di vista '
                '“dimenticati”, correndo forse il rischio di essere osteggiati '
                'e derisi - come accade a Roy - ma sperimentando anche una '
                'libertà senza eguali. È perché è una testimonianza, '
                'splendida, di come Spielberg sia un maestro nel fondere reale '
                'e fantastico, creando storie che partono da basi realistiche '
                'per esplorare mondi immaginari, per accostarsi a creature '
                'fantastiche. È perché rivedendolo potremo incontrare di nuovo '
                'il volto amabile e stupito di Truffaut che, come Spielberg, '
                'aveva un canale privilegiato di comunicazione con i bambini e '
                'che non a caso è chiamato in questo film a interpretare un '
                'personaggio che come è proprio dei più piccoli non tenta di '
                'assorbire l’altro (l’extraterrestre) a sé, spogliandolo della '
                'sua alterità, ma lo accoglie e cerca di comprenderlo con '
                'cuore sincero. È per ricordarci come erano una volta gli '
                'effetti speciali, qui curati da quel Douglas Trumbull che '
                'solo qualche anno prima aveva creato gli incanti visivi di '
                '2001 Odissea nello spazio di Kubrick: sudati, ingegnosi, '
                'fantasiosi prodotti artigianali. La versione proposta è '
                'quella originale sottotitolata.',
 'image_url': '//citynews-ternitoday.stgy.ovh/~media/horizontal-mid/46053686416565/incontri-ravvicinati-del-terzo-tipo.jpg',
 'location_address': None,
 'location_name': 'Cinema Politeama Lucioli',
 'price': 'Prezzo non disponibile',
 'scraped_at': '2026-01-30T14:22:47.391837',
 'time_info': '20.30',
 'title': 'Al cinema Politeama Lucioli di Terni si possono fare “Incontri '
          'ravvicinati del terzo tipo”: appuntamento il 3 febbraio con il '
          'capolavoro di Steven Spielberg',
 'url': 'https://www.ternitoday.it/eventi/cinema/terni-proieizione-incontri-ravvicinati-terzo-tipo-politeama-lucioli-3-febbraio-2026.html',
 'uuid': 'a60cc47f6467ef55',
 'website': 'https://www.cinemapoliteamaterni.it/index.php'}
[2026-01-30T14:22:50.789+0000] {docker.py:429} INFO - 2026-01-30 14:22:50 [scrapy.core.engine] DEBUG: Crawled (200) <GET https://www.ternitoday.it/eventi/libreria-ubik-alterocca-terni-presentazione-nel-corpo-di-me-2026.html> (referer: https://www.ternitoday.it/eventi/dal/2026-01-30/al/2026-02-01/)
[2026-01-30T14:22:50.900+0000] {docker.py:429} INFO - 2026-01-30 14:22:50 [scrapy.core.scraper] DEBUG: Scraped from <200 https://www.ternitoday.it/eventi/libreria-ubik-alterocca-terni-presentazione-nel-corpo-di-me-2026.html>
{'category': None,
 'city': 'Terni',
 'content_hash': 'a15195e4086acf75',
 'date_end': '2026-01-30',
 'date_start': '2026-01-30',
 'dates': [{'date': '2026-01-30', 'time_start': '18:00', 'weekday': 'Venerdì'}],
 'description': 'Venerdì 30 gennaio alle ore 18,00 la libreria Ubik Alterocca '
                'in Corso Cornelio Tacito 16/18 a Terni, ospiterà la '
                'presentazione del libro NEL CORPO DI ME di Aurora Piaggesi. '
                'Un racconto che unisce realismo e visione, corpo e metafora, '
                'per interrogarsi su cosa significhi davvero “dare la vita” e '
                'su quanto siamo disposti a comprendere ciò che sfugge alla '
                'logica. L’incontro sarà moderato dall’attrice Graziana '
                'Allegra che curerà anche le letture. Interviene la Psicologa '
                'e Psicoterapeuta Alessandra Testi. Come è possibile che '
                'Silvia, la donna con la quale Giada ha condiviso solo poche '
                'settimane di passione e che non riesce a dimenticare, si '
                'scopra improvvisamente incinta, senza mai essere stata con un '
                'uomo in tutta la sua vita? Tutto ha inizio durante un '
                'misterioso incidente nautico che vede entrambe coinvolte e, '
                'da quel momento, le vite delle due donne tornano loro '
                'malgrado a intrecciarsi, portandole a mettere in discussione '
                'ciò che le aveva un tempo allontanate. Mentre Silvia cerca di '
                'dare un senso alla propria gravidanza impossibile, Giada è '
                'chiamata ad affrontare paure, desideri e contraddizioni che '
                'credeva sopite. Intorno a loro, un mondo brulicante di '
                'opinioni — scienziati, media, curiosi — trasforma l’intimità '
                'in spettacolo collettivo, amplificando la tensione tra '
                'mistero e giudizio, amore e identità. ll romanzo, finalista '
                'al Premio Clara Sereni 2022 per la letteratura al femminile '
                'con il titolo In umana concezione, affronta il tema della '
                'maternità queer attraverso una prospettiva surreale e '
                'profondamente simbolica. L’autrice ne fa occasione per un '
                'dialogo aperto sul rapporto tra l’identità e il generare '
                'vita, ma anche sulla violenza sottile che nasce '
                'dall’incomprensione e dalla spettacolarizzazione di '
                'un’esperienza intima come la maternità. A SEGUIRE APERITIVO.',
 'image_url': '//citynews-ternitoday.stgy.ovh/~media/horizontal-mid/63149800331030/nel-corpo-di-me.jpg',
 'location_address': 'Corso Cornelio Tacito, 16',
 'location_name': 'Libreria Ubik',
 'price': 'Gratis',
 'scraped_at': '2026-01-30T14:22:47.391224',
 'time_info': '18:00',
 'title': 'Alla libreria Ubik Alterocca di Terni la presentazione di "Nel '
          'corpo di me"',
 'url': 'https://www.ternitoday.it/eventi/libreria-ubik-alterocca-terni-presentazione-nel-corpo-di-me-2026.html',
 'uuid': 'a444d934d0b4051c'}
[2026-01-30T14:22:50.901+0000] {docker.py:429} INFO - 2026-01-30 14:22:50 [scrapy.core.engine] INFO: Closing spider (finished)
[2026-01-30T14:22:50.902+0000] {docker.py:429} INFO - 2026-01-30 14:22:50 [scrapy.extensions.feedexport] INFO: Stored json feed (3 items) in: /app/city_today/output/eventi_terni_questa-settimana_20260130_142244.json
[2026-01-30T14:22:50.903+0000] {docker.py:429} INFO - 2026-01-30 14:22:50 [scrapy.statscollectors] INFO: Dumping Scrapy stats:
{'downloader/request_bytes': 2076,
 'downloader/request_count': 5,
 'downloader/request_method_count/GET': 5,
 'downloader/response_bytes': 598259,
 'downloader/response_count': 5,
 'downloader/response_status_count/200': 5,
 'elapsed_time_seconds': 6.288455,
 'feedexport/success_count/FileFeedStorage': 1,
 'finish_reason': 'finished',
 'finish_time': datetime.datetime(2026, 1, 30, 14, 22, 50, 901074, tzinfo=datetime.timezone.utc),
 'httpcompression/response_bytes': 3145542,
 'httpcompression/response_count': 5,
 'item_scraped_count': 3,
 'items_per_city/Terni': 3,
 'items_per_minute': 30.0,
 'log_count/DEBUG': 8,
 'log_count/INFO': 3,
 'memusage/max': 67862528,
 'memusage/startup': 67862528,
 'request_depth_max': 1,
 'response_received_count': 5,
 'responses_per_minute': 50.0,
 'robotstxt/request_count': 1,
 'robotstxt/response_count': 1,
 'robotstxt/response_status_count/200': 1,
 'scheduler/dequeued': 4,
 'scheduler/dequeued/memory': 4,
 'scheduler/enqueued': 4,
 'scheduler/enqueued/memory': 4,
 'start_time': datetime.datetime(2026, 1, 30, 14, 22, 44, 612619, tzinfo=datetime.timezone.utc)}
2026-01-30 14:22:50 [scrapy.core.engine] INFO: Spider closed (finished)
[2026-01-30T14:22:51.059+0000] {docker.py:429} INFO - Scraping completato. File: /app/city_today/output/eventi_terni_questa-settimana_20260130_142244.json
[2026-01-30T14:22:51.571+0000] {taskinstance.py:1138} INFO - Marking task as SUCCESS. dag_id=etl_events_daily, task_id=process_terni.scrape_city_today, execution_date=20260129T060000, start_date=20260130T142241, end_date=20260130T142251
[2026-01-30T14:22:51.606+0000] {local_task_job_runner.py:234} INFO - Task exited with return code 0
[2026-01-30T14:22:51.665+0000] {taskinstance.py:3280} INFO - 0 downstream tasks scheduled from follow-on schedule check
