[2026-01-30T14:23:43.771+0000] {taskinstance.py:1956} INFO - Dependencies all met for dep_context=non-requeueable deps ti=<TaskInstance: etl_events_daily.process_livorno.scrape_city_today scheduled__2026-01-29T06:00:00+00:00 [queued]>
[2026-01-30T14:23:43.779+0000] {taskinstance.py:1956} INFO - Dependencies all met for dep_context=requeueable deps ti=<TaskInstance: etl_events_daily.process_livorno.scrape_city_today scheduled__2026-01-29T06:00:00+00:00 [queued]>
[2026-01-30T14:23:43.779+0000] {taskinstance.py:2170} INFO - Starting attempt 1 of 4
[2026-01-30T14:23:43.789+0000] {taskinstance.py:2191} INFO - Executing <Task(FilterableDockerOperator): process_livorno.scrape_city_today> on 2026-01-29 06:00:00+00:00
[2026-01-30T14:23:43.793+0000] {standard_task_runner.py:60} INFO - Started process 286 to run task
[2026-01-30T14:23:43.795+0000] {standard_task_runner.py:87} INFO - Running: ['airflow', 'tasks', 'run', 'etl_events_daily', 'process_livorno.scrape_city_today', 'scheduled__2026-01-29T06:00:00+00:00', '--job-id', '313', '--raw', '--subdir', 'DAGS_FOLDER/scrape_events.py', '--cfg-path', '/tmp/tmpv7c87s9a']
[2026-01-30T14:23:43.797+0000] {standard_task_runner.py:88} INFO - Job 313: Subtask process_livorno.scrape_city_today
[2026-01-30T14:23:43.814+0000] {logging_mixin.py:188} WARNING - /home/airflow/.local/lib/python3.11/site-packages/airflow/settings.py:194 DeprecationWarning: The sql_alchemy_conn option in [core] has been moved to the sql_alchemy_conn option in [database] - the old setting has been used, but please update your config.
[2026-01-30T14:23:43.860+0000] {task_command.py:423} INFO - Running <TaskInstance: etl_events_daily.process_livorno.scrape_city_today scheduled__2026-01-29T06:00:00+00:00 [running]> on host a9aac56aef94
[2026-01-30T14:23:43.955+0000] {taskinstance.py:2480} INFO - Exporting env vars: AIRFLOW_CTX_DAG_OWNER='airflow' AIRFLOW_CTX_DAG_ID='etl_events_daily' AIRFLOW_CTX_TASK_ID='process_livorno.scrape_city_today' AIRFLOW_CTX_EXECUTION_DATE='2026-01-29T06:00:00+00:00' AIRFLOW_CTX_TRY_NUMBER='1' AIRFLOW_CTX_DAG_RUN_ID='scheduled__2026-01-29T06:00:00+00:00'
[2026-01-30T14:23:43.976+0000] {docker.py:359} INFO - Starting docker container from image scrapy-events:latest
[2026-01-30T14:23:43.983+0000] {docker.py:367} WARNING - Using remote engine or docker-in-docker and mounting temporary volume from host is not supported. Falling back to `mount_tmp_dir=False` mode. You can set `mount_tmp_dir` parameter to False to disable mounting and remove the warning
[2026-01-30T14:23:44.417+0000] {docker.py:429} INFO - Avvio scraping per: Livorno
Periodo: questa-settimana
[2026-01-30T14:23:44.419+0000] {docker.py:429} INFO - 2026-01-30 14:23:44 [scrapy.utils.log] INFO: Scrapy 2.14.1 started (bot: events)
[2026-01-30T14:23:44.424+0000] {docker.py:429} INFO - 2026-01-30 14:23:44 [scrapy.utils.log] INFO: Versions:
{'lxml': '6.0.2',
 'libxml2': '2.14.6',
 'cssselect': '1.3.0',
 'parsel': '1.10.0',
 'w3lib': '2.3.1',
 'Twisted': '25.5.0',
 'Python': '3.11.14 (main, Jan 13 2026, 03:12:14) [GCC 14.2.0]',
 'pyOpenSSL': '25.3.0 (OpenSSL 3.5.4 30 Sep 2025)',
 'cryptography': '46.0.3',
 'Platform': 'Linux-6.12.54-linuxkit-x86_64-with-glibc2.41'}
2026-01-30 14:23:44 [scrapy.crawler] DEBUG: Using CrawlerProcess
[2026-01-30T14:23:44.426+0000] {docker.py:429} INFO - 2026-01-30 14:23:44 [events] INFO: Scraping città: Livorno
2026-01-30 14:23:44 [events] INFO: Periodo: questa-settimana (2026-01-30 - 2026-02-01)
[2026-01-30T14:23:44.426+0000] {docker.py:429} INFO - 2026-01-30 14:23:44 [scrapy.addons] INFO: Enabled addons:
[]
[2026-01-30T14:23:44.427+0000] {docker.py:429} INFO - 2026-01-30 14:23:44 [asyncio] DEBUG: Using selector: EpollSelector
[2026-01-30T14:23:44.428+0000] {docker.py:429} INFO - 2026-01-30 14:23:44 [scrapy.utils.log] DEBUG: Using reactor: twisted.internet.asyncioreactor.AsyncioSelectorReactor
2026-01-30 14:23:44 [scrapy.utils.log] DEBUG: Using asyncio event loop: asyncio.unix_events._UnixSelectorEventLoop
[2026-01-30T14:23:44.431+0000] {docker.py:429} INFO - 2026-01-30 14:23:44 [scrapy.extensions.telnet] INFO: Telnet Password: 86c150c3a3e3ab19
[2026-01-30T14:23:44.474+0000] {docker.py:429} INFO - 2026-01-30 14:23:44 [scrapy.middleware] INFO: Enabled extensions:
['scrapy.extensions.corestats.CoreStats',
 'scrapy.extensions.logcount.LogCount',
 'scrapy.extensions.telnet.TelnetConsole',
 'scrapy.extensions.memusage.MemoryUsage',
 'scrapy.extensions.feedexport.FeedExporter',
 'scrapy.extensions.logstats.LogStats']
[2026-01-30T14:23:44.475+0000] {docker.py:429} INFO - 2026-01-30 14:23:44 [scrapy.crawler] INFO: Overridden settings:
{'BOT_NAME': 'events',
 'CONCURRENT_REQUESTS': 2,
 'CONCURRENT_REQUESTS_PER_DOMAIN': 1,
 'DOWNLOAD_DELAY': 1,
 'FEED_EXPORT_ENCODING': 'utf-8',
 'NEWSPIDER_MODULE': 'events.spiders',
 'ROBOTSTXT_OBEY': True,
 'SPIDER_MODULES': ['events.spiders'],
 'USER_AGENT': 'Mozilla/5.0 (Macintosh; Intel Mac OS X 10_15_7) '
               'AppleWebKit/537.36 (KHTML, like Gecko) Chrome/120.0.0.0 '
               'Safari/537.36'}
[2026-01-30T14:23:44.524+0000] {docker.py:429} INFO - 2026-01-30 14:23:44 [scrapy.middleware] INFO: Enabled downloader middlewares:
['scrapy.downloadermiddlewares.offsite.OffsiteMiddleware',
 'scrapy.downloadermiddlewares.robotstxt.RobotsTxtMiddleware',
 'scrapy.downloadermiddlewares.httpauth.HttpAuthMiddleware',
 'scrapy.downloadermiddlewares.downloadtimeout.DownloadTimeoutMiddleware',
 'scrapy.downloadermiddlewares.defaultheaders.DefaultHeadersMiddleware',
 'scrapy.downloadermiddlewares.useragent.UserAgentMiddleware',
 'scrapy.downloadermiddlewares.retry.RetryMiddleware',
 'scrapy.downloadermiddlewares.redirect.MetaRefreshMiddleware',
 'scrapy.downloadermiddlewares.httpcompression.HttpCompressionMiddleware',
 'scrapy.downloadermiddlewares.redirect.RedirectMiddleware',
 'scrapy.downloadermiddlewares.cookies.CookiesMiddleware',
 'scrapy.downloadermiddlewares.httpproxy.HttpProxyMiddleware',
 'scrapy.downloadermiddlewares.stats.DownloaderStats']
[2026-01-30T14:23:44.526+0000] {docker.py:429} INFO - 2026-01-30 14:23:44 [scrapy.middleware] INFO: Enabled spider middlewares:
['scrapy.spidermiddlewares.start.StartSpiderMiddleware',
 'scrapy.spidermiddlewares.httperror.HttpErrorMiddleware',
 'scrapy.spidermiddlewares.referer.RefererMiddleware',
 'scrapy.spidermiddlewares.urllength.UrlLengthMiddleware',
 'scrapy.spidermiddlewares.depth.DepthMiddleware']
[2026-01-30T14:23:44.527+0000] {docker.py:429} INFO - 2026-01-30 14:23:44 [scrapy.middleware] INFO: Enabled item pipelines:
[]
[2026-01-30T14:23:44.527+0000] {docker.py:429} INFO - Output file: /app/city_today/output/eventi_livorno_questa-settimana_20260130_142344.json
[2026-01-30T14:23:44.527+0000] {docker.py:429} INFO - 2026-01-30 14:23:44 [scrapy.core.engine] INFO: Spider opened
[2026-01-30T14:23:44.533+0000] {docker.py:429} INFO - 2026-01-30 14:23:44 [scrapy.extensions.logstats] INFO: Crawled 0 pages (at 0 pages/min), scraped 0 items (at 0 items/min)
[2026-01-30T14:23:44.534+0000] {docker.py:429} INFO - 2026-01-30 14:23:44 [scrapy.extensions.telnet] INFO: Telnet console listening on 127.0.0.1:6023
[2026-01-30T14:23:45.052+0000] {docker.py:429} INFO - 2026-01-30 14:23:45 [scrapy.core.engine] DEBUG: Crawled (200) <GET https://www.livornotoday.it/robots.txt> (referer: None)
[2026-01-30T14:23:46.161+0000] {docker.py:429} INFO - 2026-01-30 14:23:46 [scrapy.core.engine] DEBUG: Crawled (200) <GET https://www.livornotoday.it/eventi/dal/2026-01-30/al/2026-02-01/> (referer: None)
[2026-01-30T14:23:46.942+0000] {docker.py:429} INFO - 2026-01-30 14:23:46 [scrapy.core.engine] DEBUG: Crawled (200) <GET https://www.livornotoday.it/eventi/mostra-rachele-carol-odello-melograno-art-gallery-livorno.html> (referer: https://www.livornotoday.it/eventi/dal/2026-01-30/al/2026-02-01/)
[2026-01-30T14:23:47.059+0000] {docker.py:429} INFO - 2026-01-30 14:23:47 [scrapy.core.scraper] DEBUG: Scraped from <200 https://www.livornotoday.it/eventi/mostra-rachele-carol-odello-melograno-art-gallery-livorno.html>
{'category': 'Mostre',
 'city': 'Livorno',
 'content_hash': '07aeb286474f6ace',
 'date_end': '2026-02-04',
 'date_start': '2026-01-29',
 'dates': [{'date': '2026-02-01', 'time_start': '12:30', 'weekday': 'Domenica'},
           {'date': '2026-02-02', 'time_start': '12:30', 'weekday': 'Lunedì'}],
 'description': 'Dal 29 gennaio al 4 febbraio (vernissage sabato 31 alle 18) '
                'la Melograno Art Gallery ospiterà “Astri e astrologia '
                'biblica” la nuova mostra personale di Rachele Carol Odello '
                '(in arte Seventeen), un percorso pittorico che intreccia '
                'simboli celesti, tradizioni antiche e ricerca spirituale. In '
                "occasione del vernissage, l'artista presenterà anche il suo "
                'nuovo libro, che porta lo stesso titolo della mostra. Durante '
                "l'incontro, Rachele guiderà il pubblico attraverso le sue "
                'opere e i temi del volume, offrendo una lettura personale e '
                'contemporanea del rapporto tra cielo, spiritualità e identità '
                "interiore. Le opere nascono dall'incontro tra pittura, "
                'simbolismo e meditazione. Il progetto esplora il linguaggio '
                'delle costellazioni e il loro riflesso nella dimensione '
                "spirituale dell'essere umano. Le tele diventano mappe "
                'interiori, costellazioni emotive, spazi in cui luce e colore '
                'si intrecciano per raccontare un cammino di consapevolezza. '
                "L'artista indaga il modo in cui gli astri, nella tradizione "
                'biblica e nelle antiche narrazioni, non siano forze che '
                'determinano il destino, ma strumenti simbolici che '
                "accompagnano l'individuo nella scoperta della propria "
                'missione personale. Ogni opera è una porta, un segno, un '
                'invito a riconoscere la propria unicità. Il libro “Astri e '
                'astrologia biblica” approfondisce i temi presenti nella '
                'mostra, proponendo un percorso che attraversa mistica ebraica '
                'e tradizione cristiana, racconti dei Magi e simbolismo delle '
                "costellazioni, e introduce l'idea delle “stelle interiori” "
                'come guida alla crescita personale. Il volume offre una '
                'visione che unisce spiritualità e conoscenza cosmica, '
                'invitando il lettore a esplorare se stesso, sanare ferite e '
                'valorizzare il proprio potenziale. Gli astri diventano '
                'strumenti di comprensione e portatori di un “DNA spirituale” '
                'che parla di identità, vocazione e cammino personale. La '
                'sequenza dei segni zodiacali, interpretata secondo la '
                'profezia biblica, offre una prospettiva originale sul futuro '
                'e sulla spiritualità, favorendo un contatto più profondo con '
                'la propria interiorità.',
 'image_url': '//citynews-livornotoday.stgy.ovh/~media/horizontal-mid/69090074185973/unnamed-1-23.jpg',
 'location_address': 'Via Giovanni Marradi, 62',
 'location_name': 'Melograno Art Gallery',
 'price': 'Gratis',
 'schedule': 'Tutti i giorni 10-12.30 e 16-20. Domenica e festivi 10-12.30 e '
             '17-20. Chiusura il lunedì mattina',
 'scraped_at': '2026-01-30T14:23:46.272298',
 'title': '"Astri e astrologia biblica", dal 29 gennaio al 4 febbraio la '
          'mostra di Rachele Carol Odello alla Melograno Art Gallery',
 'url': 'https://www.livornotoday.it/eventi/mostra-rachele-carol-odello-melograno-art-gallery-livorno.html',
 'uuid': '794a1163212f7e06',
 'weekdays': 'Lunedì, Domenica'}
[2026-01-30T14:23:48.201+0000] {docker.py:429} INFO - 2026-01-30 14:23:48 [scrapy.core.engine] DEBUG: Crawled (200) <GET https://www.livornotoday.it/eventi/mostra-diego-azzola-asya-dellomodarme-fortezza-nuova-livorno.html> (referer: https://www.livornotoday.it/eventi/dal/2026-01-30/al/2026-02-01/)
[2026-01-30T14:23:48.309+0000] {docker.py:429} INFO - 2026-01-30 14:23:48 [scrapy.core.scraper] DEBUG: Scraped from <200 https://www.livornotoday.it/eventi/mostra-diego-azzola-asya-dellomodarme-fortezza-nuova-livorno.html>
{'category': 'Mostre',
 'city': 'Livorno',
 'content_hash': '39578cbd5610fed2',
 'date_end': '2026-02-21',
 'date_start': '2026-01-17',
 'dates': [{'date': '2026-01-17', 'weekday': 'Sabato'},
           {'date': '2026-01-19', 'weekday': 'Lunedì'},
           {'date': '2026-01-24', 'weekday': 'Sabato'},
           {'date': '2026-01-26', 'weekday': 'Lunedì'},
           {'date': '2026-01-31', 'weekday': 'Sabato'},
           {'date': '2026-02-02', 'weekday': 'Lunedì'},
           {'date': '2026-02-07', 'weekday': 'Sabato'},
           {'date': '2026-02-09', 'weekday': 'Lunedì'},
           {'date': '2026-02-14', 'weekday': 'Sabato'},
           {'date': '2026-02-16', 'weekday': 'Lunedì'},
           {'date': '2026-02-21', 'weekday': 'Sabato'}],
 'description': 'Sabato 17 gennaio, alle 18, si terrà nella Sala del Forno in '
                'Fortezza Nuova l\'inaugurazione di " Nautilus - Sezioni di '
                'Zoologia Comparata", mostra bipersonale che riunisce le opere '
                "di Diego Azzola (Bergamo, 2000) e Asya Dell'Omodarme "
                '(Livorno, 1997), a cura di Sara Poli e Cecilia Faleni. La '
                'mostra, organizzata da Forno Project, il project-space di '
                'Galleria Fidanda, con il Patrocinio del Comune di Livorno e '
                'Regione Toscana, trae ispirazione dal celebre nautilus aperto '
                "e sezionato dall'esploratore e naturalista Nicolò Gualtieri "
                '(1688-1744), il cui lavoro scientifico rappresenta un punto '
                'di riferimento nella storia della malacologia. Come il '
                'nautilus di Gualtieri rivela la geometria interna della '
                'conchiglia attraverso la dissezione metodica, lo spazio '
                'espositivo non si organizza secondo un ordine gerarchico o '
                'tassonomico, ma come una sequenza di compartimenti contigui, '
                'in cui le opere abitano una condizione di coesistenza e '
                'risonanza. La mostra sarà aperta nella Sala del Forno in '
                'Fortezza Nuova tutti i giorni dal lunedì al sabato dalle 9 '
                'alle 13 e dalle 14 alle 17 (lunedì mattina chiusi). Sarà '
                'possibile visitare le opere fino al 21 febbraio, giorno di '
                "chiusura dell'esposizione. L'esposizione comprende pitture e "
                'installazioni che dialogano concettualmente con esemplari e '
                'reperti provenienti dal mondo marino e terrestre, in '
                'particolare dalla malacologia – grazie alla collaborazione '
                'con il Museo della Certosa di Calci – e dalla tassidermia, '
                'con il contributo del Museo di Storia Naturale del '
                'Mediterraneo di Livorno. Gli artisti costruiscono una '
                'catalogazione volutamente instabile e bizzarra, in cui i '
                'criteri scientifici tradizionali vengono sovvertiti e le '
                'tassonomie si rivelano fragili, aperte a nuove possibilità di '
                'relazione tra le specie e i regni naturali. "Nautilus - '
                'Sezioni di Zoologia Comparata" interroga i limiti della '
                'classificazione scientifica e propone un sistema di '
                "conoscenza alternativo, dove l'impossibilità di catalogare "
                'definitivamente diventa strumento espressivo e concettuale.',
 'image_url': '//citynews-livornotoday.stgy.ovh/~media/horizontal-mid/26899072534913/nautilus-2.jpeg',
 'location_address': 'Scali della Fortezza Nuova',
 'location_name': 'Sala del Forno - Fortezza Nuova',
 'price': 'Gratis',
 'schedule': 'Tutti i giorni dal lunedì al sabato dalle 9 alle 13 e dalle 14 '
             'alle 17 (lunedì mattina chiusi)',
 'scraped_at': '2026-01-30T14:23:46.271582',
 'title': '"Nautilus", dal 17 gennaio la mostra di Diego Azzola e Asya '
          "Dell'Omodarme in Fortezza Nuova",
 'url': 'https://www.livornotoday.it/eventi/mostra-diego-azzola-asya-dellomodarme-fortezza-nuova-livorno.html',
 'uuid': 'a2095decef1f4628',
 'weekdays': 'Lunedì, Sabato'}
[2026-01-30T14:23:49.174+0000] {docker.py:429} INFO - 2026-01-30 14:23:49 [scrapy.core.engine] DEBUG: Crawled (200) <GET https://www.livornotoday.it/eventi/lezioni-cinema-miss-marx-centro-artistico-grattacielo-31-gennaio.html> (referer: https://www.livornotoday.it/eventi/dal/2026-01-30/al/2026-02-01/)
[2026-01-30T14:23:49.283+0000] {docker.py:429} INFO - 2026-01-30 14:23:49 [scrapy.core.scraper] DEBUG: Scraped from <200 https://www.livornotoday.it/eventi/lezioni-cinema-miss-marx-centro-artistico-grattacielo-31-gennaio.html>
{'category': 'Cinema',
 'city': 'Livorno',
 'content_hash': 'cfe4fd20d03b2e05',
 'date_end': '2026-01-31',
 'date_start': '2026-01-31',
 'dates': [{'date': '2026-01-31', 'time_start': '17:30', 'weekday': 'Sabato'}],
 'description': 'Per la nona edizione del progetto Lezioni di Cinema, che ha '
                'come tema i personaggi della storia o della letteratura, '
                'sabato 31 gennaio, alle 17.30, sarà proiettato al Centro '
                'Artistico Il Grattacielo il film "Miss Marx" (Italia 2020, '
                "107') di Susanna Nicchiarelli. Introducono il film Elena "
                "Franchini . Miss Marx, ambientato nell'Inghilterra del XIX "
                'secolo, è incentrato sulla vita della figlia più piccola di '
                'Karl Marx, Eleanor. Soprannominata in famiglia come "Tussy", '
                'Eleanor era una donna intelligente, determinata e libera. '
                'Traduttrice e attrice, si impegnò su vari fronti. È stata '
                "infatti un'attivista per i diritti dei bambini e una delle "
                'prime donne ad accostarsi ai temi del femminismo e del '
                'socialismo. Instancabile e piena di energia, ha portato '
                'avanti con passione e motivazione il lavoro di suo padre. '
                'Nella sua vita privata, tuttavia, era una donna vulnerabile. '
                "L'incontro e la lunga relazione con il compagno di lotte "
                'Edward Aveling condizionerà la sua intera vita. (Fonte: '
                'comingsoon.it). Il film nel 2020 ha partecipato in concorso '
                "alla 77a Mostra internazionale d'arte cinematografica di "
                'Venezia. Susanna Nicchiarelli ha spiegato: "Con la sua '
                'apparente incongruenza tra dimensione pubblica e privata, la '
                'storia di Eleanor Marx apre un abisso sulla complessità '
                "dell'animo umano, sulla fragilità delle illusioni e sulla "
                'tossicità di certe relazioni sentimentali. Raccontare la vita '
                'di Eleanor vuol dire parlare di temi talmente moderni da '
                'essere ancora oggi, oltre un secolo dopo, rivoluzionari. In '
                "un momento in cui la questione dell'emancipazione è più che "
                'mai centrale, la vicenda di Eleanor ne delinea tutte le '
                'difficoltà e le contraddizioni: contraddizioni, credo, più '
                'che mai attuali per cercare di "afferrare" alcuni tratti '
                'dell\'epoca che stiamo vivendo". Susanna Nicchiarelli, '
                'regista, attrice e sceneggiatrice italiana, nata a Roma nel '
                '1975, è nota per la sua formazione in filosofia e regia, e '
                'per film come Cosmonauta (2009), Nico, 1988 (2017) e Miss '
                "Marx (2020). Ha vinto il Nastro d'Argento per il "
                "cortometraggio d'animazione Sputnik 5 e ha ottenuto numerosi "
                'riconoscimenti, tra cui quattro David di Donatello e il '
                'Premio Orizzonti per Nico, 1988. Elena Franchini, nata a '
                'Pisa, è laureata in Lettere. Lavora presso la biblioteca di '
                "Storia delle arti dell'Università di Pisa, che possiede una "
                'ricca collezione di libri e riviste sulla storia del cinema. '
                'Fa parte del consiglio direttivo della Biblioteca Franco '
                'Serantini - Istituto di storia sociale, della Resistenza e '
                "dell'età contemporanea della provincia di Pisa. Info "
                "L'ingresso è di 6 euro (necessaria tessera Kinoglaz al prezzo "
                'simbolico di 1 euro oppure essere associati a 50&Più, Centro '
                "Studi Commedia all'Italiana, Ass. FiPiLi Horror). Prevendita "
                'su https://shop.kinoglaz.info - INFO: tel. 0586 881128 – 342 '
                '0459699 - mail livornouniversita@gmail.com .',
 'image_url': '//citynews-livornotoday.stgy.ovh/~media/horizontal-mid/47651042801857/oip.jpg',
 'location_address': 'Via del Platano, 6',
 'location_name': 'Centro Artistico Il Grattacielo',
 'price': '6 euro (necessaria tessera Kinoglaz al prezzo simbolico di 1 euro '
          'oppure essere associati a 50&Più, Centro Studi Commedia '
          'all’Italiana, Ass. FiPiLi Horror)',
 'scraped_at': '2026-01-30T14:23:46.270863',
 'time_info': '17.30',
 'title': 'Lezioni di cinema, sabato 31 gennaio "Miss Marx" al Centro '
          'artistico Il Grattacielo',
 'url': 'https://www.livornotoday.it/eventi/lezioni-cinema-miss-marx-centro-artistico-grattacielo-31-gennaio.html',
 'uuid': 'ec55dd4b349ec872'}
[2026-01-30T14:23:50.461+0000] {docker.py:429} INFO - 2026-01-30 14:23:50 [scrapy.core.engine] DEBUG: Crawled (200) <GET https://www.livornotoday.it/eventi/hachiko-concerto-cage-livorno-30-gennaio.html> (referer: https://www.livornotoday.it/eventi/dal/2026-01-30/al/2026-02-01/)
[2026-01-30T14:23:50.570+0000] {docker.py:429} INFO - 2026-01-30 14:23:50 [scrapy.core.scraper] DEBUG: Scraped from <200 https://www.livornotoday.it/eventi/hachiko-concerto-cage-livorno-30-gennaio.html>
{'category': 'Concerti',
 'city': 'Livorno',
 'content_hash': 'c2a878f7d17f9639',
 'date_end': '2026-01-30',
 'date_start': '2026-01-30',
 'dates': [{'date': '2026-01-30', 'time_start': '22:30', 'weekday': 'Venerdì'}],
 'description': 'Venerdì 30 gennaio appuntamento al The Cage con il concerto '
                'di Hachiko, progetto artistico capace di fondere rap, '
                'performance e digital in un linguaggio personale, diretto e '
                "riconoscibile. Un'identità fluida che si muove tra club, "
                'rave, spazi indipendenti e sottoculture urbane e che porta in '
                'scena una visione radicale e inclusiva, pronta a dare la sua '
                '"benedizione" a outsider, anime tossiche e spiriti inquieti '
                'della notte. Nei testi e nelle performance combatte gli '
                "stereotipi di genere ribaltando i codici narrativi dell'urban "
                'contemporaneo: parla degli uomini come molti trap boy parlano '
                'delle donne, smonta il machismo tossico e mette al centro '
                'fragilità, dipendenze emotive, disfunzioni relazionali e '
                'daddy issues, con un mix di ironia tagliente e brutalità '
                'sincera. Suoi l\'album "Memorie di una troia", l\'ep "Memorie '
                'di una technotroia", i singoli "Bona Vez" e "Sesso Gay": un '
                'linguaggio che è sì volgare ma che fa del suo essere senza '
                'filtri la sua forza, che è lontano da qualsiasi '
                'romanticizzazione e che rifiuta la poesia edulcorata per '
                'restituire esperienze vere e trasversali. Al centro del '
                "progetto c'è un'attenzione costante alle esperienze delle "
                'donne e delle persone Lgbt+, poco visibili nella musica '
                'mainstream o ridotte a stereotipo. Hachiko costruisce invece '
                'uno spazio sicuro e libero, in cui identità, desideri e '
                'contraddizioni possono esistere senza essere normalizzati o '
                "censurati. Dietro l'estetica provocatoria e l'attitudine "
                'giocosa si nasconde una precisa consapevolezza politica e '
                'culturale: raccontare una generazione che fatica a '
                'riconoscersi nei modelli dominanti e che cerca nuovi '
                'linguaggi per esprimersi. Info Apertura porte alle 22 inizio '
                'concerto alle 22:30. Biglietti disponibili in prevendita su '
                'TicketSms al costo di 12 euro più i diritti di prevendita. A '
                'seguire, per restare insieme e ballare fino a tarda notte, '
                'spazio a Into the groove, con Leo Dessi in veste di guest. Dj '
                'dello storico Tenax Club di Firenze, Leo è tra i nomi di '
                'riferimento della scena elettronica toscana e ha condiviso la '
                'console con artisti di calibro internazionale portando il suo '
                'inconfondibile sound nei club e negli eventi che lo hanno '
                'visto emergere. I biglietti sono acquistabili direttamente in '
                'cassa a 10 euro con prima consumazione inclusa.',
 'image_url': '//citynews-livornotoday.stgy.ovh/~media/horizontal-mid/69880669735683/hachiko-1.jpg',
 'location_address': 'Via del Vecchio Lazzeretto, 20',
 'location_name': 'The Cage Theatre',
 'price': '12 euro più diritti di prevendita',
 'scraped_at': '2026-01-30T14:23:46.270397',
 'time_info': '22.30',
 'title': 'The Cage, venerdì 30 gennaio il concerto di Hachiko',
 'url': 'https://www.livornotoday.it/eventi/hachiko-concerto-cage-livorno-30-gennaio.html',
 'uuid': 'ae2f6279a039a6ed',
 'website': 'https://www.thecagetheatre.it/'}
[2026-01-30T14:23:52.028+0000] {docker.py:429} INFO - 2026-01-30 14:23:52 [scrapy.core.engine] DEBUG: Crawled (200) <GET https://www.livornotoday.it/eventi/teatro-vertigo-livorno-un-giorno-come-altri-31-gennaio-1-febbraio.html> (referer: https://www.livornotoday.it/eventi/dal/2026-01-30/al/2026-02-01/)
[2026-01-30T14:23:52.138+0000] {docker.py:429} INFO - 2026-01-30 14:23:52 [scrapy.core.scraper] DEBUG: Scraped from <200 https://www.livornotoday.it/eventi/teatro-vertigo-livorno-un-giorno-come-altri-31-gennaio-1-febbraio.html>
{'category': 'Teatri',
 'city': 'Livorno',
 'content_hash': '27f7ee2c41f211ff',
 'date_end': '2026-02-01',
 'date_start': '2026-01-31',
 'dates': [{'date': '2026-01-31', 'weekday': 'Sabato'},
           {'date': '2026-02-01', 'weekday': 'Domenica'}],
 'description': 'Sabato 31 gennaio alle 21 e domenica 1 febbraio alle 17 andrà '
                'in scena al Teatro Vertigo lo spettacolo “Un giorno come gli '
                'altri”, una commedia esistenzialista che coniuga situazioni '
                'spassose al confine con la commedia nera e momenti romantici '
                'e riflessioni profonde. Al debutto nella regia Anna Arbore, '
                'attrice veterana della compagnia Vertigo, che ha affrontato '
                'sempre con dimestichezza ruoli comici, drammatici e perfino '
                'vernacolari. Lo spettacolo La protagonista vive una vita '
                'tranquilla, ripetitiva senza scosse ma anche senza lasciare '
                'il segno della propria esistenza. Un giorno come gli altri '
                'scopre di non essere protagonista della sua vita e che questa '
                'è guidata dalla volontà di una voce misteriosa, che scandisce '
                'con assoluta precisione tutti le fasi della sua vita. Non si '
                'tratta quindi di una condizione patologica, bensì una voce, '
                'che solo la protagonista Maria Rossi sente, che descrive, '
                'quasi come una “telecronoca diretta” ogni attimo della sua '
                'vita. A chi appartiene questa voce? E come fa a conoscere '
                'ogni attimo? Questo mistero verrà svelato durante la storia '
                "un po' surreale, ma che contiene anche un potente messaggio "
                'sulla nostra esistenza e su come le nostre scelte possono '
                'condizionare il nostro destino. In scena oltre ad Anna '
                "Arbore, Alessia D'Alessandro, Sara Brilli, Elisa Puccini, Eva "
                'Chiama, Fabio Favilli. Voce off di Marco Conte e Sara Brilli. '
                'Scenografia di Patrizia Coli. Luci Di Ugo Zammit e Luigi '
                'Liberti, audio di Roberto Pacini. Assistenza tecnica Laura '
                'Persico e Andrea Brenna. Grafica Anna Arbore. Info Per '
                'prenotazioni 0586210120 con segreteria telefonica, oppure con '
                'solo messaggio whatsapp 3805842291. Ingresso 12 euro intero, '
                '7 euro ridotto (per gli allievi della scuola di arti '
                'sceniche)',
 'image_url': '//citynews-livornotoday.stgy.ovh/~media/horizontal-mid/50331085529291/whatsapp-image-2026-01-21-at-14-13-50.jpeg',
 'location_address': 'Via del Pallone, 2',
 'location_name': 'Teatro Vertigo',
 'price': '12 euro intero, 7 euro ridotto',
 'schedule': 'Sabato 31 alle 21, domenica 1 alle 17',
 'scraped_at': '2026-01-30T14:23:46.269893',
 'title': 'Teatro Vertigo, sabato 31 gennaio e domenica 1 febbraio lo '
          'spettacolo "Un giorno come gli altri"',
 'url': 'https://www.livornotoday.it/eventi/teatro-vertigo-livorno-un-giorno-come-altri-31-gennaio-1-febbraio.html',
 'uuid': 'e5b6abcd7e1a3484',
 'weekdays': 'Sabato, Domenica'}
[2026-01-30T14:23:53.212+0000] {docker.py:429} INFO - 2026-01-30 14:23:53 [scrapy.core.engine] DEBUG: Crawled (200) <GET https://www.livornotoday.it/eventi/signore-anelli-michele-innocenti-symphony-livorno-30-gennaio.html> (referer: https://www.livornotoday.it/eventi/dal/2026-01-30/al/2026-02-01/)
[2026-01-30T14:23:53.321+0000] {docker.py:429} INFO - 2026-01-30 14:23:53 [scrapy.core.scraper] DEBUG: Scraped from <200 https://www.livornotoday.it/eventi/signore-anelli-michele-innocenti-symphony-livorno-30-gennaio.html>
{'category': 'Incontri',
 'city': 'Livorno',
 'content_hash': '836407c0c09d4deb',
 'date_end': '2026-01-30',
 'date_start': '2026-01-30',
 'dates': [{'date': '2026-01-30', 'time_start': '18:30', 'weekday': 'Venerdì'}],
 'description': "A venticinque anni dall'uscita nelle sale cinematografiche "
                'italiane, “Il Signore degli Anelli” continua a esercitare un '
                'fascino profondo e trasversale, capace di unire generazioni '
                'diverse di spettatori e appassionati. La trilogia diretta da '
                "Peter Jackson, tratta dall'opera immortale di J.R.R. Tolkien, "
                'non è soltanto un capolavoro del cinema fantasy, ma un vero e '
                'proprio fenomeno culturale che ha segnato in modo indelebile '
                "l'immaginario collettivo. Per celebrare questo importante "
                'anniversario, venerdì 30 gennaio alle 18.30 da Symphony si '
                'terrà un incontro speciale dal titolo “The lord of the rings '
                "- 25 anni dopo”, dedicato all'eredità cinematografica e "
                "culturale della saga. L'evento vedrà la presentazione di "
                'Michele Innocenti, che guiderà il pubblico in un percorso di '
                "analisi e riflessione sull'impatto de “Il Signore degli "
                'Anelli” a distanza di un quarto di secolo dalla sua prima '
                "apparizione nelle sale italiane. Sarà un'occasione per "
                'ripercorrere la genesi del progetto, il suo valore artistico, '
                "il successo internazionale e l'influenza duratura esercitata "
                'sul cinema, sulla letteratura fantasy e sulla cultura pop '
                "contemporanea. L'iniziativa è realizzata in collaborazione "
                'con il FIPILI Horror Festival, a sottolineare il dialogo tra '
                'cinema di genere, grandi saghe e narrazione epica, in un '
                "contesto che valorizza l'approfondimento culturale e la "
                'condivisione tra appassionati. Un appuntamento imperdibile '
                'per chi ama il cinema, la letteratura e le grandi storie '
                'senza tempo, e per chi desidera riscoprire “Il Signore degli '
                'Anelli” con uno sguardo nuovo, consapevole e attuale, a '
                'venticinque anni da quel primo viaggio nella Terra di Mezzo. '
                'Intanto prosegue sempre da Symphony la mostra di Giorgio '
                "Salesi “L'orrore disegnato - Viaggio nel cinema horror”. La "
                'mostra che rimarrà visibile fino a venerdì 6 febbraio, è un '
                "percorso visivo intenso e suggestivo attraverso l'immaginario "
                'del cinema horror, reinterpretato dal segno e dalla '
                'sensibilità artistica di Giorgio Salesi. I visitatori '
                "potranno farsi guidare nelle immagini dall'autore. INFO: "
                'Symphony piazza Cavour, 23, 0586 1754832 – 37111449537 – '
                'info@symphonyshop.it',
 'image_url': '//citynews-livornotoday.stgy.ovh/~media/horizontal-mid/44541233448881/0-1-4-4.jpg',
 'location_address': 'Piazza Cavour, 23',
 'location_name': 'Symphony Record Shop',
 'price': 'Gratis',
 'scraped_at': '2026-01-30T14:23:46.269414',
 'time_info': '18.30',
 'title': 'Symphony, venerdì 30 gennaio incontro con Michele Innocenti '
          'sull\'eredità cinematografica e culturale de "Il signore degli '
          'anelli"',
 'url': 'https://www.livornotoday.it/eventi/signore-anelli-michele-innocenti-symphony-livorno-30-gennaio.html',
 'uuid': '4ead6281ee20e17d'}
[2026-01-30T14:23:54.831+0000] {docker.py:429} INFO - 2026-01-30 14:23:54 [scrapy.core.engine] DEBUG: Crawled (200) <GET https://www.livornotoday.it/eventi/teatro-ablondi-livorno-spettacolo-1-febbraio.html> (referer: https://www.livornotoday.it/eventi/dal/2026-01-30/al/2026-02-01/)
[2026-01-30T14:23:54.940+0000] {docker.py:429} INFO - 2026-01-30 14:23:54 [scrapy.core.scraper] DEBUG: Scraped from <200 https://www.livornotoday.it/eventi/teatro-ablondi-livorno-spettacolo-1-febbraio.html>
{'category': 'Teatri',
 'city': 'Livorno',
 'content_hash': 'e62a06d5c77b7840',
 'date_end': '2026-02-01',
 'date_start': '2026-02-01',
 'dates': [{'date': '2026-02-01', 'weekday': 'Domenica'}],
 'description': 'Domenica 1 febbraio, alle 17, andrà in scena al Teatro '
                'Ablondi " Mannaggiaffeisbucc!", una commedia frizzante e '
                'sorprendentemente attuale che, con ironia e leggerezza, '
                'racconta vizi, virtù e trappole della vita virtuale. '
                'Protagonista della storia è Nonno Antonio, un uomo anziano ma '
                "tutt'altro che ingenuo, che apre un profilo Facebook falso "
                'fingendosi Romano, un affascinante fotomodello toscano. '
                'Dietro lo schermo, tra chat, messaggi e foto ingannevoli, '
                'entra in contatto con Alice, una giovane e bellissima '
                'ragazza… o almeno così sembra. Da questo innocente gioco '
                'nasce una catena di fraintendimenti, bugie e situazioni '
                'esilaranti, in cui la linea tra realtà e finzione si fa '
                'sempre più sottile. Ogni personaggio contribuisce ad '
                'alimentare una vera e propria girandola di equivoci, che '
                'trascina il pubblico in un crescendo di comicità e colpi di '
                'scena. Ma, come insegna la vita (e il teatro), le bugie hanno '
                'le gambe corte. Quello che era iniziato come uno scherzo si '
                'trasforma presto in un vortice incontrollabile che porterà, '
                'inevitabilmente, alla scoperta della verità. '
                '"Mannaggiaffeisbucc!" è una commedia brillante e '
                'contemporanea che fa ridere di gusto, ma invita anche a '
                "riflettere — senza mai appesantire — sui temi dell'identità "
                'online, delle apparenze, del bisogno di sentirsi visti e '
                "amati e sulla fragilità dei rapporti umani nell'era digitale. "
                'Un racconto ironico e umano che dimostra come, dietro ogni '
                'profilo, si nasconda sempre una persona reale. Uno spettacolo '
                'coinvolgente, attuale e accessibile, capace di divertire il '
                'pubblico di tutte le età, confermando ancora una volta la '
                'forza del teatro comico quando sa parlare del presente con '
                "intelligenza e leggerezza. Modalità d'ingresso A partire dal "
                "mese di gennaio, l'accesso agli spettacoli del Teatro Ablondi "
                'è riservato ai soci A.N.S.P.I. (Associazione Nazionale San '
                'Paolo Italia). Il tesseramento annuale ha un costo di 5 euro '
                'a persona e la tessera è personale e nominale, con validità '
                "per tutto l'anno 2026. La tessera viene rilasciata "
                'direttamente a teatro durante le giornate di '
                'rappresentazione. Il costo dello spettacolo per i nuovi soci '
                'è di 13 euro (5 euro tesseramento + 8 euro biglietto), mentre '
                'per i già tesserati è richiesto solo il pagamento del '
                'biglietto (8 euro). Per poter accedere agli spettacoli è '
                'necessario compilare il modulo di tesseramento, disponibile '
                'sul sito www.teatroablondi.it ed inviare il modulo compilato '
                "all'indirizzo email prenotazioni@teatroablondi.it.",
 'image_url': '//citynews-livornotoday.stgy.ovh/~media/horizontal-mid/21284808458671/foto-1-febbraio.jpeg',
 'location_address': 'Via Olanda, 44',
 'location_name': 'Teatro Ablondi',
 'price': 'Nuovi soci 13 euro (5 euro tesseramento + 8 euro biglietto), per i '
          'già tesserati è richiesto solo il pagamento del biglietto (8 euro)',
 'scraped_at': '2026-01-30T14:23:46.268855',
 'time_info': '17',
 'title': 'Teatro Ablondi, domenica 1 febbraio la commedia '
          '"Mannaggiaffeisbucc!"',
 'url': 'https://www.livornotoday.it/eventi/teatro-ablondi-livorno-spettacolo-1-febbraio.html',
 'uuid': '2e43a1cc1189c240',
 'website': 'https://www.teatroablondi.it/'}
[2026-01-30T14:23:56.175+0000] {docker.py:429} INFO - 2026-01-30 14:23:56 [scrapy.core.engine] DEBUG: Crawled (200) <GET https://www.livornotoday.it/eventi/leone-pini-conservatorio-mascagni-livorno-31-gennaio.html> (referer: https://www.livornotoday.it/eventi/dal/2026-01-30/al/2026-02-01/)
[2026-01-30T14:23:56.287+0000] {docker.py:429} INFO - 2026-01-30 14:23:56 [scrapy.core.scraper] DEBUG: Scraped from <200 https://www.livornotoday.it/eventi/leone-pini-conservatorio-mascagni-livorno-31-gennaio.html>
{'category': 'Concerti',
 'city': 'Livorno',
 'content_hash': '02ebe2031beb240b',
 'date_end': '2026-01-31',
 'date_start': '2026-01-31',
 'dates': [{'date': '2026-01-31', 'time_start': '16:30', 'weekday': 'Sabato'}],
 'description': 'Dopo il successo di pubblico dei primi tre appuntamenti in '
                'cartellone che hanno visto protagonisti, tra gli altri, '
                'Francesco Gorreri, Sophia Rizzo e il celebre pianista Andrea '
                'Bacchetti, il Conservatorio Statale di Musica "Pietro '
                'Mascagni" di Livorno invita la cittadinanza al terzo '
                'appuntamento della rassegna "Il Sabato del Mascagni", in '
                "programma sabato 31 gennaio alle 16.30 nell'Auditorium "
                '"Cesare Chiti" con ingresso libero fino a esaurimento posti. '
                'Protagonista del Recital III sarà il giovane Leone Pini, '
                'violinista in formazione presso il Conservatorio, allievo '
                "della professoressa Chiara Morandi, che per l'occasione sarà "
                'accompagnato al pianoforte dalla professoressa Michela '
                'Spizzichino. Il programma musicale propone pagine di Ludwig '
                'van Beethoven, Johannes Brahms e Franz Waxman. La rassegna '
                '"Il Sabato del Mascagni", giunta alla quarta edizione, è '
                'curata dal direttore artistico M° Giovanni Nesi, titolare '
                'della cattedra di Pianoforte principale al "Mascagni" e '
                "docente di Musica da Camera all'Accademia Musicale di "
                "Firenze, e si avvale dell'importante partnership con Laviosa "
                'Foundation, realtà attiva sul territorio nella promozione di '
                'formazione, lavoro, inclusione e sostenibilità. Il Sabato del '
                'Mascagni conferma ancora una volta il suo ruolo di '
                'appuntamento di riferimento per la musica dal vivo a Livorno, '
                'valorizzando i giovani talenti e offrendo alla comunità '
                'concerti di alta qualità artistica. Leone Pini Il violinista '
                'sedicenne fiorentino Leone Pini ha iniziato lo studio del '
                "proprio strumento all'età di 6 anni con la Professoressa "
                'Vittoria Ottaviani, in seguito venendo ininterrottamente '
                'guidato nella formazione della propria personalità musicale '
                'dal concertista Marco Fornaciari assistito dal Maestro '
                "Massimo Nesi accanto ai quali, superata l'ammissione al "
                'conservatorio Pietro Mascagni di Livorno, si è poi affiancata '
                'la Professoressa Chiara Morandi. Altrettanto rilevante, '
                "Inoltre, è stato l'incontro con Ilya Grubert, sotto la cui "
                "disciplina prosegue a perfezionarsi all'accademia Santa "
                'Cecilia di Portogruaro. Sempre sotto la guida del Maestro '
                'Fornaciari ha debuttato ad appena nove anni al Teatro Verdi '
                'della propria città, la Sala Sinopoli del Parco della Musica '
                'Ennio Morricone di Roma e la celebre Salle Bozar di '
                'Bruxelles. Impostosi nei principali concorsi nazionali, ha in '
                "seguito vinto all'unanimità la XXXIII edizione del Concorso "
                'Europeo Città di Moncalieri, il premio Berti di Piombino, la '
                'prima edizione del Concorso Violinistico Internazionale Paolo '
                'Borciani, le edizioni 2023 dei concorsi Valsesia Junior e '
                "Musica Goritiensis, il premio Pitars per l'esecuzione "
                'virtuosistica alla VII edizione del Piccolo Violino Magico, '
                'il premio speciale Franco Gulli quale più giovane e '
                'promettente talento tra i partecipanti alla prima edizione '
                "dell'omonimo Concorso Violinistico Internazionale, lo UK "
                'International Music Competition ed il prestigioso BTHVN Wien '
                'International Competition, venendo scelto tra i premiati – '
                'unico italiano ed unico minorenne – per partecipare al '
                'concerto di gala "Rising Stars 2025" presso la Glässerner '
                'Saal del Musikverein. Per i suoi meriti artistici, non ha '
                'ancora quindicenne, è stato nominato dal Maestro Giuseppe '
                'Lanzetta "Solista in Residence" dell\'Orchestra da Camera '
                "Fiorentina e dell'Umbria. Leone Pini suona un violino "
                'realizzato a Firenze da Massimo Nesi nel 1996 ed un arco di '
                'Eugéne Sartory generosamente messogli a disposizione da Anja '
                'Palm Michelucci. Michela Spizzichino Si è perfezionata con '
                'alcuni artisti del panorama internazionale come A. Bacchelli, '
                'A. Specchi, A. Ciccolini, R. Tureck, M. Perahia, P. '
                'Badura-Skoda, B. Canino, P. N. Masi, P. Vernikov, Trio di '
                'Milano. Apprezzata solista, ha acquisito negli anni una '
                'notevole esperienza nella musica da camera affrontando i più '
                'svariati repertori, dal barocco agli autori contemporanei, '
                'per la maggior parte degli organici con archi, fiati e voce; '
                'svolge intensa attività concertistica e ha vinto numerosi '
                'premi di musica da camera. Da oltre quindici anni è impegnata '
                'come pianista collaboratore presso Conservatori, Istituti '
                "Musicali, Scuola di Musica di Fiesole e, nell'ambito di "
                'Festival, Concorsi e Master di Perfezionamento. Ha '
                'collaborato ai corsi tenuti da artisti come M. Brunello, C. '
                'Richter, M. Flaksman, B. Giuranna, C. Rossi, A. Bologni, L. '
                'Fiorentini, V. Mariozzi, M. Ancillotti, i componenti del '
                'Quartetto di Fiesole e numerosi altri. Ha lavorato con L. '
                'Horvath, primo violino del Maggio Musicale Fiorentino, e '
                "inoltre con il soprano M. Dragoni, con la quale tra l'altro "
                "ha celebrato l'anniversario di Farinelli nell'ambito del "
                "Festival Barocco di Bibbiena 2005. Come solo d'orchestra ha "
                'registrato diverse colonne sonore tra le quali "La vita è '
                'bella" di Roberto Benigni. Ottenendo critiche sempre '
                'particolarmente lusinghiere sulla stampa italiana ed europea, '
                'si è esibita in Polonia, Germania, Francia, Spagna ed è stata '
                'ospite di prestigiose sedi culturali come, tra le tante, la '
                'Sala Verdi del Conservatorio di Milano, la Radio Vaticana, le '
                'Fondazioni Cini di Venezia e Walton di Ischia, il Teatro '
                'Goldoni di Livorno, il Chiostro del Bramante a Roma, gli '
                'Istituti Italiani di Cultura di Colonia, Brema e Cracovia, le '
                'Musikhochschule di Norimberga, Hannover e Kiel, al Museo '
                "Chopin di Varsavia, al Festival di Rheingau, l'Accademia "
                'Filarmonica di Lublino, la Musikhalle di Amburgo.',
 'image_url': '//citynews-livornotoday.stgy.ovh/~media/horizontal-mid/54418178201015/la-prof-ssa-spizzichino-e-leone-pini.jpeg',
 'location_address': 'Via Galileo Galilei, 40',
 'location_name': 'Auditorium Conservatorio Statale "Pietro Mascagni"',
 'price': 'Gratis',
 'scraped_at': '2026-01-30T14:23:46.268286',
 'time_info': '16.30',
 'title': 'Conservatorio Mascagni, sabato 31 gennaio Leone Pini in concerto '
          'con Michela Spizzichino',
 'url': 'https://www.livornotoday.it/eventi/leone-pini-conservatorio-mascagni-livorno-31-gennaio.html',
 'uuid': '60ead09a551726d1'}
[2026-01-30T14:23:57.371+0000] {docker.py:429} INFO - 2026-01-30 14:23:57 [scrapy.core.engine] DEBUG: Crawled (200) <GET https://www.livornotoday.it/eventi/appuntamento-palcoscenico-teatro-ablondi-livorno-31-gennaio.html> (referer: https://www.livornotoday.it/eventi/dal/2026-01-30/al/2026-02-01/)
[2026-01-30T14:23:57.479+0000] {docker.py:429} INFO - 2026-01-30 14:23:57 [scrapy.core.scraper] DEBUG: Scraped from <200 https://www.livornotoday.it/eventi/appuntamento-palcoscenico-teatro-ablondi-livorno-31-gennaio.html>
{'category': 'Teatri',
 'city': 'Livorno',
 'content_hash': '8c5c893dc42dbfa0',
 'date_end': '2026-01-31',
 'date_start': '2026-01-31',
 'dates': [{'date': '2026-01-31', 'time_start': '21:15', 'weekday': 'Sabato'}],
 'description': 'Sabato 31 gennaio, alle 21.15, andrà in scena al Teatro '
                'Salone Ablondi "Appuntamento in palcoscenico", spettacolo che '
                "r iporta il pubblico nell'atmosfera frizzante e popolare "
                "dell'avanspettacolo, il genere teatrale comico che ha fatto "
                'la storia dello spettacolo italiano tra gli anni Trenta e '
                "Cinquanta. Nato come evoluzione del varietà, l'avanspettacolo "
                "si sviluppò per accompagnare l'avvento del cinematografo: "
                'brevi spettacoli comici e musicali che intrattenevano il '
                'pubblico prima della proiezione del film. Ma da quelle tavole '
                'nacquero giganti della scena italiana: Totò, Peppino De '
                'Filippo, Aldo Fabrizi, Anna Magnani, Erminio Macario, Franco '
                'Franchi, Lino Banfi, Alberto Sordi, solo per citarne alcuni. '
                'Un genere popolare, irriverente, vivace, capace di parlare a '
                'tutti con leggerezza e intelligenza. Lo spettacolo '
                '"Appuntamento in Palcoscenico" si presenta come una piccola '
                "Rivista anni '40, ricca di macchiette, canzoni e situazioni "
                'comiche esilaranti. Sul palco si alterneranno personaggi '
                "tipici dell'epoca: un Commendatore impresario, furbo e "
                'marpione, un comico scapestrato e squattrinato, sempre a '
                'corto di denaro, una soubrette svampita, tutta pepe, lustrini '
                'e irresistibile energia, un tenore attempato, dalle '
                'improbabili origini americane, tra celebri macchiette e brani '
                'classici del Café Chantant. Lo spettacolo è curato dalla '
                'Compagnia Lirica Livornese e vede la partecipazione del '
                'comico Matteo Micheli, nel ruolo del comico sfortunato, '
                'capace di conquistare il pubblico con battute e personaggi '
                'irresistibili. Accanto a lui, la frizzante e pepata Paola '
                'Pacelli, nei panni della soubrette, e il tenore Massimo '
                'Gentili, reduce dalla trasmissione televisiva Io Canto Senior '
                'condotta da Jerry Scotti. A condurre la serata sarà Franco '
                'Bocci, profondo conoscitore e appassionato di Avanspettacolo, '
                'che guiderà il pubblico proprio come accadeva nei teatri '
                'degli anni Trenta. La direzione musicale è affidata a '
                'Stefania Casu, mentre la regia è di Matteo Micheli. Uno '
                'spettacolo pensato per chi ama il teatro popolare, la '
                "comicità d'altri tempi e il piacere di una serata "
                'spensierata, ma anche per chi vuole scoprire una pagina '
                'fondamentale della nostra tradizione teatrale. Informazioni e '
                'prenotazioni: www.teatroablondi.it o al 334 5971913 Modalità '
                "d'ingresso A partire dal mese di gennaio, l'accesso agli "
                'spettacoli del Teatro Ablondi è riservato ai soci A.N.S.P.I. '
                '(Associazione Nazionale San Paolo Italia). Il tesseramento '
                'annuale ha un costo di 5 euro a persona e la tessera è '
                "personale e nominale, con validità per tutto l'anno 2026. La "
                'tessera viene rilasciata direttamente a teatro durante le '
                'giornate di rappresentazione. Il costo dello spettacolo per i '
                'nuovi soci è di 13 euro (5 euro tesseramento + 8 euro '
                'biglietto), mentre per i già tesserati è richiesto solo il '
                'pagamento del biglietto (8 euro). Per poter accedere agli '
                'spettacoli è necessario compilare il modulo di tesseramento, '
                'disponibile sul sito www.teatroablondi.it ed inviare il '
                "modulo compilato all'indirizzo email "
                'prenotazioni@teatroablondi.it.',
 'image_url': '//citynews-livornotoday.stgy.ovh/~media/horizontal-mid/23157241103778/foto-31-gennaio-2.jpeg',
 'location_address': 'Via Olanda, 44',
 'location_name': 'Teatro Salone Ablondi',
 'price': 'Nuovi soci 13 euro (5 euro tesseramento + 8 euro biglietto), per i '
          'già tesserati è richiesto solo il pagamento del biglietto (8 euro)',
 'scraped_at': '2026-01-30T14:23:46.267960',
 'time_info': '21.15',
 'title': 'Teatro Ablondi, sabato 31 gennaio lo spettacolo "Appuntamento in '
          'palcoscenico"',
 'url': 'https://www.livornotoday.it/eventi/appuntamento-palcoscenico-teatro-ablondi-livorno-31-gennaio.html',
 'uuid': '1edceb6f2b7fa012',
 'website': 'https://www.teatroablondi.it/'}
[2026-01-30T14:23:58.425+0000] {docker.py:429} INFO - 2026-01-30 14:23:58 [scrapy.core.engine] DEBUG: Crawled (200) <GET https://www.livornotoday.it/eventi/troublekidd-concerto-cage-livorno-31-gennaio.html> (referer: https://www.livornotoday.it/eventi/dal/2026-01-30/al/2026-02-01/)
[2026-01-30T14:23:58.532+0000] {docker.py:429} INFO - 2026-01-30 14:23:58 [scrapy.core.scraper] DEBUG: Scraped from <200 https://www.livornotoday.it/eventi/troublekidd-concerto-cage-livorno-31-gennaio.html>
{'category': 'Concerti',
 'city': 'Livorno',
 'content_hash': 'd5bf9f4661a2ff31',
 'date_end': '2026-01-31',
 'date_start': '2026-01-31',
 'dates': [{'date': '2026-01-31', 'time_start': '22:30', 'weekday': 'Sabato'}],
 'description': 'Sabato 31 gennaio, al The Cage, serata speciale dedicata a '
                "Troublekidd, nome d'arte del livornese Michele Buonamini, "
                'resident dj del live club cittadino. Per una notte, Michele '
                'uscirà dal consueto ruolo di after show per prendersi il '
                'palco tutto per sé e guidare il pubblico in un viaggio sonoro '
                'senza filtri con un live set in vinile. La serata è '
                "organizzata da The Cage e dall'associazione fiorentina "
                'Musicus Concentus. Attivo da anni sul territorio labronico e '
                'nelle aree limitrofe, Troublekidd è una delle figure più '
                'riconoscibili della scena locale. Il suo percorso musicale '
                'inizia prestissimo: pianoforte, ascolti compulsivi di jazz e '
                'disco grazie alla collezione di vinili dello zio, poi la '
                "scoperta dell'hip hop a soli 12 anni e l'approdo al djing a "
                "15. Un'evoluzione naturale che trasforma la passione in "
                'linguaggio personale. A 17 anni arrivano i primi eventi, con '
                'set già caratterizzati da una forte attitudine street. '
                'Intorno ai 19, le esibizioni diventano una presenza costante '
                "nei locali livornesi. Nel 2022 l'ingresso al The Cage segna "
                'una svolta: prima come graphic designer e dj outdoor per il '
                'sabato di My Generation, sotto il tendone esterno insieme a '
                'Ghera dei Bunker44, poi come figura sempre più centrale. Dal '
                '2023 è resident ufficiale del club e contribuisce in modo '
                'decisivo anche alla sua identità visiva. I suoi set, in '
                'digitale e in vinile, attraversano italo-disco, funk, '
                'elettronica, soul e hip hop, mescolando ricerca e '
                'immediatezza, groove e professionalità, senza mai perdere il '
                'contatto con la pista. Per Troublekidd il club è prima di '
                'tutto un luogo di condivisione: uno spazio in cui il dialogo '
                'tra dj e pubblico passa solo dalla musica, senza '
                'sovrastrutture. Una serata che celebra un percorso, una '
                'visione e un legame profondo con la città. Info Apertura '
                'porte alle 22, inizio alle 22:30. Biglietti disponibili in '
                'prevendita su TicketSms a partire da 10 euro più i diritti di '
                'prevendita. A seguire il tradizionale My Generation - Cage '
                'Night Party del sabato sera, con i biglietti che si possono '
                'acquistare direttamente in cassa al costo di 10 euro, prima '
                'consumazione inclusa.',
 'image_url': '//citynews-livornotoday.stgy.ovh/~media/horizontal-mid/47259234114536/troublekidd.jpeg',
 'location_address': 'Via del Vecchio Lazzeretto, 20',
 'location_name': 'The Cage Theatre',
 'price': '10 euro più diritti di prevendita',
 'scraped_at': '2026-01-30T14:23:46.267666',
 'time_info': '22.30',
 'title': 'The Cage, sabato 31 gennaio Troublekidd in concerto',
 'url': 'https://www.livornotoday.it/eventi/troublekidd-concerto-cage-livorno-31-gennaio.html',
 'uuid': '0ea4e9a055921eca',
 'website': 'https://www.thecagetheatre.it/'}
[2026-01-30T14:23:59.638+0000] {docker.py:429} INFO - 2026-01-30 14:23:59 [scrapy.core.engine] DEBUG: Crawled (200) <GET https://www.livornotoday.it/eventi/mostra-giorgio-salise-symphony-livorno.html> (referer: https://www.livornotoday.it/eventi/dal/2026-01-30/al/2026-02-01/)
[2026-01-30T14:23:59.757+0000] {docker.py:429} INFO - 2026-01-30 14:23:59 [scrapy.core.scraper] DEBUG: Scraped from <200 https://www.livornotoday.it/eventi/mostra-giorgio-salise-symphony-livorno.html>
{'category': 'Mostre',
 'city': 'Livorno',
 'content_hash': 'bc62d90e1b7aa97e',
 'date_end': '2026-02-06',
 'date_start': '2026-01-23',
 'dates': [{'date': '2026-01-23', 'weekday': 'Venerdì'},
           {'date': '2026-01-30', 'weekday': 'Venerdì'},
           {'date': '2026-02-06', 'weekday': 'Venerdì'}],
 'description': 'Venerdì 23 gennaio, alle 18 da Symphony Record Shop, '
                'appuntamento con il vernissage della mostra di Giorgio Salise '
                '"L\'orrore disegnato - Viaggio nel cinema horror". La mostra, '
                'che rimarrà visibile fino a venerdì 6 febbraio, è un percorso '
                "visivo intenso e suggestivo attraverso l'immaginario del "
                'cinema horror, reinterpretato dal segno e dalla sensibilità '
                'artistica di Giorgio Salise. Questa esposizione ci accompagna '
                'in un viaggio che attraversa epoche, stili e atmosfere del '
                'grande schermo, trasformando immagini iconiche e suggestioni '
                'cinematografiche in opere grafiche capaci di evocare paura, '
                "tensione, mistero, ma anche fascino e bellezza. L'orrore, "
                'qui, non è solo spavento, diventa linguaggio, memoria '
                'collettiva, racconto visivo. Il lavoro di Giorgio Salise si '
                "distingue per la capacità di sintetizzare l'essenza dei film "
                'horror, andando oltre la semplice citazione. Attraverso il '
                "disegno, l'artista rielabora personaggi, scenari e simboli, "
                'restituendoci una visione personale e profonda, che dialoga '
                "con la storia del cinema e con l'immaginario di chi lo ha "
                'amato e vissuto. "L\'orrore disegnato" è quindi un omaggio al '
                'cinema horror, ma anche un invito a guardarlo con occhi '
                "diversi: non solo come genere, ma come forma d'arte capace di "
                'riflettere le paure, i sogni e le ossessioni di ogni epoca. '
                'Giorgio Salesi, disegna fin da quando andavo alle medie. È un '
                'autodidatta con la forte passione per i libri, il cinema, i '
                'fumetti e molto altro. Per lui disegnare è sempre stata una '
                'terapia; un modo per esprimere quel potenziale nascosto, che '
                'nella vita di tutti i giorni, a causa della sua indole, non '
                'riusciva a tirare fuori. I visitatori sono invitati a '
                'prendere il tempo necessario per osservare le opere, '
                "lasciandosi guidare dalle immagini e dall'autore, e, perché "
                'no, ritrovare frammenti di film, emozioni e ricordi '
                'personali. Info: Symphony piazza Cavour, 23, 0586 1754832 – '
                '37111449537 – info@symphonyshop.it',
 'image_url': '//citynews-livornotoday.stgy.ovh/~media/horizontal-mid/32786941698637/salo-120-giornate-di-sodoma.jpg',
 'location_address': 'Piazza Cavour, 23',
 'location_name': 'Symphony Record Shop',
 'price': 'Gratis',
 'schedule': 'Vernissage venerdì 23 gennaio alle 18',
 'scraped_at': '2026-01-30T14:23:46.267278',
 'title': '"L\'orrore disegnato", dal 23 gennaio la mostra di Giorgio Salise '
          'da Symphony Record Shop',
 'url': 'https://www.livornotoday.it/eventi/mostra-giorgio-salise-symphony-livorno.html',
 'uuid': '6b756c9e6fc1dfa3',
 'weekdays': 'Venerdì'}
[2026-01-30T14:23:59.758+0000] {docker.py:429} INFO - 2026-01-30 14:23:59 [scrapy.core.engine] INFO: Closing spider (finished)
[2026-01-30T14:23:59.758+0000] {docker.py:429} INFO - 2026-01-30 14:23:59 [scrapy.extensions.feedexport] INFO: Stored json feed (11 items) in: /app/city_today/output/eventi_livorno_questa-settimana_20260130_142344.json
[2026-01-30T14:23:59.759+0000] {docker.py:429} INFO - 2026-01-30 14:23:59 [scrapy.statscollectors] INFO: Dumping Scrapy stats:
{'downloader/request_bytes': 5512,
 'downloader/request_count': 13,
 'downloader/request_method_count/GET': 13,
 'downloader/response_bytes': 1840535,
 'downloader/response_count': 13,
 'downloader/response_status_count/200': 13,
 'elapsed_time_seconds': 15.224649,
 'feedexport/success_count/FileFeedStorage': 1,
 'finish_reason': 'finished',
 'finish_time': datetime.datetime(2026, 1, 30, 14, 23, 59, 757248, tzinfo=datetime.timezone.utc),
 'httpcompression/response_bytes': 9845314,
 'httpcompression/response_count': 13,
 'item_scraped_count': 11,
 'items_per_city/Livorno': 11,
 'items_per_minute': 44.0,
 'log_count/DEBUG': 24,
 'log_count/INFO': 3,
 'memusage/max': 69025792,
 'memusage/startup': 69025792,
 'request_depth_max': 1,
 'response_received_count': 13,
 'responses_per_minute': 52.0,
 'robotstxt/request_count': 1,
 'robotstxt/response_count': 1,
 'robotstxt/response_status_count/200': 1,
 'scheduler/dequeued': 12,
 'scheduler/dequeued/memory': 12,
 'scheduler/enqueued': 12,
 'scheduler/enqueued/memory': 12,
 'start_time': datetime.datetime(2026, 1, 30, 14, 23, 44, 532599, tzinfo=datetime.timezone.utc)}
2026-01-30 14:23:59 [scrapy.core.engine] INFO: Spider closed (finished)
[2026-01-30T14:23:59.877+0000] {docker.py:429} INFO - Scraping completato. File: /app/city_today/output/eventi_livorno_questa-settimana_20260130_142344.json
[2026-01-30T14:24:00.166+0000] {taskinstance.py:1138} INFO - Marking task as SUCCESS. dag_id=etl_events_daily, task_id=process_livorno.scrape_city_today, execution_date=20260129T060000, start_date=20260130T142343, end_date=20260130T142400
[2026-01-30T14:24:00.207+0000] {local_task_job_runner.py:234} INFO - Task exited with return code 0
[2026-01-30T14:24:00.252+0000] {taskinstance.py:3280} INFO - 0 downstream tasks scheduled from follow-on schedule check
