[2026-02-02T19:46:22.435+0000] {taskinstance.py:1956} INFO - Dependencies all met for dep_context=non-requeueable deps ti=<TaskInstance: etl_events_daily.process_padova.scrape_city_today scheduled__2026-02-01T06:00:00+00:00 [queued]>
[2026-02-02T19:46:22.447+0000] {taskinstance.py:1956} INFO - Dependencies all met for dep_context=requeueable deps ti=<TaskInstance: etl_events_daily.process_padova.scrape_city_today scheduled__2026-02-01T06:00:00+00:00 [queued]>
[2026-02-02T19:46:22.448+0000] {taskinstance.py:2170} INFO - Starting attempt 1 of 4
[2026-02-02T19:46:22.459+0000] {taskinstance.py:2191} INFO - Executing <Task(FilterableDockerOperator): process_padova.scrape_city_today> on 2026-02-01 06:00:00+00:00
[2026-02-02T19:46:22.463+0000] {standard_task_runner.py:60} INFO - Started process 324 to run task
[2026-02-02T19:46:22.465+0000] {standard_task_runner.py:87} INFO - Running: ['airflow', 'tasks', 'run', 'etl_events_daily', 'process_padova.scrape_city_today', 'scheduled__2026-02-01T06:00:00+00:00', '--job-id', '425', '--raw', '--subdir', 'DAGS_FOLDER/scrape_events.py', '--cfg-path', '/tmp/tmptvrpvh_m']
[2026-02-02T19:46:22.467+0000] {standard_task_runner.py:88} INFO - Job 425: Subtask process_padova.scrape_city_today
[2026-02-02T19:46:22.489+0000] {logging_mixin.py:188} WARNING - /home/airflow/.local/lib/python3.11/site-packages/airflow/settings.py:194 DeprecationWarning: The sql_alchemy_conn option in [core] has been moved to the sql_alchemy_conn option in [database] - the old setting has been used, but please update your config.
[2026-02-02T19:46:22.544+0000] {task_command.py:423} INFO - Running <TaskInstance: etl_events_daily.process_padova.scrape_city_today scheduled__2026-02-01T06:00:00+00:00 [running]> on host d1594f2b36ec
[2026-02-02T19:46:22.671+0000] {taskinstance.py:2480} INFO - Exporting env vars: AIRFLOW_CTX_DAG_OWNER='airflow' AIRFLOW_CTX_DAG_ID='etl_events_daily' AIRFLOW_CTX_TASK_ID='process_padova.scrape_city_today' AIRFLOW_CTX_EXECUTION_DATE='2026-02-01T06:00:00+00:00' AIRFLOW_CTX_TRY_NUMBER='1' AIRFLOW_CTX_DAG_RUN_ID='scheduled__2026-02-01T06:00:00+00:00'
[2026-02-02T19:46:22.692+0000] {docker.py:359} INFO - Starting docker container from image scrapy-events:latest
[2026-02-02T19:46:22.697+0000] {docker.py:367} WARNING - Using remote engine or docker-in-docker and mounting temporary volume from host is not supported. Falling back to `mount_tmp_dir=False` mode. You can set `mount_tmp_dir` parameter to False to disable mounting and remove the warning
[2026-02-02T19:46:23.251+0000] {docker.py:429} INFO - Avvio scraping per: Padova
Periodo: questa-settimana
[2026-02-02T19:46:23.254+0000] {docker.py:429} INFO - 2026-02-02 19:46:23 [scrapy.utils.log] INFO: Scrapy 2.14.1 started (bot: events)
[2026-02-02T19:46:23.261+0000] {docker.py:429} INFO - 2026-02-02 19:46:23 [scrapy.utils.log] INFO: Versions:
{'lxml': '6.0.2',
 'libxml2': '2.14.6',
 'cssselect': '1.3.0',
 'parsel': '1.10.0',
 'w3lib': '2.3.1',
 'Twisted': '25.5.0',
 'Python': '3.11.14 (main, Jan 13 2026, 03:12:14) [GCC 14.2.0]',
 'pyOpenSSL': '25.3.0 (OpenSSL 3.5.4 30 Sep 2025)',
 'cryptography': '46.0.3',
 'Platform': 'Linux-6.12.54-linuxkit-x86_64-with-glibc2.41'}
2026-02-02 19:46:23 [scrapy.crawler] DEBUG: Using CrawlerProcess
[2026-02-02T19:46:23.263+0000] {docker.py:429} INFO - 2026-02-02 19:46:23 [events] INFO: Scraping città: Padova
2026-02-02 19:46:23 [events] INFO: Periodo: questa-settimana (2026-02-02 - 2026-02-08)
[2026-02-02T19:46:23.263+0000] {docker.py:429} INFO - 2026-02-02 19:46:23 [scrapy.addons] INFO: Enabled addons:
[]
[2026-02-02T19:46:23.277+0000] {docker.py:429} INFO - 2026-02-02 19:46:23 [asyncio] DEBUG: Using selector: EpollSelector
[2026-02-02T19:46:23.278+0000] {docker.py:429} INFO - 2026-02-02 19:46:23 [scrapy.utils.log] DEBUG: Using reactor: twisted.internet.asyncioreactor.AsyncioSelectorReactor
2026-02-02 19:46:23 [scrapy.utils.log] DEBUG: Using asyncio event loop: asyncio.unix_events._UnixSelectorEventLoop
[2026-02-02T19:46:23.283+0000] {docker.py:429} INFO - 2026-02-02 19:46:23 [scrapy.extensions.telnet] INFO: Telnet Password: cfa1c77349dbee8d
[2026-02-02T19:46:23.327+0000] {docker.py:429} INFO - 2026-02-02 19:46:23 [scrapy.middleware] INFO: Enabled extensions:
['scrapy.extensions.corestats.CoreStats',
 'scrapy.extensions.logcount.LogCount',
 'scrapy.extensions.telnet.TelnetConsole',
 'scrapy.extensions.memusage.MemoryUsage',
 'scrapy.extensions.feedexport.FeedExporter',
 'scrapy.extensions.logstats.LogStats']
[2026-02-02T19:46:23.333+0000] {docker.py:429} INFO - 2026-02-02 19:46:23 [scrapy.crawler] INFO: Overridden settings:
{'BOT_NAME': 'events',
 'CONCURRENT_REQUESTS': 2,
 'CONCURRENT_REQUESTS_PER_DOMAIN': 1,
 'DOWNLOAD_DELAY': 1,
 'FEED_EXPORT_ENCODING': 'utf-8',
 'NEWSPIDER_MODULE': 'events.spiders',
 'ROBOTSTXT_OBEY': True,
 'SPIDER_MODULES': ['events.spiders'],
 'USER_AGENT': 'Mozilla/5.0 (Macintosh; Intel Mac OS X 10_15_7) '
               'AppleWebKit/537.36 (KHTML, like Gecko) Chrome/120.0.0.0 '
               'Safari/537.36'}
[2026-02-02T19:46:23.385+0000] {docker.py:429} INFO - 2026-02-02 19:46:23 [scrapy.middleware] INFO: Enabled downloader middlewares:
['scrapy.downloadermiddlewares.offsite.OffsiteMiddleware',
 'scrapy.downloadermiddlewares.robotstxt.RobotsTxtMiddleware',
 'scrapy.downloadermiddlewares.httpauth.HttpAuthMiddleware',
 'scrapy.downloadermiddlewares.downloadtimeout.DownloadTimeoutMiddleware',
 'scrapy.downloadermiddlewares.defaultheaders.DefaultHeadersMiddleware',
 'scrapy.downloadermiddlewares.useragent.UserAgentMiddleware',
 'scrapy.downloadermiddlewares.retry.RetryMiddleware',
 'scrapy.downloadermiddlewares.redirect.MetaRefreshMiddleware',
 'scrapy.downloadermiddlewares.httpcompression.HttpCompressionMiddleware',
 'scrapy.downloadermiddlewares.redirect.RedirectMiddleware',
 'scrapy.downloadermiddlewares.cookies.CookiesMiddleware',
 'scrapy.downloadermiddlewares.httpproxy.HttpProxyMiddleware',
 'scrapy.downloadermiddlewares.stats.DownloaderStats']
[2026-02-02T19:46:23.387+0000] {docker.py:429} INFO - 2026-02-02 19:46:23 [scrapy.middleware] INFO: Enabled spider middlewares:
['scrapy.spidermiddlewares.start.StartSpiderMiddleware',
 'scrapy.spidermiddlewares.httperror.HttpErrorMiddleware',
 'scrapy.spidermiddlewares.referer.RefererMiddleware',
 'scrapy.spidermiddlewares.urllength.UrlLengthMiddleware',
 'scrapy.spidermiddlewares.depth.DepthMiddleware']
[2026-02-02T19:46:23.388+0000] {docker.py:429} INFO - 2026-02-02 19:46:23 [scrapy.middleware] INFO: Enabled item pipelines:
[]
[2026-02-02T19:46:23.388+0000] {docker.py:429} INFO - Output file: /app/city_today/output/eventi_padova_questa-settimana_20260202_194623.json
[2026-02-02T19:46:23.388+0000] {docker.py:429} INFO - 2026-02-02 19:46:23 [scrapy.core.engine] INFO: Spider opened
[2026-02-02T19:46:23.396+0000] {docker.py:429} INFO - 2026-02-02 19:46:23 [scrapy.extensions.logstats] INFO: Crawled 0 pages (at 0 pages/min), scraped 0 items (at 0 items/min)
[2026-02-02T19:46:23.397+0000] {docker.py:429} INFO - 2026-02-02 19:46:23 [scrapy.extensions.telnet] INFO: Telnet console listening on 127.0.0.1:6023
[2026-02-02T19:46:23.538+0000] {docker.py:429} INFO - 2026-02-02 19:46:23 [scrapy.core.downloader.tls] WARNING: Remote certificate is not valid for hostname "www.padovatoday.it"; VerificationError(errors=[DNSMismatch(mismatched_id=DNS_ID(hostname=b'www.padovatoday.it'))])
[2026-02-02T19:46:23.588+0000] {docker.py:429} INFO - 2026-02-02 19:46:23 [scrapy.downloadermiddlewares.redirect] DEBUG: Redirecting (301) to <GET https://www.padovaoggi.it/robots.txt> from <GET https://www.padovatoday.it/robots.txt>
[2026-02-02T19:46:23.589+0000] {docker.py:429} INFO - 2026-02-02 19:46:23 [scrapy.downloadermiddlewares.offsite] DEBUG: Filtered offsite request to 'www.padovaoggi.it': <GET https://www.padovaoggi.it/robots.txt>
[2026-02-02T19:46:24.654+0000] {docker.py:429} INFO - 2026-02-02 19:46:24 [scrapy.downloadermiddlewares.redirect] DEBUG: Redirecting (301) to <GET https://www.padovaoggi.it/eventi/dal/2026-02-02/al/2026-02-08/> from <GET https://www.padovatoday.it/eventi/dal/2026-02-02/al/2026-02-08/>
[2026-02-02T19:46:26.275+0000] {docker.py:429} INFO - 2026-02-02 19:46:26 [scrapy.core.engine] DEBUG: Crawled (200) <GET https://www.padovaoggi.it/eventi/dal/2026-02-02/al/2026-02-08/> (referer: None)
[2026-02-02T19:46:26.431+0000] {docker.py:429} INFO - 2026-02-02 19:46:26 [scrapy.core.engine] INFO: Closing spider (finished)
[2026-02-02T19:46:26.434+0000] {docker.py:429} INFO - 2026-02-02 19:46:26 [scrapy.extensions.feedexport] INFO: Stored json feed (0 items) in: /app/city_today/output/eventi_padova_questa-settimana_20260202_194623.json
[2026-02-02T19:46:26.436+0000] {docker.py:429} INFO - 2026-02-02 19:46:26 [scrapy.statscollectors] INFO: Dumping Scrapy stats:
{'downloader/exception_count': 2,
 'downloader/exception_type_count/scrapy.exceptions.IgnoreRequest': 2,
 'downloader/request_bytes': 984,
 'downloader/request_count': 3,
 'downloader/request_method_count/GET': 3,
 'downloader/response_bytes': 142999,
 'downloader/response_count': 3,
 'downloader/response_status_count/200': 1,
 'downloader/response_status_count/301': 2,
 'elapsed_time_seconds': 3.036535,
 'feedexport/success_count/FileFeedStorage': 1,
 'finish_reason': 'finished',
 'finish_time': datetime.datetime(2026, 2, 2, 19, 46, 26, 430920, tzinfo=datetime.timezone.utc),
 'httpcompression/response_bytes': 813306,
 'httpcompression/response_count': 1,
 'items_per_minute': 0.0,
 'log_count/DEBUG': 4,
 'log_count/INFO': 3,
 'log_count/WARNING': 1,
 'memusage/max': 68481024,
 'memusage/startup': 68481024,
 'offsite/domains': 1,
 'offsite/filtered': 41,
 'request_depth_max': 1,
 'response_received_count': 1,
 'responses_per_minute': 20.0,
 'robotstxt/request_count': 2,
 'scheduler/dequeued': 2,
 'scheduler/dequeued/memory': 2,
 'scheduler/enqueued': 2,
 'scheduler/enqueued/memory': 2,
 'start_time': datetime.datetime(2026, 2, 2, 19, 46, 23, 394385, tzinfo=datetime.timezone.utc)}
2026-02-02 19:46:26 [scrapy.core.engine] INFO: Spider closed (finished)
[2026-02-02T19:46:26.479+0000] {docker.py:429} INFO - Scraping completato. File: /app/city_today/output/eventi_padova_questa-settimana_20260202_194623.json
[2026-02-02T19:46:26.805+0000] {taskinstance.py:1138} INFO - Marking task as SUCCESS. dag_id=etl_events_daily, task_id=process_padova.scrape_city_today, execution_date=20260201T060000, start_date=20260202T194622, end_date=20260202T194626
[2026-02-02T19:46:26.901+0000] {local_task_job_runner.py:234} INFO - Task exited with return code 0
[2026-02-02T19:46:26.999+0000] {taskinstance.py:3280} INFO - 0 downstream tasks scheduled from follow-on schedule check
