[2026-01-29T18:20:01.263+0000] {taskinstance.py:1956} INFO - Dependencies all met for dep_context=non-requeueable deps ti=<TaskInstance: etl_events_daily.process_sondrio.scrape_city_today scheduled__2026-01-28T06:00:00+00:00 [queued]>
[2026-01-29T18:20:01.310+0000] {taskinstance.py:1956} INFO - Dependencies all met for dep_context=requeueable deps ti=<TaskInstance: etl_events_daily.process_sondrio.scrape_city_today scheduled__2026-01-28T06:00:00+00:00 [queued]>
[2026-01-29T18:20:01.311+0000] {taskinstance.py:2170} INFO - Starting attempt 1 of 4
[2026-01-29T18:20:01.334+0000] {taskinstance.py:2191} INFO - Executing <Task(FilterableDockerOperator): process_sondrio.scrape_city_today> on 2026-01-28 06:00:00+00:00
[2026-01-29T18:20:01.342+0000] {standard_task_runner.py:60} INFO - Started process 217 to run task
[2026-01-29T18:20:01.360+0000] {standard_task_runner.py:87} INFO - Running: ['airflow', 'tasks', 'run', 'etl_events_daily', 'process_sondrio.scrape_city_today', 'scheduled__2026-01-28T06:00:00+00:00', '--job-id', '221', '--raw', '--subdir', 'DAGS_FOLDER/scrape_events.py', '--cfg-path', '/tmp/tmp4xuz2_ab']
[2026-01-29T18:20:01.367+0000] {standard_task_runner.py:88} INFO - Job 221: Subtask process_sondrio.scrape_city_today
[2026-01-29T18:20:01.486+0000] {logging_mixin.py:188} WARNING - /home/airflow/.local/lib/python3.11/site-packages/airflow/settings.py:194 DeprecationWarning: The sql_alchemy_conn option in [core] has been moved to the sql_alchemy_conn option in [database] - the old setting has been used, but please update your config.
[2026-01-29T18:20:01.768+0000] {task_command.py:423} INFO - Running <TaskInstance: etl_events_daily.process_sondrio.scrape_city_today scheduled__2026-01-28T06:00:00+00:00 [running]> on host a9aac56aef94
[2026-01-29T18:20:02.188+0000] {taskinstance.py:2480} INFO - Exporting env vars: AIRFLOW_CTX_DAG_OWNER='airflow' AIRFLOW_CTX_DAG_ID='etl_events_daily' AIRFLOW_CTX_TASK_ID='process_sondrio.scrape_city_today' AIRFLOW_CTX_EXECUTION_DATE='2026-01-28T06:00:00+00:00' AIRFLOW_CTX_TRY_NUMBER='1' AIRFLOW_CTX_DAG_RUN_ID='scheduled__2026-01-28T06:00:00+00:00'
[2026-01-29T18:20:02.276+0000] {docker.py:359} INFO - Starting docker container from image scrapy-events:latest
[2026-01-29T18:20:02.298+0000] {docker.py:367} WARNING - Using remote engine or docker-in-docker and mounting temporary volume from host is not supported. Falling back to `mount_tmp_dir=False` mode. You can set `mount_tmp_dir` parameter to False to disable mounting and remove the warning
[2026-01-29T18:20:03.966+0000] {docker.py:429} INFO - Avvio scraping per: Sondrio
Periodo: questa-settimana
[2026-01-29T18:20:03.972+0000] {docker.py:429} INFO - 2026-01-29 18:20:03 [scrapy.utils.log] INFO: Scrapy 2.14.1 started (bot: events)
[2026-01-29T18:20:03.980+0000] {docker.py:429} INFO - 2026-01-29 18:20:03 [scrapy.utils.log] INFO: Versions:
{'lxml': '6.0.2',
 'libxml2': '2.14.6',
 'cssselect': '1.3.0',
 'parsel': '1.10.0',
 'w3lib': '2.3.1',
 'Twisted': '25.5.0',
 'Python': '3.11.14 (main, Jan 13 2026, 03:12:14) [GCC 14.2.0]',
 'pyOpenSSL': '25.3.0 (OpenSSL 3.5.4 30 Sep 2025)',
 'cryptography': '46.0.3',
 'Platform': 'Linux-6.12.54-linuxkit-x86_64-with-glibc2.41'}
[2026-01-29T18:20:03.981+0000] {docker.py:429} INFO - 2026-01-29 18:20:03 [scrapy.crawler] DEBUG: Using CrawlerProcess
[2026-01-29T18:20:03.982+0000] {docker.py:429} INFO - 2026-01-29 18:20:03 [events] INFO: Scraping città: Sondrio
[2026-01-29T18:20:03.983+0000] {docker.py:429} INFO - 2026-01-29 18:20:03 [events] INFO: Periodo: questa-settimana (2026-01-29 - 2026-02-01)
[2026-01-29T18:20:03.983+0000] {docker.py:429} INFO - 2026-01-29 18:20:03 [scrapy.addons] INFO: Enabled addons:
[]
[2026-01-29T18:20:03.985+0000] {docker.py:429} INFO - 2026-01-29 18:20:03 [asyncio] DEBUG: Using selector: EpollSelector
[2026-01-29T18:20:03.985+0000] {docker.py:429} INFO - 2026-01-29 18:20:03 [scrapy.utils.log] DEBUG: Using reactor: twisted.internet.asyncioreactor.AsyncioSelectorReactor
2026-01-29 18:20:03 [scrapy.utils.log] DEBUG: Using asyncio event loop: asyncio.unix_events._UnixSelectorEventLoop
[2026-01-29T18:20:03.991+0000] {docker.py:429} INFO - 2026-01-29 18:20:03 [scrapy.extensions.telnet] INFO: Telnet Password: 7784f6968b72652e
[2026-01-29T18:20:04.279+0000] {docker.py:429} INFO - 2026-01-29 18:20:04 [scrapy.middleware] INFO: Enabled extensions:
['scrapy.extensions.corestats.CoreStats',
 'scrapy.extensions.logcount.LogCount',
 'scrapy.extensions.telnet.TelnetConsole',
 'scrapy.extensions.memusage.MemoryUsage',
 'scrapy.extensions.feedexport.FeedExporter',
 'scrapy.extensions.logstats.LogStats']
2026-01-29 18:20:04 [scrapy.crawler] INFO: Overridden settings:
{'BOT_NAME': 'events',
 'CONCURRENT_REQUESTS': 2,
 'CONCURRENT_REQUESTS_PER_DOMAIN': 1,
 'DOWNLOAD_DELAY': 1,
 'FEED_EXPORT_ENCODING': 'utf-8',
 'NEWSPIDER_MODULE': 'events.spiders',
 'ROBOTSTXT_OBEY': True,
 'SPIDER_MODULES': ['events.spiders'],
 'USER_AGENT': 'Mozilla/5.0 (Macintosh; Intel Mac OS X 10_15_7) '
               'AppleWebKit/537.36 (KHTML, like Gecko) Chrome/120.0.0.0 '
               'Safari/537.36'}
[2026-01-29T18:20:04.653+0000] {docker.py:429} INFO - 2026-01-29 18:20:04 [scrapy.middleware] INFO: Enabled downloader middlewares:
['scrapy.downloadermiddlewares.offsite.OffsiteMiddleware',
 'scrapy.downloadermiddlewares.robotstxt.RobotsTxtMiddleware',
 'scrapy.downloadermiddlewares.httpauth.HttpAuthMiddleware',
 'scrapy.downloadermiddlewares.downloadtimeout.DownloadTimeoutMiddleware',
 'scrapy.downloadermiddlewares.defaultheaders.DefaultHeadersMiddleware',
 'scrapy.downloadermiddlewares.useragent.UserAgentMiddleware',
 'scrapy.downloadermiddlewares.retry.RetryMiddleware',
 'scrapy.downloadermiddlewares.redirect.MetaRefreshMiddleware',
 'scrapy.downloadermiddlewares.httpcompression.HttpCompressionMiddleware',
 'scrapy.downloadermiddlewares.redirect.RedirectMiddleware',
 'scrapy.downloadermiddlewares.cookies.CookiesMiddleware',
 'scrapy.downloadermiddlewares.httpproxy.HttpProxyMiddleware',
 'scrapy.downloadermiddlewares.stats.DownloaderStats']
[2026-01-29T18:20:04.661+0000] {docker.py:429} INFO - 2026-01-29 18:20:04 [scrapy.middleware] INFO: Enabled spider middlewares:
['scrapy.spidermiddlewares.start.StartSpiderMiddleware',
 'scrapy.spidermiddlewares.httperror.HttpErrorMiddleware',
 'scrapy.spidermiddlewares.referer.RefererMiddleware',
 'scrapy.spidermiddlewares.urllength.UrlLengthMiddleware',
 'scrapy.spidermiddlewares.depth.DepthMiddleware']
[2026-01-29T18:20:04.664+0000] {docker.py:429} INFO - 2026-01-29 18:20:04 [scrapy.middleware] INFO: Enabled item pipelines:
[]
[2026-01-29T18:20:04.669+0000] {docker.py:429} INFO - Output file: /app/city_today/output/eventi_sondrio_questa-settimana_20260129_182003.json
[2026-01-29T18:20:04.671+0000] {docker.py:429} INFO - 
[2026-01-29T18:20:04.674+0000] {docker.py:429} INFO - 2026-01-29 18:20:04 [scrapy.core.engine] INFO: Spider opened
[2026-01-29T18:20:04.692+0000] {docker.py:429} INFO - 2026-01-29 18:20:04 [scrapy.extensions.logstats] INFO: Crawled 0 pages (at 0 pages/min), scraped 0 items (at 0 items/min)
[2026-01-29T18:20:04.693+0000] {docker.py:429} INFO - 2026-01-29 18:20:04 [scrapy.extensions.telnet] INFO: Telnet console listening on 127.0.0.1:6023
[2026-01-29T18:20:06.435+0000] {docker.py:429} INFO - 2026-01-29 18:20:06 [scrapy.core.engine] DEBUG: Crawled (200) <GET https://www.sondriotoday.it/robots.txt> (referer: None)
[2026-01-29T18:20:09.117+0000] {docker.py:429} INFO - 2026-01-29 18:20:09 [scrapy.core.engine] DEBUG: Crawled (200) <GET https://www.sondriotoday.it/eventi/dal/2026-01-29/al/2026-02-01/> (referer: None)
[2026-01-29T18:20:09.224+0000] {docker.py:429} INFO - 2026-01-29 18:20:09 [scrapy.core.engine] INFO: Closing spider (finished)
[2026-01-29T18:20:09.227+0000] {docker.py:429} INFO - 2026-01-29 18:20:09 [scrapy.extensions.feedexport] INFO: Stored json feed (0 items) in: /app/city_today/output/eventi_sondrio_questa-settimana_20260129_182003.json
[2026-01-29T18:20:09.228+0000] {docker.py:429} INFO - 2026-01-29 18:20:09 [scrapy.statscollectors] INFO: Dumping Scrapy stats:
{'downloader/request_bytes': 650,
 'downloader/request_count': 2,
 'downloader/request_method_count/GET': 2,
 'downloader/response_bytes': 129188,
 'downloader/response_count': 2,
 'downloader/response_status_count/200': 2,
 'elapsed_time_seconds': 4.538316,
 'feedexport/success_count/FileFeedStorage': 1,
 'finish_reason': 'finished',
 'finish_time': datetime.datetime(2026, 1, 29, 18, 20, 9, 223476, tzinfo=datetime.timezone.utc),
 'httpcompression/response_bytes': 596886,
 'httpcompression/response_count': 2,
 'items_per_minute': 0.0,
 'log_count/DEBUG': 2,
 'log_count/INFO': 3,
 'memusage/max': 67874816,
 'memusage/startup': 67874816,
 'response_received_count': 2,
 'responses_per_minute': 30.0,
 'robotstxt/request_count': 1,
 'robotstxt/response_count': 1,
 'robotstxt/response_status_count/200': 1,
 'scheduler/dequeued': 1,
 'scheduler/dequeued/memory': 1,
 'scheduler/enqueued': 1,
 'scheduler/enqueued/memory': 1,
 'start_time': datetime.datetime(2026, 1, 29, 18, 20, 4, 685160, tzinfo=datetime.timezone.utc)}
2026-01-29 18:20:09 [scrapy.core.engine] INFO: Spider closed (finished)
[2026-01-29T18:20:09.784+0000] {docker.py:429} INFO - Scraping completato. File: /app/city_today/output/eventi_sondrio_questa-settimana_20260129_182003.json
[2026-01-29T18:20:10.155+0000] {taskinstance.py:1138} INFO - Marking task as SUCCESS. dag_id=etl_events_daily, task_id=process_sondrio.scrape_city_today, execution_date=20260128T060000, start_date=20260129T182001, end_date=20260129T182010
[2026-01-29T18:20:10.190+0000] {local_task_job_runner.py:234} INFO - Task exited with return code 0
[2026-01-29T18:20:10.240+0000] {taskinstance.py:3280} INFO - 0 downstream tasks scheduled from follow-on schedule check
