[2026-02-02T19:44:51.788+0000] {taskinstance.py:1956} INFO - Dependencies all met for dep_context=non-requeueable deps ti=<TaskInstance: etl_events_daily.process_agrigento.scrape_city_today scheduled__2026-02-01T06:00:00+00:00 [queued]>
[2026-02-02T19:44:51.820+0000] {taskinstance.py:1956} INFO - Dependencies all met for dep_context=requeueable deps ti=<TaskInstance: etl_events_daily.process_agrigento.scrape_city_today scheduled__2026-02-01T06:00:00+00:00 [queued]>
[2026-02-02T19:44:51.821+0000] {taskinstance.py:2170} INFO - Starting attempt 1 of 4
[2026-02-02T19:44:51.843+0000] {taskinstance.py:2191} INFO - Executing <Task(FilterableDockerOperator): process_agrigento.scrape_city_today> on 2026-02-01 06:00:00+00:00
[2026-02-02T19:44:51.856+0000] {standard_task_runner.py:60} INFO - Started process 217 to run task
[2026-02-02T19:44:51.860+0000] {standard_task_runner.py:87} INFO - Running: ['airflow', 'tasks', 'run', 'etl_events_daily', 'process_agrigento.scrape_city_today', 'scheduled__2026-02-01T06:00:00+00:00', '--job-id', '386', '--raw', '--subdir', 'DAGS_FOLDER/scrape_events.py', '--cfg-path', '/tmp/tmp_23s072g']
[2026-02-02T19:44:51.869+0000] {standard_task_runner.py:88} INFO - Job 386: Subtask process_agrigento.scrape_city_today
[2026-02-02T19:44:51.908+0000] {logging_mixin.py:188} WARNING - /home/airflow/.local/lib/python3.11/site-packages/airflow/settings.py:194 DeprecationWarning: The sql_alchemy_conn option in [core] has been moved to the sql_alchemy_conn option in [database] - the old setting has been used, but please update your config.
[2026-02-02T19:44:52.005+0000] {task_command.py:423} INFO - Running <TaskInstance: etl_events_daily.process_agrigento.scrape_city_today scheduled__2026-02-01T06:00:00+00:00 [running]> on host d1594f2b36ec
[2026-02-02T19:44:52.282+0000] {taskinstance.py:2480} INFO - Exporting env vars: AIRFLOW_CTX_DAG_OWNER='airflow' AIRFLOW_CTX_DAG_ID='etl_events_daily' AIRFLOW_CTX_TASK_ID='process_agrigento.scrape_city_today' AIRFLOW_CTX_EXECUTION_DATE='2026-02-01T06:00:00+00:00' AIRFLOW_CTX_TRY_NUMBER='1' AIRFLOW_CTX_DAG_RUN_ID='scheduled__2026-02-01T06:00:00+00:00'
[2026-02-02T19:44:52.375+0000] {docker.py:359} INFO - Starting docker container from image scrapy-events:latest
[2026-02-02T19:44:52.411+0000] {docker.py:367} WARNING - Using remote engine or docker-in-docker and mounting temporary volume from host is not supported. Falling back to `mount_tmp_dir=False` mode. You can set `mount_tmp_dir` parameter to False to disable mounting and remove the warning
[2026-02-02T19:44:54.824+0000] {docker.py:429} INFO - Avvio scraping per: Agrigento
Periodo: questa-settimana
[2026-02-02T19:44:54.825+0000] {docker.py:429} INFO - 2026-02-02 19:44:54 [scrapy.utils.log] INFO: Scrapy 2.14.1 started (bot: events)
[2026-02-02T19:44:54.840+0000] {docker.py:429} INFO - 2026-02-02 19:44:54 [scrapy.utils.log] INFO: Versions:
{'lxml': '6.0.2',
 'libxml2': '2.14.6',
 'cssselect': '1.3.0',
 'parsel': '1.10.0',
 'w3lib': '2.3.1',
 'Twisted': '25.5.0',
 'Python': '3.11.14 (main, Jan 13 2026, 03:12:14) [GCC 14.2.0]',
 'pyOpenSSL': '25.3.0 (OpenSSL 3.5.4 30 Sep 2025)',
 'cryptography': '46.0.3',
 'Platform': 'Linux-6.12.54-linuxkit-x86_64-with-glibc2.41'}
[2026-02-02T19:44:54.844+0000] {docker.py:429} INFO - 2026-02-02 19:44:54 [scrapy.crawler] DEBUG: Using CrawlerProcess
[2026-02-02T19:44:54.846+0000] {docker.py:429} INFO - 2026-02-02 19:44:54 [events] INFO: Scraping città: Agrigento
[2026-02-02T19:44:54.847+0000] {docker.py:429} INFO - 2026-02-02 19:44:54 [events] INFO: Periodo: questa-settimana (2026-02-02 - 2026-02-08)
[2026-02-02T19:44:54.849+0000] {docker.py:429} INFO - 2026-02-02 19:44:54 [scrapy.addons] INFO: Enabled addons:
[]
[2026-02-02T19:44:54.850+0000] {docker.py:429} INFO - 2026-02-02 19:44:54 [asyncio] DEBUG: Using selector: EpollSelector
[2026-02-02T19:44:54.850+0000] {docker.py:429} INFO - 2026-02-02 19:44:54 [scrapy.utils.log] DEBUG: Using reactor: twisted.internet.asyncioreactor.AsyncioSelectorReactor
[2026-02-02T19:44:54.851+0000] {docker.py:429} INFO - 2026-02-02 19:44:54 [scrapy.utils.log] DEBUG: Using asyncio event loop: asyncio.unix_events._UnixSelectorEventLoop
[2026-02-02T19:44:54.854+0000] {docker.py:429} INFO - 2026-02-02 19:44:54 [scrapy.extensions.telnet] INFO: Telnet Password: dfd612f44a6d37a8
[2026-02-02T19:44:55.012+0000] {docker.py:429} INFO - 2026-02-02 19:44:55 [scrapy.middleware] INFO: Enabled extensions:
['scrapy.extensions.corestats.CoreStats',
 'scrapy.extensions.logcount.LogCount',
 'scrapy.extensions.telnet.TelnetConsole',
 'scrapy.extensions.memusage.MemoryUsage',
 'scrapy.extensions.feedexport.FeedExporter',
 'scrapy.extensions.logstats.LogStats']
[2026-02-02T19:44:55.013+0000] {docker.py:429} INFO - 2026-02-02 19:44:55 [scrapy.crawler] INFO: Overridden settings:
{'BOT_NAME': 'events',
 'CONCURRENT_REQUESTS': 2,
 'CONCURRENT_REQUESTS_PER_DOMAIN': 1,
 'DOWNLOAD_DELAY': 1,
 'FEED_EXPORT_ENCODING': 'utf-8',
 'NEWSPIDER_MODULE': 'events.spiders',
 'ROBOTSTXT_OBEY': True,
 'SPIDER_MODULES': ['events.spiders'],
 'USER_AGENT': 'Mozilla/5.0 (Macintosh; Intel Mac OS X 10_15_7) '
               'AppleWebKit/537.36 (KHTML, like Gecko) Chrome/120.0.0.0 '
               'Safari/537.36'}
[2026-02-02T19:44:55.133+0000] {docker.py:429} INFO - 2026-02-02 19:44:55 [scrapy.middleware] INFO: Enabled downloader middlewares:
['scrapy.downloadermiddlewares.offsite.OffsiteMiddleware',
 'scrapy.downloadermiddlewares.robotstxt.RobotsTxtMiddleware',
 'scrapy.downloadermiddlewares.httpauth.HttpAuthMiddleware',
 'scrapy.downloadermiddlewares.downloadtimeout.DownloadTimeoutMiddleware',
 'scrapy.downloadermiddlewares.defaultheaders.DefaultHeadersMiddleware',
 'scrapy.downloadermiddlewares.useragent.UserAgentMiddleware',
 'scrapy.downloadermiddlewares.retry.RetryMiddleware',
 'scrapy.downloadermiddlewares.redirect.MetaRefreshMiddleware',
 'scrapy.downloadermiddlewares.httpcompression.HttpCompressionMiddleware',
 'scrapy.downloadermiddlewares.redirect.RedirectMiddleware',
 'scrapy.downloadermiddlewares.cookies.CookiesMiddleware',
 'scrapy.downloadermiddlewares.httpproxy.HttpProxyMiddleware',
 'scrapy.downloadermiddlewares.stats.DownloaderStats']
[2026-02-02T19:44:55.136+0000] {docker.py:429} INFO - 2026-02-02 19:44:55 [scrapy.middleware] INFO: Enabled spider middlewares:
['scrapy.spidermiddlewares.start.StartSpiderMiddleware',
 'scrapy.spidermiddlewares.httperror.HttpErrorMiddleware',
 'scrapy.spidermiddlewares.referer.RefererMiddleware',
 'scrapy.spidermiddlewares.urllength.UrlLengthMiddleware',
 'scrapy.spidermiddlewares.depth.DepthMiddleware']
[2026-02-02T19:44:55.138+0000] {docker.py:429} INFO - Output file: /app/city_today/output/eventi_agrigento_questa-settimana_20260202_194454.json
[2026-02-02T19:44:55.139+0000] {docker.py:429} INFO - 2026-02-02 19:44:55 [scrapy.middleware] INFO: Enabled item pipelines:
[]
[2026-02-02T19:44:55.139+0000] {docker.py:429} INFO - 2026-02-02 19:44:55 [scrapy.core.engine] INFO: Spider opened
[2026-02-02T19:44:55.149+0000] {docker.py:429} INFO - 2026-02-02 19:44:55 [scrapy.extensions.logstats] INFO: Crawled 0 pages (at 0 pages/min), scraped 0 items (at 0 items/min)
[2026-02-02T19:44:55.150+0000] {docker.py:429} INFO - 2026-02-02 19:44:55 [scrapy.extensions.telnet] INFO: Telnet console listening on 127.0.0.1:6023
[2026-02-02T19:44:55.329+0000] {docker.py:429} INFO - 2026-02-02 19:44:55 [scrapy.core.engine] DEBUG: Crawled (200) <GET https://www.agrigentonotizie.it/robots.txt> (referer: None)
[2026-02-02T19:44:56.823+0000] {docker.py:429} INFO - 2026-02-02 19:44:56 [scrapy.core.engine] DEBUG: Crawled (200) <GET https://www.agrigentonotizie.it/eventi/dal/2026-02-02/al/2026-02-08/> (referer: None)
[2026-02-02T19:44:57.199+0000] {docker.py:429} INFO - 2026-02-02 19:44:57 [scrapy.core.engine] DEBUG: Crawled (200) <GET https://www.agrigentonotizie.it/eventi/giovanni-floris-favara-5-febbraio-2026.html> (referer: https://www.agrigentonotizie.it/eventi/dal/2026-02-02/al/2026-02-08/)
[2026-02-02T19:44:57.317+0000] {docker.py:429} INFO - 2026-02-02 19:44:57 [scrapy.core.scraper] DEBUG: Scraped from <200 https://www.agrigentonotizie.it/eventi/giovanni-floris-favara-5-febbraio-2026.html>
{'category': ['Incontri'],
 'city': 'Agrigento',
 'city_id': None,
 'content_hash': '06a09e65d30513f2',
 'date_display': '5 febbraio 2026',
 'date_end': '2026-02-05',
 'date_start': '2026-02-05',
 'description': 'Un pomeriggio dedicato alla riflessione civile, alla parola e '
                'al racconto dell’Italia contemporanea. Giovedì 5 febbraio, al '
                'Castello Chiaramonte di Favara , Giovanni Floris presenta il '
                'suo ultimo libro “Asini che volano” in un incontro aperto '
                'alla cittadinanza inserito nel ciclo di iniziative culturali '
                '“Resistere ieri e oggi”. L’appuntamento è fissato per le '
                '16,30 e nasce dalla collaborazione tra la Fondazione Calogero '
                'Marrone, l’Anpi di Favara e Demea Eventi Culturali con il '
                'sostegno di enti e istituzioni regionali. Nel suo libro '
                'Floris costruisce un racconto che attraversa il presente del '
                'Paese intrecciando cronaca, osservazione sociale e memoria '
                'collettiva. “Asini che volano” è un titolo provocatorio, che '
                'richiama l’abitudine tutta italiana ad accettare '
                'l’impossibile come se fosse normale, invitando il lettore a '
                'interrogarsi su realtà, consenso e responsabilità. A moderare '
                'l’incontro sarà Gabriella Bruccoleri. Dialogheranno con '
                'l’autore Antonio Palumbo, presidente della Fondazione '
                'Marrone; Rosario Manganella, vice presidente della stessa '
                'Fondazione e Carmelo Castronovo per l’Anpi di Favara. La '
                'serata sarà arricchita da interventi musicali di Giuseppe '
                'Calabrese e da letture affidate a Gaetano Aronica.',
 'event_id': 'giovanni-floris-favara-5-febbraio-2026',
 'image_url': '//citynews-agrigentonotizie.stgy.ovh/~media/horizontal-low/1705770629042/giovanni-floris.jpg',
 'location_address': 'Piazza Cavour',
 'location_name': 'Castello Chiaramonte',
 'price': 'Gratis',
 'raw_data': {'detail': {'altre_informazioni': {'raw_text': 'Altre '
                                                            'informazioni',
                                                'website': None},
                         'descrizione': 'Un pomeriggio dedicato alla '
                                        'riflessione civile, alla parola e al '
                                        'racconto dell’Italia contemporanea. '
                                        'Giovedì 5 febbraio, al Castello '
                                        'Chiaramonte di Favara , Giovanni '
                                        'Floris presenta il suo ultimo libro '
                                        '“Asini che volano” in un incontro '
                                        'aperto alla cittadinanza inserito nel '
                                        'ciclo di iniziative culturali '
                                        '“Resistere ieri e oggi”. '
                                        'L’appuntamento è fissato per le 16,30 '
                                        'e nasce dalla collaborazione tra la '
                                        'Fondazione Calogero Marrone, l’Anpi '
                                        'di Favara e Demea Eventi Culturali '
                                        'con il sostegno di enti e istituzioni '
                                        'regionali. Nel suo libro Floris '
                                        'costruisce un racconto che attraversa '
                                        'il presente del Paese intrecciando '
                                        'cronaca, osservazione sociale e '
                                        'memoria collettiva. “Asini che '
                                        'volano” è un titolo provocatorio, che '
                                        'richiama l’abitudine tutta italiana '
                                        'ad accettare l’impossibile come se '
                                        'fosse normale, invitando il lettore a '
                                        'interrogarsi su realtà, consenso e '
                                        'responsabilità. A moderare l’incontro '
                                        'sarà Gabriella Bruccoleri. '
                                        'Dialogheranno con l’autore Antonio '
                                        'Palumbo, presidente della Fondazione '
                                        'Marrone; Rosario Manganella, vice '
                                        'presidente della stessa Fondazione e '
                                        'Carmelo Castronovo per l’Anpi di '
                                        'Favara. La serata sarà arricchita da '
                                        'interventi musicali di Giuseppe '
                                        'Calabrese e da letture affidate a '
                                        'Gaetano Aronica.',
                         'dove': {'address': 'Piazza Cavour',
                                  'name': 'Castello Chiaramonte',
                                  'raw_text': 'Dove Castello Chiaramonte '
                                              'Piazza Cavour Favara'},
                         'image': '//citynews-agrigentonotizie.stgy.ovh/~media/horizontal-low/1705770629042/giovanni-floris.jpg',
                         'prezzo': 'Gratis',
                         'quando': {'date_end': '2026-02-05',
                                    'date_start': '2026-02-05',
                                    'raw_text': 'Quando Dal 05/02/2026 al '
                                                '05/02/2026 16:30',
                                    'schedule': '16:30'}},
              'list': {'category': 'Incontri',
                       'date': '5 febbraio 2026',
                       'image': '//citynews-agrigentonotizie.stgy.ovh/~media/horizontal-mid/1705770629042/giovanni-floris.jpg',
                       'location': 'Castello Chiaramonte',
                       'stars': 5,
                       'title': 'Giovanni Floris arriva a Favara: al castello '
                                'la presentazione di "Asini che volano"'}},
 'scraped_at': '2026-02-02T19:44:57.315640',
 'source': 'city_today',
 'title': 'Giovanni Floris arriva a Favara: al castello la presentazione di '
          '"Asini che volano"',
 'url': 'https://www.agrigentonotizie.it/eventi/giovanni-floris-favara-5-febbraio-2026.html',
 'uuid': '7c9812b42ad01741',
 'website': None}
[2026-02-02T19:44:59.210+0000] {docker.py:429} INFO - 2026-02-02 19:44:59 [scrapy.core.engine] DEBUG: Crawled (200) <GET https://www.agrigentonotizie.it/eventi/insulae-aqua-mostra-berengo-gardin-fabbriche-chiaramontane.html> (referer: https://www.agrigentonotizie.it/eventi/dal/2026-02-02/al/2026-02-08/)
[2026-02-02T19:44:59.322+0000] {docker.py:429} INFO - 2026-02-02 19:44:59 [scrapy.core.scraper] DEBUG: Scraped from <200 https://www.agrigentonotizie.it/eventi/insulae-aqua-mostra-berengo-gardin-fabbriche-chiaramontane.html>
{'category': ['Mostre'],
 'city': 'Agrigento',
 'city_id': None,
 'content_hash': 'e63acebaac91ec8a',
 'date_display': 'dal 12 dicembre 2025 al 8 marzo 2026',
 'date_end': '2026-03-08',
 'date_start': '2025-12-12',
 'description': 'Agrigento ospita la prima esposizione pubblica dedicata a '
                'Gianni Berengo Gardin dopo la sua scomparsa. Dal 13 dicembre '
                '2025 all’8 marzo 2026 le Fabbriche Chiaramontane di Agrigento '
                'ospitano la mostra “Insulae Aqua”, progetto fotografico che '
                'mette in dialogo lo sguardo del maestro della fotografia '
                'internazionale con quello di Filippo Romano, a cura di '
                'Alessandra Klimciuk. La mostra si inserisce nel programma '
                'delle iniziative di Agrigento Capitale italiana della cultura '
                '2025 ed è promossa dall’assessorato ai Beni culturali e '
                'Identità siciliana della Regione siciliana e dal Parco '
                'archeologico Valle dei Templi. L’edizione agrigentina, dopo '
                'le tappe di Milano e dell’Istituto italiano di cultura a '
                'Londra, assume un valore simbolico particolare arricchendo il '
                'percorso espositivo con una selezione più ampia di opere '
                'inedite e vintage print. Il cuore della mostra è una '
                'narrazione visiva composta da quasi settanta fotografie che '
                'attraversano oltre trent’anni di storia. Dai rari scatti in '
                'bianco e nero realizzati da Berengo Gardin a Linosa nel 1991, '
                'rimasti a lungo inediti, fino alla ricerca contemporanea di '
                'Filippo Romano, sviluppata tra il 2021 e il 2024 '
                'appositamente per questo progetto. Le immagini intrecciano '
                'volti, paesaggi e frammenti di vita quotidiana, raccontando '
                'la resilienza della comunità isolana e il legame profondo tra '
                'uomo, territorio e identità. “Questo reportage è rimasto a '
                'lungo inedito – ricordava Berengo Gardin solo pochi mesi fa '
                '–. Tranne un paio di stampe, tutte le altre sono rimaste per '
                'molti anni chiuse in una scatola nel mio archivio. Sono molto '
                'felice che grazie alla perseveranza di Alessandra Klimciuk '
                'finalmente siano state riportate alla luce ed esposte al '
                'pubblico”. Un nucleo di immagini che restituisce la '
                'spiritualità e il calore della comunità di Linosa, in '
                'particolare durante il periodo natalizio, trasformando la '
                'semplicità in valore e la memoria in racconto collettivo. A '
                'dialogare con questo patrimonio visivo è il lavoro di Filippo '
                'Romano, autore noto a livello internazionale anche per le sue '
                'partecipazioni alla Biennale di Venezia. La sua indagine '
                'fotografica si muove tra ritratti, architetture e paesaggi '
                'mettendo in relazione il mare, la materia vulcanica '
                'dell’isola e l’identità dei suoi abitanti. Uno sguardo '
                'rigoroso e misurato, capace di cesellare ogni dettaglio con '
                'delicatezza, che restituisce il tempo sospeso e la dimensione '
                'fisica ed emotiva dell’isola più remota d’Italia. Il percorso '
                'espositivo include anche una project room realizzata con la '
                'collaborazione di giovani linosani: pietre basaltiche, '
                'licheni, oggetti restituiti dal mare, quaderni di scuola, '
                'poesie e canzoni raccontano il legame ancestrale tra la '
                'comunità e gli elementi di acqua e terra. Un racconto che si '
                'amplia fino a toccare i temi della sostenibilità, della '
                'biodiversità e di un modello di vita fondato sull’equilibrio '
                'tra uomo e natura. La mostra è accompagnata da un volume a '
                'cura di Alessandra Klimciuk, pubblicato da Moebius in una '
                'seconda edizione aggiornata, con testi di Daria Bignardi, '
                'Gianni Berengo Gardin, Filippo Romano ed Elisabetta Polezzo. '
                'Per i visitatori più piccoli è disponibile una scheda '
                'ludico-didattica Kids Artour, mentre un public program '
                'approfondirà nei prossimi mesi i temi suggeriti dal progetto. '
                '“Insulae Aqua” è un racconto sul vivere altrove, sulla '
                'resilienza di una comunità isolata e sulla forza del '
                'Mediterraneo come spazio culturale condiviso. Un’esposizione '
                'che, ad Agrigento, trasforma la fotografia in memoria viva e '
                'in strumento di riflessione sul presente.',
 'event_id': 'insulae-aqua-mostra-berengo-gardin-fabbriche-chiaramontane',
 'image_url': '//citynews-agrigentonotizie.stgy.ovh/~media/horizontal-low/31237788910875/insulae-aqua.jpg',
 'location_address': 'Piazza San Francesco',
 'location_name': 'Fabbriche Chiaramontane',
 'price': 'Prezzo non disponibile',
 'raw_data': {'detail': {'altre_informazioni': {'raw_text': 'Altre '
                                                            'informazioni',
                                                'website': None},
                         'descrizione': 'Agrigento ospita la prima esposizione '
                                        'pubblica dedicata a Gianni Berengo '
                                        'Gardin dopo la sua scomparsa. Dal 13 '
                                        'dicembre 2025 all’8 marzo 2026 le '
                                        'Fabbriche Chiaramontane di Agrigento '
                                        'ospitano la mostra “Insulae Aqua”, '
                                        'progetto fotografico che mette in '
                                        'dialogo lo sguardo del maestro della '
                                        'fotografia internazionale con quello '
                                        'di Filippo Romano, a cura di '
                                        'Alessandra Klimciuk. La mostra si '
                                        'inserisce nel programma delle '
                                        'iniziative di Agrigento Capitale '
                                        'italiana della cultura 2025 ed è '
                                        'promossa dall’assessorato ai Beni '
                                        'culturali e Identità siciliana della '
                                        'Regione siciliana e dal Parco '
                                        'archeologico Valle dei Templi. '
                                        'L’edizione agrigentina, dopo le tappe '
                                        'di Milano e dell’Istituto italiano di '
                                        'cultura a Londra, assume un valore '
                                        'simbolico particolare arricchendo il '
                                        'percorso espositivo con una selezione '
                                        'più ampia di opere inedite e vintage '
                                        'print. Il cuore della mostra è una '
                                        'narrazione visiva composta da quasi '
                                        'settanta fotografie che attraversano '
                                        'oltre trent’anni di storia. Dai rari '
                                        'scatti in bianco e nero realizzati da '
                                        'Berengo Gardin a Linosa nel 1991, '
                                        'rimasti a lungo inediti, fino alla '
                                        'ricerca contemporanea di Filippo '
                                        'Romano, sviluppata tra il 2021 e il '
                                        '2024 appositamente per questo '
                                        'progetto. Le immagini intrecciano '
                                        'volti, paesaggi e frammenti di vita '
                                        'quotidiana, raccontando la resilienza '
                                        'della comunità isolana e il legame '
                                        'profondo tra uomo, territorio e '
                                        'identità. “Questo reportage è rimasto '
                                        'a lungo inedito – ricordava Berengo '
                                        'Gardin solo pochi mesi fa –. Tranne '
                                        'un paio di stampe, tutte le altre '
                                        'sono rimaste per molti anni chiuse in '
                                        'una scatola nel mio archivio. Sono '
                                        'molto felice che grazie alla '
                                        'perseveranza di Alessandra Klimciuk '
                                        'finalmente siano state riportate alla '
                                        'luce ed esposte al pubblico”. Un '
                                        'nucleo di immagini che restituisce la '
                                        'spiritualità e il calore della '
                                        'comunità di Linosa, in particolare '
                                        'durante il periodo natalizio, '
                                        'trasformando la semplicità in valore '
                                        'e la memoria in racconto collettivo. '
                                        'A dialogare con questo patrimonio '
                                        'visivo è il lavoro di Filippo Romano, '
                                        'autore noto a livello internazionale '
                                        'anche per le sue partecipazioni alla '
                                        'Biennale di Venezia. La sua indagine '
                                        'fotografica si muove tra ritratti, '
                                        'architetture e paesaggi mettendo in '
                                        'relazione il mare, la materia '
                                        'vulcanica dell’isola e l’identità dei '
                                        'suoi abitanti. Uno sguardo rigoroso e '
                                        'misurato, capace di cesellare ogni '
                                        'dettaglio con delicatezza, che '
                                        'restituisce il tempo sospeso e la '
                                        'dimensione fisica ed emotiva '
                                        'dell’isola più remota d’Italia. Il '
                                        'percorso espositivo include anche una '
                                        'project room realizzata con la '
                                        'collaborazione di giovani linosani: '
                                        'pietre basaltiche, licheni, oggetti '
                                        'restituiti dal mare, quaderni di '
                                        'scuola, poesie e canzoni raccontano '
                                        'il legame ancestrale tra la comunità '
                                        'e gli elementi di acqua e terra. Un '
                                        'racconto che si amplia fino a toccare '
                                        'i temi della sostenibilità, della '
                                        'biodiversità e di un modello di vita '
                                        'fondato sull’equilibrio tra uomo e '
                                        'natura. La mostra è accompagnata da '
                                        'un volume a cura di Alessandra '
                                        'Klimciuk, pubblicato da Moebius in '
                                        'una seconda edizione aggiornata, con '
                                        'testi di Daria Bignardi, Gianni '
                                        'Berengo Gardin, Filippo Romano ed '
                                        'Elisabetta Polezzo. Per i visitatori '
                                        'più piccoli è disponibile una scheda '
                                        'ludico-didattica Kids Artour, mentre '
                                        'un public program approfondirà nei '
                                        'prossimi mesi i temi suggeriti dal '
                                        'progetto. “Insulae Aqua” è un '
                                        'racconto sul vivere altrove, sulla '
                                        'resilienza di una comunità isolata e '
                                        'sulla forza del Mediterraneo come '
                                        'spazio culturale condiviso. '
                                        'Un’esposizione che, ad Agrigento, '
                                        'trasforma la fotografia in memoria '
                                        'viva e in strumento di riflessione '
                                        'sul presente.',
                         'dove': {'address': 'Piazza San Francesco',
                                  'name': 'Fabbriche Chiaramontane',
                                  'raw_text': 'Dove Fabbriche Chiaramontane '
                                              'Piazza San Francesco'},
                         'image': '//citynews-agrigentonotizie.stgy.ovh/~media/horizontal-low/31237788910875/insulae-aqua.jpg',
                         'prezzo': 'Prezzo non disponibile',
                         'quando': {'date_end': '2026-03-08',
                                    'date_start': '2025-12-12',
                                    'raw_text': 'Quando Dal 12/12/2025 al '
                                                '08/03/2026 Orario non '
                                                'disponibile',
                                    'schedule': 'Orario non disponibile'}},
              'list': {'category': 'Mostre',
                       'date': 'dal 12 dicembre 2025 al 8 marzo 2026',
                       'image': '//citynews-agrigentonotizie.stgy.ovh/~media/horizontal-mid/31237788910875/insulae-aqua.jpg',
                       'location': 'Fabbriche Chiaramontane',
                       'stars': 4,
                       'title': '“Insulae Aqua”, ad Agrigento il primo omaggio '
                                'a Berengo Gardin dopo la scomparsa'}},
 'scraped_at': '2026-02-02T19:44:59.320118',
 'source': 'city_today',
 'title': '“Insulae Aqua”, ad Agrigento il primo omaggio a Berengo Gardin dopo '
          'la scomparsa',
 'url': 'https://www.agrigentonotizie.it/eventi/insulae-aqua-mostra-berengo-gardin-fabbriche-chiaramontane.html',
 'uuid': '74639639ceda55b1',
 'website': None}
[2026-02-02T19:44:59.953+0000] {docker.py:429} INFO - 2026-02-02 19:44:59 [scrapy.core.engine] DEBUG: Crawled (200) <GET https://www.agrigentonotizie.it/eventi/capricci-goya-mostra-teatro-samona-sciacca.html> (referer: https://www.agrigentonotizie.it/eventi/dal/2026-02-02/al/2026-02-08/)
[2026-02-02T19:45:00.067+0000] {docker.py:429} INFO - 2026-02-02 19:45:00 [scrapy.core.scraper] DEBUG: Scraped from <200 https://www.agrigentonotizie.it/eventi/capricci-goya-mostra-teatro-samona-sciacca.html>
{'category': ['Mostre'],
 'city': 'Agrigento',
 'city_id': None,
 'content_hash': '73fb68dbd1da38cf',
 'date_display': 'dal 20 dicembre 2025 al 31 marzo 2026',
 'date_end': '2026-03-31',
 'date_start': '2025-12-20',
 'description': 'Arrivano a Sciacca i “Capricci” di Francisco Goya. Ottanta '
                'incisioni in acquaforte e acquatinta del pittore spagnolo '
                'saranno esposte al Teatro Popolare Samonà da sabato 20 '
                'dicembre fino al 31 marzo (a seguito di proroga), all’interno '
                'della mostra intitolata “Francisco Goya, l’artista della '
                'libertà. Tra verità e satira”. L’evento è organizzato da '
                'Mediterranea Arte e curato da Mery Scalisi con Alessia '
                'Zanella. Dopo l’arrivo delle opere inizieranno le fasi di '
                'allestimento. Accanto alle incisioni saranno esposti anche '
                'quattro oli di Goya e alcune miniature, che permettono di '
                'cogliere la versatilità e la straordinaria qualità tecnica '
                'dell’artista. Tra le opere in evidenza figura l’Apoteosi di '
                'Santa Caterina. L’inaugurazione è in programma sabato alle '
                '19,30 con un vernissage che unirà arte e spettacolo. I '
                'visitatori in possesso del biglietto d’ingresso alla mostra '
                '(15 euro, acquistabile al botteghino del teatro o sul '
                'circuito TicketOne", potranno assistere allo spettacolo '
                'organizzato e prodotto da Mediterranea Arte, con Massimo '
                'Spata e l’intrattenimento musicale delle “Violiniste Chic”. '
                'La mostra arriva dopo il successo dell’esposizione dedicata a '
                'Caravaggio, che ha superato le 15 mila visite, confermando il '
                'Teatro Popolare Samonà come spazio espositivo di riferimento. '
                'Un risultato che ha spinto Mediterranea Arte a continuare a '
                'investire sulla struttura, in sinergia con il Comune di '
                'Sciacca e la Regione Siciliana, proprietaria dell’impianto, '
                'con l’obiettivo di consolidare il teatro come polo culturale '
                'della Sicilia occidentale. In questo percorso si inserisce '
                'anche la compartecipazione alla costruzione del calendario '
                '“Sipario d’inverno”, presentato nei giorni scorsi, che '
                'prevede dodici appuntamenti tra prosa e musica fino al 31 '
                'gennaio. Al centro della mostra tornano i “Capricci”, una '
                'delle serie più celebri di Goya. Immagini cariche di ironia e '
                'spirito critico, in cui l’artista prende di mira il potere '
                'aristocratico e religioso della Spagna del tempo, '
                'raffigurando nobili corrotti, ipocrisie e ignoranza. '
                'Emblematica la serie delle cosiddette “asinerie”, figure con '
                'corpo umano e testa d’asino, attraverso cui Goya affronta il '
                'tema dell’educazione e della responsabilità, con un messaggio '
                'diretto e severo. Nonostante la forza satirica di queste '
                'opere, nel 1807 Goya donò le lastre originali dei “Capricci” '
                'al re Carlo IV di Spagna. Un gesto che ne consentì la '
                'conservazione nelle collezioni della Corona e, '
                'successivamente, nell’attuale Calcografía nacional di Madrid.',
 'event_id': 'capricci-goya-mostra-teatro-samona-sciacca',
 'image_url': '//citynews-agrigentonotizie.stgy.ovh/~media/horizontal-low/52381976699691/capricci-goya.jpg',
 'location_address': None,
 'location_name': 'Teatro Samonà',
 'price': '15 euro',
 'raw_data': {'detail': {'altre_informazioni': {'raw_text': 'Altre '
                                                            'informazioni',
                                                'website': None},
                         'descrizione': 'Arrivano a Sciacca i “Capricci” di '
                                        'Francisco Goya. Ottanta incisioni in '
                                        'acquaforte e acquatinta del pittore '
                                        'spagnolo saranno esposte al Teatro '
                                        'Popolare Samonà da sabato 20 dicembre '
                                        'fino al 31 marzo (a seguito di '
                                        'proroga), all’interno della mostra '
                                        'intitolata “Francisco Goya, l’artista '
                                        'della libertà. Tra verità e satira”. '
                                        'L’evento è organizzato da '
                                        'Mediterranea Arte e curato da Mery '
                                        'Scalisi con Alessia Zanella. Dopo '
                                        'l’arrivo delle opere inizieranno le '
                                        'fasi di allestimento. Accanto alle '
                                        'incisioni saranno esposti anche '
                                        'quattro oli di Goya e alcune '
                                        'miniature, che permettono di cogliere '
                                        'la versatilità e la straordinaria '
                                        'qualità tecnica dell’artista. Tra le '
                                        'opere in evidenza figura l’Apoteosi '
                                        'di Santa Caterina. L’inaugurazione è '
                                        'in programma sabato alle 19,30 con un '
                                        'vernissage che unirà arte e '
                                        'spettacolo. I visitatori in possesso '
                                        'del biglietto d’ingresso alla mostra '
                                        '(15 euro, acquistabile al botteghino '
                                        'del teatro o sul circuito TicketOne", '
                                        'potranno assistere allo spettacolo '
                                        'organizzato e prodotto da '
                                        'Mediterranea Arte, con Massimo Spata '
                                        'e l’intrattenimento musicale delle '
                                        '“Violiniste Chic”. La mostra arriva '
                                        'dopo il successo dell’esposizione '
                                        'dedicata a Caravaggio, che ha '
                                        'superato le 15 mila visite, '
                                        'confermando il Teatro Popolare Samonà '
                                        'come spazio espositivo di '
                                        'riferimento. Un risultato che ha '
                                        'spinto Mediterranea Arte a continuare '
                                        'a investire sulla struttura, in '
                                        'sinergia con il Comune di Sciacca e '
                                        'la Regione Siciliana, proprietaria '
                                        'dell’impianto, con l’obiettivo di '
                                        'consolidare il teatro come polo '
                                        'culturale della Sicilia occidentale. '
                                        'In questo percorso si inserisce anche '
                                        'la compartecipazione alla costruzione '
                                        'del calendario “Sipario d’inverno”, '
                                        'presentato nei giorni scorsi, che '
                                        'prevede dodici appuntamenti tra prosa '
                                        'e musica fino al 31 gennaio. Al '
                                        'centro della mostra tornano i '
                                        '“Capricci”, una delle serie più '
                                        'celebri di Goya. Immagini cariche di '
                                        'ironia e spirito critico, in cui '
                                        'l’artista prende di mira il potere '
                                        'aristocratico e religioso della '
                                        'Spagna del tempo, raffigurando nobili '
                                        'corrotti, ipocrisie e ignoranza. '
                                        'Emblematica la serie delle cosiddette '
                                        '“asinerie”, figure con corpo umano e '
                                        'testa d’asino, attraverso cui Goya '
                                        'affronta il tema dell’educazione e '
                                        'della responsabilità, con un '
                                        'messaggio diretto e severo. '
                                        'Nonostante la forza satirica di '
                                        'queste opere, nel 1807 Goya donò le '
                                        'lastre originali dei “Capricci” al re '
                                        'Carlo IV di Spagna. Un gesto che ne '
                                        'consentì la conservazione nelle '
                                        'collezioni della Corona e, '
                                        'successivamente, nell’attuale '
                                        'Calcografía nacional di Madrid.',
                         'dove': {'address': None,
                                  'name': 'Teatro Samonà',
                                  'raw_text': 'Dove Teatro Samonà Indirizzo '
                                              'non disponibile Sciacca'},
                         'image': '//citynews-agrigentonotizie.stgy.ovh/~media/horizontal-low/52381976699691/capricci-goya.jpg',
                         'prezzo': '15 euro',
                         'quando': {'date_end': '2026-03-31',
                                    'date_start': '2025-12-20',
                                    'raw_text': 'Quando Dal 20/12/2025 al '
                                                '31/03/2026 Inaugurazione alle '
                                                '19:30',
                                    'schedule': 'Inaugurazione alle 19:30'}},
              'list': {'category': 'Mostre',
                       'date': 'dal 20 dicembre 2025 al 31 marzo 2026',
                       'image': '//citynews-agrigentonotizie.stgy.ovh/~media/horizontal-mid/52381976699691/capricci-goya.jpg',
                       'location': 'Teatro Samonà',
                       'stars': 4,
                       'title': 'Ecco i “Capricci” di Goya, mostra al teatro '
                                'Samonà: inaugurazione con Massimo Spata e le '
                                '"Violiniste Chic"'}},
 'scraped_at': '2026-02-02T19:45:00.064575',
 'source': 'city_today',
 'title': 'Ecco i “Capricci” di Goya, mostra al teatro Samonà: inaugurazione '
          'con Massimo Spata e le "Violiniste Chic"',
 'url': 'https://www.agrigentonotizie.it/eventi/capricci-goya-mostra-teatro-samona-sciacca.html',
 'uuid': '1e29be9b8e08331c',
 'website': None}
[2026-02-02T19:45:01.570+0000] {docker.py:429} INFO - 2026-02-02 19:45:01 [scrapy.core.engine] DEBUG: Crawled (200) <GET https://www.agrigentonotizie.it/eventi/mostre-luigi-pirandello-antonietta-portolano-palacongressi.html> (referer: https://www.agrigentonotizie.it/eventi/dal/2026-02-02/al/2026-02-08/)
[2026-02-02T19:45:01.679+0000] {docker.py:429} INFO - 2026-02-02 19:45:01 [scrapy.core.scraper] DEBUG: Scraped from <200 https://www.agrigentonotizie.it/eventi/mostre-luigi-pirandello-antonietta-portolano-palacongressi.html>
{'category': ['Mostre'],
 'city': 'Agrigento',
 'city_id': None,
 'content_hash': '7cb84c298a3126dc',
 'date_display': 'dal 4 dicembre 2025 al 30 marzo 2026',
 'date_end': '2026-03-30',
 'date_start': '2025-12-04',
 'description': 'Le sale del Palacongressi di Agrigento accolgono un doppio '
                'percorso espositivo dedicato a Luigi Pirandello e ad '
                'Antonietta Portolano, la compagna di una vita rimasta spesso '
                'ai margini della narrazione pubblica. Le mostre documentarie '
                'e iconografiche “Sua moglie, Antonietta Portolano in '
                'Pirandello” e “Io Luigi, Io Pirandello”, curate da Annamaria '
                'Andreoli e Cristina Iacono, saranno visibili al pubblico dal '
                '4 dicembre al 30 marzo dalle 17 in poi. Le mostre nascono da '
                'un progetto condiviso dall’Istituto nazionale di studi '
                'pirandelliani e dal Parco della Valle dei Templi con '
                'l’obiettivo di valorizzare materiali preziosi conservati '
                'dalla biblioteca museo Luigi Pirandello. Il pubblico potrà '
                'vedere lettere ai figli, ai fratelli e alle sorelle, insieme '
                'alla corrispondenza con scrittori, capocomici ed editori, che '
                'restituisce un quadro vivido delle relazioni personali e '
                'artistiche dello scrittore agrigentino. Ampio spazio è '
                'dedicato al teatro, con copioni manoscritti, soggetti e '
                'composizioni legati al Teatro d’arte e alla Compagnia stabile '
                'di Marta Abba. In mostra anche documenti fondamentali come il '
                '“Taccuino di Coazze”, il “Taccuino di Bonn”, il libretto '
                'rosso “Provenzale”, le prime tredici pagine del romanzo “I '
                'vecchi e i giovani” e quelle del rifacimento di “Suo marito” '
                'con il titolo “Giustino Roncella nato Boggiòlo”. Una sezione '
                'è riservata al rapporto di Pirandello con il cinema '
                'attraverso contratti, corrispondenza con case di produzione '
                'come Cines e Colosseum film, sceneggiature e manifesti che '
                'raccontano l’interesse dello scrittore per la settima arte. '
                'Completano l’esposizione alcuni oggetti personali: un '
                'portafoglio, un portamonete, il libretto universitario, il '
                'foglio di congedo militare, un porta documenti con la tessera '
                'della Reale Accademia d’Italia oltre alla documentazione '
                'relativa al Premio Nobel per la Letteratura del 1934 e ai '
                'giorni della sua morte nel 1936, compreso il foglio con le '
                'ultime volontà. Le mostre saranno visitabili gratuitamente. '
                'La prenotazione è necessaria solo per i gruppi organizzati. '
                'Per informazioni: parcovalledeitempli@regione.sicilia.it .',
 'event_id': 'mostre-luigi-pirandello-antonietta-portolano-palacongressi',
 'image_url': '//citynews-agrigentonotizie.stgy.ovh/~media/horizontal-low/1285744869697/pirandello-portolano.jpeg',
 'location_address': 'Viale Leonardo Sciascia',
 'location_name': 'PalaCongressi',
 'price': 'Gratis',
 'raw_data': {'detail': {'altre_informazioni': {'raw_text': 'Altre '
                                                            'informazioni',
                                                'website': None},
                         'descrizione': 'Le sale del Palacongressi di '
                                        'Agrigento accolgono un doppio '
                                        'percorso espositivo dedicato a Luigi '
                                        'Pirandello e ad Antonietta Portolano, '
                                        'la compagna di una vita rimasta '
                                        'spesso ai margini della narrazione '
                                        'pubblica. Le mostre documentarie e '
                                        'iconografiche “Sua moglie, Antonietta '
                                        'Portolano in Pirandello” e “Io Luigi, '
                                        'Io Pirandello”, curate da Annamaria '
                                        'Andreoli e Cristina Iacono, saranno '
                                        'visibili al pubblico dal 4 dicembre '
                                        'al 30 marzo dalle 17 in poi. Le '
                                        'mostre nascono da un progetto '
                                        'condiviso dall’Istituto nazionale di '
                                        'studi pirandelliani e dal Parco della '
                                        'Valle dei Templi con l’obiettivo di '
                                        'valorizzare materiali preziosi '
                                        'conservati dalla biblioteca museo '
                                        'Luigi Pirandello. Il pubblico potrà '
                                        'vedere lettere ai figli, ai fratelli '
                                        'e alle sorelle, insieme alla '
                                        'corrispondenza con scrittori, '
                                        'capocomici ed editori, che '
                                        'restituisce un quadro vivido delle '
                                        'relazioni personali e artistiche '
                                        'dello scrittore agrigentino. Ampio '
                                        'spazio è dedicato al teatro, con '
                                        'copioni manoscritti, soggetti e '
                                        'composizioni legati al Teatro d’arte '
                                        'e alla Compagnia stabile di Marta '
                                        'Abba. In mostra anche documenti '
                                        'fondamentali come il “Taccuino di '
                                        'Coazze”, il “Taccuino di Bonn”, il '
                                        'libretto rosso “Provenzale”, le prime '
                                        'tredici pagine del romanzo “I vecchi '
                                        'e i giovani” e quelle del rifacimento '
                                        'di “Suo marito” con il titolo '
                                        '“Giustino Roncella nato Boggiòlo”. '
                                        'Una sezione è riservata al rapporto '
                                        'di Pirandello con il cinema '
                                        'attraverso contratti, corrispondenza '
                                        'con case di produzione come Cines e '
                                        'Colosseum film, sceneggiature e '
                                        'manifesti che raccontano l’interesse '
                                        'dello scrittore per la settima arte. '
                                        'Completano l’esposizione alcuni '
                                        'oggetti personali: un portafoglio, un '
                                        'portamonete, il libretto '
                                        'universitario, il foglio di congedo '
                                        'militare, un porta documenti con la '
                                        'tessera della Reale Accademia '
                                        'd’Italia oltre alla documentazione '
                                        'relativa al Premio Nobel per la '
                                        'Letteratura del 1934 e ai giorni '
                                        'della sua morte nel 1936, compreso il '
                                        'foglio con le ultime volontà. Le '
                                        'mostre saranno visitabili '
                                        'gratuitamente. La prenotazione è '
                                        'necessaria solo per i gruppi '
                                        'organizzati. Per informazioni: '
                                        'parcovalledeitempli@regione.sicilia.it '
                                        '.',
                         'dove': {'address': 'Viale Leonardo Sciascia',
                                  'name': 'PalaCongressi',
                                  'raw_text': 'Dove PalaCongressi Viale '
                                              'Leonardo Sciascia'},
                         'image': '//citynews-agrigentonotizie.stgy.ovh/~media/horizontal-low/1285744869697/pirandello-portolano.jpeg',
                         'prezzo': 'Gratis',
                         'quando': {'date_end': '2026-03-30',
                                    'date_start': '2025-12-04',
                                    'raw_text': 'Quando Dal 04/12/2025 al '
                                                '30/03/2026 17:00',
                                    'schedule': '17:00'}},
              'list': {'category': 'Mostre',
                       'date': 'dal 4 dicembre 2025 al 30 marzo 2026',
                       'image': '//citynews-agrigentonotizie.stgy.ovh/~media/horizontal-mid/1285744869697/pirandello-portolano.jpeg',
                       'location': 'PalaCongressi',
                       'stars': 5,
                       'title': 'Due mostre raccontano Luigi Pirandello e '
                                'Antonietta Portolano: percorso tra lettere, '
                                'manoscritti e cimeli'}},
 'scraped_at': '2026-02-02T19:45:01.677669',
 'source': 'city_today',
 'title': 'Due mostre raccontano Luigi Pirandello e Antonietta Portolano: '
          'percorso tra lettere, manoscritti e cimeli',
 'url': 'https://www.agrigentonotizie.it/eventi/mostre-luigi-pirandello-antonietta-portolano-palacongressi.html',
 'uuid': 'ca85c55a428b3a53',
 'website': None}
[2026-02-02T19:45:02.638+0000] {docker.py:429} INFO - 2026-02-02 19:45:02 [scrapy.core.engine] DEBUG: Crawled (200) <GET https://www.agrigentonotizie.it/eventi/candle-night-freaks-15-gennaio-16-aprile-2026.html> (referer: https://www.agrigentonotizie.it/eventi/dal/2026-02-02/al/2026-02-08/)
[2026-02-02T19:45:02.749+0000] {docker.py:429} INFO - 2026-02-02 19:45:02 [scrapy.core.scraper] DEBUG: Scraped from <200 https://www.agrigentonotizie.it/eventi/candle-night-freaks-15-gennaio-16-aprile-2026.html>
{'category': ['Concerti'],
 'city': 'Agrigento',
 'city_id': None,
 'content_hash': 'bff7bf0e2e05dbca',
 'date_display': 'dal 15 gennaio al 16 aprile 2026',
 'date_end': '2026-04-16',
 'date_start': '2026-01-15',
 'description': 'Ad Agrigento prende vita “Candle Night”, una nuova rassegna '
                'musicale ideata dal Freaks in via Atenea e pensata per '
                'restituire centralità all’ascolto. I concerti si svolgeranno '
                'nei salotti del piano superiore del locale, trasformati per '
                'l’occasione in uno spazio raccolto e illuminato '
                'esclusivamente da candele. Il format si ispira alle candle '
                'night europee ma viene declinato in una chiave intima e '
                'contemporanea. Il pubblico è seduto, le luci sono ridotte al '
                'minimo, il silenzio diventa parte integrante dell’esperienza. '
                'Non musica di sottofondo ma concerti concepiti come veri '
                'momenti di concentrazione e presenza. Ogni appuntamento è '
                'monografico e ruota attorno a un tema preciso che guida '
                'repertorio e atmosfera della serata. Al pianoforte c’è '
                'Salvatore Galante , interprete capace di attraversare '
                'linguaggi musicali diversi con rigore e sensibilità '
                'restituendo la musica come racconto e non come semplice '
                'esecuzione. Il calendario della rassegna prevede 6 date. Si '
                'parte giovedì 15 gennaio con “Tutto Morricone”. Il secondo '
                'appuntamento è in programma giovedì 19 febbraio con “Tutto '
                'Vivaldi”. Seguiranno “Cinema d’autore” il 5 marzo, “Opera '
                'italiana” il 26 marzo, “Disney” il 2 aprile e “Musica sacra e '
                'spirituale” il 16 aprile. Gli orari sono pensati per favorire '
                'un ascolto senza distrazioni. L’apertura è fissata alle '
                '21.30, l’inizio del concerto alle 22. La durata prevista è di '
                'un’ora. Le serate sono riservate ai soci con possibilità di '
                'sottoscrivere la tessera direttamente in sede. La '
                'partecipazione è solo su prenotazione ed è possibile '
                'riservare il tavolo. Con “Candle Night” il Freaks rafforza la '
                'propria identità di club e spazio esperienziale, capace di '
                'alternare clubbing, sperimentazione culturale e momenti di '
                'ascolto intimo offrendo al pubblico proposte diverse ma '
                'coerenti all’interno di una stessa visione.',
 'event_id': 'candle-night-freaks-15-gennaio-16-aprile-2026',
 'image_url': '//citynews-agrigentonotizie.stgy.ovh/~media/horizontal-low/1256726813066/candle-night.jpg',
 'location_address': 'Via Atenea',
 'location_name': 'Freaks',
 'price': 'Prezzo non disponibile',
 'raw_data': {'detail': {'altre_informazioni': {'raw_text': 'Altre '
                                                            'informazioni',
                                                'website': None},
                         'descrizione': 'Ad Agrigento prende vita “Candle '
                                        'Night”, una nuova rassegna musicale '
                                        'ideata dal Freaks in via Atenea e '
                                        'pensata per restituire centralità '
                                        'all’ascolto. I concerti si '
                                        'svolgeranno nei salotti del piano '
                                        'superiore del locale, trasformati per '
                                        'l’occasione in uno spazio raccolto e '
                                        'illuminato esclusivamente da candele. '
                                        'Il format si ispira alle candle night '
                                        'europee ma viene declinato in una '
                                        'chiave intima e contemporanea. Il '
                                        'pubblico è seduto, le luci sono '
                                        'ridotte al minimo, il silenzio '
                                        'diventa parte integrante '
                                        'dell’esperienza. Non musica di '
                                        'sottofondo ma concerti concepiti come '
                                        'veri momenti di concentrazione e '
                                        'presenza. Ogni appuntamento è '
                                        'monografico e ruota attorno a un tema '
                                        'preciso che guida repertorio e '
                                        'atmosfera della serata. Al pianoforte '
                                        'c’è Salvatore Galante , interprete '
                                        'capace di attraversare linguaggi '
                                        'musicali diversi con rigore e '
                                        'sensibilità restituendo la musica '
                                        'come racconto e non come semplice '
                                        'esecuzione. Il calendario della '
                                        'rassegna prevede 6 date. Si parte '
                                        'giovedì 15 gennaio con “Tutto '
                                        'Morricone”. Il secondo appuntamento è '
                                        'in programma giovedì 19 febbraio con '
                                        '“Tutto Vivaldi”. Seguiranno “Cinema '
                                        'd’autore” il 5 marzo, “Opera '
                                        'italiana” il 26 marzo, “Disney” il 2 '
                                        'aprile e “Musica sacra e spirituale” '
                                        'il 16 aprile. Gli orari sono pensati '
                                        'per favorire un ascolto senza '
                                        'distrazioni. L’apertura è fissata '
                                        'alle 21.30, l’inizio del concerto '
                                        'alle 22. La durata prevista è di '
                                        'un’ora. Le serate sono riservate ai '
                                        'soci con possibilità di sottoscrivere '
                                        'la tessera direttamente in sede. La '
                                        'partecipazione è solo su prenotazione '
                                        'ed è possibile riservare il tavolo. '
                                        'Con “Candle Night” il Freaks rafforza '
                                        'la propria identità di club e spazio '
                                        'esperienziale, capace di alternare '
                                        'clubbing, sperimentazione culturale e '
                                        'momenti di ascolto intimo offrendo al '
                                        'pubblico proposte diverse ma coerenti '
                                        'all’interno di una stessa visione.',
                         'dove': {'address': 'Via Atenea',
                                  'name': 'Freaks',
                                  'raw_text': 'Dove Freaks Via Atenea'},
                         'image': '//citynews-agrigentonotizie.stgy.ovh/~media/horizontal-low/1256726813066/candle-night.jpg',
                         'prezzo': 'Prezzo non disponibile',
                         'quando': {'date_end': '2026-04-16',
                                    'date_start': '2026-01-15',
                                    'raw_text': 'Quando Dal 15/01/2026 al '
                                                '16/04/2026 21:30',
                                    'schedule': '21:30'}},
              'list': {'category': 'Concerti',
                       'date': 'dal 15 gennaio al 16 aprile 2026',
                       'image': '//citynews-agrigentonotizie.stgy.ovh/~media/horizontal-mid/1256726813066/candle-night.jpg',
                       'location': 'Freaks',
                       'stars': 5,
                       'title': 'Al Freaks nasce “Candle night”: concerti a '
                                'lume di candela per un ascolto profondo'}},
 'scraped_at': '2026-02-02T19:45:02.747648',
 'source': 'city_today',
 'title': 'Al Freaks nasce “Candle night”: concerti a lume di candela per un '
          'ascolto profondo',
 'url': 'https://www.agrigentonotizie.it/eventi/candle-night-freaks-15-gennaio-16-aprile-2026.html',
 'uuid': '116635f7b419473a',
 'website': None}
[2026-02-02T19:45:04.064+0000] {docker.py:429} INFO - 2026-02-02 19:45:04 [scrapy.core.engine] DEBUG: Crawled (200) <GET https://www.agrigentonotizie.it/eventi/concerti-jazz-classica-palacongressi-gennaio-aprile-2026.html> (referer: https://www.agrigentonotizie.it/eventi/dal/2026-02-02/al/2026-02-08/)
[2026-02-02T19:45:04.177+0000] {docker.py:429} INFO - 2026-02-02 19:45:04 [scrapy.core.scraper] DEBUG: Scraped from <200 https://www.agrigentonotizie.it/eventi/concerti-jazz-classica-palacongressi-gennaio-aprile-2026.html>
{'category': ['Concerti'],
 'city': 'Agrigento',
 'city_id': None,
 'content_hash': '1d58eb6f3857d357',
 'date_display': 'dal 16 gennaio al 24 aprile 2026',
 'date_end': '2026-04-24',
 'date_start': '2026-01-16',
 'description': 'Classica e jazz tornano a dialogare ad Agrigento in una nuova '
                'stagione musicale ospitata al Palacongressi negli spazi della '
                'sala Zeus. Una rassegna articolata in due sezioni, con 14 '
                'concerti a ingresso libero, che prenderà forma a partire da '
                'gennaio e accompagnerà il pubblico fino alla primavera. Il '
                'progetto nasce all’interno delle attività culturali del Parco '
                'archeologico Valle dei Templi ed è stato voluto dal direttore '
                'Roberto Sciarratta con la direzione artistica affidata a '
                'Carmelo Salemi . L’obiettivo è offrire alla città un percorso '
                'musicale accessibile, capace di mettere in relazione '
                'generazioni, linguaggi e pubblici diversi. Da un lato la '
                'sezione classica, costruita attorno a recital pianistici e '
                'appuntamenti di musica da camera che valorizzano giovani '
                'interpreti del territorio e un repertorio che attraversa i '
                'grandi autori, da Mozart a Beethoven, da Liszt a '
                'Shostakovich. Dall’altro la sezione jazz che raccoglie '
                'l’eredità delle storiche rassegne cittadine e porta sul palco '
                'della Sala Zeus alcuni tra i più affermati musicisti '
                'italiani. “La rassegna nasce dal desiderio di creare un luogo '
                'di incontro tra musicisti, pubblico e territorio – ha '
                'spiegato Carmelo Salemi –. Il jazz è dialogo, ascolto, '
                'libertà espressiva: valori che vogliamo condividere con la '
                'comunità e con tutti coloro che amano la cultura”. La sezione '
                'classica prenderà il via il 16 gennaio con il recital '
                'pianistico di Leonardo Scicolone e proseguirà con una fitta '
                'sequenza di appuntamenti dedicati al pianoforte e alla musica '
                'da camera. Tra i protagonisti Valentino Taormina, Angelo '
                'Vaccarello, Flavio Schifano, Marco Carmina, il duo Giada '
                'Nobile e Marco Caterina fino alle serate articolate in più '
                'momenti e al concerto conclusivo del 24 aprile. Spazio anche '
                'al jazz: dal Carmen Avellone Quartet con Vito Giordano '
                'passando per il Claudio Giambruno Quartet con il progetto '
                'Italian Amarcord, fino ai set dell’Alberto Anguzza Quartet, '
                'del Francesco Cusa Trio e del duo internazionale formato da '
                'Reiner Baas e Ben Van Gelder. Il cartellone Tutti gli '
                'spettacoli sono a ingresso libero fino a esaurimento posti. '
                'Una proposta che rafforza il ruolo del Palacongressi come '
                'spazio culturale cittadino e conferma la musica come '
                'strumento di incontro e partecipazione, capace di connettere '
                'il patrimonio archeologico, la scena artistica e la comunità '
                'locale.',
 'event_id': 'concerti-jazz-classica-palacongressi-gennaio-aprile-2026',
 'image_url': '//citynews-agrigentonotizie.stgy.ovh/~media/horizontal-low/39266492053640/palacongressi-sala-zeus.jpeg',
 'location_address': 'Viale Leonardo Sciascia',
 'location_name': 'PalaCongressi',
 'price': 'Gratis',
 'raw_data': {'detail': {'altre_informazioni': {'raw_text': 'Altre '
                                                            'informazioni',
                                                'website': None},
                         'descrizione': 'Classica e jazz tornano a dialogare '
                                        'ad Agrigento in una nuova stagione '
                                        'musicale ospitata al Palacongressi '
                                        'negli spazi della sala Zeus. Una '
                                        'rassegna articolata in due sezioni, '
                                        'con 14 concerti a ingresso libero, '
                                        'che prenderà forma a partire da '
                                        'gennaio e accompagnerà il pubblico '
                                        'fino alla primavera. Il progetto '
                                        'nasce all’interno delle attività '
                                        'culturali del Parco archeologico '
                                        'Valle dei Templi ed è stato voluto '
                                        'dal direttore Roberto Sciarratta con '
                                        'la direzione artistica affidata a '
                                        'Carmelo Salemi . L’obiettivo è '
                                        'offrire alla città un percorso '
                                        'musicale accessibile, capace di '
                                        'mettere in relazione generazioni, '
                                        'linguaggi e pubblici diversi. Da un '
                                        'lato la sezione classica, costruita '
                                        'attorno a recital pianistici e '
                                        'appuntamenti di musica da camera che '
                                        'valorizzano giovani interpreti del '
                                        'territorio e un repertorio che '
                                        'attraversa i grandi autori, da Mozart '
                                        'a Beethoven, da Liszt a Shostakovich. '
                                        'Dall’altro la sezione jazz che '
                                        'raccoglie l’eredità delle storiche '
                                        'rassegne cittadine e porta sul palco '
                                        'della Sala Zeus alcuni tra i più '
                                        'affermati musicisti italiani. “La '
                                        'rassegna nasce dal desiderio di '
                                        'creare un luogo di incontro tra '
                                        'musicisti, pubblico e territorio – ha '
                                        'spiegato Carmelo Salemi –. Il jazz è '
                                        'dialogo, ascolto, libertà espressiva: '
                                        'valori che vogliamo condividere con '
                                        'la comunità e con tutti coloro che '
                                        'amano la cultura”. La sezione '
                                        'classica prenderà il via il 16 '
                                        'gennaio con il recital pianistico di '
                                        'Leonardo Scicolone e proseguirà con '
                                        'una fitta sequenza di appuntamenti '
                                        'dedicati al pianoforte e alla musica '
                                        'da camera. Tra i protagonisti '
                                        'Valentino Taormina, Angelo '
                                        'Vaccarello, Flavio Schifano, Marco '
                                        'Carmina, il duo Giada Nobile e Marco '
                                        'Caterina fino alle serate articolate '
                                        'in più momenti e al concerto '
                                        'conclusivo del 24 aprile. Spazio '
                                        'anche al jazz: dal Carmen Avellone '
                                        'Quartet con Vito Giordano passando '
                                        'per il Claudio Giambruno Quartet con '
                                        'il progetto Italian Amarcord, fino ai '
                                        'set dell’Alberto Anguzza Quartet, del '
                                        'Francesco Cusa Trio e del duo '
                                        'internazionale formato da Reiner Baas '
                                        'e Ben Van Gelder. Il cartellone Tutti '
                                        'gli spettacoli sono a ingresso libero '
                                        'fino a esaurimento posti. Una '
                                        'proposta che rafforza il ruolo del '
                                        'Palacongressi come spazio culturale '
                                        'cittadino e conferma la musica come '
                                        'strumento di incontro e '
                                        'partecipazione, capace di connettere '
                                        'il patrimonio archeologico, la scena '
                                        'artistica e la comunità locale.',
                         'dove': {'address': 'Viale Leonardo Sciascia',
                                  'name': 'PalaCongressi',
                                  'raw_text': 'Dove PalaCongressi Viale '
                                              'Leonardo Sciascia'},
                         'image': '//citynews-agrigentonotizie.stgy.ovh/~media/horizontal-low/39266492053640/palacongressi-sala-zeus.jpeg',
                         'prezzo': 'Gratis',
                         'quando': {'date_end': '2026-04-24',
                                    'date_start': '2026-01-16',
                                    'raw_text': 'Quando Dal 16/01/2026 al '
                                                '24/04/2026 19:30',
                                    'schedule': '19:30'}},
              'list': {'category': 'Concerti',
                       'date': 'dal 16 gennaio al 24 aprile 2026',
                       'image': '//citynews-agrigentonotizie.stgy.ovh/~media/horizontal-mid/39266492053640/palacongressi-sala-zeus.jpeg',
                       'location': 'PalaCongressi',
                       'stars': 5,
                       'title': "Classica e jazz s'incontrano al "
                                'Palacongressi: al via nuova stagione '
                                'musicale'}},
 'scraped_at': '2026-02-02T19:45:04.174975',
 'source': 'city_today',
 'title': "Classica e jazz s'incontrano al Palacongressi: al via nuova "
          'stagione musicale',
 'url': 'https://www.agrigentonotizie.it/eventi/concerti-jazz-classica-palacongressi-gennaio-aprile-2026.html',
 'uuid': '102ce4f02c0642aa',
 'website': None}
[2026-02-02T19:45:05.423+0000] {docker.py:429} INFO - 2026-02-02 19:45:05 [scrapy.core.engine] DEBUG: Crawled (200) <GET https://www.agrigentonotizie.it/eventi/balli-di-gruppo-teatranimahub-3-febbraio-2026.html> (referer: https://www.agrigentonotizie.it/eventi/dal/2026-02-02/al/2026-02-08/)
[2026-02-02T19:45:05.544+0000] {docker.py:429} INFO - 2026-02-02 19:45:05 [scrapy.core.scraper] DEBUG: Scraped from <200 https://www.agrigentonotizie.it/eventi/balli-di-gruppo-teatranimahub-3-febbraio-2026.html>
{'category': [],
 'city': 'Agrigento',
 'city_id': None,
 'content_hash': '26617af44956865e',
 'date_display': '3 febbraio 2026',
 'date_end': '2026-02-03',
 'date_start': '2026-02-03',
 'description': 'Al via martedì 3 febbraio, dalle 18,30 alle 20, nella sala '
                'del Teatranimahub , il primo incontro dedicato ai balli di '
                'gruppo per ogni età. L’iniziativa si svolge all’interno del '
                'nuovo centro culturale realizzato dall’a ssociazione '
                'culturale TeatrAnima negli spazi dell’ex Istituto '
                'Gioeni/Salesiani, in via Oblati 96, ad Agrigento. Il percorso '
                'sarà condotto da Susy Bonello e si propone come un’attività '
                'accessibile e inclusiva, pensata per coniugare movimento, '
                'musica e socialità. I balli di gruppo, infatti, rappresentano '
                'una pratica alla portata di tutti, capace di favorire il '
                'benessere fisico e mentale attraverso il divertimento e la '
                'condivisione. L’attività è strutturata come un percorso '
                'graduale che mira a migliorare flessibilità, coordinazione, '
                'postura, respirazione e tonicità stimolando allo stesso tempo '
                'musicalità e vitalità. Un’occasione per prendersi cura del '
                'proprio corpo senza rinunciare al piacere dello stare insieme '
                'in un contesto informale e accogliente. Per informazioni e '
                'prenotazioni è possibile contattare Susy Bonello al numero '
                '329 974 0117.',
 'event_id': 'balli-di-gruppo-teatranimahub-3-febbraio-2026',
 'image_url': '//citynews-agrigentonotizie.stgy.ovh/~media/horizontal-low/40041137182631/balli-di-gruppo.jpg',
 'location_address': 'Via Oblati, 96',
 'location_name': 'TeatrAnima all’interno dell’ex istituto Salesiani',
 'price': 'Prezzo non disponibile',
 'raw_data': {'detail': {'altre_informazioni': {'raw_text': 'Altre '
                                                            'informazioni',
                                                'website': None},
                         'descrizione': 'Al via martedì 3 febbraio, dalle '
                                        '18,30 alle 20, nella sala del '
                                        'Teatranimahub , il primo incontro '
                                        'dedicato ai balli di gruppo per ogni '
                                        'età. L’iniziativa si svolge '
                                        'all’interno del nuovo centro '
                                        'culturale realizzato dall’a '
                                        'ssociazione culturale TeatrAnima '
                                        'negli spazi dell’ex Istituto '
                                        'Gioeni/Salesiani, in via Oblati 96, '
                                        'ad Agrigento. Il percorso sarà '
                                        'condotto da Susy Bonello e si propone '
                                        'come un’attività accessibile e '
                                        'inclusiva, pensata per coniugare '
                                        'movimento, musica e socialità. I '
                                        'balli di gruppo, infatti, '
                                        'rappresentano una pratica alla '
                                        'portata di tutti, capace di favorire '
                                        'il benessere fisico e mentale '
                                        'attraverso il divertimento e la '
                                        'condivisione. L’attività è '
                                        'strutturata come un percorso graduale '
                                        'che mira a migliorare flessibilità, '
                                        'coordinazione, postura, respirazione '
                                        'e tonicità stimolando allo stesso '
                                        'tempo musicalità e vitalità. '
                                        'Un’occasione per prendersi cura del '
                                        'proprio corpo senza rinunciare al '
                                        'piacere dello stare insieme in un '
                                        'contesto informale e accogliente. Per '
                                        'informazioni e prenotazioni è '
                                        'possibile contattare Susy Bonello al '
                                        'numero 329 974 0117.',
                         'dove': {'address': 'Via Oblati, 96',
                                  'name': 'TeatrAnima all’interno dell’ex '
                                          'istituto Salesiani',
                                  'raw_text': 'Dove TeatrAnima all’interno '
                                              'dell’ex istituto Salesiani Via '
                                              'Oblati, 96'},
                         'image': '//citynews-agrigentonotizie.stgy.ovh/~media/horizontal-low/40041137182631/balli-di-gruppo.jpg',
                         'prezzo': 'Prezzo non disponibile',
                         'quando': {'date_end': '2026-02-03',
                                    'date_start': '2026-02-03',
                                    'raw_text': 'Quando Dal 03/02/2026 al '
                                                '03/02/2026 solo domani 18:30',
                                    'schedule': '18:30'}},
              'list': {'category': None,
                       'date': '3 febbraio 2026',
                       'image': '//citynews-agrigentonotizie.stgy.ovh/~media/horizontal-mid/40041137182631/balli-di-gruppo.jpg',
                       'location': 'TeatrAnima all’interno dell’ex istituto '
                                   'Salesiani',
                       'stars': 4,
                       'title': 'Teatranimahub, partono i pomeriggi dedicati '
                                'ai balli di gruppo'}},
 'scraped_at': '2026-02-02T19:45:05.542181',
 'source': 'city_today',
 'title': 'Teatranimahub, partono i pomeriggi dedicati ai balli di gruppo',
 'url': 'https://www.agrigentonotizie.it/eventi/balli-di-gruppo-teatranimahub-3-febbraio-2026.html',
 'uuid': '06d86801e1aa5b8e',
 'website': None}
[2026-02-02T19:45:06.441+0000] {docker.py:429} INFO - 2026-02-02 19:45:06 [scrapy.core.engine] DEBUG: Crawled (200) <GET https://www.agrigentonotizie.it/eventi/monti-sicani-libro-sardo-savatteri-sabella-reina-teatro-pirandello.html> (referer: https://www.agrigentonotizie.it/eventi/dal/2026-02-02/al/2026-02-08/)
[2026-02-02T19:45:06.553+0000] {docker.py:429} INFO - 2026-02-02 19:45:06 [scrapy.core.scraper] DEBUG: Scraped from <200 https://www.agrigentonotizie.it/eventi/monti-sicani-libro-sardo-savatteri-sabella-reina-teatro-pirandello.html>
{'category': ['Incontri'],
 'city': 'Agrigento',
 'city_id': None,
 'content_hash': '652ac56fd2c67d4b',
 'date_display': '7 febbraio 2026',
 'date_end': '2026-02-07',
 'date_start': '2026-02-07',
 'description': 'Sarà il teatro Pirandello a ospitare, sabato 7 febbraio alle '
                '10, la presentazione di “Monti Sicani, l’anima antica della '
                'Sicilia”, il volume pubblicato da Zolfo Editore che raccoglie '
                'i racconti di Gaetano Savatteri , Marzia Sabella , Carmelo '
                'Sardo e del compianto Lorenzo Reina . All’incontro saranno '
                'presenti Savatteri, Sabella e Sardo, protagonisti di un '
                'dialogo che attraversa il cuore più autentico della Sicilia. '
                'A moderare l’appuntamento sarà la giornalista Alfonsa '
                'Butticè. La presentazione si propone come un viaggio '
                'letterario nei Monti Sicani tra memoria, identità e '
                'tradizioni alimentari in un territorio spesso lontano dai '
                'riflettori ma centrale nel racconto di un modello di vita '
                'fondato sull’equilibrio tra uomo e natura. Il volume nasce '
                'nell’ambito del progetto “Le vie del cibo della lunga vita”, '
                'promosso dalla S.MA.P. – Società per lo sviluppo del '
                'Magazzolo Platani, e restituisce l’immagine di un’isola '
                'nell’isola. Borghi sospesi nel tempo, comunità coese, '
                'centenari custodi di saperi antichi e una cultura del cibo '
                'che intreccia tradizione e longevità sono al centro dei '
                'racconti raccolti nel libro. Tra le pagine trova spazio anche '
                'la voce di Lorenzo Reina, artista-pastore e creatore del '
                'teatro Andromeda di Santo Stefano Quisquina, recentemente '
                'scomparso. Il suo contributo è un omaggio a un mondo '
                'essenziale, fatto di gesti antichi, silenzi dell’alba e di un '
                'rapporto intimo con la terra capace di trasformarsi in '
                'visione artistica. Ne emerge un racconto corale che va oltre '
                'la dimensione letteraria e diventa riflessione sul senso '
                'della lunga vita nei Sicani, intesa come risultato di un '
                'equilibrio profondo tra paesaggio, comunità e memoria '
                'condivisa.',
 'event_id': 'monti-sicani-libro-sardo-savatteri-sabella-reina-teatro-pirandello',
 'image_url': '//citynews-agrigentonotizie.stgy.ovh/~media/horizontal-low/52579239572910/combo-autori-sicani.jpg',
 'location_address': 'Via Luigi Pirandello',
 'location_name': 'Teatro Pirandello',
 'price': 'Prezzo non disponibile',
 'raw_data': {'detail': {'altre_informazioni': {'raw_text': 'Altre '
                                                            'informazioni',
                                                'website': None},
                         'descrizione': 'Sarà il teatro Pirandello a ospitare, '
                                        'sabato 7 febbraio alle 10, la '
                                        'presentazione di “Monti Sicani, '
                                        'l’anima antica della Sicilia”, il '
                                        'volume pubblicato da Zolfo Editore '
                                        'che raccoglie i racconti di Gaetano '
                                        'Savatteri , Marzia Sabella , Carmelo '
                                        'Sardo e del compianto Lorenzo Reina . '
                                        'All’incontro saranno presenti '
                                        'Savatteri, Sabella e Sardo, '
                                        'protagonisti di un dialogo che '
                                        'attraversa il cuore più autentico '
                                        'della Sicilia. A moderare '
                                        'l’appuntamento sarà la giornalista '
                                        'Alfonsa Butticè. La presentazione si '
                                        'propone come un viaggio letterario '
                                        'nei Monti Sicani tra memoria, '
                                        'identità e tradizioni alimentari in '
                                        'un territorio spesso lontano dai '
                                        'riflettori ma centrale nel racconto '
                                        'di un modello di vita fondato '
                                        'sull’equilibrio tra uomo e natura. Il '
                                        'volume nasce nell’ambito del progetto '
                                        '“Le vie del cibo della lunga vita”, '
                                        'promosso dalla S.MA.P. – Società per '
                                        'lo sviluppo del Magazzolo Platani, e '
                                        'restituisce l’immagine di un’isola '
                                        'nell’isola. Borghi sospesi nel tempo, '
                                        'comunità coese, centenari custodi di '
                                        'saperi antichi e una cultura del cibo '
                                        'che intreccia tradizione e longevità '
                                        'sono al centro dei racconti raccolti '
                                        'nel libro. Tra le pagine trova spazio '
                                        'anche la voce di Lorenzo Reina, '
                                        'artista-pastore e creatore del teatro '
                                        'Andromeda di Santo Stefano Quisquina, '
                                        'recentemente scomparso. Il suo '
                                        'contributo è un omaggio a un mondo '
                                        'essenziale, fatto di gesti antichi, '
                                        'silenzi dell’alba e di un rapporto '
                                        'intimo con la terra capace di '
                                        'trasformarsi in visione artistica. Ne '
                                        'emerge un racconto corale che va '
                                        'oltre la dimensione letteraria e '
                                        'diventa riflessione sul senso della '
                                        'lunga vita nei Sicani, intesa come '
                                        'risultato di un equilibrio profondo '
                                        'tra paesaggio, comunità e memoria '
                                        'condivisa.',
                         'dove': {'address': 'Via Luigi Pirandello',
                                  'name': 'Teatro Pirandello',
                                  'raw_text': 'Dove Teatro Pirandello Via '
                                              'Luigi Pirandello'},
                         'image': '//citynews-agrigentonotizie.stgy.ovh/~media/horizontal-low/52579239572910/combo-autori-sicani.jpg',
                         'prezzo': 'Prezzo non disponibile',
                         'quando': {'date_end': '2026-02-07',
                                    'date_start': '2026-02-07',
                                    'raw_text': 'Quando Dal 07/02/2026 al '
                                                '07/02/2026 10:00',
                                    'schedule': '10:00'}},
              'list': {'category': 'Incontri',
                       'date': '7 febbraio 2026',
                       'image': '//citynews-agrigentonotizie.stgy.ovh/~media/horizontal-mid/52579239572910/combo-autori-sicani.jpg',
                       'location': 'Teatro Pirandello',
                       'stars': 4,
                       'title': 'I monti Sicani raccontati dagli autori: '
                                'Savatteri, Sabella e Sardo al teatro '
                                'Pirandello'}},
 'scraped_at': '2026-02-02T19:45:06.551330',
 'source': 'city_today',
 'title': 'I monti Sicani raccontati dagli autori: Savatteri, Sabella e Sardo '
          'al teatro Pirandello',
 'url': 'https://www.agrigentonotizie.it/eventi/monti-sicani-libro-sardo-savatteri-sabella-reina-teatro-pirandello.html',
 'uuid': '515f262c260283e2',
 'website': None}
[2026-02-02T19:45:06.554+0000] {docker.py:429} INFO - 2026-02-02 19:45:06 [scrapy.core.engine] INFO: Closing spider (finished)
[2026-02-02T19:45:06.555+0000] {docker.py:429} INFO - 2026-02-02 19:45:06 [scrapy.extensions.feedexport] INFO: Stored json feed (8 items) in: /app/city_today/output/eventi_agrigento_questa-settimana_20260202_194454.json
[2026-02-02T19:45:06.555+0000] {docker.py:429} INFO - 2026-02-02 19:45:06 [scrapy.statscollectors] INFO: Dumping Scrapy stats:
{'downloader/request_bytes': 4242,
 'downloader/request_count': 10,
 'downloader/request_method_count/GET': 10,
 'downloader/response_bytes': 1383956,
 'downloader/response_count': 10,
 'downloader/response_status_count/200': 10,
 'elapsed_time_seconds': 11.405178,
 'feedexport/success_count/FileFeedStorage': 1,
 'finish_reason': 'finished',
 'finish_time': datetime.datetime(2026, 2, 2, 19, 45, 6, 553379, tzinfo=datetime.timezone.utc),
 'httpcompression/response_bytes': 7380416,
 'httpcompression/response_count': 10,
 'item_scraped_count': 8,
 'items_per_city/Agrigento': 8,
 'items_per_minute': 43.63636363636364,
 'log_count/DEBUG': 18,
 'log_count/INFO': 3,
 'memusage/max': 67719168,
 'memusage/startup': 67719168,
 'request_depth_max': 1,
 'response_received_count': 10,
 'responses_per_minute': 54.54545454545455,
 'robotstxt/request_count': 1,
 'robotstxt/response_count': 1,
 'robotstxt/response_status_count/200': 1,
 'scheduler/dequeued': 9,
 'scheduler/dequeued/memory': 9,
 'scheduler/enqueued': 9,
 'scheduler/enqueued/memory': 9,
 'start_time': datetime.datetime(2026, 2, 2, 19, 44, 55, 148201, tzinfo=datetime.timezone.utc)}
2026-02-02 19:45:06 [scrapy.core.engine] INFO: Spider closed (finished)
[2026-02-02T19:45:06.592+0000] {docker.py:429} INFO - Scraping completato. File: /app/city_today/output/eventi_agrigento_questa-settimana_20260202_194454.json
[2026-02-02T19:45:06.924+0000] {taskinstance.py:1138} INFO - Marking task as SUCCESS. dag_id=etl_events_daily, task_id=process_agrigento.scrape_city_today, execution_date=20260201T060000, start_date=20260202T194451, end_date=20260202T194506
[2026-02-02T19:45:06.947+0000] {local_task_job_runner.py:234} INFO - Task exited with return code 0
[2026-02-02T19:45:06.983+0000] {taskinstance.py:3280} INFO - 0 downstream tasks scheduled from follow-on schedule check
