[2026-01-28T21:59:04.583+0000] {taskinstance.py:1956} INFO - Dependencies all met for dep_context=non-requeueable deps ti=<TaskInstance: etl_events_daily.process_torino.scrape_city_today manual__2026-01-28T21:59:02+00:00 [queued]>
[2026-01-28T21:59:04.602+0000] {taskinstance.py:1956} INFO - Dependencies all met for dep_context=requeueable deps ti=<TaskInstance: etl_events_daily.process_torino.scrape_city_today manual__2026-01-28T21:59:02+00:00 [queued]>
[2026-01-28T21:59:04.602+0000] {taskinstance.py:2170} INFO - Starting attempt 1 of 4
[2026-01-28T21:59:04.628+0000] {taskinstance.py:2191} INFO - Executing <Task(FilterableDockerOperator): process_torino.scrape_city_today> on 2026-01-28 21:59:02+00:00
[2026-01-28T21:59:04.642+0000] {standard_task_runner.py:60} INFO - Started process 1954 to run task
[2026-01-28T21:59:04.652+0000] {standard_task_runner.py:87} INFO - Running: ['airflow', 'tasks', 'run', 'etl_events_daily', 'process_torino.scrape_city_today', 'manual__2026-01-28T21:59:02+00:00', '--job-id', '133', '--raw', '--subdir', 'DAGS_FOLDER/scrape_events.py', '--cfg-path', '/tmp/tmp0yyrguxh']
[2026-01-28T21:59:04.662+0000] {standard_task_runner.py:88} INFO - Job 133: Subtask process_torino.scrape_city_today
[2026-01-28T21:59:04.701+0000] {logging_mixin.py:188} WARNING - /home/airflow/.local/lib/python3.11/site-packages/airflow/settings.py:194 DeprecationWarning: The sql_alchemy_conn option in [core] has been moved to the sql_alchemy_conn option in [database] - the old setting has been used, but please update your config.
[2026-01-28T21:59:04.829+0000] {task_command.py:423} INFO - Running <TaskInstance: etl_events_daily.process_torino.scrape_city_today manual__2026-01-28T21:59:02+00:00 [running]> on host a9aac56aef94
[2026-01-28T21:59:05.009+0000] {taskinstance.py:2480} INFO - Exporting env vars: AIRFLOW_CTX_DAG_OWNER='airflow' AIRFLOW_CTX_DAG_ID='etl_events_daily' AIRFLOW_CTX_TASK_ID='process_torino.scrape_city_today' AIRFLOW_CTX_EXECUTION_DATE='2026-01-28T21:59:02+00:00' AIRFLOW_CTX_TRY_NUMBER='1' AIRFLOW_CTX_DAG_RUN_ID='manual__2026-01-28T21:59:02+00:00'
[2026-01-28T21:59:05.065+0000] {docker.py:359} INFO - Starting docker container from image scrapy-events:latest
[2026-01-28T21:59:05.079+0000] {docker.py:367} WARNING - Using remote engine or docker-in-docker and mounting temporary volume from host is not supported. Falling back to `mount_tmp_dir=False` mode. You can set `mount_tmp_dir` parameter to False to disable mounting and remove the warning
[2026-01-28T21:59:06.684+0000] {docker.py:429} INFO - Errore: città non valide: torino
[2026-01-28T21:59:06.686+0000] {docker.py:429} INFO - 
[2026-01-28T21:59:06.688+0000] {docker.py:429} INFO - =======================================================
[2026-01-28T21:59:06.690+0000] {docker.py:429} INFO - CITY TODAY SCRAPER - Eventi da *Today.it
[2026-01-28T21:59:06.693+0000] {docker.py:429} INFO - =======================================================
[2026-01-28T21:59:06.708+0000] {docker.py:429} INFO - 
[2026-01-28T21:59:06.713+0000] {docker.py:429} INFO - Città disponibili:
[2026-01-28T21:59:06.714+0000] {docker.py:429} INFO - 
[2026-01-28T21:59:06.715+0000] {docker.py:429} INFO - - milano
[2026-01-28T21:59:06.719+0000] {docker.py:429} INFO - - napoli
  - bologna
[2026-01-28T21:59:06.723+0000] {docker.py:429} INFO - - roma
[2026-01-28T21:59:06.727+0000] {docker.py:429} INFO - 
[2026-01-28T21:59:06.731+0000] {docker.py:429} INFO - - firenze
[2026-01-28T21:59:06.737+0000] {docker.py:429} INFO - - venezia

Periodi disponibili:
  - oggi
  - domani
[2026-01-28T21:59:06.738+0000] {docker.py:429} INFO - - weekend
  - questa-settimana (default)
  - prossima-settimana
  - questo-mese

Utilizzo:
  python run_spider.py <città> [città2] [--periodo=PERIODO]

Esempi:
  python run_spider.py milano
  python run_spider.py roma napoli
  python run_spider.py milano --periodo=prossima-settimana
  python run_spider.py roma bologna --periodo=questo-mese
=======================================================
[2026-01-28T21:59:07.132+0000] {taskinstance.py:1138} INFO - Marking task as SUCCESS. dag_id=etl_events_daily, task_id=process_torino.scrape_city_today, execution_date=20260128T215902, start_date=20260128T215904, end_date=20260128T215907
[2026-01-28T21:59:07.175+0000] {local_task_job_runner.py:234} INFO - Task exited with return code 0
[2026-01-28T21:59:07.239+0000] {taskinstance.py:3280} INFO - 0 downstream tasks scheduled from follow-on schedule check
