[2026-01-28T20:44:29.251+0000] {taskinstance.py:1956} INFO - Dependencies all met for dep_context=non-requeueable deps ti=<TaskInstance: etl_events_daily.process_venezia.scrape_city_today manual__2026-01-28T20:44:23.219435+00:00 [queued]>
[2026-01-28T20:44:29.270+0000] {taskinstance.py:1956} INFO - Dependencies all met for dep_context=requeueable deps ti=<TaskInstance: etl_events_daily.process_venezia.scrape_city_today manual__2026-01-28T20:44:23.219435+00:00 [queued]>
[2026-01-28T20:44:29.270+0000] {taskinstance.py:2170} INFO - Starting attempt 1 of 4
[2026-01-28T20:44:29.294+0000] {taskinstance.py:2191} INFO - Executing <Task(FilterableDockerOperator): process_venezia.scrape_city_today> on 2026-01-28 20:44:23.219435+00:00
[2026-01-28T20:44:29.303+0000] {standard_task_runner.py:60} INFO - Started process 320 to run task
[2026-01-28T20:44:29.308+0000] {standard_task_runner.py:87} INFO - Running: ['airflow', 'tasks', 'run', 'etl_events_daily', 'process_venezia.scrape_city_today', 'manual__2026-01-28T20:44:23.219435+00:00', '--job-id', '43', '--raw', '--subdir', 'DAGS_FOLDER/scrape_events.py', '--cfg-path', '/tmp/tmpz3yju4em']
[2026-01-28T20:44:29.310+0000] {standard_task_runner.py:88} INFO - Job 43: Subtask process_venezia.scrape_city_today
[2026-01-28T20:44:29.333+0000] {logging_mixin.py:188} WARNING - /home/airflow/.local/lib/python3.11/site-packages/airflow/settings.py:194 DeprecationWarning: The sql_alchemy_conn option in [core] has been moved to the sql_alchemy_conn option in [database] - the old setting has been used, but please update your config.
[2026-01-28T20:44:29.402+0000] {task_command.py:423} INFO - Running <TaskInstance: etl_events_daily.process_venezia.scrape_city_today manual__2026-01-28T20:44:23.219435+00:00 [running]> on host 621489cd6b79
[2026-01-28T20:44:29.541+0000] {taskinstance.py:2480} INFO - Exporting env vars: AIRFLOW_CTX_DAG_OWNER='airflow' AIRFLOW_CTX_DAG_ID='etl_events_daily' AIRFLOW_CTX_TASK_ID='process_venezia.scrape_city_today' AIRFLOW_CTX_EXECUTION_DATE='2026-01-28T20:44:23.219435+00:00' AIRFLOW_CTX_TRY_NUMBER='1' AIRFLOW_CTX_DAG_RUN_ID='manual__2026-01-28T20:44:23.219435+00:00'
[2026-01-28T20:44:29.575+0000] {docker.py:486} INFO - Pulling docker image scrapy-events:latest
[2026-01-28T20:44:31.222+0000] {taskinstance.py:2698} ERROR - Task failed with exception
Traceback (most recent call last):
  File "/home/airflow/.local/lib/python3.11/site-packages/docker/api/client.py", line 265, in _raise_for_status
    response.raise_for_status()
  File "/home/airflow/.local/lib/python3.11/site-packages/requests/models.py", line 1021, in raise_for_status
    raise HTTPError(http_error_msg, response=self)
requests.exceptions.HTTPError: 404 Client Error: Not Found for url: http+docker://localhost/v1.52/images/create?tag=latest&fromImage=scrapy-events

The above exception was the direct cause of the following exception:

Traceback (most recent call last):
  File "/home/airflow/.local/lib/python3.11/site-packages/airflow/models/taskinstance.py", line 433, in _execute_task
    result = execute_callable(context=context, **execute_callable_kwargs)
             ^^^^^^^^^^^^^^^^^^^^^^^^^^^^^^^^^^^^^^^^^^^^^^^^^^^^^^^^^^^^
  File "/opt/airflow/dags/scrape_events.py", line 92, in execute
    return super().execute(context)
           ^^^^^^^^^^^^^^^^^^^^^^^^
  File "/home/airflow/.local/lib/python3.11/site-packages/airflow/providers/docker/operators/docker.py", line 488, in execute
    for output in self.cli.pull(self.image, stream=True, decode=True):
                  ^^^^^^^^^^^^^^^^^^^^^^^^^^^^^^^^^^^^^^^^^^^^^^^^^^^
  File "/home/airflow/.local/lib/python3.11/site-packages/docker/api/image.py", line 429, in pull
    self._raise_for_status(response)
  File "/home/airflow/.local/lib/python3.11/site-packages/docker/api/client.py", line 267, in _raise_for_status
    raise create_api_error_from_http_exception(e) from e
          ^^^^^^^^^^^^^^^^^^^^^^^^^^^^^^^^^^^^^^^
  File "/home/airflow/.local/lib/python3.11/site-packages/docker/errors.py", line 39, in create_api_error_from_http_exception
    raise cls(e, response=response, explanation=explanation) from e
docker.errors.ImageNotFound: 404 Client Error for http+docker://localhost/v1.52/images/create?tag=latest&fromImage=scrapy-events: Not Found ("pull access denied for scrapy-events, repository does not exist or may require 'docker login': denied: requested access to the resource is denied")
[2026-01-28T20:44:31.240+0000] {taskinstance.py:1138} INFO - Marking task as UP_FOR_RETRY. dag_id=etl_events_daily, task_id=process_venezia.scrape_city_today, execution_date=20260128T204423, start_date=20260128T204429, end_date=20260128T204431
[2026-01-28T20:44:31.254+0000] {standard_task_runner.py:107} ERROR - Failed to execute job 43 for task process_venezia.scrape_city_today (404 Client Error for http+docker://localhost/v1.52/images/create?tag=latest&fromImage=scrapy-events: Not Found ("pull access denied for scrapy-events, repository does not exist or may require 'docker login': denied: requested access to the resource is denied"); 320)
[2026-01-28T20:44:31.296+0000] {local_task_job_runner.py:234} INFO - Task exited with return code 1
[2026-01-28T20:44:31.391+0000] {taskinstance.py:3280} INFO - 0 downstream tasks scheduled from follow-on schedule check
