[2026-01-28T22:20:24.155+0000] {taskinstance.py:1956} INFO - Dependencies all met for dep_context=non-requeueable deps ti=<TaskInstance: etl_events_daily.process_lecco.scrape_city_today manual__2026-01-28T22:19:44.377550+00:00 [queued]>
[2026-01-28T22:20:24.164+0000] {taskinstance.py:1956} INFO - Dependencies all met for dep_context=requeueable deps ti=<TaskInstance: etl_events_daily.process_lecco.scrape_city_today manual__2026-01-28T22:19:44.377550+00:00 [queued]>
[2026-01-28T22:20:24.165+0000] {taskinstance.py:2170} INFO - Starting attempt 1 of 4
[2026-01-28T22:20:24.175+0000] {taskinstance.py:2191} INFO - Executing <Task(FilterableDockerOperator): process_lecco.scrape_city_today> on 2026-01-28 22:19:44.377550+00:00
[2026-01-28T22:20:24.180+0000] {standard_task_runner.py:60} INFO - Started process 2536 to run task
[2026-01-28T22:20:24.182+0000] {standard_task_runner.py:87} INFO - Running: ['airflow', 'tasks', 'run', 'etl_events_daily', 'process_lecco.scrape_city_today', 'manual__2026-01-28T22:19:44.377550+00:00', '--job-id', '172', '--raw', '--subdir', 'DAGS_FOLDER/scrape_events.py', '--cfg-path', '/tmp/tmpjza810lj']
[2026-01-28T22:20:24.184+0000] {standard_task_runner.py:88} INFO - Job 172: Subtask process_lecco.scrape_city_today
[2026-01-28T22:20:24.202+0000] {logging_mixin.py:188} WARNING - /home/airflow/.local/lib/python3.11/site-packages/airflow/settings.py:194 DeprecationWarning: The sql_alchemy_conn option in [core] has been moved to the sql_alchemy_conn option in [database] - the old setting has been used, but please update your config.
[2026-01-28T22:20:24.251+0000] {task_command.py:423} INFO - Running <TaskInstance: etl_events_daily.process_lecco.scrape_city_today manual__2026-01-28T22:19:44.377550+00:00 [running]> on host a9aac56aef94
[2026-01-28T22:20:24.349+0000] {taskinstance.py:2480} INFO - Exporting env vars: AIRFLOW_CTX_DAG_OWNER='airflow' AIRFLOW_CTX_DAG_ID='etl_events_daily' AIRFLOW_CTX_TASK_ID='process_lecco.scrape_city_today' AIRFLOW_CTX_EXECUTION_DATE='2026-01-28T22:19:44.377550+00:00' AIRFLOW_CTX_TRY_NUMBER='1' AIRFLOW_CTX_DAG_RUN_ID='manual__2026-01-28T22:19:44.377550+00:00'
[2026-01-28T22:20:24.368+0000] {docker.py:359} INFO - Starting docker container from image scrapy-events:latest
[2026-01-28T22:20:24.374+0000] {docker.py:367} WARNING - Using remote engine or docker-in-docker and mounting temporary volume from host is not supported. Falling back to `mount_tmp_dir=False` mode. You can set `mount_tmp_dir` parameter to False to disable mounting and remove the warning
[2026-01-28T22:20:25.066+0000] {docker.py:429} INFO - Avvio scraping per: Lecco
Periodo: questa-settimana
[2026-01-28T22:20:25.072+0000] {docker.py:429} INFO - 2026-01-28 22:20:25 [scrapy.utils.log] INFO: Scrapy 2.14.1 started (bot: events)
[2026-01-28T22:20:25.082+0000] {docker.py:429} INFO - 2026-01-28 22:20:25 [scrapy.utils.log] INFO: Versions:
{'lxml': '6.0.2',
 'libxml2': '2.14.6',
 'cssselect': '1.3.0',
 'parsel': '1.10.0',
 'w3lib': '2.3.1',
 'Twisted': '25.5.0',
 'Python': '3.11.14 (main, Jan 13 2026, 03:12:14) [GCC 14.2.0]',
 'pyOpenSSL': '25.3.0 (OpenSSL 3.5.4 30 Sep 2025)',
 'cryptography': '46.0.3',
 'Platform': 'Linux-6.12.54-linuxkit-x86_64-with-glibc2.41'}
2026-01-28 22:20:25 [scrapy.crawler] DEBUG: Using CrawlerProcess
[2026-01-28T22:20:25.088+0000] {docker.py:429} INFO - 2026-01-28 22:20:25 [events] INFO: Scraping città: Lecco
2026-01-28 22:20:25 [events] INFO: Periodo: questa-settimana (2026-01-28 - 2026-02-01)
2026-01-28 22:20:25 [scrapy.addons] INFO: Enabled addons:
[]
[2026-01-28T22:20:25.090+0000] {docker.py:429} INFO - 2026-01-28 22:20:25 [asyncio] DEBUG: Using selector: EpollSelector
[2026-01-28T22:20:25.091+0000] {docker.py:429} INFO - 2026-01-28 22:20:25 [scrapy.utils.log] DEBUG: Using reactor: twisted.internet.asyncioreactor.AsyncioSelectorReactor
[2026-01-28T22:20:25.092+0000] {docker.py:429} INFO - 2026-01-28 22:20:25 [scrapy.utils.log] DEBUG: Using asyncio event loop: asyncio.unix_events._UnixSelectorEventLoop
[2026-01-28T22:20:25.101+0000] {docker.py:429} INFO - 2026-01-28 22:20:25 [scrapy.extensions.telnet] INFO: Telnet Password: 0f70be209d9771e1
[2026-01-28T22:20:25.180+0000] {docker.py:429} INFO - 2026-01-28 22:20:25 [scrapy.middleware] INFO: Enabled extensions:
['scrapy.extensions.corestats.CoreStats',
 'scrapy.extensions.logcount.LogCount',
 'scrapy.extensions.telnet.TelnetConsole',
 'scrapy.extensions.memusage.MemoryUsage',
 'scrapy.extensions.feedexport.FeedExporter',
 'scrapy.extensions.logstats.LogStats']
[2026-01-28T22:20:25.180+0000] {docker.py:429} INFO - 2026-01-28 22:20:25 [scrapy.crawler] INFO: Overridden settings:
{'BOT_NAME': 'events',
 'CONCURRENT_REQUESTS': 2,
 'CONCURRENT_REQUESTS_PER_DOMAIN': 1,
 'DOWNLOAD_DELAY': 1,
 'FEED_EXPORT_ENCODING': 'utf-8',
 'NEWSPIDER_MODULE': 'events.spiders',
 'ROBOTSTXT_OBEY': True,
 'SPIDER_MODULES': ['events.spiders'],
 'USER_AGENT': 'Mozilla/5.0 (Macintosh; Intel Mac OS X 10_15_7) '
               'AppleWebKit/537.36 (KHTML, like Gecko) Chrome/120.0.0.0 '
               'Safari/537.36'}
[2026-01-28T22:20:25.252+0000] {docker.py:429} INFO - 2026-01-28 22:20:25 [scrapy.middleware] INFO: Enabled downloader middlewares:
['scrapy.downloadermiddlewares.offsite.OffsiteMiddleware',
 'scrapy.downloadermiddlewares.robotstxt.RobotsTxtMiddleware',
 'scrapy.downloadermiddlewares.httpauth.HttpAuthMiddleware',
 'scrapy.downloadermiddlewares.downloadtimeout.DownloadTimeoutMiddleware',
 'scrapy.downloadermiddlewares.defaultheaders.DefaultHeadersMiddleware',
 'scrapy.downloadermiddlewares.useragent.UserAgentMiddleware',
 'scrapy.downloadermiddlewares.retry.RetryMiddleware',
 'scrapy.downloadermiddlewares.redirect.MetaRefreshMiddleware',
 'scrapy.downloadermiddlewares.httpcompression.HttpCompressionMiddleware',
 'scrapy.downloadermiddlewares.redirect.RedirectMiddleware',
 'scrapy.downloadermiddlewares.cookies.CookiesMiddleware',
 'scrapy.downloadermiddlewares.httpproxy.HttpProxyMiddleware',
 'scrapy.downloadermiddlewares.stats.DownloaderStats']
[2026-01-28T22:20:25.254+0000] {docker.py:429} INFO - 2026-01-28 22:20:25 [scrapy.middleware] INFO: Enabled spider middlewares:
['scrapy.spidermiddlewares.start.StartSpiderMiddleware',
 'scrapy.spidermiddlewares.httperror.HttpErrorMiddleware',
 'scrapy.spidermiddlewares.referer.RefererMiddleware',
 'scrapy.spidermiddlewares.urllength.UrlLengthMiddleware',
 'scrapy.spidermiddlewares.depth.DepthMiddleware']
[2026-01-28T22:20:25.255+0000] {docker.py:429} INFO - 2026-01-28 22:20:25 [scrapy.middleware] INFO: Enabled item pipelines:
[]
[2026-01-28T22:20:25.256+0000] {docker.py:429} INFO - Output file: /app/city_today/output/eventi_lecco_questa-settimana_20260128_222025.json
[2026-01-28T22:20:25.256+0000] {docker.py:429} INFO - 2026-01-28 22:20:25 [scrapy.core.engine] INFO: Spider opened
[2026-01-28T22:20:25.262+0000] {docker.py:429} INFO - 2026-01-28 22:20:25 [scrapy.extensions.logstats] INFO: Crawled 0 pages (at 0 pages/min), scraped 0 items (at 0 items/min)
[2026-01-28T22:20:25.263+0000] {docker.py:429} INFO - 2026-01-28 22:20:25 [scrapy.extensions.telnet] INFO: Telnet console listening on 127.0.0.1:6023
[2026-01-28T22:20:25.497+0000] {docker.py:429} INFO - 2026-01-28 22:20:25 [scrapy.core.engine] DEBUG: Crawled (200) <GET https://www.leccotoday.it/robots.txt> (referer: None)
[2026-01-28T22:20:27.666+0000] {docker.py:429} INFO - 2026-01-28 22:20:27 [scrapy.core.engine] DEBUG: Crawled (200) <GET https://www.leccotoday.it/eventi/dal/2026-01-28/al/2026-02-01/> (referer: None)
[2026-01-28T22:20:28.358+0000] {docker.py:429} INFO - 2026-01-28 22:20:28 [scrapy.core.engine] DEBUG: Crawled (200) <GET https://www.leccotoday.it/eventi/calolziocorte-patto-digitale-.html> (referer: https://www.leccotoday.it/eventi/dal/2026-01-28/al/2026-02-01/)
[2026-01-28T22:20:28.475+0000] {docker.py:429} INFO - 2026-01-28 22:20:28 [scrapy.core.scraper] DEBUG: Scraped from <200 https://www.leccotoday.it/eventi/calolziocorte-patto-digitale-.html>
{'category': 'Incontri',
 'city': 'Lecco',
 'content_hash': 'da92d608cc771893',
 'date_end': '2026-01-28',
 'date_start': '2026-01-28',
 'dates': [{'date': '2026-01-28',
            'time_start': '20:30',
            'weekday': 'Mercoledì'}],
 'description': 'Il Tavolo della Comunità educante in collaborazione con gli '
                'istituti scolastici di Calolziorte, Olginate e “Caterina '
                "Cittadini” in sinergia con l'unione pastorale di Calolzio "
                'Foppenico, con il patrocinio degli 8 comuni del polo della '
                'Valle San Martino e il contributo della Fondazione '
                "Comunitaria Lecchese invitano tutti all'incontro: “Comunità "
                "in Patto”. L'incontro è rivolto a tutti coloro che, "
                "all'interno del territorio, svolgono un'azione educativa con "
                'bambini e ragazzi in ambito, scolastico, sportivo, '
                'parrocchiale, culturale, medico, ricreativo o in altri '
                "settori. L'obiettivo dell'incontro è la stesura di un "
                '"Patto Digitale di Comunità" che possa offrire un linguaggio '
                'e delle regole condivise utili per guidare i bambini e i '
                'ragazzi verso una gestione equilibrata e sicura del digitale '
                "all'interno di ciascuna realtà educativa. L'incontro sarà "
                'guidato dagli esperti della Rete nazionale dei Patti '
                'digitali.',
 'image_url': '//citynews-leccotoday.stgy.ovh/~media/horizontal-mid/18563344086058/computer-2-2.jpg',
 'location_address': 'Via Santi Cosma e Damiano',
 'location_name': 'Oratorio di Sala',
 'price': 'Prezzo non disponibile',
 'scraped_at': '2026-01-28T22:20:27.773348',
 'time_info': 'Ore 20.30',
 'title': 'Un "Patto digitale di comunità", se ne parla a Calolziocorte',
 'url': 'https://www.leccotoday.it/eventi/calolziocorte-patto-digitale-.html',
 'uuid': '828d1de114293bdf'}
[2026-01-28T22:20:29.757+0000] {docker.py:429} INFO - 2026-01-28 22:20:29 [scrapy.core.engine] DEBUG: Crawled (200) <GET https://www.leccotoday.it/eventi/mauro-repetto-uomo-ragno.html> (referer: https://www.leccotoday.it/eventi/dal/2026-01-28/al/2026-02-01/)
[2026-01-28T22:20:29.865+0000] {docker.py:429} INFO - 2026-01-28 22:20:29 [scrapy.core.scraper] DEBUG: Scraped from <200 https://www.leccotoday.it/eventi/mauro-repetto-uomo-ragno.html>
{'category': 'Incontri',
 'city': 'Lecco',
 'content_hash': '8fe6a9dfd89b01cd',
 'date_end': '2026-01-29',
 'date_start': '2026-01-29',
 'dates': [{'date': '2026-01-29', 'weekday': 'Giovedì'}],
 'description': 'Mauro Repetto arriva in Brianza per il suo show "Alla ricerca '
                'dell\'uomo ragno". Appuntamento al 29 gennaio alle ore 21 '
                "all'Auditorium di Casatenovo. Uno spettacolo multimediale tra "
                "musica e comicità che riporta negli anni '’90: la storia "
                "degli 883 come non l'abbiamo mai sentita, tra aneddoti e "
                'curiosità inedite. Sul palco Mauro Repetto con Marco '
                'Guarnerio, Célie, Alex Botta, un sorprendente Uomo Ragno '
                'dark, per una fiaba surreale e autobiografica tutta da '
                'vivere. Regia di Maurizio Colombi e Stefano Salvati. '
                "Organizzatore dell'evento è Sold Out Srl. I biglietti sono "
                'disponibili al seguente indirizzo .',
 'image_url': '//citynews-leccotoday.stgy.ovh/~media/horizontal-mid/6625864636450/mauro-repetto.jpg',
 'location_address': None,
 'location_name': 'Auditorium di Casatenuovo',
 'price': 'Prezzo non disponibile',
 'scraped_at': '2026-01-28T22:20:27.772874',
 'time_info': 'Ore 21',
 'title': 'Mauro Repetto a Casatenovo con "Alla ricerca dell\'uomo ragno"',
 'url': 'https://www.leccotoday.it/eventi/mauro-repetto-uomo-ragno.html',
 'uuid': '7cb6eec99205f949'}
[2026-01-28T22:20:31.352+0000] {docker.py:429} INFO - 2026-01-28 22:20:31 [scrapy.core.engine] DEBUG: Crawled (200) <GET https://www.leccotoday.it/eventi/mostra-morterone-natura-arte-poesia.html> (referer: https://www.leccotoday.it/eventi/dal/2026-01-28/al/2026-02-01/)
[2026-01-28T22:20:31.468+0000] {docker.py:429} INFO - 2026-01-28 22:20:31 [scrapy.core.scraper] DEBUG: Scraped from <200 https://www.leccotoday.it/eventi/mostra-morterone-natura-arte-poesia.html>
{'category': 'Mostre',
 'city': 'Lecco',
 'content_hash': '66809642d639e1db',
 'date_end': '2026-12-31',
 'date_start': '2025-09-06',
 'dates': [{'date': '2025-09-06', 'weekday': 'Sabato'},
           {'date': '2025-09-07', 'weekday': 'Domenica'},
           {'date': '2025-09-08', 'weekday': 'Lunedì'},
           {'date': '2025-09-09', 'weekday': 'Martedì'},
           {'date': '2025-09-10', 'weekday': 'Mercoledì'},
           {'date': '2025-09-11', 'weekday': 'Giovedì'},
           {'date': '2025-09-12', 'weekday': 'Venerdì'},
           {'date': '2025-09-13', 'weekday': 'Sabato'},
           {'date': '2025-09-14', 'weekday': 'Domenica'},
           {'date': '2025-09-15', 'weekday': 'Lunedì'},
           {'date': '2025-09-16', 'weekday': 'Martedì'},
           {'date': '2025-09-17', 'weekday': 'Mercoledì'},
           {'date': '2025-09-18', 'weekday': 'Giovedì'},
           {'date': '2025-09-19', 'weekday': 'Venerdì'},
           {'date': '2025-09-20', 'weekday': 'Sabato'},
           {'date': '2025-09-21', 'weekday': 'Domenica'},
           {'date': '2025-09-22', 'weekday': 'Lunedì'},
           {'date': '2025-09-23', 'weekday': 'Martedì'},
           {'date': '2025-09-24', 'weekday': 'Mercoledì'},
           {'date': '2025-09-25', 'weekday': 'Giovedì'},
           {'date': '2025-09-26', 'weekday': 'Venerdì'},
           {'date': '2025-09-27', 'weekday': 'Sabato'},
           {'date': '2025-09-28', 'weekday': 'Domenica'},
           {'date': '2025-09-29', 'weekday': 'Lunedì'},
           {'date': '2025-09-30', 'weekday': 'Martedì'},
           {'date': '2025-10-01', 'weekday': 'Mercoledì'},
           {'date': '2025-10-02', 'weekday': 'Giovedì'},
           {'date': '2025-10-03', 'weekday': 'Venerdì'},
           {'date': '2025-10-04', 'weekday': 'Sabato'},
           {'date': '2025-10-05', 'weekday': 'Domenica'},
           {'date': '2025-10-06', 'weekday': 'Lunedì'},
           {'date': '2025-10-07', 'weekday': 'Martedì'},
           {'date': '2025-10-08', 'weekday': 'Mercoledì'},
           {'date': '2025-10-09', 'weekday': 'Giovedì'},
           {'date': '2025-10-10', 'weekday': 'Venerdì'},
           {'date': '2025-10-11', 'weekday': 'Sabato'},
           {'date': '2025-10-12', 'weekday': 'Domenica'},
           {'date': '2025-10-13', 'weekday': 'Lunedì'},
           {'date': '2025-10-14', 'weekday': 'Martedì'},
           {'date': '2025-10-15', 'weekday': 'Mercoledì'},
           {'date': '2025-10-16', 'weekday': 'Giovedì'},
           {'date': '2025-10-17', 'weekday': 'Venerdì'},
           {'date': '2025-10-18', 'weekday': 'Sabato'},
           {'date': '2025-10-19', 'weekday': 'Domenica'},
           {'date': '2025-10-20', 'weekday': 'Lunedì'},
           {'date': '2025-10-21', 'weekday': 'Martedì'},
           {'date': '2025-10-22', 'weekday': 'Mercoledì'},
           {'date': '2025-10-23', 'weekday': 'Giovedì'},
           {'date': '2025-10-24', 'weekday': 'Venerdì'},
           {'date': '2025-10-25', 'weekday': 'Sabato'},
           {'date': '2025-10-26', 'weekday': 'Domenica'},
           {'date': '2025-10-27', 'weekday': 'Lunedì'},
           {'date': '2025-10-28', 'weekday': 'Martedì'},
           {'date': '2025-10-29', 'weekday': 'Mercoledì'},
           {'date': '2025-10-30', 'weekday': 'Giovedì'},
           {'date': '2025-10-31', 'weekday': 'Venerdì'},
           {'date': '2025-11-01', 'weekday': 'Sabato'},
           {'date': '2025-11-02', 'weekday': 'Domenica'},
           {'date': '2025-11-03', 'weekday': 'Lunedì'},
           {'date': '2025-11-04', 'weekday': 'Martedì'},
           {'date': '2025-11-05', 'weekday': 'Mercoledì'},
           {'date': '2025-11-06', 'weekday': 'Giovedì'},
           {'date': '2025-11-07', 'weekday': 'Venerdì'},
           {'date': '2025-11-08', 'weekday': 'Sabato'},
           {'date': '2025-11-09', 'weekday': 'Domenica'},
           {'date': '2025-11-10', 'weekday': 'Lunedì'},
           {'date': '2025-11-11', 'weekday': 'Martedì'},
           {'date': '2025-11-12', 'weekday': 'Mercoledì'},
           {'date': '2025-11-13', 'weekday': 'Giovedì'},
           {'date': '2025-11-14', 'weekday': 'Venerdì'},
           {'date': '2025-11-15', 'weekday': 'Sabato'},
           {'date': '2025-11-16', 'weekday': 'Domenica'},
           {'date': '2025-11-17', 'weekday': 'Lunedì'},
           {'date': '2025-11-18', 'weekday': 'Martedì'},
           {'date': '2025-11-19', 'weekday': 'Mercoledì'},
           {'date': '2025-11-20', 'weekday': 'Giovedì'},
           {'date': '2025-11-21', 'weekday': 'Venerdì'},
           {'date': '2025-11-22', 'weekday': 'Sabato'},
           {'date': '2025-11-23', 'weekday': 'Domenica'},
           {'date': '2025-11-24', 'weekday': 'Lunedì'},
           {'date': '2025-11-25', 'weekday': 'Martedì'},
           {'date': '2025-11-26', 'weekday': 'Mercoledì'},
           {'date': '2025-11-27', 'weekday': 'Giovedì'},
           {'date': '2025-11-28', 'weekday': 'Venerdì'},
           {'date': '2025-11-29', 'weekday': 'Sabato'},
           {'date': '2025-11-30', 'weekday': 'Domenica'},
           {'date': '2025-12-01', 'weekday': 'Lunedì'},
           {'date': '2025-12-02', 'weekday': 'Martedì'},
           {'date': '2025-12-03', 'weekday': 'Mercoledì'},
           {'date': '2025-12-04', 'weekday': 'Giovedì'},
           {'date': '2025-12-05', 'weekday': 'Venerdì'},
           {'date': '2025-12-06', 'weekday': 'Sabato'},
           {'date': '2025-12-07', 'weekday': 'Domenica'},
           {'date': '2025-12-08', 'weekday': 'Lunedì'},
           {'date': '2025-12-09', 'weekday': 'Martedì'},
           {'date': '2025-12-10', 'weekday': 'Mercoledì'},
           {'date': '2025-12-11', 'weekday': 'Giovedì'},
           {'date': '2025-12-12', 'weekday': 'Venerdì'},
           {'date': '2025-12-13', 'weekday': 'Sabato'},
           {'date': '2025-12-14', 'weekday': 'Domenica'},
           {'date': '2025-12-15', 'weekday': 'Lunedì'},
           {'date': '2025-12-16', 'weekday': 'Martedì'},
           {'date': '2025-12-17', 'weekday': 'Mercoledì'},
           {'date': '2025-12-18', 'weekday': 'Giovedì'},
           {'date': '2025-12-19', 'weekday': 'Venerdì'},
           {'date': '2025-12-20', 'weekday': 'Sabato'},
           {'date': '2025-12-21', 'weekday': 'Domenica'},
           {'date': '2025-12-22', 'weekday': 'Lunedì'},
           {'date': '2025-12-23', 'weekday': 'Martedì'},
           {'date': '2025-12-24', 'weekday': 'Mercoledì'},
           {'date': '2025-12-25', 'weekday': 'Giovedì'},
           {'date': '2025-12-26', 'weekday': 'Venerdì'},
           {'date': '2025-12-27', 'weekday': 'Sabato'},
           {'date': '2025-12-28', 'weekday': 'Domenica'},
           {'date': '2025-12-29', 'weekday': 'Lunedì'},
           {'date': '2025-12-30', 'weekday': 'Martedì'},
           {'date': '2025-12-31', 'weekday': 'Mercoledì'},
           {'date': '2026-01-01', 'weekday': 'Giovedì'},
           {'date': '2026-01-02', 'weekday': 'Venerdì'},
           {'date': '2026-01-03', 'weekday': 'Sabato'},
           {'date': '2026-01-04', 'weekday': 'Domenica'},
           {'date': '2026-01-05', 'weekday': 'Lunedì'},
           {'date': '2026-01-06', 'weekday': 'Martedì'},
           {'date': '2026-01-07', 'weekday': 'Mercoledì'},
           {'date': '2026-01-08', 'weekday': 'Giovedì'},
           {'date': '2026-01-09', 'weekday': 'Venerdì'},
           {'date': '2026-01-10', 'weekday': 'Sabato'},
           {'date': '2026-01-11', 'weekday': 'Domenica'},
           {'date': '2026-01-12', 'weekday': 'Lunedì'},
           {'date': '2026-01-13', 'weekday': 'Martedì'},
           {'date': '2026-01-14', 'weekday': 'Mercoledì'},
           {'date': '2026-01-15', 'weekday': 'Giovedì'},
           {'date': '2026-01-16', 'weekday': 'Venerdì'},
           {'date': '2026-01-17', 'weekday': 'Sabato'},
           {'date': '2026-01-18', 'weekday': 'Domenica'},
           {'date': '2026-01-19', 'weekday': 'Lunedì'},
           {'date': '2026-01-20', 'weekday': 'Martedì'},
           {'date': '2026-01-21', 'weekday': 'Mercoledì'},
           {'date': '2026-01-22', 'weekday': 'Giovedì'},
           {'date': '2026-01-23', 'weekday': 'Venerdì'},
           {'date': '2026-01-24', 'weekday': 'Sabato'},
           {'date': '2026-01-25', 'weekday': 'Domenica'},
           {'date': '2026-01-26', 'weekday': 'Lunedì'},
           {'date': '2026-01-27', 'weekday': 'Martedì'},
           {'date': '2026-01-28', 'weekday': 'Mercoledì'},
           {'date': '2026-01-29', 'weekday': 'Giovedì'},
           {'date': '2026-01-30', 'weekday': 'Venerdì'},
           {'date': '2026-01-31', 'weekday': 'Sabato'},
           {'date': '2026-02-01', 'weekday': 'Domenica'},
           {'date': '2026-02-02', 'weekday': 'Lunedì'},
           {'date': '2026-02-03', 'weekday': 'Martedì'},
           {'date': '2026-02-04', 'weekday': 'Mercoledì'},
           {'date': '2026-02-05', 'weekday': 'Giovedì'},
           {'date': '2026-02-06', 'weekday': 'Venerdì'},
           {'date': '2026-02-07', 'weekday': 'Sabato'},
           {'date': '2026-02-08', 'weekday': 'Domenica'},
           {'date': '2026-02-09', 'weekday': 'Lunedì'},
           {'date': '2026-02-10', 'weekday': 'Martedì'},
           {'date': '2026-02-11', 'weekday': 'Mercoledì'},
           {'date': '2026-02-12', 'weekday': 'Giovedì'},
           {'date': '2026-02-13', 'weekday': 'Venerdì'},
           {'date': '2026-02-14', 'weekday': 'Sabato'},
           {'date': '2026-02-15', 'weekday': 'Domenica'},
           {'date': '2026-02-16', 'weekday': 'Lunedì'},
           {'date': '2026-02-17', 'weekday': 'Martedì'},
           {'date': '2026-02-18', 'weekday': 'Mercoledì'},
           {'date': '2026-02-19', 'weekday': 'Giovedì'},
           {'date': '2026-02-20', 'weekday': 'Venerdì'},
           {'date': '2026-02-21', 'weekday': 'Sabato'},
           {'date': '2026-02-22', 'weekday': 'Domenica'},
           {'date': '2026-02-23', 'weekday': 'Lunedì'},
           {'date': '2026-02-24', 'weekday': 'Martedì'},
           {'date': '2026-02-25', 'weekday': 'Mercoledì'},
           {'date': '2026-02-26', 'weekday': 'Giovedì'},
           {'date': '2026-02-27', 'weekday': 'Venerdì'},
           {'date': '2026-02-28', 'weekday': 'Sabato'},
           {'date': '2026-03-01', 'weekday': 'Domenica'},
           {'date': '2026-03-02', 'weekday': 'Lunedì'},
           {'date': '2026-03-03', 'weekday': 'Martedì'},
           {'date': '2026-03-04', 'weekday': 'Mercoledì'},
           {'date': '2026-03-05', 'weekday': 'Giovedì'},
           {'date': '2026-03-06', 'weekday': 'Venerdì'},
           {'date': '2026-03-07', 'weekday': 'Sabato'},
           {'date': '2026-03-08', 'weekday': 'Domenica'},
           {'date': '2026-03-09', 'weekday': 'Lunedì'},
           {'date': '2026-03-10', 'weekday': 'Martedì'},
           {'date': '2026-03-11', 'weekday': 'Mercoledì'},
           {'date': '2026-03-12', 'weekday': 'Giovedì'},
           {'date': '2026-03-13', 'weekday': 'Venerdì'},
           {'date': '2026-03-14', 'weekday': 'Sabato'},
           {'date': '2026-03-15', 'weekday': 'Domenica'},
           {'date': '2026-03-16', 'weekday': 'Lunedì'},
           {'date': '2026-03-17', 'weekday': 'Martedì'},
           {'date': '2026-03-18', 'weekday': 'Mercoledì'},
           {'date': '2026-03-19', 'weekday': 'Giovedì'},
           {'date': '2026-03-20', 'weekday': 'Venerdì'},
           {'date': '2026-03-21', 'weekday': 'Sabato'},
           {'date': '2026-03-22', 'weekday': 'Domenica'},
           {'date': '2026-03-23', 'weekday': 'Lunedì'},
           {'date': '2026-03-24', 'weekday': 'Martedì'},
           {'date': '2026-03-25', 'weekday': 'Mercoledì'},
           {'date': '2026-03-26', 'weekday': 'Giovedì'},
           {'date': '2026-03-27', 'weekday': 'Venerdì'},
           {'date': '2026-03-28', 'weekday': 'Sabato'},
           {'date': '2026-03-29', 'weekday': 'Domenica'},
           {'date': '2026-03-30', 'weekday': 'Lunedì'},
           {'date': '2026-03-31', 'weekday': 'Martedì'},
           {'date': '2026-04-01', 'weekday': 'Mercoledì'},
           {'date': '2026-04-02', 'weekday': 'Giovedì'},
           {'date': '2026-04-03', 'weekday': 'Venerdì'},
           {'date': '2026-04-04', 'weekday': 'Sabato'},
           {'date': '2026-04-05', 'weekday': 'Domenica'},
           {'date': '2026-04-06', 'weekday': 'Lunedì'},
           {'date': '2026-04-07', 'weekday': 'Martedì'},
           {'date': '2026-04-08', 'weekday': 'Mercoledì'},
           {'date': '2026-04-09', 'weekday': 'Giovedì'},
           {'date': '2026-04-10', 'weekday': 'Venerdì'},
           {'date': '2026-04-11', 'weekday': 'Sabato'},
           {'date': '2026-04-12', 'weekday': 'Domenica'},
           {'date': '2026-04-13', 'weekday': 'Lunedì'},
           {'date': '2026-04-14', 'weekday': 'Martedì'},
           {'date': '2026-04-15', 'weekday': 'Mercoledì'},
           {'date': '2026-04-16', 'weekday': 'Giovedì'},
           {'date': '2026-04-17', 'weekday': 'Venerdì'},
           {'date': '2026-04-18', 'weekday': 'Sabato'},
           {'date': '2026-04-19', 'weekday': 'Domenica'},
           {'date': '2026-04-20', 'weekday': 'Lunedì'},
           {'date': '2026-04-21', 'weekday': 'Martedì'},
           {'date': '2026-04-22', 'weekday': 'Mercoledì'},
           {'date': '2026-04-23', 'weekday': 'Giovedì'},
           {'date': '2026-04-24', 'weekday': 'Venerdì'},
           {'date': '2026-04-25', 'weekday': 'Sabato'},
           {'date': '2026-04-26', 'weekday': 'Domenica'},
           {'date': '2026-04-27', 'weekday': 'Lunedì'},
           {'date': '2026-04-28', 'weekday': 'Martedì'},
           {'date': '2026-04-29', 'weekday': 'Mercoledì'},
           {'date': '2026-04-30', 'weekday': 'Giovedì'},
           {'date': '2026-05-01', 'weekday': 'Venerdì'},
           {'date': '2026-05-02', 'weekday': 'Sabato'},
           {'date': '2026-05-03', 'weekday': 'Domenica'},
           {'date': '2026-05-04', 'weekday': 'Lunedì'},
           {'date': '2026-05-05', 'weekday': 'Martedì'},
           {'date': '2026-05-06', 'weekday': 'Mercoledì'},
           {'date': '2026-05-07', 'weekday': 'Giovedì'},
           {'date': '2026-05-08', 'weekday': 'Venerdì'},
           {'date': '2026-05-09', 'weekday': 'Sabato'},
           {'date': '2026-05-10', 'weekday': 'Domenica'},
           {'date': '2026-05-11', 'weekday': 'Lunedì'},
           {'date': '2026-05-12', 'weekday': 'Martedì'},
           {'date': '2026-05-13', 'weekday': 'Mercoledì'},
           {'date': '2026-05-14', 'weekday': 'Giovedì'},
           {'date': '2026-05-15', 'weekday': 'Venerdì'},
           {'date': '2026-05-16', 'weekday': 'Sabato'},
           {'date': '2026-05-17', 'weekday': 'Domenica'},
           {'date': '2026-05-18', 'weekday': 'Lunedì'},
           {'date': '2026-05-19', 'weekday': 'Martedì'},
           {'date': '2026-05-20', 'weekday': 'Mercoledì'},
           {'date': '2026-05-21', 'weekday': 'Giovedì'},
           {'date': '2026-05-22', 'weekday': 'Venerdì'},
           {'date': '2026-05-23', 'weekday': 'Sabato'},
           {'date': '2026-05-24', 'weekday': 'Domenica'},
           {'date': '2026-05-25', 'weekday': 'Lunedì'},
           {'date': '2026-05-26', 'weekday': 'Martedì'},
           {'date': '2026-05-27', 'weekday': 'Mercoledì'},
           {'date': '2026-05-28', 'weekday': 'Giovedì'},
           {'date': '2026-05-29', 'weekday': 'Venerdì'},
           {'date': '2026-05-30', 'weekday': 'Sabato'},
           {'date': '2026-05-31', 'weekday': 'Domenica'},
           {'date': '2026-06-01', 'weekday': 'Lunedì'},
           {'date': '2026-06-02', 'weekday': 'Martedì'},
           {'date': '2026-06-03', 'weekday': 'Mercoledì'},
           {'date': '2026-06-04', 'weekday': 'Giovedì'},
           {'date': '2026-06-05', 'weekday': 'Venerdì'},
           {'date': '2026-06-06', 'weekday': 'Sabato'},
           {'date': '2026-06-07', 'weekday': 'Domenica'},
           {'date': '2026-06-08', 'weekday': 'Lunedì'},
           {'date': '2026-06-09', 'weekday': 'Martedì'},
           {'date': '2026-06-10', 'weekday': 'Mercoledì'},
           {'date': '2026-06-11', 'weekday': 'Giovedì'},
           {'date': '2026-06-12', 'weekday': 'Venerdì'},
           {'date': '2026-06-13', 'weekday': 'Sabato'},
           {'date': '2026-06-14', 'weekday': 'Domenica'},
           {'date': '2026-06-15', 'weekday': 'Lunedì'},
           {'date': '2026-06-16', 'weekday': 'Martedì'},
           {'date': '2026-06-17', 'weekday': 'Mercoledì'},
           {'date': '2026-06-18', 'weekday': 'Giovedì'},
           {'date': '2026-06-19', 'weekday': 'Venerdì'},
           {'date': '2026-06-20', 'weekday': 'Sabato'},
           {'date': '2026-06-21', 'weekday': 'Domenica'},
           {'date': '2026-06-22', 'weekday': 'Lunedì'},
           {'date': '2026-06-23', 'weekday': 'Martedì'},
           {'date': '2026-06-24', 'weekday': 'Mercoledì'},
           {'date': '2026-06-25', 'weekday': 'Giovedì'},
           {'date': '2026-06-26', 'weekday': 'Venerdì'},
           {'date': '2026-06-27', 'weekday': 'Sabato'},
           {'date': '2026-06-28', 'weekday': 'Domenica'},
           {'date': '2026-06-29', 'weekday': 'Lunedì'},
           {'date': '2026-06-30', 'weekday': 'Martedì'},
           {'date': '2026-07-01', 'weekday': 'Mercoledì'},
           {'date': '2026-07-02', 'weekday': 'Giovedì'},
           {'date': '2026-07-03', 'weekday': 'Venerdì'},
           {'date': '2026-07-04', 'weekday': 'Sabato'},
           {'date': '2026-07-05', 'weekday': 'Domenica'},
           {'date': '2026-07-06', 'weekday': 'Lunedì'},
           {'date': '2026-07-07', 'weekday': 'Martedì'},
           {'date': '2026-07-08', 'weekday': 'Mercoledì'},
           {'date': '2026-07-09', 'weekday': 'Giovedì'},
           {'date': '2026-07-10', 'weekday': 'Venerdì'},
           {'date': '2026-07-11', 'weekday': 'Sabato'},
           {'date': '2026-07-12', 'weekday': 'Domenica'},
           {'date': '2026-07-13', 'weekday': 'Lunedì'},
           {'date': '2026-07-14', 'weekday': 'Martedì'},
           {'date': '2026-07-15', 'weekday': 'Mercoledì'},
           {'date': '2026-07-16', 'weekday': 'Giovedì'},
           {'date': '2026-07-17', 'weekday': 'Venerdì'},
           {'date': '2026-07-18', 'weekday': 'Sabato'},
           {'date': '2026-07-19', 'weekday': 'Domenica'},
           {'date': '2026-07-20', 'weekday': 'Lunedì'},
           {'date': '2026-07-21', 'weekday': 'Martedì'},
           {'date': '2026-07-22', 'weekday': 'Mercoledì'},
           {'date': '2026-07-23', 'weekday': 'Giovedì'},
           {'date': '2026-07-24', 'weekday': 'Venerdì'},
           {'date': '2026-07-25', 'weekday': 'Sabato'},
           {'date': '2026-07-26', 'weekday': 'Domenica'},
           {'date': '2026-07-27', 'weekday': 'Lunedì'},
           {'date': '2026-07-28', 'weekday': 'Martedì'},
           {'date': '2026-07-29', 'weekday': 'Mercoledì'},
           {'date': '2026-07-30', 'weekday': 'Giovedì'},
           {'date': '2026-07-31', 'weekday': 'Venerdì'},
           {'date': '2026-08-01', 'weekday': 'Sabato'},
           {'date': '2026-08-02', 'weekday': 'Domenica'},
           {'date': '2026-08-03', 'weekday': 'Lunedì'},
           {'date': '2026-08-04', 'weekday': 'Martedì'},
           {'date': '2026-08-05', 'weekday': 'Mercoledì'},
           {'date': '2026-08-06', 'weekday': 'Giovedì'},
           {'date': '2026-08-07', 'weekday': 'Venerdì'},
           {'date': '2026-08-08', 'weekday': 'Sabato'},
           {'date': '2026-08-09', 'weekday': 'Domenica'},
           {'date': '2026-08-10', 'weekday': 'Lunedì'},
           {'date': '2026-08-11', 'weekday': 'Martedì'},
           {'date': '2026-08-12', 'weekday': 'Mercoledì'},
           {'date': '2026-08-13', 'weekday': 'Giovedì'},
           {'date': '2026-08-14', 'weekday': 'Venerdì'},
           {'date': '2026-08-15', 'weekday': 'Sabato'},
           {'date': '2026-08-16', 'weekday': 'Domenica'},
           {'date': '2026-08-17', 'weekday': 'Lunedì'},
           {'date': '2026-08-18', 'weekday': 'Martedì'},
           {'date': '2026-08-19', 'weekday': 'Mercoledì'},
           {'date': '2026-08-20', 'weekday': 'Giovedì'},
           {'date': '2026-08-21', 'weekday': 'Venerdì'},
           {'date': '2026-08-22', 'weekday': 'Sabato'},
           {'date': '2026-08-23', 'weekday': 'Domenica'},
           {'date': '2026-08-24', 'weekday': 'Lunedì'},
           {'date': '2026-08-25', 'weekday': 'Martedì'},
           {'date': '2026-08-26', 'weekday': 'Mercoledì'},
           {'date': '2026-08-27', 'weekday': 'Giovedì'},
           {'date': '2026-08-28', 'weekday': 'Venerdì'},
           {'date': '2026-08-29', 'weekday': 'Sabato'},
           {'date': '2026-08-30', 'weekday': 'Domenica'},
           {'date': '2026-08-31', 'weekday': 'Lunedì'},
           {'date': '2026-09-01', 'weekday': 'Martedì'},
           {'date': '2026-09-02', 'weekday': 'Mercoledì'},
           {'date': '2026-09-03', 'weekday': 'Giovedì'},
           {'date': '2026-09-04', 'weekday': 'Venerdì'},
           {'date': '2026-09-05', 'weekday': 'Sabato'},
           {'date': '2026-09-06', 'weekday': 'Domenica'},
           {'date': '2026-09-07', 'weekday': 'Lunedì'},
           {'date': '2026-09-08', 'weekday': 'Martedì'},
           {'date': '2026-09-09', 'weekday': 'Mercoledì'},
           {'date': '2026-09-10', 'weekday': 'Giovedì'},
           {'date': '2026-09-11', 'weekday': 'Venerdì'},
           {'date': '2026-09-12', 'weekday': 'Sabato'},
           {'date': '2026-09-13', 'weekday': 'Domenica'},
           {'date': '2026-09-14', 'weekday': 'Lunedì'},
           {'date': '2026-09-15', 'weekday': 'Martedì'},
           {'date': '2026-09-16', 'weekday': 'Mercoledì'},
           {'date': '2026-09-17', 'weekday': 'Giovedì'},
           {'date': '2026-09-18', 'weekday': 'Venerdì'},
           {'date': '2026-09-19', 'weekday': 'Sabato'},
           {'date': '2026-09-20', 'weekday': 'Domenica'},
           {'date': '2026-09-21', 'weekday': 'Lunedì'},
           {'date': '2026-09-22', 'weekday': 'Martedì'},
           {'date': '2026-09-23', 'weekday': 'Mercoledì'},
           {'date': '2026-09-24', 'weekday': 'Giovedì'},
           {'date': '2026-09-25', 'weekday': 'Venerdì'},
           {'date': '2026-09-26', 'weekday': 'Sabato'},
           {'date': '2026-09-27', 'weekday': 'Domenica'},
           {'date': '2026-09-28', 'weekday': 'Lunedì'},
           {'date': '2026-09-29', 'weekday': 'Martedì'},
           {'date': '2026-09-30', 'weekday': 'Mercoledì'},
           {'date': '2026-10-01', 'weekday': 'Giovedì'},
           {'date': '2026-10-02', 'weekday': 'Venerdì'},
           {'date': '2026-10-03', 'weekday': 'Sabato'},
           {'date': '2026-10-04', 'weekday': 'Domenica'},
           {'date': '2026-10-05', 'weekday': 'Lunedì'},
           {'date': '2026-10-06', 'weekday': 'Martedì'},
           {'date': '2026-10-07', 'weekday': 'Mercoledì'},
           {'date': '2026-10-08', 'weekday': 'Giovedì'},
           {'date': '2026-10-09', 'weekday': 'Venerdì'},
           {'date': '2026-10-10', 'weekday': 'Sabato'},
           {'date': '2026-10-11', 'weekday': 'Domenica'},
           {'date': '2026-10-12', 'weekday': 'Lunedì'},
           {'date': '2026-10-13', 'weekday': 'Martedì'},
           {'date': '2026-10-14', 'weekday': 'Mercoledì'},
           {'date': '2026-10-15', 'weekday': 'Giovedì'},
           {'date': '2026-10-16', 'weekday': 'Venerdì'},
           {'date': '2026-10-17', 'weekday': 'Sabato'},
           {'date': '2026-10-18', 'weekday': 'Domenica'},
           {'date': '2026-10-19', 'weekday': 'Lunedì'},
           {'date': '2026-10-20', 'weekday': 'Martedì'},
           {'date': '2026-10-21', 'weekday': 'Mercoledì'},
           {'date': '2026-10-22', 'weekday': 'Giovedì'},
           {'date': '2026-10-23', 'weekday': 'Venerdì'},
           {'date': '2026-10-24', 'weekday': 'Sabato'},
           {'date': '2026-10-25', 'weekday': 'Domenica'},
           {'date': '2026-10-26', 'weekday': 'Lunedì'},
           {'date': '2026-10-27', 'weekday': 'Martedì'},
           {'date': '2026-10-28', 'weekday': 'Mercoledì'},
           {'date': '2026-10-29', 'weekday': 'Giovedì'},
           {'date': '2026-10-30', 'weekday': 'Venerdì'},
           {'date': '2026-10-31', 'weekday': 'Sabato'},
           {'date': '2026-11-01', 'weekday': 'Domenica'},
           {'date': '2026-11-02', 'weekday': 'Lunedì'},
           {'date': '2026-11-03', 'weekday': 'Martedì'},
           {'date': '2026-11-04', 'weekday': 'Mercoledì'},
           {'date': '2026-11-05', 'weekday': 'Giovedì'},
           {'date': '2026-11-06', 'weekday': 'Venerdì'},
           {'date': '2026-11-07', 'weekday': 'Sabato'},
           {'date': '2026-11-08', 'weekday': 'Domenica'},
           {'date': '2026-11-09', 'weekday': 'Lunedì'},
           {'date': '2026-11-10', 'weekday': 'Martedì'},
           {'date': '2026-11-11', 'weekday': 'Mercoledì'},
           {'date': '2026-11-12', 'weekday': 'Giovedì'},
           {'date': '2026-11-13', 'weekday': 'Venerdì'},
           {'date': '2026-11-14', 'weekday': 'Sabato'},
           {'date': '2026-11-15', 'weekday': 'Domenica'},
           {'date': '2026-11-16', 'weekday': 'Lunedì'},
           {'date': '2026-11-17', 'weekday': 'Martedì'},
           {'date': '2026-11-18', 'weekday': 'Mercoledì'},
           {'date': '2026-11-19', 'weekday': 'Giovedì'},
           {'date': '2026-11-20', 'weekday': 'Venerdì'},
           {'date': '2026-11-21', 'weekday': 'Sabato'},
           {'date': '2026-11-22', 'weekday': 'Domenica'},
           {'date': '2026-11-23', 'weekday': 'Lunedì'},
           {'date': '2026-11-24', 'weekday': 'Martedì'},
           {'date': '2026-11-25', 'weekday': 'Mercoledì'},
           {'date': '2026-11-26', 'weekday': 'Giovedì'},
           {'date': '2026-11-27', 'weekday': 'Venerdì'},
           {'date': '2026-11-28', 'weekday': 'Sabato'},
           {'date': '2026-11-29', 'weekday': 'Domenica'},
           {'date': '2026-11-30', 'weekday': 'Lunedì'},
           {'date': '2026-12-01', 'weekday': 'Martedì'},
           {'date': '2026-12-02', 'weekday': 'Mercoledì'},
           {'date': '2026-12-03', 'weekday': 'Giovedì'},
           {'date': '2026-12-04', 'weekday': 'Venerdì'},
           {'date': '2026-12-05', 'weekday': 'Sabato'},
           {'date': '2026-12-06', 'weekday': 'Domenica'},
           {'date': '2026-12-07', 'weekday': 'Lunedì'},
           {'date': '2026-12-08', 'weekday': 'Martedì'},
           {'date': '2026-12-09', 'weekday': 'Mercoledì'},
           {'date': '2026-12-10', 'weekday': 'Giovedì'},
           {'date': '2026-12-11', 'weekday': 'Venerdì'},
           {'date': '2026-12-12', 'weekday': 'Sabato'},
           {'date': '2026-12-13', 'weekday': 'Domenica'},
           {'date': '2026-12-14', 'weekday': 'Lunedì'},
           {'date': '2026-12-15', 'weekday': 'Martedì'},
           {'date': '2026-12-16', 'weekday': 'Mercoledì'},
           {'date': '2026-12-17', 'weekday': 'Giovedì'},
           {'date': '2026-12-18', 'weekday': 'Venerdì'},
           {'date': '2026-12-19', 'weekday': 'Sabato'},
           {'date': '2026-12-20', 'weekday': 'Domenica'},
           {'date': '2026-12-21', 'weekday': 'Lunedì'},
           {'date': '2026-12-22', 'weekday': 'Martedì'},
           {'date': '2026-12-23', 'weekday': 'Mercoledì'},
           {'date': '2026-12-24', 'weekday': 'Giovedì'},
           {'date': '2026-12-25', 'weekday': 'Venerdì'},
           {'date': '2026-12-26', 'weekday': 'Sabato'},
           {'date': '2026-12-27', 'weekday': 'Domenica'},
           {'date': '2026-12-28', 'weekday': 'Lunedì'},
           {'date': '2026-12-29', 'weekday': 'Martedì'},
           {'date': '2026-12-30', 'weekday': 'Mercoledì'},
           {'date': '2026-12-31', 'weekday': 'Giovedì'}],
 'description': 'L’Associazione Culturale Amici di Morterone e Officina '
                'Giuseppe Villa, in collaborazione con Icone - Centro Europeo '
                'di Ricerca di Storia e Teoria dell’Immagine dell’Università '
                'Vita-Salute San Raffaele di Milano, inaugurano sabato 6 '
                'settembre 2025 alle ore 11 la mostra “Morterone. Natura Arte '
                'Poesia 2025”. L’appuntamento prevede la presentazione di tre '
                'installazioni all’aperto di Igino Legnaghi, Bruno Querci e '
                'Michel Verjux e l’apertura di una mostra all’interno della '
                'Casa dell’Arte con opere di artisti internazionali '
                'appartenenti a diverse generazioni. Le sculture Fiore di '
                'ferro di Igino Legnaghi, DinamicoMorterone di Bruno Querci - '
                'collocate in località Centro - e Pliée découpée: à hauteur '
                'd’homme (corps et vide) di Michel Verjux - in località Pra de '
                'l’Ort - andranno ad arricchire il museo all’aperto che conta '
                'già più di quaranta opere, mentre gli allestimenti presentati '
                'nelle sale espositive della Casa dell’Arte si ricollegano '
                'idealmente alle mostre svoltesi a Morterone nel corso dei '
                'decenni grazie all’attività dell’Associazione Culturale Amici '
                'di Morterone. Nel nuovo allestimento della Casa dell’Arte '
                'saranno esposte opere di artisti che hanno partecipato sin '
                'dalla metà degli anni ’80 a rigenerare e animare la vita '
                'culturale di Morterone partendo dalla visione '
                'poetico-filosofica della Natura Naturans di Carlo Invernizzi '
                '- che pone al centro delle proprie riflessioni l’uomo e la '
                'sua capacità di percepire e sentire ciò che gli sta intorno '
                'non come un qualcosa di estraneo, ma come parte integrante '
                'del divenire vitale - insieme alle opere di artisti che sono '
                'stati coinvolti nel progetto di realizzazione del museo '
                'all’aperto nel corso dei decenni. Inoltre vi sarà un '
                'intervento di Felice Varini che si integra con l’architettura '
                'interna della Casa dell’Arte. In questa occasione sarà '
                'presentato anche il progetto “time____line” a cura di '
                'Giuseppe Villa che racconta la storia dell’attività '
                'dell’Associazione Culturale Amici di Morterone attraverso una '
                'serie di strutture disseminate sul territorio, partendo dalla '
                'piazza della Chiesa sino alla Casa dell’Arte. Il percorso - '
                'incentrato sulla nascita e gli sviluppi dell’associazione '
                'culturale morteronese a partire dal 1985, anno della sua '
                'fondazione fino a oggi - prende corpo come una reale linea '
                'del tempo attraverso immagini fotografiche di archivio, '
                'documenti, cataloghi, testi e poesie.',
 'image_url': '//citynews-leccotoday.stgy.ovh/~media/horizontal-mid/56886199954291/morterone-natura-arte-poesia-2025.jpg',
 'location_address': None,
 'location_name': 'Casa dell’Arte',
 'price': 'Prezzo non disponibile',
 'scraped_at': '2026-01-28T22:20:27.772261',
 'time_info': 'Ore 11',
 'title': 'Morterone. Natura Arte Poesia 2025',
 'url': 'https://www.leccotoday.it/eventi/mostra-morterone-natura-arte-poesia.html',
 'uuid': '58597b55e02f3c07'}
[2026-01-28T22:20:32.775+0000] {docker.py:429} INFO - 2026-01-28 22:20:32 [scrapy.core.engine] DEBUG: Crawled (200) <GET https://www.leccotoday.it/eventi/festa-san-biagio-degustazione-formaggi.html> (referer: https://www.leccotoday.it/eventi/dal/2026-01-28/al/2026-02-01/)
[2026-01-28T22:20:32.883+0000] {docker.py:429} INFO - 2026-01-28 22:20:32 [scrapy.core.scraper] DEBUG: Scraped from <200 https://www.leccotoday.it/eventi/festa-san-biagio-degustazione-formaggi.html>
{'category': 'Cibo e Vino',
 'city': 'Lecco',
 'content_hash': '11d5dceb53d252a9',
 'date_end': '2026-01-30',
 'date_start': '2026-01-30',
 'dates': [{'date': '2026-01-30', 'time_start': '19:30', 'weekday': 'Venerdì'}],
 'description': 'Grande novità alla Festa di San Biagio, in collaborazione con '
                'Amis de San Bias. Venerdì 30 gennaio, ore 19.30, presso la '
                'struttura polifunzionale di Bindo, si terrà una serata '
                'speciale dedicata alla degustazione di formaggi firmata Gildo '
                'Formaggi. Degustazione formaggi Gildo Formaggi caprini e '
                'vaccini Speciale risotto dello chef Taleggio, spinaci, '
                'nocciole e melograno Dolce finale Il dolce caviadino '
                'Accompagnamento Selezione di vini della Cantina Triacca '
                'Costo: 25 euro a persona Prenotazione obbligatoria entro il '
                '28 gennaio: Il ricavato sarà devoluto in beneficenza. Posti '
                "limitati: prenotare subito per vivere un'esperienza di gusto "
                'autentica. Informazioni evento: Degustazione formaggi per San '
                'Biagio',
 'image_url': '//citynews-leccotoday.stgy.ovh/~media/horizontal-mid/2111319544153/gildo-ciresa-formaggi41.jpg',
 'location_address': 'Via Provinciale Bindo, 34',
 'location_name': 'Centro Polifunzionale Bindo',
 'price': 'Prezzo non disponibile',
 'scraped_at': '2026-01-28T22:20:27.771985',
 'time_info': '19.30',
 'title': 'Festa di San Biagio, degustazione formaggi per beneficienza',
 'url': 'https://www.leccotoday.it/eventi/festa-san-biagio-degustazione-formaggi.html',
 'uuid': '33e2e71f16ca6d82'}
[2026-01-28T22:20:33.934+0000] {docker.py:429} INFO - 2026-01-28 22:20:33 [scrapy.core.engine] DEBUG: Crawled (200) <GET https://www.leccotoday.it/eventi/mostre-lecco-2026-quando.html> (referer: https://www.leccotoday.it/eventi/dal/2026-01-28/al/2026-02-01/)
[2026-01-28T22:20:34.047+0000] {docker.py:429} INFO - 2026-01-28 22:20:34 [scrapy.core.scraper] DEBUG: Scraped from <200 https://www.leccotoday.it/eventi/mostre-lecco-2026-quando.html>
{'category': 'Mostre',
 'city': 'Lecco',
 'content_hash': '6938629d04dd2288',
 'date_end': '2026-12-31',
 'date_start': '2026-01-01',
 'dates': [{'date': '2026-01-01', 'weekday': 'Giovedì'},
           {'date': '2026-01-02', 'weekday': 'Venerdì'},
           {'date': '2026-01-03', 'weekday': 'Sabato'},
           {'date': '2026-01-04', 'weekday': 'Domenica'},
           {'date': '2026-01-05', 'weekday': 'Lunedì'},
           {'date': '2026-01-06', 'weekday': 'Martedì'},
           {'date': '2026-01-07', 'weekday': 'Mercoledì'},
           {'date': '2026-01-08', 'weekday': 'Giovedì'},
           {'date': '2026-01-09', 'weekday': 'Venerdì'},
           {'date': '2026-01-10', 'weekday': 'Sabato'},
           {'date': '2026-01-11', 'weekday': 'Domenica'},
           {'date': '2026-01-12', 'weekday': 'Lunedì'},
           {'date': '2026-01-13', 'weekday': 'Martedì'},
           {'date': '2026-01-14', 'weekday': 'Mercoledì'},
           {'date': '2026-01-15', 'weekday': 'Giovedì'},
           {'date': '2026-01-16', 'weekday': 'Venerdì'},
           {'date': '2026-01-17', 'weekday': 'Sabato'},
           {'date': '2026-01-18', 'weekday': 'Domenica'},
           {'date': '2026-01-19', 'weekday': 'Lunedì'},
           {'date': '2026-01-20', 'weekday': 'Martedì'},
           {'date': '2026-01-21', 'weekday': 'Mercoledì'},
           {'date': '2026-01-22', 'weekday': 'Giovedì'},
           {'date': '2026-01-23', 'weekday': 'Venerdì'},
           {'date': '2026-01-24', 'weekday': 'Sabato'},
           {'date': '2026-01-25', 'weekday': 'Domenica'},
           {'date': '2026-01-26', 'weekday': 'Lunedì'},
           {'date': '2026-01-27', 'weekday': 'Martedì'},
           {'date': '2026-01-28', 'weekday': 'Mercoledì'},
           {'date': '2026-01-29', 'weekday': 'Giovedì'},
           {'date': '2026-01-30', 'weekday': 'Venerdì'},
           {'date': '2026-01-31', 'weekday': 'Sabato'},
           {'date': '2026-02-01', 'weekday': 'Domenica'},
           {'date': '2026-02-02', 'weekday': 'Lunedì'},
           {'date': '2026-02-03', 'weekday': 'Martedì'},
           {'date': '2026-02-04', 'weekday': 'Mercoledì'},
           {'date': '2026-02-05', 'weekday': 'Giovedì'},
           {'date': '2026-02-06', 'weekday': 'Venerdì'},
           {'date': '2026-02-07', 'weekday': 'Sabato'},
           {'date': '2026-02-08', 'weekday': 'Domenica'},
           {'date': '2026-02-09', 'weekday': 'Lunedì'},
           {'date': '2026-02-10', 'weekday': 'Martedì'},
           {'date': '2026-02-11', 'weekday': 'Mercoledì'},
           {'date': '2026-02-12', 'weekday': 'Giovedì'},
           {'date': '2026-02-13', 'weekday': 'Venerdì'},
           {'date': '2026-02-14', 'weekday': 'Sabato'},
           {'date': '2026-02-15', 'weekday': 'Domenica'},
           {'date': '2026-02-16', 'weekday': 'Lunedì'},
           {'date': '2026-02-17', 'weekday': 'Martedì'},
           {'date': '2026-02-18', 'weekday': 'Mercoledì'},
           {'date': '2026-02-19', 'weekday': 'Giovedì'},
           {'date': '2026-02-20', 'weekday': 'Venerdì'},
           {'date': '2026-02-21', 'weekday': 'Sabato'},
           {'date': '2026-02-22', 'weekday': 'Domenica'},
           {'date': '2026-02-23', 'weekday': 'Lunedì'},
           {'date': '2026-02-24', 'weekday': 'Martedì'},
           {'date': '2026-02-25', 'weekday': 'Mercoledì'},
           {'date': '2026-02-26', 'weekday': 'Giovedì'},
           {'date': '2026-02-27', 'weekday': 'Venerdì'},
           {'date': '2026-02-28', 'weekday': 'Sabato'},
           {'date': '2026-03-01', 'weekday': 'Domenica'},
           {'date': '2026-03-02', 'weekday': 'Lunedì'},
           {'date': '2026-03-03', 'weekday': 'Martedì'},
           {'date': '2026-03-04', 'weekday': 'Mercoledì'},
           {'date': '2026-03-05', 'weekday': 'Giovedì'},
           {'date': '2026-03-06', 'weekday': 'Venerdì'},
           {'date': '2026-03-07', 'weekday': 'Sabato'},
           {'date': '2026-03-08', 'weekday': 'Domenica'},
           {'date': '2026-03-09', 'weekday': 'Lunedì'},
           {'date': '2026-03-10', 'weekday': 'Martedì'},
           {'date': '2026-03-11', 'weekday': 'Mercoledì'},
           {'date': '2026-03-12', 'weekday': 'Giovedì'},
           {'date': '2026-03-13', 'weekday': 'Venerdì'},
           {'date': '2026-03-14', 'weekday': 'Sabato'},
           {'date': '2026-03-15', 'weekday': 'Domenica'},
           {'date': '2026-03-16', 'weekday': 'Lunedì'},
           {'date': '2026-03-17', 'weekday': 'Martedì'},
           {'date': '2026-03-18', 'weekday': 'Mercoledì'},
           {'date': '2026-03-19', 'weekday': 'Giovedì'},
           {'date': '2026-03-20', 'weekday': 'Venerdì'},
           {'date': '2026-03-21', 'weekday': 'Sabato'},
           {'date': '2026-03-22', 'weekday': 'Domenica'},
           {'date': '2026-03-23', 'weekday': 'Lunedì'},
           {'date': '2026-03-24', 'weekday': 'Martedì'},
           {'date': '2026-03-25', 'weekday': 'Mercoledì'},
           {'date': '2026-03-26', 'weekday': 'Giovedì'},
           {'date': '2026-03-27', 'weekday': 'Venerdì'},
           {'date': '2026-03-28', 'weekday': 'Sabato'},
           {'date': '2026-03-29', 'weekday': 'Domenica'},
           {'date': '2026-03-30', 'weekday': 'Lunedì'},
           {'date': '2026-03-31', 'weekday': 'Martedì'},
           {'date': '2026-04-01', 'weekday': 'Mercoledì'},
           {'date': '2026-04-02', 'weekday': 'Giovedì'},
           {'date': '2026-04-03', 'weekday': 'Venerdì'},
           {'date': '2026-04-04', 'weekday': 'Sabato'},
           {'date': '2026-04-05', 'weekday': 'Domenica'},
           {'date': '2026-04-06', 'weekday': 'Lunedì'},
           {'date': '2026-04-07', 'weekday': 'Martedì'},
           {'date': '2026-04-08', 'weekday': 'Mercoledì'},
           {'date': '2026-04-09', 'weekday': 'Giovedì'},
           {'date': '2026-04-10', 'weekday': 'Venerdì'},
           {'date': '2026-04-11', 'weekday': 'Sabato'},
           {'date': '2026-04-12', 'weekday': 'Domenica'},
           {'date': '2026-04-13', 'weekday': 'Lunedì'},
           {'date': '2026-04-14', 'weekday': 'Martedì'},
           {'date': '2026-04-15', 'weekday': 'Mercoledì'},
           {'date': '2026-04-16', 'weekday': 'Giovedì'},
           {'date': '2026-04-17', 'weekday': 'Venerdì'},
           {'date': '2026-04-18', 'weekday': 'Sabato'},
           {'date': '2026-04-19', 'weekday': 'Domenica'},
           {'date': '2026-04-20', 'weekday': 'Lunedì'},
           {'date': '2026-04-21', 'weekday': 'Martedì'},
           {'date': '2026-04-22', 'weekday': 'Mercoledì'},
           {'date': '2026-04-23', 'weekday': 'Giovedì'},
           {'date': '2026-04-24', 'weekday': 'Venerdì'},
           {'date': '2026-04-25', 'weekday': 'Sabato'},
           {'date': '2026-04-26', 'weekday': 'Domenica'},
           {'date': '2026-04-27', 'weekday': 'Lunedì'},
           {'date': '2026-04-28', 'weekday': 'Martedì'},
           {'date': '2026-04-29', 'weekday': 'Mercoledì'},
           {'date': '2026-04-30', 'weekday': 'Giovedì'},
           {'date': '2026-05-01', 'weekday': 'Venerdì'},
           {'date': '2026-05-02', 'weekday': 'Sabato'},
           {'date': '2026-05-03', 'weekday': 'Domenica'},
           {'date': '2026-05-04', 'weekday': 'Lunedì'},
           {'date': '2026-05-05', 'weekday': 'Martedì'},
           {'date': '2026-05-06', 'weekday': 'Mercoledì'},
           {'date': '2026-05-07', 'weekday': 'Giovedì'},
           {'date': '2026-05-08', 'weekday': 'Venerdì'},
           {'date': '2026-05-09', 'weekday': 'Sabato'},
           {'date': '2026-05-10', 'weekday': 'Domenica'},
           {'date': '2026-05-11', 'weekday': 'Lunedì'},
           {'date': '2026-05-12', 'weekday': 'Martedì'},
           {'date': '2026-05-13', 'weekday': 'Mercoledì'},
           {'date': '2026-05-14', 'weekday': 'Giovedì'},
           {'date': '2026-05-15', 'weekday': 'Venerdì'},
           {'date': '2026-05-16', 'weekday': 'Sabato'},
           {'date': '2026-05-17', 'weekday': 'Domenica'},
           {'date': '2026-05-18', 'weekday': 'Lunedì'},
           {'date': '2026-05-19', 'weekday': 'Martedì'},
           {'date': '2026-05-20', 'weekday': 'Mercoledì'},
           {'date': '2026-05-21', 'weekday': 'Giovedì'},
           {'date': '2026-05-22', 'weekday': 'Venerdì'},
           {'date': '2026-05-23', 'weekday': 'Sabato'},
           {'date': '2026-05-24', 'weekday': 'Domenica'},
           {'date': '2026-05-25', 'weekday': 'Lunedì'},
           {'date': '2026-05-26', 'weekday': 'Martedì'},
           {'date': '2026-05-27', 'weekday': 'Mercoledì'},
           {'date': '2026-05-28', 'weekday': 'Giovedì'},
           {'date': '2026-05-29', 'weekday': 'Venerdì'},
           {'date': '2026-05-30', 'weekday': 'Sabato'},
           {'date': '2026-05-31', 'weekday': 'Domenica'},
           {'date': '2026-06-01', 'weekday': 'Lunedì'},
           {'date': '2026-06-02', 'weekday': 'Martedì'},
           {'date': '2026-06-03', 'weekday': 'Mercoledì'},
           {'date': '2026-06-04', 'weekday': 'Giovedì'},
           {'date': '2026-06-05', 'weekday': 'Venerdì'},
           {'date': '2026-06-06', 'weekday': 'Sabato'},
           {'date': '2026-06-07', 'weekday': 'Domenica'},
           {'date': '2026-06-08', 'weekday': 'Lunedì'},
           {'date': '2026-06-09', 'weekday': 'Martedì'},
           {'date': '2026-06-10', 'weekday': 'Mercoledì'},
           {'date': '2026-06-11', 'weekday': 'Giovedì'},
           {'date': '2026-06-12', 'weekday': 'Venerdì'},
           {'date': '2026-06-13', 'weekday': 'Sabato'},
           {'date': '2026-06-14', 'weekday': 'Domenica'},
           {'date': '2026-06-15', 'weekday': 'Lunedì'},
           {'date': '2026-06-16', 'weekday': 'Martedì'},
           {'date': '2026-06-17', 'weekday': 'Mercoledì'},
           {'date': '2026-06-18', 'weekday': 'Giovedì'},
           {'date': '2026-06-19', 'weekday': 'Venerdì'},
           {'date': '2026-06-20', 'weekday': 'Sabato'},
           {'date': '2026-06-21', 'weekday': 'Domenica'},
           {'date': '2026-06-22', 'weekday': 'Lunedì'},
           {'date': '2026-06-23', 'weekday': 'Martedì'},
           {'date': '2026-06-24', 'weekday': 'Mercoledì'},
           {'date': '2026-06-25', 'weekday': 'Giovedì'},
           {'date': '2026-06-26', 'weekday': 'Venerdì'},
           {'date': '2026-06-27', 'weekday': 'Sabato'},
           {'date': '2026-06-28', 'weekday': 'Domenica'},
           {'date': '2026-06-29', 'weekday': 'Lunedì'},
           {'date': '2026-06-30', 'weekday': 'Martedì'},
           {'date': '2026-07-01', 'weekday': 'Mercoledì'},
           {'date': '2026-07-02', 'weekday': 'Giovedì'},
           {'date': '2026-07-03', 'weekday': 'Venerdì'},
           {'date': '2026-07-04', 'weekday': 'Sabato'},
           {'date': '2026-07-05', 'weekday': 'Domenica'},
           {'date': '2026-07-06', 'weekday': 'Lunedì'},
           {'date': '2026-07-07', 'weekday': 'Martedì'},
           {'date': '2026-07-08', 'weekday': 'Mercoledì'},
           {'date': '2026-07-09', 'weekday': 'Giovedì'},
           {'date': '2026-07-10', 'weekday': 'Venerdì'},
           {'date': '2026-07-11', 'weekday': 'Sabato'},
           {'date': '2026-07-12', 'weekday': 'Domenica'},
           {'date': '2026-07-13', 'weekday': 'Lunedì'},
           {'date': '2026-07-14', 'weekday': 'Martedì'},
           {'date': '2026-07-15', 'weekday': 'Mercoledì'},
           {'date': '2026-07-16', 'weekday': 'Giovedì'},
           {'date': '2026-07-17', 'weekday': 'Venerdì'},
           {'date': '2026-07-18', 'weekday': 'Sabato'},
           {'date': '2026-07-19', 'weekday': 'Domenica'},
           {'date': '2026-07-20', 'weekday': 'Lunedì'},
           {'date': '2026-07-21', 'weekday': 'Martedì'},
           {'date': '2026-07-22', 'weekday': 'Mercoledì'},
           {'date': '2026-07-23', 'weekday': 'Giovedì'},
           {'date': '2026-07-24', 'weekday': 'Venerdì'},
           {'date': '2026-07-25', 'weekday': 'Sabato'},
           {'date': '2026-07-26', 'weekday': 'Domenica'},
           {'date': '2026-07-27', 'weekday': 'Lunedì'},
           {'date': '2026-07-28', 'weekday': 'Martedì'},
           {'date': '2026-07-29', 'weekday': 'Mercoledì'},
           {'date': '2026-07-30', 'weekday': 'Giovedì'},
           {'date': '2026-07-31', 'weekday': 'Venerdì'},
           {'date': '2026-08-01', 'weekday': 'Sabato'},
           {'date': '2026-08-02', 'weekday': 'Domenica'},
           {'date': '2026-08-03', 'weekday': 'Lunedì'},
           {'date': '2026-08-04', 'weekday': 'Martedì'},
           {'date': '2026-08-05', 'weekday': 'Mercoledì'},
           {'date': '2026-08-06', 'weekday': 'Giovedì'},
           {'date': '2026-08-07', 'weekday': 'Venerdì'},
           {'date': '2026-08-08', 'weekday': 'Sabato'},
           {'date': '2026-08-09', 'weekday': 'Domenica'},
           {'date': '2026-08-10', 'weekday': 'Lunedì'},
           {'date': '2026-08-11', 'weekday': 'Martedì'},
           {'date': '2026-08-12', 'weekday': 'Mercoledì'},
           {'date': '2026-08-13', 'weekday': 'Giovedì'},
           {'date': '2026-08-14', 'weekday': 'Venerdì'},
           {'date': '2026-08-15', 'weekday': 'Sabato'},
           {'date': '2026-08-16', 'weekday': 'Domenica'},
           {'date': '2026-08-17', 'weekday': 'Lunedì'},
           {'date': '2026-08-18', 'weekday': 'Martedì'},
           {'date': '2026-08-19', 'weekday': 'Mercoledì'},
           {'date': '2026-08-20', 'weekday': 'Giovedì'},
           {'date': '2026-08-21', 'weekday': 'Venerdì'},
           {'date': '2026-08-22', 'weekday': 'Sabato'},
           {'date': '2026-08-23', 'weekday': 'Domenica'},
           {'date': '2026-08-24', 'weekday': 'Lunedì'},
           {'date': '2026-08-25', 'weekday': 'Martedì'},
           {'date': '2026-08-26', 'weekday': 'Mercoledì'},
           {'date': '2026-08-27', 'weekday': 'Giovedì'},
           {'date': '2026-08-28', 'weekday': 'Venerdì'},
           {'date': '2026-08-29', 'weekday': 'Sabato'},
           {'date': '2026-08-30', 'weekday': 'Domenica'},
           {'date': '2026-08-31', 'weekday': 'Lunedì'},
           {'date': '2026-09-01', 'weekday': 'Martedì'},
           {'date': '2026-09-02', 'weekday': 'Mercoledì'},
           {'date': '2026-09-03', 'weekday': 'Giovedì'},
           {'date': '2026-09-04', 'weekday': 'Venerdì'},
           {'date': '2026-09-05', 'weekday': 'Sabato'},
           {'date': '2026-09-06', 'weekday': 'Domenica'},
           {'date': '2026-09-07', 'weekday': 'Lunedì'},
           {'date': '2026-09-08', 'weekday': 'Martedì'},
           {'date': '2026-09-09', 'weekday': 'Mercoledì'},
           {'date': '2026-09-10', 'weekday': 'Giovedì'},
           {'date': '2026-09-11', 'weekday': 'Venerdì'},
           {'date': '2026-09-12', 'weekday': 'Sabato'},
           {'date': '2026-09-13', 'weekday': 'Domenica'},
           {'date': '2026-09-14', 'weekday': 'Lunedì'},
           {'date': '2026-09-15', 'weekday': 'Martedì'},
           {'date': '2026-09-16', 'weekday': 'Mercoledì'},
           {'date': '2026-09-17', 'weekday': 'Giovedì'},
           {'date': '2026-09-18', 'weekday': 'Venerdì'},
           {'date': '2026-09-19', 'weekday': 'Sabato'},
           {'date': '2026-09-20', 'weekday': 'Domenica'},
           {'date': '2026-09-21', 'weekday': 'Lunedì'},
           {'date': '2026-09-22', 'weekday': 'Martedì'},
           {'date': '2026-09-23', 'weekday': 'Mercoledì'},
           {'date': '2026-09-24', 'weekday': 'Giovedì'},
           {'date': '2026-09-25', 'weekday': 'Venerdì'},
           {'date': '2026-09-26', 'weekday': 'Sabato'},
           {'date': '2026-09-27', 'weekday': 'Domenica'},
           {'date': '2026-09-28', 'weekday': 'Lunedì'},
           {'date': '2026-09-29', 'weekday': 'Martedì'},
           {'date': '2026-09-30', 'weekday': 'Mercoledì'},
           {'date': '2026-10-01', 'weekday': 'Giovedì'},
           {'date': '2026-10-02', 'weekday': 'Venerdì'},
           {'date': '2026-10-03', 'weekday': 'Sabato'},
           {'date': '2026-10-04', 'weekday': 'Domenica'},
           {'date': '2026-10-05', 'weekday': 'Lunedì'},
           {'date': '2026-10-06', 'weekday': 'Martedì'},
           {'date': '2026-10-07', 'weekday': 'Mercoledì'},
           {'date': '2026-10-08', 'weekday': 'Giovedì'},
           {'date': '2026-10-09', 'weekday': 'Venerdì'},
           {'date': '2026-10-10', 'weekday': 'Sabato'},
           {'date': '2026-10-11', 'weekday': 'Domenica'},
           {'date': '2026-10-12', 'weekday': 'Lunedì'},
           {'date': '2026-10-13', 'weekday': 'Martedì'},
           {'date': '2026-10-14', 'weekday': 'Mercoledì'},
           {'date': '2026-10-15', 'weekday': 'Giovedì'},
           {'date': '2026-10-16', 'weekday': 'Venerdì'},
           {'date': '2026-10-17', 'weekday': 'Sabato'},
           {'date': '2026-10-18', 'weekday': 'Domenica'},
           {'date': '2026-10-19', 'weekday': 'Lunedì'},
           {'date': '2026-10-20', 'weekday': 'Martedì'},
           {'date': '2026-10-21', 'weekday': 'Mercoledì'},
           {'date': '2026-10-22', 'weekday': 'Giovedì'},
           {'date': '2026-10-23', 'weekday': 'Venerdì'},
           {'date': '2026-10-24', 'weekday': 'Sabato'},
           {'date': '2026-10-25', 'weekday': 'Domenica'},
           {'date': '2026-10-26', 'weekday': 'Lunedì'},
           {'date': '2026-10-27', 'weekday': 'Martedì'},
           {'date': '2026-10-28', 'weekday': 'Mercoledì'},
           {'date': '2026-10-29', 'weekday': 'Giovedì'},
           {'date': '2026-10-30', 'weekday': 'Venerdì'},
           {'date': '2026-10-31', 'weekday': 'Sabato'},
           {'date': '2026-11-01', 'weekday': 'Domenica'},
           {'date': '2026-11-02', 'weekday': 'Lunedì'},
           {'date': '2026-11-03', 'weekday': 'Martedì'},
           {'date': '2026-11-04', 'weekday': 'Mercoledì'},
           {'date': '2026-11-05', 'weekday': 'Giovedì'},
           {'date': '2026-11-06', 'weekday': 'Venerdì'},
           {'date': '2026-11-07', 'weekday': 'Sabato'},
           {'date': '2026-11-08', 'weekday': 'Domenica'},
           {'date': '2026-11-09', 'weekday': 'Lunedì'},
           {'date': '2026-11-10', 'weekday': 'Martedì'},
           {'date': '2026-11-11', 'weekday': 'Mercoledì'},
           {'date': '2026-11-12', 'weekday': 'Giovedì'},
           {'date': '2026-11-13', 'weekday': 'Venerdì'},
           {'date': '2026-11-14', 'weekday': 'Sabato'},
           {'date': '2026-11-15', 'weekday': 'Domenica'},
           {'date': '2026-11-16', 'weekday': 'Lunedì'},
           {'date': '2026-11-17', 'weekday': 'Martedì'},
           {'date': '2026-11-18', 'weekday': 'Mercoledì'},
           {'date': '2026-11-19', 'weekday': 'Giovedì'},
           {'date': '2026-11-20', 'weekday': 'Venerdì'},
           {'date': '2026-11-21', 'weekday': 'Sabato'},
           {'date': '2026-11-22', 'weekday': 'Domenica'},
           {'date': '2026-11-23', 'weekday': 'Lunedì'},
           {'date': '2026-11-24', 'weekday': 'Martedì'},
           {'date': '2026-11-25', 'weekday': 'Mercoledì'},
           {'date': '2026-11-26', 'weekday': 'Giovedì'},
           {'date': '2026-11-27', 'weekday': 'Venerdì'},
           {'date': '2026-11-28', 'weekday': 'Sabato'},
           {'date': '2026-11-29', 'weekday': 'Domenica'},
           {'date': '2026-11-30', 'weekday': 'Lunedì'},
           {'date': '2026-12-01', 'weekday': 'Martedì'},
           {'date': '2026-12-02', 'weekday': 'Mercoledì'},
           {'date': '2026-12-03', 'weekday': 'Giovedì'},
           {'date': '2026-12-04', 'weekday': 'Venerdì'},
           {'date': '2026-12-05', 'weekday': 'Sabato'},
           {'date': '2026-12-06', 'weekday': 'Domenica'},
           {'date': '2026-12-07', 'weekday': 'Lunedì'},
           {'date': '2026-12-08', 'weekday': 'Martedì'},
           {'date': '2026-12-09', 'weekday': 'Mercoledì'},
           {'date': '2026-12-10', 'weekday': 'Giovedì'},
           {'date': '2026-12-11', 'weekday': 'Venerdì'},
           {'date': '2026-12-12', 'weekday': 'Sabato'},
           {'date': '2026-12-13', 'weekday': 'Domenica'},
           {'date': '2026-12-14', 'weekday': 'Lunedì'},
           {'date': '2026-12-15', 'weekday': 'Martedì'},
           {'date': '2026-12-16', 'weekday': 'Mercoledì'},
           {'date': '2026-12-17', 'weekday': 'Giovedì'},
           {'date': '2026-12-18', 'weekday': 'Venerdì'},
           {'date': '2026-12-19', 'weekday': 'Sabato'},
           {'date': '2026-12-20', 'weekday': 'Domenica'},
           {'date': '2026-12-21', 'weekday': 'Lunedì'},
           {'date': '2026-12-22', 'weekday': 'Martedì'},
           {'date': '2026-12-23', 'weekday': 'Mercoledì'},
           {'date': '2026-12-24', 'weekday': 'Giovedì'},
           {'date': '2026-12-25', 'weekday': 'Venerdì'},
           {'date': '2026-12-26', 'weekday': 'Sabato'},
           {'date': '2026-12-27', 'weekday': 'Domenica'},
           {'date': '2026-12-28', 'weekday': 'Lunedì'},
           {'date': '2026-12-29', 'weekday': 'Martedì'},
           {'date': '2026-12-30', 'weekday': 'Mercoledì'},
           {'date': '2026-12-31', 'weekday': 'Giovedì'}],
 'description': 'Presentato questa mattina al Palazzo delle Paure il ricco '
                'calendario delle mostre 2026 del Sistema museale urbano '
                'lecchese. Undici esposizioni distribuite tra Torre Viscontea, '
                'Palazzo delle Paure, Biblioteca Civica e Cortile Comunale di '
                'Palazzo Bovara accompagneranno cittadini e visitatori lungo '
                "tutto l'anno, dall'arte giapponese alla fotografia di "
                "montagna, dalle tradizioni locali all'arte contemporanea. "
                "All'incontro, svoltosi giovedì 18 dicembre alle 10, sono "
                "intervenuti l'assessora alla Cultura del Comune di Lecco "
                'Simona Piazza, il managing director di ViDi Cultural Fabio '
                'Sanvito, Barbara Cattaneo, conservatrice onoraria delle '
                "collezioni d'arte del Simul, e Susanna De Maron "
                'dell\'Associazione Culturale Madonna del Rosario. "Undici '
                'realtà del territorio hanno contribuito, sollecitato e '
                'presentato progetti innovativi per la crescita culturale e '
                'territoriale", ha dichiarato l\'assessora Piazza, '
                'ringraziando lo staff comunale per il lavoro svolto nella '
                'programmazione. Fabio Sanvito ha illustrato le motivazioni '
                'alla base della selezione delle mostre: "Lo scopo delle '
                'mostre è portare a conoscenza e non solo esporre", '
                "sottolineando l'importanza della funzione educativa e "
                'divulgativa delle esposizioni. Susanna De Maron ha '
                'evidenziato il successo crescente di "Capolavoro per Lecco", '
                "che quest'anno tornerà dal 6 dicembre 2026 al 7 marzo 2027: "
                '"È una tradizione che sta diventando una realtà molto '
                'interessante che ci porta a scoprire altre opere '
                'significative. Se ne sente parlare sempre di più in giro per '
                "l'Italia. Abbiamo studenti ormai al terzo anno che parlano e "
                'spiegano durante la mostra: la proposta è significativa". '
                'Barbara Cattaneo ha sottolineato la complementarietà degli '
                'spazi espositivi: "Le grandi mostre di Palazzo delle Paure, '
                'in questo momento completo in ogni suo piano, vengono '
                'completate dalle otto mostre della Torre Viscontea". Ha poi '
                'spiegato che "le mostre della Torre sono sempre proposte '
                'dalle associazioni del territorio", evidenziando come '
                'quest\'anno "abbiamo scelto degli argomenti legati tra di '
                'loro e ogni anno si rinnova la continuità tra le iniziative". '
                'Presenti in sala i rappresentanti delle associazioni che '
                'hanno collaborato alla realizzazione del programma.',
 'image_url': '//citynews-leccotoday.stgy.ovh/~media/horizontal-mid/6572923168525/particolare-nativita-torino.jpg',
 'location_address': 'Piazza XX Settembre',
 'location_name': 'Palazzo delle Paure',
 'price': 'Prezzo non disponibile',
 'scraped_at': '2026-01-28T22:20:27.771645',
 'time_info': 'Orario non disponibile',
 'title': 'Le mostre di Lecco nel 2026',
 'url': 'https://www.leccotoday.it/eventi/mostre-lecco-2026-quando.html',
 'uuid': 'd1707879c2871343'}
[2026-01-28T22:20:35.589+0000] {docker.py:429} INFO - 2026-01-28 22:20:35 [scrapy.core.engine] DEBUG: Crawled (200) <GET https://www.leccotoday.it/eventi/stagione-teatrale-2025-2026-teatro-invito.html> (referer: https://www.leccotoday.it/eventi/dal/2026-01-28/al/2026-02-01/)
[2026-01-28T22:20:35.701+0000] {docker.py:429} INFO - 2026-01-28 22:20:35 [scrapy.core.scraper] DEBUG: Scraped from <200 https://www.leccotoday.it/eventi/stagione-teatrale-2025-2026-teatro-invito.html>
{'category': 'Teatri',
 'city': 'Lecco',
 'content_hash': 'e8a1e71b9a1c1c5d',
 'date_end': '2026-05-09',
 'date_start': '2025-11-01',
 'dates': [{'date': '2025-11-01', 'weekday': 'Sabato'},
           {'date': '2025-11-02', 'weekday': 'Domenica'},
           {'date': '2025-11-03', 'weekday': 'Lunedì'},
           {'date': '2025-11-04', 'weekday': 'Martedì'},
           {'date': '2025-11-05', 'weekday': 'Mercoledì'},
           {'date': '2025-11-06', 'weekday': 'Giovedì'},
           {'date': '2025-11-07', 'weekday': 'Venerdì'},
           {'date': '2025-11-08', 'weekday': 'Sabato'},
           {'date': '2025-11-09', 'weekday': 'Domenica'},
           {'date': '2025-11-10', 'weekday': 'Lunedì'},
           {'date': '2025-11-11', 'weekday': 'Martedì'},
           {'date': '2025-11-12', 'weekday': 'Mercoledì'},
           {'date': '2025-11-13', 'weekday': 'Giovedì'},
           {'date': '2025-11-14', 'weekday': 'Venerdì'},
           {'date': '2025-11-15', 'weekday': 'Sabato'},
           {'date': '2025-11-16', 'weekday': 'Domenica'},
           {'date': '2025-11-17', 'weekday': 'Lunedì'},
           {'date': '2025-11-18', 'weekday': 'Martedì'},
           {'date': '2025-11-19', 'weekday': 'Mercoledì'},
           {'date': '2025-11-20', 'weekday': 'Giovedì'},
           {'date': '2025-11-21', 'weekday': 'Venerdì'},
           {'date': '2025-11-22', 'weekday': 'Sabato'},
           {'date': '2025-11-23', 'weekday': 'Domenica'},
           {'date': '2025-11-24', 'weekday': 'Lunedì'},
           {'date': '2025-11-25', 'weekday': 'Martedì'},
           {'date': '2025-11-26', 'weekday': 'Mercoledì'},
           {'date': '2025-11-27', 'weekday': 'Giovedì'},
           {'date': '2025-11-28', 'weekday': 'Venerdì'},
           {'date': '2025-11-29', 'weekday': 'Sabato'},
           {'date': '2025-11-30', 'weekday': 'Domenica'},
           {'date': '2025-12-01', 'weekday': 'Lunedì'},
           {'date': '2025-12-02', 'weekday': 'Martedì'},
           {'date': '2025-12-03', 'weekday': 'Mercoledì'},
           {'date': '2025-12-04', 'weekday': 'Giovedì'},
           {'date': '2025-12-05', 'weekday': 'Venerdì'},
           {'date': '2025-12-06', 'weekday': 'Sabato'},
           {'date': '2025-12-07', 'weekday': 'Domenica'},
           {'date': '2025-12-08', 'weekday': 'Lunedì'},
           {'date': '2025-12-09', 'weekday': 'Martedì'},
           {'date': '2025-12-10', 'weekday': 'Mercoledì'},
           {'date': '2025-12-11', 'weekday': 'Giovedì'},
           {'date': '2025-12-12', 'weekday': 'Venerdì'},
           {'date': '2025-12-13', 'weekday': 'Sabato'},
           {'date': '2025-12-14', 'weekday': 'Domenica'},
           {'date': '2025-12-15', 'weekday': 'Lunedì'},
           {'date': '2025-12-16', 'weekday': 'Martedì'},
           {'date': '2025-12-17', 'weekday': 'Mercoledì'},
           {'date': '2025-12-18', 'weekday': 'Giovedì'},
           {'date': '2025-12-19', 'weekday': 'Venerdì'},
           {'date': '2025-12-20', 'weekday': 'Sabato'},
           {'date': '2025-12-21', 'weekday': 'Domenica'},
           {'date': '2025-12-22', 'weekday': 'Lunedì'},
           {'date': '2025-12-23', 'weekday': 'Martedì'},
           {'date': '2025-12-24', 'weekday': 'Mercoledì'},
           {'date': '2025-12-25', 'weekday': 'Giovedì'},
           {'date': '2025-12-26', 'weekday': 'Venerdì'},
           {'date': '2025-12-27', 'weekday': 'Sabato'},
           {'date': '2025-12-28', 'weekday': 'Domenica'},
           {'date': '2025-12-29', 'weekday': 'Lunedì'},
           {'date': '2025-12-30', 'weekday': 'Martedì'},
           {'date': '2025-12-31', 'weekday': 'Mercoledì'},
           {'date': '2026-01-01', 'weekday': 'Giovedì'},
           {'date': '2026-01-02', 'weekday': 'Venerdì'},
           {'date': '2026-01-03', 'weekday': 'Sabato'},
           {'date': '2026-01-04', 'weekday': 'Domenica'},
           {'date': '2026-01-05', 'weekday': 'Lunedì'},
           {'date': '2026-01-06', 'weekday': 'Martedì'},
           {'date': '2026-01-07', 'weekday': 'Mercoledì'},
           {'date': '2026-01-08', 'weekday': 'Giovedì'},
           {'date': '2026-01-09', 'weekday': 'Venerdì'},
           {'date': '2026-01-10', 'weekday': 'Sabato'},
           {'date': '2026-01-11', 'weekday': 'Domenica'},
           {'date': '2026-01-12', 'weekday': 'Lunedì'},
           {'date': '2026-01-13', 'weekday': 'Martedì'},
           {'date': '2026-01-14', 'weekday': 'Mercoledì'},
           {'date': '2026-01-15', 'weekday': 'Giovedì'},
           {'date': '2026-01-16', 'weekday': 'Venerdì'},
           {'date': '2026-01-17', 'weekday': 'Sabato'},
           {'date': '2026-01-18', 'weekday': 'Domenica'},
           {'date': '2026-01-19', 'weekday': 'Lunedì'},
           {'date': '2026-01-20', 'weekday': 'Martedì'},
           {'date': '2026-01-21', 'weekday': 'Mercoledì'},
           {'date': '2026-01-22', 'weekday': 'Giovedì'},
           {'date': '2026-01-23', 'weekday': 'Venerdì'},
           {'date': '2026-01-24', 'weekday': 'Sabato'},
           {'date': '2026-01-25', 'weekday': 'Domenica'},
           {'date': '2026-01-26', 'weekday': 'Lunedì'},
           {'date': '2026-01-27', 'weekday': 'Martedì'},
           {'date': '2026-01-28', 'weekday': 'Mercoledì'},
           {'date': '2026-01-29', 'weekday': 'Giovedì'},
           {'date': '2026-01-30', 'weekday': 'Venerdì'},
           {'date': '2026-01-31', 'weekday': 'Sabato'},
           {'date': '2026-02-01', 'weekday': 'Domenica'},
           {'date': '2026-02-02', 'weekday': 'Lunedì'},
           {'date': '2026-02-03', 'weekday': 'Martedì'},
           {'date': '2026-02-04', 'weekday': 'Mercoledì'},
           {'date': '2026-02-05', 'weekday': 'Giovedì'},
           {'date': '2026-02-06', 'weekday': 'Venerdì'},
           {'date': '2026-02-07', 'weekday': 'Sabato'},
           {'date': '2026-02-08', 'weekday': 'Domenica'},
           {'date': '2026-02-09', 'weekday': 'Lunedì'},
           {'date': '2026-02-10', 'weekday': 'Martedì'},
           {'date': '2026-02-11', 'weekday': 'Mercoledì'},
           {'date': '2026-02-12', 'weekday': 'Giovedì'},
           {'date': '2026-02-13', 'weekday': 'Venerdì'},
           {'date': '2026-02-14', 'weekday': 'Sabato'},
           {'date': '2026-02-15', 'weekday': 'Domenica'},
           {'date': '2026-02-16', 'weekday': 'Lunedì'},
           {'date': '2026-02-17', 'weekday': 'Martedì'},
           {'date': '2026-02-18', 'weekday': 'Mercoledì'},
           {'date': '2026-02-19', 'weekday': 'Giovedì'},
           {'date': '2026-02-20', 'weekday': 'Venerdì'},
           {'date': '2026-02-21', 'weekday': 'Sabato'},
           {'date': '2026-02-22', 'weekday': 'Domenica'},
           {'date': '2026-02-23', 'weekday': 'Lunedì'},
           {'date': '2026-02-24', 'weekday': 'Martedì'},
           {'date': '2026-02-25', 'weekday': 'Mercoledì'},
           {'date': '2026-02-26', 'weekday': 'Giovedì'},
           {'date': '2026-02-27', 'weekday': 'Venerdì'},
           {'date': '2026-02-28', 'weekday': 'Sabato'},
           {'date': '2026-03-01', 'weekday': 'Domenica'},
           {'date': '2026-03-02', 'weekday': 'Lunedì'},
           {'date': '2026-03-03', 'weekday': 'Martedì'},
           {'date': '2026-03-04', 'weekday': 'Mercoledì'},
           {'date': '2026-03-05', 'weekday': 'Giovedì'},
           {'date': '2026-03-06', 'weekday': 'Venerdì'},
           {'date': '2026-03-07', 'weekday': 'Sabato'},
           {'date': '2026-03-08', 'weekday': 'Domenica'},
           {'date': '2026-03-09', 'weekday': 'Lunedì'},
           {'date': '2026-03-10', 'weekday': 'Martedì'},
           {'date': '2026-03-11', 'weekday': 'Mercoledì'},
           {'date': '2026-03-12', 'weekday': 'Giovedì'},
           {'date': '2026-03-13', 'weekday': 'Venerdì'},
           {'date': '2026-03-14', 'weekday': 'Sabato'},
           {'date': '2026-03-15', 'weekday': 'Domenica'},
           {'date': '2026-03-16', 'weekday': 'Lunedì'},
           {'date': '2026-03-17', 'weekday': 'Martedì'},
           {'date': '2026-03-18', 'weekday': 'Mercoledì'},
           {'date': '2026-03-19', 'weekday': 'Giovedì'},
           {'date': '2026-03-20', 'weekday': 'Venerdì'},
           {'date': '2026-03-21', 'weekday': 'Sabato'},
           {'date': '2026-03-22', 'weekday': 'Domenica'},
           {'date': '2026-03-23', 'weekday': 'Lunedì'},
           {'date': '2026-03-24', 'weekday': 'Martedì'},
           {'date': '2026-03-25', 'weekday': 'Mercoledì'},
           {'date': '2026-03-26', 'weekday': 'Giovedì'},
           {'date': '2026-03-27', 'weekday': 'Venerdì'},
           {'date': '2026-03-28', 'weekday': 'Sabato'},
           {'date': '2026-03-29', 'weekday': 'Domenica'},
           {'date': '2026-03-30', 'weekday': 'Lunedì'},
           {'date': '2026-03-31', 'weekday': 'Martedì'},
           {'date': '2026-04-01', 'weekday': 'Mercoledì'},
           {'date': '2026-04-02', 'weekday': 'Giovedì'},
           {'date': '2026-04-03', 'weekday': 'Venerdì'},
           {'date': '2026-04-04', 'weekday': 'Sabato'},
           {'date': '2026-04-05', 'weekday': 'Domenica'},
           {'date': '2026-04-06', 'weekday': 'Lunedì'},
           {'date': '2026-04-07', 'weekday': 'Martedì'},
           {'date': '2026-04-08', 'weekday': 'Mercoledì'},
           {'date': '2026-04-09', 'weekday': 'Giovedì'},
           {'date': '2026-04-10', 'weekday': 'Venerdì'},
           {'date': '2026-04-11', 'weekday': 'Sabato'},
           {'date': '2026-04-12', 'weekday': 'Domenica'},
           {'date': '2026-04-13', 'weekday': 'Lunedì'},
           {'date': '2026-04-14', 'weekday': 'Martedì'},
           {'date': '2026-04-15', 'weekday': 'Mercoledì'},
           {'date': '2026-04-16', 'weekday': 'Giovedì'},
           {'date': '2026-04-17', 'weekday': 'Venerdì'},
           {'date': '2026-04-18', 'weekday': 'Sabato'},
           {'date': '2026-04-19', 'weekday': 'Domenica'},
           {'date': '2026-04-20', 'weekday': 'Lunedì'},
           {'date': '2026-04-21', 'weekday': 'Martedì'},
           {'date': '2026-04-22', 'weekday': 'Mercoledì'},
           {'date': '2026-04-23', 'weekday': 'Giovedì'},
           {'date': '2026-04-24', 'weekday': 'Venerdì'},
           {'date': '2026-04-25', 'weekday': 'Sabato'},
           {'date': '2026-04-26', 'weekday': 'Domenica'},
           {'date': '2026-04-27', 'weekday': 'Lunedì'},
           {'date': '2026-04-28', 'weekday': 'Martedì'},
           {'date': '2026-04-29', 'weekday': 'Mercoledì'},
           {'date': '2026-04-30', 'weekday': 'Giovedì'},
           {'date': '2026-05-01', 'weekday': 'Venerdì'},
           {'date': '2026-05-02', 'weekday': 'Sabato'},
           {'date': '2026-05-03', 'weekday': 'Domenica'},
           {'date': '2026-05-04', 'weekday': 'Lunedì'},
           {'date': '2026-05-05', 'weekday': 'Martedì'},
           {'date': '2026-05-06', 'weekday': 'Mercoledì'},
           {'date': '2026-05-07', 'weekday': 'Giovedì'},
           {'date': '2026-05-08', 'weekday': 'Venerdì'},
           {'date': '2026-05-09', 'weekday': 'Sabato'}],
 'description': 'Teatro Invito taglia un doppio traguardo importante: la '
                'decima stagione nella sede di via Ugo Foscolo a Lecco, dove '
                'la compagnia si è stabilita nel dicembre 2016, e il '
                "quarantesimo compleanno dell'associazione, che verrà "
                'celebrato con una festa finale il 9 maggio 2026. Un percorso '
                'che ha registrato oltre 12.520 presenze negli anni scorsi, '
                'confermando il teatro come luogo di incontro per il pubblico '
                'e le associazioni del territorio. La nuova stagione prende il '
                'via sabato 1° novembre con Roberto Mercadini e il suo '
                '"Animali umani", un viaggio ironico nell\'evoluzione della '
                'specie umana che spazia da Aristotele a Desmond Morris. Il '
                'divulgatore esplora cosa ci distingue e cosa ci accomuna agli '
                'altri esseri viventi, in uno spettacolo che alterna momenti '
                'comici a riflessioni vertiginose sulla nostra natura. Il '
                'programma prosegue il 15 novembre con "Il capro" della '
                'compagnia Retablo, una riflessione sul senso della giustizia '
                'realizzata in collaborazione con la Camera Penale di Lecco e '
                "Como e l'Ordine degli Avvocati di Lecco. Lo spettacolo, "
                'basato sul testo di Alceste Ferrari, porta in scena '
                "un'allegoria sul comportamento della società di fronte ai "
                "temi dell'etica e della morale. undefined Teatro Invito "
                'conferma la sua attenzione ai temi sociali con diversi '
                'appuntamenti legati a ricorrenze significative. Il 27 '
                'novembre, in occasione della giornata contro la violenza '
                'sulle donne, va in scena "Malanova" di Sciara Progetti con '
                'Ture Magro, una storia di violenza raccontata attraverso '
                "un'indagine al maschile. Lo spettacolo, premiato come miglior "
                'lavoro al Festival Inventaria 2017, indaga sulla '
                'responsabilità e sui meccanismi culturali che alimentano la '
                'violenza di genere. Per la giornata della memoria, il 24 '
                'gennaio arriva "Il circo capovolto" di Teatro delle Temperie '
                'con Andrea Lupo. Due storie intrecciate, una generazione nei '
                "campi di concentramento e l'altra nelle periferie rom, unite "
                'dai resti di un circo ereditato dal nonno sterminato dai '
                'nazisti. Il 18 aprile, in occasione della festa della '
                'liberazione, Giancarlo Biffi di Cada die teatro porta "Aria '
                'di libertà", un omaggio alle generazioni che hanno '
                "trasformato l'oppressione in democrazia attraverso storie di "
                'famiglie operaie che hanno attraversato il Novecento. La '
                'compagnia milanese Atir teatro Ringhiera partecipa alla '
                'stagione con due spettacoli. Il 9 gennaio arriva "(S)legati" '
                "con Jacopo Maria Bicocchi e Matt
[2026-01-28T22:20:35.702+0000] {docker.py:429} INFO - ia Fabris, l'incredibile "
                'storia vera degli alpinisti Joe Simpson e Simon Yates durante '
                'la scalata del Siula Grande. Lo spettacolo è inserito nel '
                'progetto "Giochi della cultura" di Regione Lombardia, '
                "nell'ambito delle iniziative culturali legate alle Olimpiadi "
                'Milano-Cortina. Il 7 febbraio debutta "Bravissime", nuova '
                'produzione con la regia di Marcela Serli che esplora il tema '
                'della perfezione e del successo a tutti i costi. Lo '
                'spettacolo racconta le storie di bambine e ragazze cresciute '
                'troppo in fretta, da Nadia Comaneci a Britney Spears, '
                "interrogandosi sul prezzo dell'eccellenza e sulla "
                'responsabilità degli adulti. Il 13 dicembre "La più grande '
                'tragedia dell\'umanità" di Evoè Teatro/Malmadur coinvolge il '
                'pubblico in una performance interattiva dove gli spettatori '
                'devono votare e scegliere tra diverse tragedie, riflettendo '
                'sui meccanismi di percezione del dolore. Il 20 febbraio '
                'Pietro Cerchiello di Dimore Creative presenta "Tecniche di '
                'lavoro di gruppo - appunti per uno Schiuma party", racconto '
                'liberamente ispirato alla sua esperienza di insegnamento in '
                'una scuola media della provincia comasca. Il 7 marzo, per la '
                'giornata internazionale della donna, Teatro al femminile '
                'porta "I dialoghi della vagina", commedia irriverente che '
                "abbatte tabù e luoghi comuni sull'universo femminile con "
                'irresistibile ironia. Il 27 marzo Officine Papage propone "La '
                'strana storia della signora Frola e del signor Ponza suo '
                'genero", libera trasposizione del testo pirandelliano "Così è '
                'se vi pare", una riflessione sull\'epoca della '
                'semplificazione e della presunzione di sapere tutto. La '
                'stagione si chiude il 9 maggio con "quarantannINVITO", serata '
                'gratuita per celebrare i 40 anni della compagnia. In '
                'programma spezzoni degli spettacoli storici, canzoni, video e '
                'collage fotografici per festeggiare insieme al pubblico tutto '
                'il teatro inventato in quattro decenni di attività. Teatro '
                'Invito conferma la sua politica di prezzi sostenibili. Il '
                'biglietto intero costa 15 euro, il ridotto con convenzioni 12 '
                'euro e il ridotto under 30 solo 9 euro. Lo spettacolo di '
                'Roberto Mercadini ha un prezzo unico di 18 euro. Per chi '
                "vuole seguire l'intera stagione, l'abbonamento costa 120 euro "
                '(100 euro con convenzioni, 60 euro under 30). Disponibile '
                'anche la formula "4 spettacoli" a 50 euro (40 euro con '
                'convenzioni, 30 euro under 30). Le convenzioni sono riservate '
                'a scuole di teatro, SPI Cgil, Università della Terza Età, '
                'abbonati Cineminimo e utenti Acinque. Per ogni biglietto '
                'venduto, Teatro Invito finanzia la piantumazione di un albero '
                "in Tanzania attraverso la campagna TreeNation, nell'ambito "
                "del progetto Forest Gardens. Un'iniziativa che fa crescere la "
                'foresta della compagnia insieme al pubblico degli spettatori. '
                'La stagione è sostenuta dal Ministero della Cultura, mentre '
                'Regione Lombardia supporta gli eventi legati allo sport. '
                'Sponsor della rassegna sono Silea, Acinque Energia, Spazio '
                'Tecnico e Linee Lecco. Il quotidiano La Provincia di Lecco è '
                "media partner dell'iniziativa. Teatro Invito ha inoltre il "
                'patrocinio della Provincia di Lecco. Le prenotazioni si '
                'effettuano via email a prenotazioni@teatroinvito.it o '
                'telefonando allo 0341 1691394 dal lunedì al venerdì dalle '
                '9.30 alle 13. Nei giorni di spettacolo il botteghino apre '
                'alle 20, mentre gli spettacoli iniziano alle 20.45. I '
                'biglietti sono acquistabili anche online su vivaticket.com . '
                'Lo Spazio Teatro Invito si trova in via Ugo Foscolo, 42 a '
                'Lecco. Tutte le informazioni sulla stagione sono disponibili '
                'sul sito teatroinvito.it e sui canali social della compagnia.',
 'image_url': '//citynews-leccotoday.stgy.ovh/~media/horizontal-mid/19716122645083/tecniche-di-lavoro-di-gruppo_phkomorebi1.jpg',
 'location_address': 'Via Ugo Foscolo, 42',
 'location_name': 'Teatro Invito',
 'price': "Dettagli nell'articolo",
 'scraped_at': '2026-01-28T22:20:27.771261',
 'time_info': 'Orario non disponibile',
 'title': 'Teatro Invito, la stagione 2025/2026',
 'url': 'https://www.leccotoday.it/eventi/stagione-teatrale-2025-2026-teatro-invito.html',
 'uuid': '155db3564f3218cf',
 'website': 'https://www.teatroinvito.it/'}
[2026-01-28T22:20:35.703+0000] {docker.py:429} INFO - 2026-01-28 22:20:35 [scrapy.core.engine] INFO: Closing spider (finished)
[2026-01-28T22:20:35.703+0000] {docker.py:429} INFO - 2026-01-28 22:20:35 [scrapy.extensions.feedexport] INFO: Stored json feed (6 items) in: /app/city_today/output/eventi_lecco_questa-settimana_20260128_222025.json
[2026-01-28T22:20:35.703+0000] {docker.py:429} INFO - 2026-01-28 22:20:35 [scrapy.statscollectors] INFO: Dumping Scrapy stats:
{'downloader/request_bytes': 3147,
 'downloader/request_count': 8,
 'downloader/request_method_count/GET': 8,
 'downloader/response_bytes': 1069761,
 'downloader/response_count': 8,
 'downloader/response_status_count/200': 8,
 'elapsed_time_seconds': 10.440631,
 'feedexport/success_count/FileFeedStorage': 1,
 'finish_reason': 'finished',
 'finish_time': datetime.datetime(2026, 1, 28, 22, 20, 35, 701402, tzinfo=datetime.timezone.utc),
 'httpcompression/response_bytes': 5698356,
 'httpcompression/response_count': 8,
 'item_scraped_count': 6,
 'items_per_city/Lecco': 6,
 'items_per_minute': 36.0,
 'log_count/DEBUG': 14,
 'log_count/INFO': 3,
 'memusage/max': 68767744,
 'memusage/startup': 68767744,
 'request_depth_max': 1,
 'response_received_count': 8,
 'responses_per_minute': 48.0,
 'robotstxt/request_count': 1,
 'robotstxt/response_count': 1,
 'robotstxt/response_status_count/200': 1,
 'scheduler/dequeued': 7,
 'scheduler/dequeued/memory': 7,
 'scheduler/enqueued': 7,
 'scheduler/enqueued/memory': 7,
 'start_time': datetime.datetime(2026, 1, 28, 22, 20, 25, 260771, tzinfo=datetime.timezone.utc)}
2026-01-28 22:20:35 [scrapy.core.engine] INFO: Spider closed (finished)
[2026-01-28T22:20:35.744+0000] {docker.py:429} INFO - Scraping completato. File: /app/city_today/output/eventi_lecco_questa-settimana_20260128_222025.json
[2026-01-28T22:20:36.050+0000] {taskinstance.py:1138} INFO - Marking task as SUCCESS. dag_id=etl_events_daily, task_id=process_lecco.scrape_city_today, execution_date=20260128T221944, start_date=20260128T222024, end_date=20260128T222036
[2026-01-28T22:20:36.106+0000] {local_task_job_runner.py:234} INFO - Task exited with return code 0
[2026-01-28T22:20:36.147+0000] {taskinstance.py:3280} INFO - 0 downstream tasks scheduled from follow-on schedule check
