[2026-01-28T20:46:27.977+0000] {taskinstance.py:1956} INFO - Dependencies all met for dep_context=non-requeueable deps ti=<TaskInstance: etl_events_daily.process_roma.scrape_zero_eu scheduled__2026-01-27T06:00:00+00:00 [queued]>
[2026-01-28T20:46:28.000+0000] {taskinstance.py:1956} INFO - Dependencies all met for dep_context=requeueable deps ti=<TaskInstance: etl_events_daily.process_roma.scrape_zero_eu scheduled__2026-01-27T06:00:00+00:00 [queued]>
[2026-01-28T20:46:28.004+0000] {taskinstance.py:2170} INFO - Starting attempt 2 of 4
[2026-01-28T20:46:28.059+0000] {taskinstance.py:2191} INFO - Executing <Task(FilterableDockerOperator): process_roma.scrape_zero_eu> on 2026-01-27 06:00:00+00:00
[2026-01-28T20:46:28.117+0000] {standard_task_runner.py:60} INFO - Started process 384 to run task
[2026-01-28T20:46:28.124+0000] {standard_task_runner.py:87} INFO - Running: ['airflow', 'tasks', 'run', 'etl_events_daily', 'process_roma.scrape_zero_eu', 'scheduled__2026-01-27T06:00:00+00:00', '--job-id', '46', '--raw', '--subdir', 'DAGS_FOLDER/scrape_events.py', '--cfg-path', '/tmp/tmp9tvjcfyv']
[2026-01-28T20:46:28.129+0000] {standard_task_runner.py:88} INFO - Job 46: Subtask process_roma.scrape_zero_eu
[2026-01-28T20:46:28.178+0000] {logging_mixin.py:188} WARNING - /home/airflow/.local/lib/python3.11/site-packages/airflow/settings.py:194 DeprecationWarning: The sql_alchemy_conn option in [core] has been moved to the sql_alchemy_conn option in [database] - the old setting has been used, but please update your config.
[2026-01-28T20:46:28.312+0000] {task_command.py:423} INFO - Running <TaskInstance: etl_events_daily.process_roma.scrape_zero_eu scheduled__2026-01-27T06:00:00+00:00 [running]> on host 621489cd6b79
[2026-01-28T20:46:28.505+0000] {taskinstance.py:2480} INFO - Exporting env vars: AIRFLOW_CTX_DAG_OWNER='airflow' AIRFLOW_CTX_DAG_ID='etl_events_daily' AIRFLOW_CTX_TASK_ID='process_roma.scrape_zero_eu' AIRFLOW_CTX_EXECUTION_DATE='2026-01-27T06:00:00+00:00' AIRFLOW_CTX_TRY_NUMBER='2' AIRFLOW_CTX_DAG_RUN_ID='scheduled__2026-01-27T06:00:00+00:00'
[2026-01-28T20:46:28.589+0000] {docker.py:486} INFO - Pulling docker image scrapy-events:latest
[2026-01-28T20:46:30.202+0000] {taskinstance.py:2698} ERROR - Task failed with exception
Traceback (most recent call last):
  File "/home/airflow/.local/lib/python3.11/site-packages/docker/api/client.py", line 265, in _raise_for_status
    response.raise_for_status()
  File "/home/airflow/.local/lib/python3.11/site-packages/requests/models.py", line 1021, in raise_for_status
    raise HTTPError(http_error_msg, response=self)
requests.exceptions.HTTPError: 404 Client Error: Not Found for url: http+docker://localhost/v1.52/images/create?tag=latest&fromImage=scrapy-events

The above exception was the direct cause of the following exception:

Traceback (most recent call last):
  File "/home/airflow/.local/lib/python3.11/site-packages/airflow/models/taskinstance.py", line 433, in _execute_task
    result = execute_callable(context=context, **execute_callable_kwargs)
             ^^^^^^^^^^^^^^^^^^^^^^^^^^^^^^^^^^^^^^^^^^^^^^^^^^^^^^^^^^^^
  File "/opt/airflow/dags/scrape_events.py", line 92, in execute
    return super().execute(context)
           ^^^^^^^^^^^^^^^^^^^^^^^^
  File "/home/airflow/.local/lib/python3.11/site-packages/airflow/providers/docker/operators/docker.py", line 488, in execute
    for output in self.cli.pull(self.image, stream=True, decode=True):
                  ^^^^^^^^^^^^^^^^^^^^^^^^^^^^^^^^^^^^^^^^^^^^^^^^^^^
  File "/home/airflow/.local/lib/python3.11/site-packages/docker/api/image.py", line 429, in pull
    self._raise_for_status(response)
  File "/home/airflow/.local/lib/python3.11/site-packages/docker/api/client.py", line 267, in _raise_for_status
    raise create_api_error_from_http_exception(e) from e
          ^^^^^^^^^^^^^^^^^^^^^^^^^^^^^^^^^^^^^^^
  File "/home/airflow/.local/lib/python3.11/site-packages/docker/errors.py", line 39, in create_api_error_from_http_exception
    raise cls(e, response=response, explanation=explanation) from e
docker.errors.ImageNotFound: 404 Client Error for http+docker://localhost/v1.52/images/create?tag=latest&fromImage=scrapy-events: Not Found ("pull access denied for scrapy-events, repository does not exist or may require 'docker login': denied: requested access to the resource is denied")
[2026-01-28T20:46:30.221+0000] {taskinstance.py:1138} INFO - Marking task as UP_FOR_RETRY. dag_id=etl_events_daily, task_id=process_roma.scrape_zero_eu, execution_date=20260127T060000, start_date=20260128T204627, end_date=20260128T204630
[2026-01-28T20:46:30.232+0000] {standard_task_runner.py:107} ERROR - Failed to execute job 46 for task process_roma.scrape_zero_eu (404 Client Error for http+docker://localhost/v1.52/images/create?tag=latest&fromImage=scrapy-events: Not Found ("pull access denied for scrapy-events, repository does not exist or may require 'docker login': denied: requested access to the resource is denied"); 384)
[2026-01-28T20:46:30.278+0000] {local_task_job_runner.py:234} INFO - Task exited with return code 1
[2026-01-28T20:46:30.379+0000] {taskinstance.py:3280} INFO - 0 downstream tasks scheduled from follow-on schedule check
