[2026-01-30T14:24:03.294+0000] {taskinstance.py:1956} INFO - Dependencies all met for dep_context=non-requeueable deps ti=<TaskInstance: etl_events_daily.process_monza.scrape_city_today scheduled__2026-01-29T06:00:00+00:00 [queued]>
[2026-01-30T14:24:03.303+0000] {taskinstance.py:1956} INFO - Dependencies all met for dep_context=requeueable deps ti=<TaskInstance: etl_events_daily.process_monza.scrape_city_today scheduled__2026-01-29T06:00:00+00:00 [queued]>
[2026-01-30T14:24:03.303+0000] {taskinstance.py:2170} INFO - Starting attempt 1 of 4
[2026-01-30T14:24:03.314+0000] {taskinstance.py:2191} INFO - Executing <Task(FilterableDockerOperator): process_monza.scrape_city_today> on 2026-01-29 06:00:00+00:00
[2026-01-30T14:24:03.318+0000] {standard_task_runner.py:60} INFO - Started process 301 to run task
[2026-01-30T14:24:03.321+0000] {standard_task_runner.py:87} INFO - Running: ['airflow', 'tasks', 'run', 'etl_events_daily', 'process_monza.scrape_city_today', 'scheduled__2026-01-29T06:00:00+00:00', '--job-id', '317', '--raw', '--subdir', 'DAGS_FOLDER/scrape_events.py', '--cfg-path', '/tmp/tmpn6v4ruvy']
[2026-01-30T14:24:03.323+0000] {standard_task_runner.py:88} INFO - Job 317: Subtask process_monza.scrape_city_today
[2026-01-30T14:24:03.339+0000] {logging_mixin.py:188} WARNING - /home/airflow/.local/lib/python3.11/site-packages/airflow/settings.py:194 DeprecationWarning: The sql_alchemy_conn option in [core] has been moved to the sql_alchemy_conn option in [database] - the old setting has been used, but please update your config.
[2026-01-30T14:24:03.388+0000] {task_command.py:423} INFO - Running <TaskInstance: etl_events_daily.process_monza.scrape_city_today scheduled__2026-01-29T06:00:00+00:00 [running]> on host a9aac56aef94
[2026-01-30T14:24:03.490+0000] {taskinstance.py:2480} INFO - Exporting env vars: AIRFLOW_CTX_DAG_OWNER='airflow' AIRFLOW_CTX_DAG_ID='etl_events_daily' AIRFLOW_CTX_TASK_ID='process_monza.scrape_city_today' AIRFLOW_CTX_EXECUTION_DATE='2026-01-29T06:00:00+00:00' AIRFLOW_CTX_TRY_NUMBER='1' AIRFLOW_CTX_DAG_RUN_ID='scheduled__2026-01-29T06:00:00+00:00'
[2026-01-30T14:24:03.510+0000] {docker.py:359} INFO - Starting docker container from image scrapy-events:latest
[2026-01-30T14:24:03.516+0000] {docker.py:367} WARNING - Using remote engine or docker-in-docker and mounting temporary volume from host is not supported. Falling back to `mount_tmp_dir=False` mode. You can set `mount_tmp_dir` parameter to False to disable mounting and remove the warning
[2026-01-30T14:24:03.975+0000] {docker.py:429} INFO - Avvio scraping per: Monza
Periodo: questa-settimana
[2026-01-30T14:24:03.978+0000] {docker.py:429} INFO - 2026-01-30 14:24:03 [scrapy.utils.log] INFO: Scrapy 2.14.1 started (bot: events)
[2026-01-30T14:24:03.982+0000] {docker.py:429} INFO - 2026-01-30 14:24:03 [scrapy.utils.log] INFO: Versions:
{'lxml': '6.0.2',
 'libxml2': '2.14.6',
 'cssselect': '1.3.0',
 'parsel': '1.10.0',
 'w3lib': '2.3.1',
 'Twisted': '25.5.0',
 'Python': '3.11.14 (main, Jan 13 2026, 03:12:14) [GCC 14.2.0]',
 'pyOpenSSL': '25.3.0 (OpenSSL 3.5.4 30 Sep 2025)',
 'cryptography': '46.0.3',
 'Platform': 'Linux-6.12.54-linuxkit-x86_64-with-glibc2.41'}
2026-01-30 14:24:03 [scrapy.crawler] DEBUG: Using CrawlerProcess
[2026-01-30T14:24:03.984+0000] {docker.py:429} INFO - 2026-01-30 14:24:03 [events] INFO: Scraping città: Monza
2026-01-30 14:24:03 [events] INFO: Periodo: questa-settimana (2026-01-30 - 2026-02-01)
[2026-01-30T14:24:03.984+0000] {docker.py:429} INFO - 2026-01-30 14:24:03 [scrapy.addons] INFO: Enabled addons:
[]
[2026-01-30T14:24:03.985+0000] {docker.py:429} INFO - 2026-01-30 14:24:03 [asyncio] DEBUG: Using selector: EpollSelector
[2026-01-30T14:24:03.985+0000] {docker.py:429} INFO - 2026-01-30 14:24:03 [scrapy.utils.log] DEBUG: Using reactor: twisted.internet.asyncioreactor.AsyncioSelectorReactor
2026-01-30 14:24:03 [scrapy.utils.log] DEBUG: Using asyncio event loop: asyncio.unix_events._UnixSelectorEventLoop
[2026-01-30T14:24:03.989+0000] {docker.py:429} INFO - 2026-01-30 14:24:03 [scrapy.extensions.telnet] INFO: Telnet Password: e98f2028bb8c57dc
[2026-01-30T14:24:04.028+0000] {docker.py:429} INFO - 2026-01-30 14:24:04 [scrapy.middleware] INFO: Enabled extensions:
['scrapy.extensions.corestats.CoreStats',
 'scrapy.extensions.logcount.LogCount',
 'scrapy.extensions.telnet.TelnetConsole',
 'scrapy.extensions.memusage.MemoryUsage',
 'scrapy.extensions.feedexport.FeedExporter',
 'scrapy.extensions.logstats.LogStats']
[2026-01-30T14:24:04.029+0000] {docker.py:429} INFO - 2026-01-30 14:24:04 [scrapy.crawler] INFO: Overridden settings:
{'BOT_NAME': 'events',
 'CONCURRENT_REQUESTS': 2,
 'CONCURRENT_REQUESTS_PER_DOMAIN': 1,
 'DOWNLOAD_DELAY': 1,
 'FEED_EXPORT_ENCODING': 'utf-8',
 'NEWSPIDER_MODULE': 'events.spiders',
 'ROBOTSTXT_OBEY': True,
 'SPIDER_MODULES': ['events.spiders'],
 'USER_AGENT': 'Mozilla/5.0 (Macintosh; Intel Mac OS X 10_15_7) '
               'AppleWebKit/537.36 (KHTML, like Gecko) Chrome/120.0.0.0 '
               'Safari/537.36'}
[2026-01-30T14:24:04.075+0000] {docker.py:429} INFO - 2026-01-30 14:24:04 [scrapy.middleware] INFO: Enabled downloader middlewares:
['scrapy.downloadermiddlewares.offsite.OffsiteMiddleware',
 'scrapy.downloadermiddlewares.robotstxt.RobotsTxtMiddleware',
 'scrapy.downloadermiddlewares.httpauth.HttpAuthMiddleware',
 'scrapy.downloadermiddlewares.downloadtimeout.DownloadTimeoutMiddleware',
 'scrapy.downloadermiddlewares.defaultheaders.DefaultHeadersMiddleware',
 'scrapy.downloadermiddlewares.useragent.UserAgentMiddleware',
 'scrapy.downloadermiddlewares.retry.RetryMiddleware',
 'scrapy.downloadermiddlewares.redirect.MetaRefreshMiddleware',
 'scrapy.downloadermiddlewares.httpcompression.HttpCompressionMiddleware',
 'scrapy.downloadermiddlewares.redirect.RedirectMiddleware',
 'scrapy.downloadermiddlewares.cookies.CookiesMiddleware',
 'scrapy.downloadermiddlewares.httpproxy.HttpProxyMiddleware',
 'scrapy.downloadermiddlewares.stats.DownloaderStats']
[2026-01-30T14:24:04.077+0000] {docker.py:429} INFO - 2026-01-30 14:24:04 [scrapy.middleware] INFO: Enabled spider middlewares:
['scrapy.spidermiddlewares.start.StartSpiderMiddleware',
 'scrapy.spidermiddlewares.httperror.HttpErrorMiddleware',
 'scrapy.spidermiddlewares.referer.RefererMiddleware',
 'scrapy.spidermiddlewares.urllength.UrlLengthMiddleware',
 'scrapy.spidermiddlewares.depth.DepthMiddleware']
[2026-01-30T14:24:04.077+0000] {docker.py:429} INFO - 2026-01-30 14:24:04 [scrapy.middleware] INFO: Enabled item pipelines:
[]
[2026-01-30T14:24:04.077+0000] {docker.py:429} INFO - Output file: /app/city_today/output/eventi_monza_questa-settimana_20260130_142403.json
[2026-01-30T14:24:04.078+0000] {docker.py:429} INFO - 2026-01-30 14:24:04 [scrapy.core.engine] INFO: Spider opened
[2026-01-30T14:24:04.083+0000] {docker.py:429} INFO - 2026-01-30 14:24:04 [scrapy.extensions.logstats] INFO: Crawled 0 pages (at 0 pages/min), scraped 0 items (at 0 items/min)
[2026-01-30T14:24:04.083+0000] {docker.py:429} INFO - 2026-01-30 14:24:04 [scrapy.extensions.telnet] INFO: Telnet console listening on 127.0.0.1:6023
[2026-01-30T14:24:04.300+0000] {docker.py:429} INFO - 2026-01-30 14:24:04 [scrapy.core.engine] DEBUG: Crawled (200) <GET https://www.monzatoday.it/robots.txt> (referer: None)
[2026-01-30T14:24:06.357+0000] {docker.py:429} INFO - 2026-01-30 14:24:06 [scrapy.core.engine] DEBUG: Crawled (200) <GET https://www.monzatoday.it/eventi/dal/2026-01-30/al/2026-02-01/> (referer: None)
[2026-01-30T14:24:07.178+0000] {docker.py:429} INFO - 2026-01-30 14:24:07 [scrapy.core.engine] DEBUG: Crawled (200) <GET https://www.monzatoday.it/eventi/biassono-festa-ringraziamento-2026.html> (referer: https://www.monzatoday.it/eventi/dal/2026-01-30/al/2026-02-01/)
[2026-01-30T14:24:07.300+0000] {docker.py:429} INFO - 2026-01-30 14:24:07 [scrapy.core.scraper] DEBUG: Scraped from <200 https://www.monzatoday.it/eventi/biassono-festa-ringraziamento-2026.html>
{'category': None,
 'city': 'Monza',
 'content_hash': '8c6319589082c863',
 'date_end': '2026-02-01',
 'date_start': '2026-02-01',
 'dates': [{'date': '2026-02-01', 'time_start': '8:45', 'weekday': 'Domenica'}],
 'description': 'Ritorna la tradizionale Festa del Ringraziamento a Biassono , '
                'in programma domenica 1 febbraio. Un grande e attesissimo '
                'momento che vuole celebrare il mondo agricolo e le sue '
                'radici, con un ricco programma di eventi che animeranno le '
                'vie del paese. Alle 8.45 ci sarà il ritrovo dei trattori e '
                'del carro in Largo Pontida. Seguirà alle 9.30 la sfilata '
                "lungo le vie di Biassono fino all'arrivo, alle 11, in piazza "
                'San Francesco. Qui, dopo la messa, ci sarà la benedizione dei '
                'mezzi e dal carro, un momento significativo per gli '
                'agricoltori e la comunità, e successivamente verranno '
                'distribuiti assaggi di trippa e salumi a cura '
                "dell'associazione Fiera di San Martino.",
 'image_url': '//citynews-monzatoday.stgy.ovh/~media/horizontal-mid/11322291784858/trattore-2.jpg',
 'location_address': None,
 'location_name': None,
 'price': 'Prezzo non disponibile',
 'scraped_at': '2026-01-30T14:24:06.468053',
 'time_info': 'Dalle 8.45',
 'title': 'La Festa del Ringraziamento a Biassono',
 'url': 'https://www.monzatoday.it/eventi/biassono-festa-ringraziamento-2026.html',
 'uuid': '03987550169c1566'}
[2026-01-30T14:24:08.663+0000] {docker.py:429} INFO - 2026-01-30 14:24:08 [scrapy.core.engine] DEBUG: Crawled (200) <GET https://www.monzatoday.it/eventi/sagra-san-biagio-2026.html> (referer: https://www.monzatoday.it/eventi/dal/2026-01-30/al/2026-02-01/)
[2026-01-30T14:24:08.771+0000] {docker.py:429} INFO - 2026-01-30 14:24:08 [scrapy.core.scraper] DEBUG: Scraped from <200 https://www.monzatoday.it/eventi/sagra-san-biagio-2026.html>
{'category': 'Sagre',
 'city': 'Monza',
 'content_hash': '7603bf4ab1d63be9',
 'date_end': '2026-02-03',
 'date_start': '2026-01-31',
 'dates': [{'date': '2026-01-31', 'weekday': 'Sabato'},
           {'date': '2026-02-01', 'weekday': 'Domenica'},
           {'date': '2026-02-02', 'weekday': 'Lunedì'},
           {'date': '2026-02-03', 'weekday': 'Martedì'}],
 'description': 'Ci saranno le bancarelle, i negozi aperti, la messa solenne, '
                "il concerto e la cena. E l'immancabile panettone da "
                'degustare. L’appuntamento è con la tradizione: domenica 1 '
                "febbraio torna infatti la sagra di san Biagio, l'appuntamento "
                'più importante del quartiere monzese che ogni anno omaggia il '
                'santo protettore della gola. Come sempre in via Prina, dalle '
                '8 alle 19, non mancheranno le bancarelle, i negozi aperti e '
                'la consueta fetta di panettone da degustare gratuitamente per '
                'tutti. Diversi saranno anche i momenti proposti dalla '
                'parrocchia di via Prina per grandi e piccini. Sabato 31 '
                'gennaio alle 21 il concerto "Requiem for Solace", con '
                "l'Orchestra Filarmonica Ettore Pozzoli, il Coro San Biagio e "
                'il Coro Modusnovi. Domenica 1 febbraio alle 10.30 la messa '
                'solenne presieduta da monsignor Erminio De Scalzi, vescovo '
                "ausiliare di Milano e abate emerito di Sant'Ambrogio, e nel "
                "pomeriggio, dalle 15 conferenza d'arte alla Rotonda e visita "
                'alle opere della chiesa di San Biagio. Lunedì 2 febbraio (in '
                'occasione della festa della Candelora), alle 18, la messa '
                'presieduta da Padre Robert Popa, cappellano dei fedeli '
                "cattolici Romeni di Rito Bizantino. L'eucaristia sarà "
                'preceduta dalla distribuzione delle candele benedette sul '
                'sagrato a cui seguirà la processione all’interno della '
                'chiesa. Martedì 3 febbraio la giornata si concluderà con la '
                'messa solenne presieduta da monsignor Alberto Torriani, '
                'arcivescovo di Crotone - Santa Severina (un gradito ritorno '
                'perché don Torriani è stato vicario parrocchiale in San '
                'Biagio), e concelebrata dai sacerdoti della comunità, del '
                'decanato e da quelli che hanno svolto il loro ministero in '
                'parrocchia. A seguire la grande cena comunitaria in oratorio '
                '(iscrizioni in segreteria entro il 29 gennaio allo 039 '
                '320395), con i piatti cucinati dallo chef Francesco '
                'Bartesaghi. Dal pomeriggio di sabato 31 gennaio sarà '
                'possibile ritirare le candele benedette e nella giornata di '
                'martedì 3 febbraio ricevere la benedizione con la reliquia di '
                'san Biagio e ritirare il pane e il panettone benedetti contro '
                'il mal di gola.',
 'image_url': '//citynews-monzatoday.stgy.ovh/~media/horizontal-mid/58296547097225/panettone-1696143_1920.jpg',
 'location_address': 'Via Carlo Prina',
 'location_name': 'Via Prina e chiesa e oratorio di San Biagio',
 'price': 'Prezzo non disponibile',
 'scraped_at': '2026-01-30T14:24:06.467649',
 'time_info': 'Orario non disponibile',
 'title': 'La sagra di san Biagio',
 'url': 'https://www.monzatoday.it/eventi/sagra-san-biagio-2026.html',
 'uuid': '5cb51f9b3dcc73a6'}
[2026-01-30T14:24:09.815+0000] {docker.py:429} INFO - 2026-01-30 14:24:09 [scrapy.core.engine] DEBUG: Crawled (200) <GET https://www.monzatoday.it/eventi/must-vimercate-mostra_mose_bianchi.html> (referer: https://www.monzatoday.it/eventi/dal/2026-01-30/al/2026-02-01/)
[2026-01-30T14:24:09.924+0000] {docker.py:429} INFO - 2026-01-30 14:24:09 [scrapy.core.scraper] DEBUG: Scraped from <200 https://www.monzatoday.it/eventi/must-vimercate-mostra_mose_bianchi.html>
{'category': 'Mostre',
 'city': 'Monza',
 'content_hash': '52a5090f6546c9f5',
 'date_end': '2026-05-03',
 'date_start': '2026-01-31',
 'dates': [{'date': '2026-01-31', 'weekday': 'Sabato'},
           {'date': '2026-02-01', 'weekday': 'Domenica'},
           {'date': '2026-02-04', 'weekday': 'Mercoledì'},
           {'date': '2026-02-05', 'weekday': 'Giovedì'},
           {'date': '2026-02-06', 'weekday': 'Venerdì'},
           {'date': '2026-02-07', 'weekday': 'Sabato'},
           {'date': '2026-02-08', 'weekday': 'Domenica'},
           {'date': '2026-02-11', 'weekday': 'Mercoledì'},
           {'date': '2026-02-12', 'weekday': 'Giovedì'},
           {'date': '2026-02-13', 'weekday': 'Venerdì'},
           {'date': '2026-02-14', 'weekday': 'Sabato'},
           {'date': '2026-02-15', 'weekday': 'Domenica'},
           {'date': '2026-02-18', 'weekday': 'Mercoledì'},
           {'date': '2026-02-19', 'weekday': 'Giovedì'},
           {'date': '2026-02-20', 'weekday': 'Venerdì'},
           {'date': '2026-02-21', 'weekday': 'Sabato'},
           {'date': '2026-02-22', 'weekday': 'Domenica'},
           {'date': '2026-02-25', 'weekday': 'Mercoledì'},
           {'date': '2026-02-26', 'weekday': 'Giovedì'},
           {'date': '2026-02-27', 'weekday': 'Venerdì'},
           {'date': '2026-02-28', 'weekday': 'Sabato'},
           {'date': '2026-03-01', 'weekday': 'Domenica'},
           {'date': '2026-03-04', 'weekday': 'Mercoledì'},
           {'date': '2026-03-05', 'weekday': 'Giovedì'},
           {'date': '2026-03-06', 'weekday': 'Venerdì'},
           {'date': '2026-03-07', 'weekday': 'Sabato'},
           {'date': '2026-03-08', 'weekday': 'Domenica'},
           {'date': '2026-03-11', 'weekday': 'Mercoledì'},
           {'date': '2026-03-12', 'weekday': 'Giovedì'},
           {'date': '2026-03-13', 'weekday': 'Venerdì'},
           {'date': '2026-03-14', 'weekday': 'Sabato'},
           {'date': '2026-03-15', 'weekday': 'Domenica'},
           {'date': '2026-03-18', 'weekday': 'Mercoledì'},
           {'date': '2026-03-19', 'weekday': 'Giovedì'},
           {'date': '2026-03-20', 'weekday': 'Venerdì'},
           {'date': '2026-03-21', 'weekday': 'Sabato'},
           {'date': '2026-03-22', 'weekday': 'Domenica'},
           {'date': '2026-03-25', 'weekday': 'Mercoledì'},
           {'date': '2026-03-26', 'weekday': 'Giovedì'},
           {'date': '2026-03-27', 'weekday': 'Venerdì'},
           {'date': '2026-03-28', 'weekday': 'Sabato'},
           {'date': '2026-03-29', 'weekday': 'Domenica'},
           {'date': '2026-04-01', 'weekday': 'Mercoledì'},
           {'date': '2026-04-02', 'weekday': 'Giovedì'},
           {'date': '2026-04-03', 'weekday': 'Venerdì'},
           {'date': '2026-04-04', 'weekday': 'Sabato'},
           {'date': '2026-04-05', 'weekday': 'Domenica'},
           {'date': '2026-04-08', 'weekday': 'Mercoledì'},
           {'date': '2026-04-09', 'weekday': 'Giovedì'},
           {'date': '2026-04-10', 'weekday': 'Venerdì'},
           {'date': '2026-04-11', 'weekday': 'Sabato'},
           {'date': '2026-04-12', 'weekday': 'Domenica'},
           {'date': '2026-04-15', 'weekday': 'Mercoledì'},
           {'date': '2026-04-16', 'weekday': 'Giovedì'},
           {'date': '2026-04-17', 'weekday': 'Venerdì'},
           {'date': '2026-04-18', 'weekday': 'Sabato'},
           {'date': '2026-04-19', 'weekday': 'Domenica'},
           {'date': '2026-04-22', 'weekday': 'Mercoledì'},
           {'date': '2026-04-23', 'weekday': 'Giovedì'},
           {'date': '2026-04-24', 'weekday': 'Venerdì'},
           {'date': '2026-04-25', 'weekday': 'Sabato'},
           {'date': '2026-04-26', 'weekday': 'Domenica'},
           {'date': '2026-04-29', 'weekday': 'Mercoledì'},
           {'date': '2026-04-30', 'weekday': 'Giovedì'},
           {'date': '2026-05-01', 'weekday': 'Venerdì'},
           {'date': '2026-05-02', 'weekday': 'Sabato'},
           {'date': '2026-05-03', 'weekday': 'Domenica'}],
 'description': "In Brianza si celebrano il genio e l'opera dell'illustre "
                'maestro monzese. Sabato 31 gennaio apre al Must di Vimercate '
                '"Mose Bianchi. L\'Ottocento a colori", la mostra dedicata a '
                'Mosè Bianchi, pittore monzese divenuto celebre e apprezzato '
                'nella seconda metà del XIX secolo, evento di punta di tutta '
                'la stagione culturale. La collezione del museo vimercatese '
                'accoglierà due prestigiosi dipinti di Mosè Bianchi che '
                'ritraggono i coniugi Sottocasa-Ponti, proprietari della villa '
                'che oggi è sede del Must e protagonisti della scena culturale '
                "cittadina dell'epoca. Opere che saranno esposte al pubblico "
                'insieme ad altri prestiti provenienti da collezioni pubbliche '
                'e private, per un allestimento che comprende 40 dipinti. '
                'Dalla veduta cittadina alla scena di genere, alla '
                'ritrattistica, la mostra "Mosè Bianchi. L\'Ottocento a '
                'colori", curata da Simona Bartolena, è un percorso che '
                'esplora la ricerca dell’artista in tutta la sua complessità, '
                'nel contesto di Villa Sottocasa, un tempo residenza di '
                'personaggi di aperta e feconda visione culturale e oggi - '
                'come un tempo - luogo aperto alla cultura, all’arte e alla '
                'bellezza, immerso nel suo giardino storico e impreziosito '
                'dall’armonia neoclassica delle facciate. Ulteriore valore '
                'alla mostra è rappresentato da uno speciale accordo di '
                'collaborazione fra il Must di Vimercate e i Musei Civici di '
                'Monza, che conservano numerose opere del maestro monzese e '
                'che i visitatori potranno apprezzare grazie a uno speciale '
                'biglietto ridotto. Come per tutti i grandi eventi artistici '
                'della stagione invernale e primaverile del Must, alla mostra '
                'sono legati numerosi altri eventi, dalle visite guidate ai '
                'laboratori per bambini e bambine e la conferenza della '
                'curatrice, nella sala conferenze dei Musei Civici di Monza. '
                'La mostra chiuderà domenica 3 maggio.',
 'image_url': '//citynews-monzatoday.stgy.ovh/~media/horizontal-mid/70021161974578/dipinto-mose-bianchi-3.jpg',
 'location_address': None,
 'location_name': 'Must- Museo del territorio vimercatese',
 'price': 'Intero 5 euro, ridotto 3, gratis undur 14',
 'schedule': 'Mercoledì, giovedì e venerdì: 10 – 13 - Sabato e domenica: 10 – '
             '19',
 'scraped_at': '2026-01-30T14:24:06.467169',
 'title': 'Al Must di Vimercate la mostra sul Mosè Bianchi',
 'url': 'https://www.monzatoday.it/eventi/must-vimercate-mostra_mose_bianchi.html',
 'uuid': '95204f2a5fdd34d3',
 'weekdays': 'Mercoledì, Giovedì, Venerdì, Sabato, Domenica'}
[2026-01-30T14:24:11.232+0000] {docker.py:429} INFO - 2026-01-30 14:24:11 [scrapy.core.engine] DEBUG: Crawled (200) <GET https://www.monzatoday.it/eventi/teatro-manzoni-concerto-fausto-leali.html> (referer: https://www.monzatoday.it/eventi/dal/2026-01-30/al/2026-02-01/)
[2026-01-30T14:24:11.341+0000] {docker.py:429} INFO - 2026-01-30 14:24:11 [scrapy.core.scraper] DEBUG: Scraped from <200 https://www.monzatoday.it/eventi/teatro-manzoni-concerto-fausto-leali.html>
{'category': 'Concerti',
 'city': 'Monza',
 'content_hash': '43abf65ceae096a3',
 'date_end': '2026-02-01',
 'date_start': '2026-02-01',
 'dates': [{'date': '2026-02-01',
            'time_start': '20:45',
            'weekday': 'Domenica'}],
 'description': 'Musica e solidarietà. Con uno dei protagonisti assoluti della '
                "musica italiana. L'appuntamento è per domenica 1 febbraio al "
                'Teatro Manzoni con il concerto Fausto Leali & Friends , un '
                'evento unico organizzato da Brianza per il cuore . Sul palco, '
                'dalle 20.45, salirà il celebre cantante Fausto Leali , grande '
                "sostenitore dell'associazione guidata da Laura Colombo, "
                'insieme a una serie di altri artisti: Luisa Corna, Morgan, '
                'Iva Zanicchi, Matthew Lee , Ale e Franz . Il ricavato dalla '
                'vendita dei biglietti servirà a sostenere il progetto per la '
                'realizzazione dei nuovi ambulatori di cardiologia pediatrica '
                'della Fondazione Irccs San Gerardo dei Tintori di Monza. '
                'Brianza per il cuore da anni promuove infatti la prevenzione '
                'delle malattie cardiovascolari, la formazione dei cittadini '
                'all’uso dei defibrillatori e porta avanti progetti di salute '
                'per tutta la comunità. Per acquistare i biglietti contattare '
                'la segreteria di Brianza per il cuore al numero 039 2333487, '
                'dal lunedì al venerdì, dalle 9 alle 13 e dalle 14 alle 17.',
 'image_url': '//citynews-monzatoday.stgy.ovh/~media/horizontal-mid/22134981057570/fausto-leali-2.jpg',
 'location_address': 'Via Alessandro Manzoni',
 'location_name': 'Teatro Manzoni',
 'price': 'Prezzo non disponibile',
 'scraped_at': '2026-01-30T14:24:06.466725',
 'time_info': 'Dalle 20.45',
 'title': 'A Monza il concerto di Fausto Leali',
 'url': 'https://www.monzatoday.it/eventi/teatro-manzoni-concerto-fausto-leali.html',
 'uuid': '271dc8ba10c00ec2'}
[2026-01-30T14:24:12.859+0000] {docker.py:429} INFO - 2026-01-30 14:24:12 [scrapy.core.engine] DEBUG: Crawled (200) <GET https://www.monzatoday.it/eventi/lissone-giubiana_2026.html> (referer: https://www.monzatoday.it/eventi/dal/2026-01-30/al/2026-02-01/)
[2026-01-30T14:24:12.969+0000] {docker.py:429} INFO - 2026-01-30 14:24:12 [scrapy.core.scraper] DEBUG: Scraped from <200 https://www.monzatoday.it/eventi/lissone-giubiana_2026.html>
{'category': None,
 'city': 'Monza',
 'content_hash': '93936f1d4cbd8d20',
 'date_end': '2026-01-31',
 'date_start': '2026-01-31',
 'dates': [{'date': '2026-01-31', 'weekday': 'Sabato'}],
 'description': 'Appuntamento con il rogo invernale della strega brianzola: '
                'torna a Lissone il falò della Giubiana. Sabato 31 gennaio, al '
                "Parco Carlo Maria Martini, l'associazione Amici dei pompieri "
                'ha organizzato una serata che mixa tradizione e convivialità. '
                'La manifestazione inizierà dalle 18 mentre l’accensione del '
                'falò è prevista alle 19.30. Intorno al fuoco si potranno '
                'gustare thé caldo, vin brulè, risotto e frittelle, per stare '
                'insieme e tenere viva una tradizione che unisce generazioni '
                "diverse. Per scacciare i mali dell'anno appena trascorso "
                "all'insegna del divertimento.",
 'image_url': '//citynews-monzatoday.stgy.ovh/~media/horizontal-mid/43400324409150/lissone_falo-s-antonio-4.jpg',
 'location_address': 'Viale Martiri della Libertà',
 'location_name': 'Parco Carlo Maria Martini',
 'price': 'Prezzo non disponibile',
 'scraped_at': '2026-01-30T14:24:06.466237',
 'time_info': 'Dalle 18',
 'title': 'La Giubiana a Lissone',
 'url': 'https://www.monzatoday.it/eventi/lissone-giubiana_2026.html',
 'uuid': 'd7d55bd4d90a70d4'}
[2026-01-30T14:24:14.082+0000] {docker.py:429} INFO - 2026-01-30 14:24:14 [scrapy.core.engine] DEBUG: Crawled (200) <GET https://www.monzatoday.it/eventi/musei-civici-mostra-bucci-bigia.html> (referer: https://www.monzatoday.it/eventi/dal/2026-01-30/al/2026-02-01/)
[2026-01-30T14:24:14.191+0000] {docker.py:429} INFO - 2026-01-30 14:24:14 [scrapy.core.scraper] DEBUG: Scraped from <200 https://www.monzatoday.it/eventi/musei-civici-mostra-bucci-bigia.html>
{'category': 'Mostre',
 'city': 'Monza',
 'content_hash': 'fa69a065b704d2aa',
 'date_end': '2026-04-06',
 'date_start': '2026-04-06',
 'dates': [{'date': '2026-04-06', 'weekday': 'Lunedì'}],
 'description': 'È arrivato con la famiglia a Monza, nella casa di piazza '
                'Garibaldi. Poi è volato a Parigi, dove si è imbevuto della '
                "nuova arte dell'Avanguardia. Infine è tornato in città, dove "
                'ancora oggi le sue tele sono nei salotti di diversi monzesi a '
                'raccontare fatti e protagonisti del ‘900. In occasione del '
                '70esimo anniversario della scomparsa (e a vent’anni '
                "dall'ultima esposizione a lui dedicata in Arengario) del "
                'pittore, incisore e scrittore Anselmo Bucci, ai Musei civici '
                'è aperta la mostra "Anselmo Bucci. Monza e il Novecento", '
                'realizzata in collaborazione con l’associazione Amici dei '
                'musei di Monza e Brianza. L’esposizione (fino al 6 aprile '
                '2026), curata da Alberto Crespi, intende ricostruire e '
                'rendere omaggio alla poliedrica figura dell’artista (uno dei '
                'più talentuosi del secolo lungo) attraverso un percorso '
                'espositivo costituito interamente da opere appartenenti alle '
                'collezioni civiche. La rassegna prende corpo attorno a un '
                'nucleo di opere - prevalentemente dipinti e incisioni - '
                'entrate nel patrimonio del museo nel corso dei decenni '
                'attraverso acquisti o donazioni. Accanto a opere già '
                'valorizzate all’interno del percorso museale permanente, '
                'vengono per l’occasione riproposti al pubblico pezzi '
                'provenienti dai depositi del museo. Ad arricchire il percorso '
                'espositivo della rassegna contribuisce, inoltre, la presenza '
                'di fotografie e documenti inediti provenienti dal Fondo Bucci '
                "del Museo Etnologico di Monza. All'interno della mostra Musei "
                'civici di Monza omaggiano Emilia, soprannominata "la Bigia", '
                'di professione insegnante presso la scuola elementare di '
                'Bresso e sorella del celebre artista Anselmo Bucci, e lo '
                'fanno esponendo fino al 15 marzo 2026 il dipinto "La scuola '
                'della Bigia". Una tela che è quasi un\'istantanea sulla '
                'quotidianità di inizio secolo e che al di là del valore '
                'artistico lascia emergere un forte dato biografico e la '
                'sensibilità di Bucci, il calore degli affetti e la vicinanza '
                'familiare alla sua amata sorella. Nel periodo della durata '
                'della mostra e dell’esposizione del dipinto La scuola della '
                "Bigia è prevista l'organizzazione di iniziative collaterali "
                'quali visite guidate, incontri tematici con studiosi '
                'qualificati e attività per famiglie. Il museo organizzerà '
                'inoltre percorsi didattici e laboratori dell’arte per le '
                'scuole di ogni ordine e grado. La mostra è interamente '
                'accessibile a persone con disabilità motorie: sono '
                'disponibili per persone cieche audiodescrizioni di alcune '
                'opere in mostra e schede facilitate per persone con '
                'disabilità intellettive. È possibile organizzare su '
                'prenotazione visite guidate per gruppi, in italiano o in '
                'inglese, e visite guidate inclusive per persone con '
                'disabilità visive, uditive, intellettive o demenze. Per info '
                'e prenotazioni: www.museicivicimonza.it .',
 'image_url': '//citynews-monzatoday.stgy.ovh/~media/horizontal-mid/7545034586280/anselmo-bucci.jpeg',
 'location_address': 'Via Teodolinda Regina',
 'location_name': 'Musei civici',
 'price': 'Prezzo non disponibile',
 'scraped_at': '2026-01-30T14:24:06.465525',
 'time_info': 'Orario non disponibile',
 'title': 'A Monza la mostra di Bucci e della Bigia',
 'url': 'https://www.monzatoday.it/eventi/musei-civici-mostra-bucci-bigia.html',
 'uuid': 'df3459dc39b85129',
 'website': 'https://www.museicivicimonza.it'}
[2026-01-30T14:24:15.698+0000] {docker.py:429} INFO - 2026-01-30 14:24:15 [scrapy.core.engine] DEBUG: Crawled (200) <GET https://www.monzatoday.it/eventi/seregno-giubiana-falo_2026.html> (referer: https://www.monzatoday.it/eventi/dal/2026-01-30/al/2026-02-01/)
[2026-01-30T14:24:15.812+0000] {docker.py:429} INFO - 2026-01-30 14:24:15 [scrapy.core.scraper] DEBUG: Scraped from <200 https://www.monzatoday.it/eventi/seregno-giubiana-falo_2026.html>
{'category': 'Sagre',
 'city': 'Monza',
 'content_hash': '74a5edc96ce27086',
 'date_end': '2026-01-31',
 'date_start': '2026-01-31',
 'dates': [{'date': '2026-01-31', 'weekday': 'Sabato'}],
 'description': 'Il fuoco che brucia la strega e il risotto con la luganega. '
                'Sabato 31 gennaio, nell’ultimo giorno della merla" grandi e '
                'piccoli sono invitati a scaldarsi davanti al fuoco della '
                'Giubiana, la vecchia strega simbolo dei mali del passato e di '
                'buon auspicio per il nuovo anno appena iniziato. '
                "L'appuntamento è al Parco Madonna della Campagna di via "
                'Cagnola a Seregno con il Falò della Giubiana organizzato '
                "dall'Associazione Madonna della Campagna. L’ingresso è libero "
                'e gratuito. Si comincia alle 19 con il caldo risotto giallo '
                'con luganega preparato dai cuochi dell’associazione e con la '
                'magia del fuoco degli artisti di strada. Alle 21,30 il '
                'racconto della leggenda della Giubiana introduce infine '
                'l’attesissimo rogo della strega. La leggenda narra che la '
                'strega Giubiana viveva nel buio del bosco e si cibava di '
                'bambini fino a quando le tesero una trappola con un '
                'succulento piatto di risotto giallo, che mangiò così '
                'voracemente che non si accorse dell’arrivo della luce del '
                'sole che la bruciò all’istante. "Tutti i bambini, e non solo, '
                'a tal proposito saranno chiamati a preparare una letterina '
                'che potranno consegnare la sera personalmente alla vecchia '
                'strega, affidandogli tutti i mali, le cattiverie, le cose '
                'brutte che non vogliono più e che la Giubiana con il suo '
                'fuoco si porterà via per sempre" annuncia il Comune.',
 'image_url': '//citynews-monzatoday.stgy.ovh/~media/horizontal-mid/43600750988517/giubiana-seregno-3.jpg',
 'location_address': 'Via Luigi Cagnola',
 'location_name': 'Parco Madonna della Campagna',
 'price': 'Gratis',
 'scraped_at': '2026-01-30T14:24:06.465012',
 'time_info': 'Dalle 19',
 'title': 'La Giubiana a Seregno',
 'url': 'https://www.monzatoday.it/eventi/seregno-giubiana-falo_2026.html',
 'uuid': 'cb80ca533415042b'}
[2026-01-30T14:24:16.981+0000] {docker.py:429} INFO - 2026-01-30 14:24:16 [scrapy.core.engine] DEBUG: Crawled (200) <GET https://www.monzatoday.it/eventi/desio-mostra-ape_maia.html> (referer: https://www.monzatoday.it/eventi/dal/2026-01-30/al/2026-02-01/)
[2026-01-30T14:24:17.095+0000] {docker.py:429} INFO - 2026-01-30 14:24:17 [scrapy.core.scraper] DEBUG: Scraped from <200 https://www.monzatoday.it/eventi/desio-mostra-ape_maia.html>
{'category': 'Mostre',
 'city': 'Monza',
 'content_hash': 'e03cf3b31cb2d83f',
 'date_end': '2026-02-08',
 'date_start': '2026-01-17',
 'dates': [{'date': '2026-01-17', 'weekday': 'Sabato'},
           {'date': '2026-01-18', 'weekday': 'Domenica'},
           {'date': '2026-01-19', 'weekday': 'Lunedì'},
           {'date': '2026-01-20', 'weekday': 'Martedì'},
           {'date': '2026-01-21', 'weekday': 'Mercoledì'},
           {'date': '2026-01-22', 'weekday': 'Giovedì'},
           {'date': '2026-01-23', 'weekday': 'Venerdì'},
           {'date': '2026-01-24', 'weekday': 'Sabato'},
           {'date': '2026-01-25', 'weekday': 'Domenica'},
           {'date': '2026-01-26', 'weekday': 'Lunedì'},
           {'date': '2026-01-27', 'weekday': 'Martedì'},
           {'date': '2026-01-28', 'weekday': 'Mercoledì'},
           {'date': '2026-01-29', 'weekday': 'Giovedì'},
           {'date': '2026-01-30', 'weekday': 'Venerdì'},
           {'date': '2026-01-31', 'weekday': 'Sabato'},
           {'date': '2026-02-01', 'weekday': 'Domenica'},
           {'date': '2026-02-02', 'weekday': 'Lunedì'},
           {'date': '2026-02-03', 'weekday': 'Martedì'},
           {'date': '2026-02-04', 'weekday': 'Mercoledì'},
           {'date': '2026-02-05', 'weekday': 'Giovedì'},
           {'date': '2026-02-06', 'weekday': 'Venerdì'},
           {'date': '2026-02-07', 'weekday': 'Sabato'},
           {'date': '2026-02-08', 'weekday': 'Domenica'}],
 'description': "L'ape Maia compie 50 anni e la Brianza la celebra con una "
                'grande mostra a ingresso libero e gratuito. Sabato 17 gennaio '
                'si apre infatti a Villa Tittoni a Desio l\'esposizione "L’Ape '
                'Maia. 50 anni in volo", curata da Luca Bertuzzi ed Enrico '
                'Ercole e realizzata da Fondazione Franco Fossati e Wow Spazio '
                'Fumetto assieme a DeAPlaneta Entertainment in collaborazione '
                'con il Comune di Desio. La mostra ripercorre la storia del '
                "celebre personaggio che accompagnato l'infanzia di tanti "
                'bambini, dalle origini letterarie al successo del noto '
                'cartone animato e sarà aperta tutti i weekend dal 17 gennaio '
                'all’8 febbraio, dalle 10 alle 19 con ingresso libero. Un '
                'viaggio tra illustrazioni, tavole originali, riviste e pezzi '
                "rari e che sarà preceduto il 17 gennaio dall'evento "
                'inaugurale aperto a tutti, a partire dalle 15, quando nella '
                'sala convegni di Villa Tittoni dove saranno esposti gli '
                'scatti delle Art Figures di Maia e dove avrà luogo anche uno '
                'speciale show dedicato a "L’Ape Maia. Il musical". In mostra '
                'sono esposte riproduzioni di articoli e riviste, tra cui '
                'Topolino e Tv Sorrisi e Canzoni dedicati al celebre '
                'personaggio. E si può vedere anche il disco a 45 giri insieme '
                'alla riproduzione della hit parade degli album più venduti, '
                'che testimonia come L’Ape Maia abbia raggiunto la vetta della '
                'classifica nel corso del 1980. E poi ancora illustrazioni, '
                'fumetti dedicati, e decine di pubblicazioni come TV Junior, '
                'settimanale edito direttamente da Eri Edizioni Rai dove Maia '
                'compare accanto a personaggi come Mazinga, Capitan Harlock e '
                'Bia, con tante tavole originali. Tra le numerose curiosità '
                'anche un gioco dell’oca distribuito con una delle riviste '
                'dell’Ape Maia, album di figurine dal 1980 a oggi, la '
                'collezione completa dei dvd della serie, un approfondimento '
                'dedicato ai videogiochi e molte altre sorprese, tra cui '
                'giocattoli moderni e d’epoca. Non mancherà poi lo spazio '
                'dedicato alle origini letterarie del personaggio, ossia il '
                'romanzo del 1912 "Die Biene Maja und ihre Abenteuer" dello '
                'scrittore tedesco Waldemar Bonsels che sarà esposto nella sua '
                'prima edizione attorniato da altre edizioni importanti, tra '
                "cui la prima italiana, e la bellissima edizione anni '40 "
                'illustrata da Gino Baldo e quella del decennio successivo con '
                'i disegni di Roberto Lemmi. La mostra è aperta il sabato e la '
                'domenica dalle 10 alle 19.',
 'image_url': '//citynews-monzatoday.stgy.ovh/~media/horizontal-mid/23813251674326/ape-maia.jpg',
 'location_address': 'Via G. M.Lampugnani, 62',
 'location_name': 'Villa Tittoni',
 'price': 'Gratis',
 'scraped_at': '2026-01-30T14:24:06.464405',
 'time_info': 'Dalle 10 alle 19',
 'title': "A Desio la mostra (gratis) per i 50 anni dell'Ape Maia",
 'url': 'https://www.monzatoday.it/eventi/desio-mostra-ape_maia.html',
 'uuid': '85f938934b9d5607'}
[2026-01-30T14:24:18.111+0000] {docker.py:429} INFO - 2026-01-30 14:24:18 [scrapy.core.engine] DEBUG: Crawled (200) <GET https://www.monzatoday.it/eventi/mostra-andrea-sala-museo-duomo.html> (referer: https://www.monzatoday.it/eventi/dal/2026-01-30/al/2026-02-01/)
[2026-01-30T14:24:18.221+0000] {docker.py:429} INFO - 2026-01-30 14:24:18 [scrapy.core.scraper] DEBUG: Scraped from <200 https://www.monzatoday.it/eventi/mostra-andrea-sala-museo-duomo.html>
{'category': None,
 'city': 'Monza',
 'content_hash': 'cd58662c1beec529',
 'date_end': '2026-01-31',
 'date_start': '2025-12-11',
 'dates': [{'date': '2025-12-14', 'weekday': 'Domenica'},
           {'date': '2025-12-16', 'weekday': 'Martedì'},
           {'date': '2025-12-21', 'weekday': 'Domenica'},
           {'date': '2025-12-23', 'weekday': 'Martedì'},
           {'date': '2025-12-28', 'weekday': 'Domenica'},
           {'date': '2025-12-30', 'weekday': 'Martedì'},
           {'date': '2026-01-04', 'weekday': 'Domenica'},
           {'date': '2026-01-06', 'weekday': 'Martedì'},
           {'date': '2026-01-11', 'weekday': 'Domenica'},
           {'date': '2026-01-13', 'weekday': 'Martedì'},
           {'date': '2026-01-18', 'weekday': 'Domenica'},
           {'date': '2026-01-20', 'weekday': 'Martedì'},
           {'date': '2026-01-25', 'weekday': 'Domenica'},
           {'date': '2026-01-27', 'weekday': 'Martedì'}],
 'description': 'A Monza pochi artisti restano indimenticati come il celebre '
                'affreschista Andrea Sala, fondatore della prima Scuola di '
                'affresco in città diventata famosissima. A tal proposito la '
                'Fondazione Gaiani - Museo e Tesoro del Duomo di Monza invita '
                'i monzesi a riscoprire l’opera del maestro monzese che ha '
                'dedicato la vita all’arte, all’insegnamento, ai suoi allievi, '
                'con la mostra "Andrea Sala e la sua scuola. Insegnare è '
                'sperare". L\'appuntamento è per giovedì 11 dicembre, alle '
                "18.30, con l'inaugurazione dell'esposizione all’interno del "
                'Museo e Tesoro del Duomo di Monza, nella splendida cornice '
                "della Sala del Rosone. L'esposizione vuole essere occasione "
                'per celebrare una figura non solo significativa per l’arte '
                'cittadina ma che ha appunto lasciato un profondo segno nella '
                'vita e nella formazione dei suoi allievi. Nata dalla '
                'collaborazione tra il Museo e Tesoro del Duomo e '
                'l’associazione artistica Scuola d’affresco Andrea Sala, la '
                'mostra propone una selezione di capolavori del maestro che ne '
                'raccontano la vita, il legame con la città, il metodo di '
                'insegnamento. Spaziando tra diverse tecniche, dai dipinti a '
                'olio all’affresco, dai bozzetti a inchiostro all’incisione, '
                'le opere raccontano il profondo legame di Andrea Sala con la '
                'sua scuola e con l’insegnamento, parte viva e imprescindibile '
                'della sua arte e del suo sguardo di speranza rivolto al '
                'futuro. Sguardo che traspare dalle sue stesse parole rivolte '
                'agli studenti nel novembre 2013: "Quando credete in qualcosa '
                'di buono, di bello, di sano e di utile per voi e per gli '
                'altri, non permettete a nessuno di portarvelo via. Qualsiasi '
                'talento vi sia stato donato è un pezzetto di Dio, un bene '
                'prezioso da custodire e difendere per poterlo offrire con '
                'amore a chi vi ama". In mostra figurano il suo autoritratto e '
                'il suo atelier, riflessi del suo sguardo sulla realtà, le '
                'acqueforti con le vedute di Monza, testimoni del suo legame '
                'con la città, i ritratti degli allievi, colti nell’attimo in '
                'cui essi stessi dipingono e imparano, come in un gioco di '
                'specchi. Infine, anche i disegni e bozzetti preparatori per '
                'l’opera che ritrae la scuola stessa. L’inaugurazione sarà '
                'aperta alla cittadinanza, ma è gradita la prenotazione '
                '(scrivendo a eventi@museoduomomonza.it ). La partecipazione '
                'all’inaugurazione è gratuita. La mostra sarà visitabile fino '
                'al 31 gennaio 2026, dal martedì alla domenica, dalle 9 alle '
                '13 e dalle 14 alle 18. Per l’accesso non è richiesta la '
                'prenotazione e il biglietto di ingresso alla mostra è incluso '
                'nel biglietto al Museo (intero 8 euro, ridotto 6 euro, '
                'bambini 5 euro).',
 'image_url': '//citynews-monzatoday.stgy.ovh/~media/horizontal-mid/8939169889752/andrea-sala-2.jpeg',
 'location_address': None,
 'location_name': 'Museo e Tesoro del Duomo',
 'price': 'Intero 8 euro, ridotto 6 euro, bambini 5 euro',
 'schedule': 'Dal martedì alla domenica, dalle 9 alle 13 e dalle 14 alle 18',
 'scraped_at': '2026-01-30T14:24:06.464061',
 'title': 'A 10 anni dalla morte la mostra del maestro monzese Andrea Sala',
 'url': 'https://www.monzatoday.it/eventi/mostra-andrea-sala-museo-duomo.html',
 'uuid': '7828e7f588395775',
 'weekdays': 'Martedì, Domenica'}
[2026-01-30T14:24:19.532+0000] {docker.py:429} INFO - 2026-01-30 14:24:19 [scrapy.core.engine] DEBUG: Crawled (200) <GET https://www.monzatoday.it/eventi/centro-monza-pista-da-sci-piazza-trento.html> (referer: https://www.monzatoday.it/eventi/dal/2026-01-30/al/2026-02-01/)
[2026-01-30T14:24:19.641+0000] {docker.py:429} INFO - 2026-01-30 14:24:19 [scrapy.core.scraper] DEBUG: Scraped from <200 https://www.monzatoday.it/eventi/centro-monza-pista-da-sci-piazza-trento.html>
{'category': None,
 'city': 'Monza',
 'content_hash': 'd64ad043dd1b9288',
 'date_end': '2026-02-01',
 'date_start': '2026-01-31',
 'dates': [{'date': '2026-01-31', 'weekday': 'Sabato'},
           {'date': '2026-02-01', 'weekday': 'Domenica'}],
 'description': 'Per un weekend si scia nel salotto di Monza. In vista delle '
                'attesissime Olimpiadi di Milano Cortina 2026, piazza Trento e '
                'Trieste ospiterà infatti una straordinaria pista da sci di '
                "fondo lunga 170 metri. L'appuntamento è per sabato 31 e "
                'domenica 1 febbraio. Grazie all’utilizzo del Neveplast, un '
                'materiale sintetico all’avanguardia che simula perfettamente '
                'la neve, si potrà ammirare una vera pista da sci di fondo '
                'incastonata tra i palazzi storici e le vetrine del centro, e '
                "sotto l'ombra del Duomo. Dalle 13 alle 17.30 di sabato 31 "
                'gennaio, sempre in piazza Trento e Trieste, arriveranno '
                'intanto Tina e Milo, le mascotte ufficiali di Milano Cortina. '
                'Pronti per simpatici selfie. Le date di apertura della pista '
                'sono quelle del 31 gennaio e di domenica 1 febbraio: in '
                'queste due giornate la pista sarà aperta al pubblico, ma solo '
                'per gli under 14 dalle 10 alle ore 18 e con turni di circa 15 '
                'minuti l’uno. L’evento è stato organizzato con la '
                'collaborazione dei maestri di sci.',
 'image_url': '//citynews-monzatoday.stgy.ovh/~media/horizontal-mid/56487304844338/sci-5-2.jpg',
 'location_address': None,
 'location_name': 'Piazza Trento e Trieste',
 'price': 'Prezzo non disponibile',
 'scraped_at': '2026-01-30T14:24:06.463739',
 'time_info': '10-18',
 'title': 'A Monza la pista da sci in centro',
 'url': 'https://www.monzatoday.it/eventi/centro-monza-pista-da-sci-piazza-trento.html',
 'uuid': '432e67e6ac2d41b7'}
[2026-01-30T14:24:20.684+0000] {docker.py:429} INFO - 2026-01-30 14:24:20 [scrapy.core.engine] DEBUG: Crawled (200) <GET https://www.monzatoday.it/eventi/festival-casoeula-2025-gara-ristoranti.html> (referer: https://www.monzatoday.it/eventi/dal/2026-01-30/al/2026-02-01/)
[2026-01-30T14:24:20.794+0000] {docker.py:429} INFO - 2026-01-30 14:24:20 [scrapy.core.scraper] DEBUG: Scraped from <200 https://www.monzatoday.it/eventi/festival-casoeula-2025-gara-ristoranti.html>
{'category': 'Cibo e Vino',
 'city': 'Monza',
 'content_hash': '5f6ebb0034475362',
 'date_end': '2026-02-28',
 'date_start': '2025-11-01',
 'dates': [{'date': '2025-11-01', 'weekday': 'Sabato'},
           {'date': '2025-11-02', 'weekday': 'Domenica'},
           {'date': '2025-11-03', 'weekday': 'Lunedì'},
           {'date': '2025-11-04', 'weekday': 'Martedì'},
           {'date': '2025-11-05', 'weekday': 'Mercoledì'},
           {'date': '2025-11-06', 'weekday': 'Giovedì'},
           {'date': '2025-11-07', 'weekday': 'Venerdì'},
           {'date': '2025-11-08', 'weekday': 'Sabato'},
           {'date': '2025-11-09', 'weekday': 'Domenica'},
           {'date': '2025-11-10', 'weekday': 'Lunedì'},
           {'date': '2025-11-11', 'weekday': 'Martedì'},
           {'date': '2025-11-12', 'weekday': 'Mercoledì'},
           {'date': '2025-11-13', 'weekday': 'Giovedì'},
           {'date': '2025-11-14', 'weekday': 'Venerdì'},
           {'date': '2025-11-15', 'weekday': 'Sabato'},
           {'date': '2025-11-16', 'weekday': 'Domenica'},
           {'date': '2025-11-17', 'weekday': 'Lunedì'},
           {'date': '2025-11-18', 'weekday': 'Martedì'},
           {'date': '2025-11-19', 'weekday': 'Mercoledì'},
           {'date': '2025-11-20', 'weekday': 'Giovedì'},
           {'date': '2025-11-21', 'weekday': 'Venerdì'},
           {'date': '2025-11-22', 'weekday': 'Sabato'},
           {'date': '2025-11-23', 'weekday': 'Domenica'},
           {'date': '2025-11-24', 'weekday': 'Lunedì'},
           {'date': '2025-11-25', 'weekday': 'Martedì'},
           {'date': '2025-11-26', 'weekday': 'Mercoledì'},
           {'date': '2025-11-27', 'weekday': 'Giovedì'},
           {'date': '2025-11-28', 'weekday': 'Venerdì'},
           {'date': '2025-11-29', 'weekday': 'Sabato'},
           {'date': '2025-11-30', 'weekday': 'Domenica'},
           {'date': '2025-12-01', 'weekday': 'Lunedì'},
           {'date': '2025-12-02', 'weekday': 'Martedì'},
           {'date': '2025-12-03', 'weekday': 'Mercoledì'},
           {'date': '2025-12-04', 'weekday': 'Giovedì'},
           {'date': '2025-12-05', 'weekday': 'Venerdì'},
           {'date': '2025-12-06', 'weekday': 'Sabato'},
           {'date': '2025-12-07', 'weekday': 'Domenica'},
           {'date': '2025-12-08', 'weekday': 'Lunedì'},
           {'date': '2025-12-09', 'weekday': 'Martedì'},
           {'date': '2025-12-10', 'weekday': 'Mercoledì'},
           {'date': '2025-12-11', 'weekday': 'Giovedì'},
           {'date': '2025-12-12', 'weekday': 'Venerdì'},
           {'date': '2025-12-13', 'weekday': 'Sabato'},
           {'date': '2025-12-14', 'weekday': 'Domenica'},
           {'date': '2025-12-15', 'weekday': 'Lunedì'},
           {'date': '2025-12-16', 'weekday': 'Martedì'},
           {'date': '2025-12-17', 'weekday': 'Mercoledì'},
           {'date': '2025-12-18', 'weekday': 'Giovedì'},
           {'date': '2025-12-19', 'weekday': 'Venerdì'},
           {'date': '2025-12-20', 'weekday': 'Sabato'},
           {'date': '2025-12-21', 'weekday': 'Domenica'},
           {'date': '2025-12-22', 'weekday': 'Lunedì'},
           {'date': '2025-12-23', 'weekday': 'Martedì'},
           {'date': '2025-12-24', 'weekday': 'Mercoledì'},
           {'date': '2025-12-25', 'weekday': 'Giovedì'},
           {'date': '2025-12-26', 'weekday': 'Venerdì'},
           {'date': '2025-12-27', 'weekday': 'Sabato'},
           {'date': '2025-12-28', 'weekday': 'Domenica'},
           {'date': '2025-12-29', 'weekday': 'Lunedì'},
           {'date': '2025-12-30', 'weekday': 'Martedì'},
           {'date': '2025-12-31', 'weekday': 'Mercoledì'},
           {'date': '2026-01-01', 'weekday': 'Giovedì'},
           {'date': '2026-01-02', 'weekday': 'Venerdì'},
           {'date': '2026-01-03', 'weekday': 'Sabato'},
           {'date': '2026-01-04', 'weekday': 'Domenica'},
           {'date': '2026-01-05', 'weekday': 'Lunedì'},
           {'date': '2026-01-06', 'weekday': 'Martedì'},
           {'date': '2026-01-07', 'weekday': 'Mercoledì'},
           {'date': '2026-01-08', 'weekday': 'Giovedì'},
           {'date': '2026-01-09', 'weekday': 'Venerdì'},
           {'date': '2026-01-10', 'weekday': 'Sabato'},
           {'date': '2026-01-11', 'weekday': 'Domenica'},
           {'date': '2026-01-12', 'weekday': 'Lunedì'},
           {'date': '2026-01-13', 'weekday': 'Martedì'},
           {'date': '2026-01-14', 'weekday': 'Mercoledì'},
           {'date': '2026-01-15', 'weekday': 'Giovedì'},
           {'date': '2026-01-16', 'weekday': 'Venerdì'},
           {'date': '2026-01-17', 'weekday': 'Sabato'},
           {'date': '2026-01-18', 'weekday': 'Domenica'},
           {'date': '2026-01-19', 'weekday': 'Lunedì'},
           {'date': '2026-01-20', 'weekday': 'Martedì'},
           {'date': '2026-01-21', 'weekday': 'Mercoledì'},
           {'date': '2026-01-22', 'weekday': 'Giovedì'},
           {'date': '2026-01-23', 'weekday': 'Venerdì'},
           {'date': '2026-01-24', 'weekday': 'Sabato'},
           {'date': '2026-01-25', 'weekday': 'Domenica'},
           {'date': '2026-01-26', 'weekday': 'Lunedì'},
           {'date': '2026-01-27', 'weekday': 'Martedì'},
           {'date': '2026-01-28', 'weekday': 'Mercoledì'},
           {'date': '2026-01-29', 'weekday': 'Giovedì'},
           {'date': '2026-01-30', 'weekday': 'Venerdì'},
           {'date': '2026-01-31', 'weekday': 'Sabato'},
           {'date': '2026-02-01', 'weekday': 'Domenica'},
           {'date': '2026-02-02', 'weekday': 'Lunedì'},
           {'date': '2026-02-03', 'weekday': 'Martedì'},
           {'date': '2026-02-04', 'weekday': 'Mercoledì'},
           {'date': '2026-02-05', 'weekday': 'Giovedì'},
           {'date': '2026-02-06', 'weekday': 'Venerdì'},
           {'date': '2026-02-07', 'weekday': 'Sabato'},
           {'date': '2026-02-08', 'weekday': 'Domenica'},
           {'date': '2026-02-09', 'weekday': 'Lunedì'},
           {'date': '2026-02-10', 'weekday': 'Martedì'},
           {'date': '2026-02-11', 'weekday': 'Mercoledì'},
           {'date': '2026-02-12', 'weekday': 'Giovedì'},
           {'date': '2026-02-13', 'weekday': 'Venerdì'},
           {'date': '2026-02-14', 'weekday': 'Sabato'},
           {'date': '2026-02-15', 'weekday': 'Domenica'},
           {'date': '2026-02-16', 'weekday': 'Lunedì'},
           {'date': '2026-02-17', 'weekday': 'Martedì'},
           {'date': '2026-02-18', 'weekday': 'Mercoledì'},
           {'date': '2026-02-19', 'weekday': 'Giovedì'},
           {'date': '2026-02-20', 'weekday': 'Venerdì'},
           {'date': '2026-02-21', 'weekday': 'Sabato'},
           {'date': '2026-02-22', 'weekday': 'Domenica'},
           {'date': '2026-02-23', 'weekday': 'Lunedì'},
           {'date': '2026-02-24', 'weekday': 'Martedì'},
           {'date': '2026-02-25', 'weekday': 'Mercoledì'},
           {'date': '2026-02-26', 'weekday': 'Giovedì'},
           {'date': '2026-02-27', 'weekday': 'Venerdì'},
           {'date': '2026-02-28', 'weekday': 'Sabato'}],
 'description': "In corrispondenza della festività dell'1 novembre, parte "
                "l'anteprima del Festival de la Cazoeula (o cassoeula), fino "
                'al 17 Novembre. Come prevede la migliore tradizione popolare '
                'brianzola, la festa di Ognissanti, oltre a portare con sé i '
                'primi freddi, riporta in tavola il mitico piatto e così, nel '
                'rispetto della tradizione, dal 1 al 17 novembre, i ristoranti '
                'partecipanti alla ormai storica kermesse, cominceranno a '
                'scaldare i motori e i fornelli con la tradizionale anteprima. '
                'La gara vera e propria entrerà invece nel vivo a partire dal '
                '17 gennaio 2025 (per concludersi poi il 28 febbraio) ma già '
                'le prime 2 settimane di novembre saranno la prima importante '
                'occasione per iniziare a capire chi potrà essere il vincitore '
                "della nuova edizione dell'iconico Festival. Nato nel 2013 "
                'allo scopo di valorizzare e promuovere il piatto tipico '
                'brianzolo, il Festival de la Cazoeula è giunto oggi alla sua '
                'tredicesima edizione ed è cresciuto costantemente nel corso '
                'degli anni, sia come numero di ristoranti partecipanti, sia '
                'come numero di portate servite. I ristoranti in gara arrivano '
                'dal canturino, da Monza e Brianza, Lecco e Milano. Ecco i '
                'ristoranti in provincia di Monza e Brianza che '
                'parteciperanno: Il Dollaro, in via Giuseppe Garibaldi 1 a '
                "Briosco, l'Osteria Social Food, in via Eugenio Curiel 1 a "
                'Mezzago, Il Fienile, in via Fornaciai 16 a Briosco, Trattoria '
                'da Fabio, in via Garibaldi 16 a Verano Brianza, La Piana, in '
                "via Pietro Zappelli 15 a Carate Brianza, e l'Ostaria alla "
                'Torre, in via Gran Paradiso 21 a Giussano. Il Festival è una '
                'gara culinaria fra i ristoranti partecipanti, che si conclude '
                'con l’aggiudicazione annuale del trofeo Cazoeula d’oro. La '
                "durata complessiva per l'edizione 2025 è di 2 mesi: "
                'un’anteprima dall’1 al 17 novembre ed una successiva parte '
                'centrale dal 17 gennaio al 28 febbraio. La valutazione dei '
                'piatti avviene attraverso 4 successivi passaggi, utili a '
                'garantire imparzialità, accuratezza e serietà del giudizio '
                'finale: 1 - voto diretto da parte dei clienti dei ristoranti '
                '(che recandosi a pranzo o a cena nei singoli ristoranti '
                'possono compilare l’apposita scheda di valutazione, cartacea '
                'oppure on line) 2 - valutazione alla cieca convocata '
                'contestualmente alla giuria popolare, che viene riunita a '
                'porte chiuse in quattro diverse serate durante l’intera '
                'durata del festival (i componenti vengono sorteggiati a caso '
                'fra tutti coloro che hanno espresso il loro voto all’interno '
                'dei singoli ristoranti, compilando la scheda di valutazione '
                'on line); 3 - valutazione alla cieca da parte della giuria '
                'tecnica; 4 - valutazione alla cieca da parte del "Conclave '
                'della cazoeula" (composto da tutti gli chef dei ristoranti '
                'partecipanti al festival). Solo al termine del quarto livello '
                'di valutazione si stabilisce finalmente il vincitore del '
                'Festival, che viene proclamato, agli inizi di marzo, nel '
                'corso della serata degli "Oscar de la cazoeula". L\'intero '
                "Festival è gestito dall'Associazione Cazoeula (composta da "
                'tutti i ristoranti aderenti al Festival), amministrata da un '
                'Consiglio di Amministrazione composto da 10 membri. '
                "L'allargamento territoriale del Festival ha spinto gli "
                'organizzatori ad adottare, a partire dal 2024, un nuovo '
                'disciplinare più inclusivo, allargando la ricetta originaria '
                'a comprendere le diverse varianti territoriali e modificando '
                'persino il nome della kermesse che aggiunge alla tradizionale '
                '"z" canturina, la "s" milanese, da Cazoeula a Cassoeula. Per '
                "ulteriori dettagli e per l'elenco completo dei ristoranti "
                'partecipanti, si rinvia al sito www.festivaldelacazoeula.it .',
 'image_url': '//citynews-monzatoday.stgy.ovh/~media/horizontal-mid/23207716514455/cassoeula.jpg',
 'location_address': None,
 'location_name': None,
 'price': 'Prezzo non disponibile',
 'scraped_at': '2026-01-30T14:24:06.463190',
 'time_info': 'Orario non disponibile',
 'title': 'Il festival della Cassoeula: 6 ristoranti in gara a Monza e Brianza',
 'url': 'https://www.monzatoday.it/eventi/festival-casoeula-2025-gara-ristoranti.html',
 'uuid': 'cce6c316388681c0'}
[2026-01-30T14:24:20.796+0000] {docker.py:429} INFO - 2026-01-30 14:24:20 [scrapy.core.engine] INFO: Closing spider (finished)
[2026-01-30T14:24:20.796+0000] {docker.py:429} INFO - 2026-01-30 14:24:20 [scrapy.extensions.feedexport] INFO: Stored json feed (11 items) in: /app/city_today/output/eventi_monza_questa-settimana_20260130_142403.json
[2026-01-30T14:24:20.797+0000] {docker.py:429} INFO - 2026-01-30 14:24:20 [scrapy.statscollectors] INFO: Dumping Scrapy stats:
{'downloader/request_bytes': 5212,
 'downloader/request_count': 13,
 'downloader/request_method_count/GET': 13,
 'downloader/response_bytes': 1846856,
 'downloader/response_count': 13,
 'downloader/response_status_count/200': 13,
 'elapsed_time_seconds': 16.713445,
 'feedexport/success_count/FileFeedStorage': 1,
 'finish_reason': 'finished',
 'finish_time': datetime.datetime(2026, 1, 30, 14, 24, 20, 795484, tzinfo=datetime.timezone.utc),
 'httpcompression/response_bytes': 9982906,
 'httpcompression/response_count': 13,
 'item_scraped_count': 11,
 'items_per_city/Monza': 11,
 'items_per_minute': 41.25,
 'log_count/DEBUG': 24,
 'log_count/INFO': 3,
 'memusage/max': 68550656,
 'memusage/startup': 68550656,
 'request_depth_max': 1,
 'response_received_count': 13,
 'responses_per_minute': 48.75,
 'robotstxt/request_count': 1,
 'robotstxt/response_count': 1,
 'robotstxt/response_status_count/200': 1,
 'scheduler/dequeued': 12,
 'scheduler/dequeued/memory': 12,
 'scheduler/enqueued': 12,
 'scheduler/enqueued/memory': 12,
 'start_time': datetime.datetime(2026, 1, 30, 14, 24, 4, 82039, tzinfo=datetime.timezone.utc)}
[2026-01-30T14:24:20.797+0000] {docker.py:429} INFO - 2026-01-30 14:24:20 [scrapy.core.engine] INFO: Spider closed (finished)
[2026-01-30T14:24:20.847+0000] {docker.py:429} INFO - Scraping completato. File: /app/city_today/output/eventi_monza_questa-settimana_20260130_142403.json
[2026-01-30T14:24:21.193+0000] {taskinstance.py:1138} INFO - Marking task as SUCCESS. dag_id=etl_events_daily, task_id=process_monza.scrape_city_today, execution_date=20260129T060000, start_date=20260130T142403, end_date=20260130T142421
[2026-01-30T14:24:21.223+0000] {local_task_job_runner.py:234} INFO - Task exited with return code 0
[2026-01-30T14:24:21.264+0000] {taskinstance.py:3280} INFO - 0 downstream tasks scheduled from follow-on schedule check
