[2026-02-02T19:46:09.315+0000] {taskinstance.py:1956} INFO - Dependencies all met for dep_context=non-requeueable deps ti=<TaskInstance: etl_events_daily.process_lecco.scrape_city_today scheduled__2026-02-01T06:00:00+00:00 [queued]>
[2026-02-02T19:46:09.323+0000] {taskinstance.py:1956} INFO - Dependencies all met for dep_context=requeueable deps ti=<TaskInstance: etl_events_daily.process_lecco.scrape_city_today scheduled__2026-02-01T06:00:00+00:00 [queued]>
[2026-02-02T19:46:09.323+0000] {taskinstance.py:2170} INFO - Starting attempt 1 of 4
[2026-02-02T19:46:09.333+0000] {taskinstance.py:2191} INFO - Executing <Task(FilterableDockerOperator): process_lecco.scrape_city_today> on 2026-02-01 06:00:00+00:00
[2026-02-02T19:46:09.337+0000] {standard_task_runner.py:60} INFO - Started process 296 to run task
[2026-02-02T19:46:09.340+0000] {standard_task_runner.py:87} INFO - Running: ['airflow', 'tasks', 'run', 'etl_events_daily', 'process_lecco.scrape_city_today', 'scheduled__2026-02-01T06:00:00+00:00', '--job-id', '417', '--raw', '--subdir', 'DAGS_FOLDER/scrape_events.py', '--cfg-path', '/tmp/tmp_52i_cqw']
[2026-02-02T19:46:09.342+0000] {standard_task_runner.py:88} INFO - Job 417: Subtask process_lecco.scrape_city_today
[2026-02-02T19:46:09.359+0000] {logging_mixin.py:188} WARNING - /home/airflow/.local/lib/python3.11/site-packages/airflow/settings.py:194 DeprecationWarning: The sql_alchemy_conn option in [core] has been moved to the sql_alchemy_conn option in [database] - the old setting has been used, but please update your config.
[2026-02-02T19:46:09.406+0000] {task_command.py:423} INFO - Running <TaskInstance: etl_events_daily.process_lecco.scrape_city_today scheduled__2026-02-01T06:00:00+00:00 [running]> on host d1594f2b36ec
[2026-02-02T19:46:09.512+0000] {taskinstance.py:2480} INFO - Exporting env vars: AIRFLOW_CTX_DAG_OWNER='airflow' AIRFLOW_CTX_DAG_ID='etl_events_daily' AIRFLOW_CTX_TASK_ID='process_lecco.scrape_city_today' AIRFLOW_CTX_EXECUTION_DATE='2026-02-01T06:00:00+00:00' AIRFLOW_CTX_TRY_NUMBER='1' AIRFLOW_CTX_DAG_RUN_ID='scheduled__2026-02-01T06:00:00+00:00'
[2026-02-02T19:46:09.534+0000] {docker.py:359} INFO - Starting docker container from image scrapy-events:latest
[2026-02-02T19:46:09.540+0000] {docker.py:367} WARNING - Using remote engine or docker-in-docker and mounting temporary volume from host is not supported. Falling back to `mount_tmp_dir=False` mode. You can set `mount_tmp_dir` parameter to False to disable mounting and remove the warning
[2026-02-02T19:46:10.108+0000] {docker.py:429} INFO - Avvio scraping per: Lecco
Periodo: questa-settimana
[2026-02-02T19:46:10.111+0000] {docker.py:429} INFO - 2026-02-02 19:46:10 [scrapy.utils.log] INFO: Scrapy 2.14.1 started (bot: events)
[2026-02-02T19:46:10.115+0000] {docker.py:429} INFO - 2026-02-02 19:46:10 [scrapy.utils.log] INFO: Versions:
{'lxml': '6.0.2',
 'libxml2': '2.14.6',
 'cssselect': '1.3.0',
 'parsel': '1.10.0',
 'w3lib': '2.3.1',
 'Twisted': '25.5.0',
 'Python': '3.11.14 (main, Jan 13 2026, 03:12:14) [GCC 14.2.0]',
 'pyOpenSSL': '25.3.0 (OpenSSL 3.5.4 30 Sep 2025)',
 'cryptography': '46.0.3',
 'Platform': 'Linux-6.12.54-linuxkit-x86_64-with-glibc2.41'}
2026-02-02 19:46:10 [scrapy.crawler] DEBUG: Using CrawlerProcess
[2026-02-02T19:46:10.117+0000] {docker.py:429} INFO - 2026-02-02 19:46:10 [events] INFO: Scraping città: Lecco
2026-02-02 19:46:10 [events] INFO: Periodo: questa-settimana (2026-02-02 - 2026-02-08)
[2026-02-02T19:46:10.117+0000] {docker.py:429} INFO - 2026-02-02 19:46:10 [scrapy.addons] INFO: Enabled addons:
[]
[2026-02-02T19:46:10.118+0000] {docker.py:429} INFO - 2026-02-02 19:46:10 [asyncio] DEBUG: Using selector: EpollSelector
[2026-02-02T19:46:10.119+0000] {docker.py:429} INFO - 2026-02-02 19:46:10 [scrapy.utils.log] DEBUG: Using reactor: twisted.internet.asyncioreactor.AsyncioSelectorReactor
[2026-02-02T19:46:10.119+0000] {docker.py:429} INFO - 2026-02-02 19:46:10 [scrapy.utils.log] DEBUG: Using asyncio event loop: asyncio.unix_events._UnixSelectorEventLoop
[2026-02-02T19:46:10.122+0000] {docker.py:429} INFO - 2026-02-02 19:46:10 [scrapy.extensions.telnet] INFO: Telnet Password: 2092e204c0b438bb
[2026-02-02T19:46:10.161+0000] {docker.py:429} INFO - 2026-02-02 19:46:10 [scrapy.middleware] INFO: Enabled extensions:
['scrapy.extensions.corestats.CoreStats',
 'scrapy.extensions.logcount.LogCount',
 'scrapy.extensions.telnet.TelnetConsole',
 'scrapy.extensions.memusage.MemoryUsage',
 'scrapy.extensions.feedexport.FeedExporter',
 'scrapy.extensions.logstats.LogStats']
[2026-02-02T19:46:10.161+0000] {docker.py:429} INFO - 2026-02-02 19:46:10 [scrapy.crawler] INFO: Overridden settings:
{'BOT_NAME': 'events',
 'CONCURRENT_REQUESTS': 2,
 'CONCURRENT_REQUESTS_PER_DOMAIN': 1,
 'DOWNLOAD_DELAY': 1,
 'FEED_EXPORT_ENCODING': 'utf-8',
 'NEWSPIDER_MODULE': 'events.spiders',
 'ROBOTSTXT_OBEY': True,
 'SPIDER_MODULES': ['events.spiders'],
 'USER_AGENT': 'Mozilla/5.0 (Macintosh; Intel Mac OS X 10_15_7) '
               'AppleWebKit/537.36 (KHTML, like Gecko) Chrome/120.0.0.0 '
               'Safari/537.36'}
[2026-02-02T19:46:10.210+0000] {docker.py:429} INFO - 2026-02-02 19:46:10 [scrapy.middleware] INFO: Enabled downloader middlewares:
['scrapy.downloadermiddlewares.offsite.OffsiteMiddleware',
 'scrapy.downloadermiddlewares.robotstxt.RobotsTxtMiddleware',
 'scrapy.downloadermiddlewares.httpauth.HttpAuthMiddleware',
 'scrapy.downloadermiddlewares.downloadtimeout.DownloadTimeoutMiddleware',
 'scrapy.downloadermiddlewares.defaultheaders.DefaultHeadersMiddleware',
 'scrapy.downloadermiddlewares.useragent.UserAgentMiddleware',
 'scrapy.downloadermiddlewares.retry.RetryMiddleware',
 'scrapy.downloadermiddlewares.redirect.MetaRefreshMiddleware',
 'scrapy.downloadermiddlewares.httpcompression.HttpCompressionMiddleware',
 'scrapy.downloadermiddlewares.redirect.RedirectMiddleware',
 'scrapy.downloadermiddlewares.cookies.CookiesMiddleware',
 'scrapy.downloadermiddlewares.httpproxy.HttpProxyMiddleware',
 'scrapy.downloadermiddlewares.stats.DownloaderStats']
[2026-02-02T19:46:10.211+0000] {docker.py:429} INFO - 2026-02-02 19:46:10 [scrapy.middleware] INFO: Enabled spider middlewares:
['scrapy.spidermiddlewares.start.StartSpiderMiddleware',
 'scrapy.spidermiddlewares.httperror.HttpErrorMiddleware',
 'scrapy.spidermiddlewares.referer.RefererMiddleware',
 'scrapy.spidermiddlewares.urllength.UrlLengthMiddleware',
 'scrapy.spidermiddlewares.depth.DepthMiddleware']
[2026-02-02T19:46:10.212+0000] {docker.py:429} INFO - 2026-02-02 19:46:10 [scrapy.middleware] INFO: Enabled item pipelines:
[]
[2026-02-02T19:46:10.212+0000] {docker.py:429} INFO - Output file: /app/city_today/output/eventi_lecco_questa-settimana_20260202_194610.json
[2026-02-02T19:46:10.212+0000] {docker.py:429} INFO - 2026-02-02 19:46:10 [scrapy.core.engine] INFO: Spider opened
[2026-02-02T19:46:10.218+0000] {docker.py:429} INFO - 2026-02-02 19:46:10 [scrapy.extensions.logstats] INFO: Crawled 0 pages (at 0 pages/min), scraped 0 items (at 0 items/min)
[2026-02-02T19:46:10.218+0000] {docker.py:429} INFO - 2026-02-02 19:46:10 [scrapy.extensions.telnet] INFO: Telnet console listening on 127.0.0.1:6023
[2026-02-02T19:46:10.383+0000] {docker.py:429} INFO - 2026-02-02 19:46:10 [scrapy.core.engine] DEBUG: Crawled (200) <GET https://www.leccotoday.it/robots.txt> (referer: None)
[2026-02-02T19:46:12.506+0000] {docker.py:429} INFO - 2026-02-02 19:46:12 [scrapy.core.engine] DEBUG: Crawled (200) <GET https://www.leccotoday.it/eventi/dal/2026-02-02/al/2026-02-08/> (referer: None)
[2026-02-02T19:46:13.377+0000] {docker.py:429} INFO - 2026-02-02 19:46:13 [scrapy.core.engine] DEBUG: Crawled (200) <GET https://www.leccotoday.it/eventi/mostra-morterone-natura-arte-poesia.html> (referer: https://www.leccotoday.it/eventi/dal/2026-02-02/al/2026-02-08/)
[2026-02-02T19:46:13.495+0000] {docker.py:429} INFO - 2026-02-02 19:46:13 [scrapy.core.scraper] DEBUG: Scraped from <200 https://www.leccotoday.it/eventi/mostra-morterone-natura-arte-poesia.html>
{'category': ['Mostre'],
 'city': 'Lecco',
 'city_id': None,
 'content_hash': '5b3322eea1c9a7a4',
 'date_display': 'dal 6 settembre 2025 al 31 dicembre 2026',
 'date_end': '2026-12-31',
 'date_start': '2025-09-06',
 'description': 'L’Associazione Culturale Amici di Morterone e Officina '
                'Giuseppe Villa, in collaborazione con Icone - Centro Europeo '
                'di Ricerca di Storia e Teoria dell’Immagine dell’Università '
                'Vita-Salute San Raffaele di Milano, inaugurano sabato 6 '
                'settembre 2025 alle ore 11 la mostra “Morterone. Natura Arte '
                'Poesia 2025”. L’appuntamento prevede la presentazione di tre '
                'installazioni all’aperto di Igino Legnaghi, Bruno Querci e '
                'Michel Verjux e l’apertura di una mostra all’interno della '
                'Casa dell’Arte con opere di artisti internazionali '
                'appartenenti a diverse generazioni. Le sculture Fiore di '
                'ferro di Igino Legnaghi, DinamicoMorterone di Bruno Querci - '
                'collocate in località Centro - e Pliée découpée: à hauteur '
                'd’homme (corps et vide) di Michel Verjux - in località Pra de '
                'l’Ort - andranno ad arricchire il museo all’aperto che conta '
                'già più di quaranta opere, mentre gli allestimenti presentati '
                'nelle sale espositive della Casa dell’Arte si ricollegano '
                'idealmente alle mostre svoltesi a Morterone nel corso dei '
                'decenni grazie all’attività dell’Associazione Culturale Amici '
                'di Morterone. Nel nuovo allestimento della Casa dell’Arte '
                'saranno esposte opere di artisti che hanno partecipato sin '
                'dalla metà degli anni ’80 a rigenerare e animare la vita '
                'culturale di Morterone partendo dalla visione '
                'poetico-filosofica della Natura Naturans di Carlo Invernizzi '
                '- che pone al centro delle proprie riflessioni l’uomo e la '
                'sua capacità di percepire e sentire ciò che gli sta intorno '
                'non come un qualcosa di estraneo, ma come parte integrante '
                'del divenire vitale - insieme alle opere di artisti che sono '
                'stati coinvolti nel progetto di realizzazione del museo '
                'all’aperto nel corso dei decenni. Inoltre vi sarà un '
                'intervento di Felice Varini che si integra con l’architettura '
                'interna della Casa dell’Arte. In questa occasione sarà '
                'presentato anche il progetto “time____line” a cura di '
                'Giuseppe Villa che racconta la storia dell’attività '
                'dell’Associazione Culturale Amici di Morterone attraverso una '
                'serie di strutture disseminate sul territorio, partendo dalla '
                'piazza della Chiesa sino alla Casa dell’Arte. Il percorso - '
                'incentrato sulla nascita e gli sviluppi dell’associazione '
                'culturale morteronese a partire dal 1985, anno della sua '
                'fondazione fino a oggi - prende corpo come una reale linea '
                'del tempo attraverso immagini fotografiche di archivio, '
                'documenti, cataloghi, testi e poesie.',
 'event_id': 'mostra-morterone-natura-arte-poesia',
 'image_url': '//citynews-leccotoday.stgy.ovh/~media/horizontal-low/56886199954291/morterone-natura-arte-poesia-2025.jpg',
 'location_address': None,
 'location_name': 'Casa dell’Arte',
 'price': 'Prezzo non disponibile',
 'raw_data': {'detail': {'altre_informazioni': {'raw_text': 'Altre '
                                                            'informazioni',
                                                'website': None},
                         'descrizione': 'L’Associazione Culturale Amici di '
                                        'Morterone e Officina Giuseppe Villa, '
                                        'in collaborazione con Icone - Centro '
                                        'Europeo di Ricerca di Storia e Teoria '
                                        'dell’Immagine dell’Università '
                                        'Vita-Salute San Raffaele di Milano, '
                                        'inaugurano sabato 6 settembre 2025 '
                                        'alle ore 11 la mostra “Morterone. '
                                        'Natura Arte Poesia 2025”. '
                                        'L’appuntamento prevede la '
                                        'presentazione di tre installazioni '
                                        'all’aperto di Igino Legnaghi, Bruno '
                                        'Querci e Michel Verjux e l’apertura '
                                        'di una mostra all’interno della Casa '
                                        'dell’Arte con opere di artisti '
                                        'internazionali appartenenti a diverse '
                                        'generazioni. Le sculture Fiore di '
                                        'ferro di Igino Legnaghi, '
                                        'DinamicoMorterone di Bruno Querci - '
                                        'collocate in località Centro - e '
                                        'Pliée découpée: à hauteur d’homme '
                                        '(corps et vide) di Michel Verjux - in '
                                        'località Pra de l’Ort - andranno ad '
                                        'arricchire il museo all’aperto che '
                                        'conta già più di quaranta opere, '
                                        'mentre gli allestimenti presentati '
                                        'nelle sale espositive della Casa '
                                        'dell’Arte si ricollegano idealmente '
                                        'alle mostre svoltesi a Morterone nel '
                                        'corso dei decenni grazie all’attività '
                                        'dell’Associazione Culturale Amici di '
                                        'Morterone. Nel nuovo allestimento '
                                        'della Casa dell’Arte saranno esposte '
                                        'opere di artisti che hanno '
                                        'partecipato sin dalla metà degli anni '
                                        '’80 a rigenerare e animare la vita '
                                        'culturale di Morterone partendo dalla '
                                        'visione poetico-filosofica della '
                                        'Natura Naturans di Carlo Invernizzi - '
                                        'che pone al centro delle proprie '
                                        'riflessioni l’uomo e la sua capacità '
                                        'di percepire e sentire ciò che gli '
                                        'sta intorno non come un qualcosa di '
                                        'estraneo, ma come parte integrante '
                                        'del divenire vitale - insieme alle '
                                        'opere di artisti che sono stati '
                                        'coinvolti nel progetto di '
                                        'realizzazione del museo all’aperto '
                                        'nel corso dei decenni. Inoltre vi '
                                        'sarà un intervento di Felice Varini '
                                        'che si integra con l’architettura '
                                        'interna della Casa dell’Arte. In '
                                        'questa occasione sarà presentato '
                                        'anche il progetto “time____line” a '
                                        'cura di Giuseppe Villa che racconta '
                                        'la storia dell’attività '
                                        'dell’Associazione Culturale Amici di '
                                        'Morterone attraverso una serie di '
                                        'strutture disseminate sul territorio, '
                                        'partendo dalla piazza della Chiesa '
                                        'sino alla Casa dell’Arte. Il percorso '
                                        '- incentrato sulla nascita e gli '
                                        'sviluppi dell’associazione culturale '
                                        'morteronese a partire dal 1985, anno '
                                        'della sua fondazione fino a oggi - '
                                        'prende corpo come una reale linea del '
                                        'tempo attraverso immagini '
                                        'fotografiche di archivio, documenti, '
                                        'cataloghi, testi e poesie.',
                         'dove': {'address': None,
                                  'name': 'Casa dell’Arte',
                                  'raw_text': 'Dove Casa dell’Arte Indirizzo '
                                              'non disponibile Morterone'},
                         'image': '//citynews-leccotoday.stgy.ovh/~media/horizontal-low/56886199954291/morterone-natura-arte-poesia-2025.jpg',
                         'prezzo': 'Prezzo non disponibile',
                         'quando': {'date_end': '2026-12-31',
                                    'date_start': '2025-09-06',
                                    'raw_text': 'Quando Dal 06/09/2025 al '
                                                '31/12/2026 Ore 11',
                                    'schedule': 'Ore 11'}},
              'list': {'category': 'Mostre',
                       'date': 'dal 6 settembre 2025 al 31 dicembre 2026',
                       'image': '//citynews-leccotoday.stgy.ovh/~media/horizontal-mid/56886199954291/morterone-natura-arte-poesia-2025.jpg',
                       'location': 'Casa dell’Arte',
                       'stars': None,
                       'title': 'Morterone. Natura Arte Poesia 2025'}},
 'scraped_at': '2026-02-02T19:46:13.493012',
 'source': 'city_today',
 'title': 'Morterone. Natura Arte Poesia 2025',
 'url': 'https://www.leccotoday.it/eventi/mostra-morterone-natura-arte-poesia.html',
 'uuid': '58597b55e02f3c07',
 'website': None}
[2026-02-02T19:46:14.939+0000] {docker.py:429} INFO - 2026-02-02 19:46:14 [scrapy.core.engine] DEBUG: Crawled (200) <GET https://www.leccotoday.it/eventi/mostre-lecco-2026-quando.html> (referer: https://www.leccotoday.it/eventi/dal/2026-02-02/al/2026-02-08/)
[2026-02-02T19:46:15.056+0000] {docker.py:429} INFO - 2026-02-02 19:46:15 [scrapy.core.scraper] DEBUG: Scraped from <200 https://www.leccotoday.it/eventi/mostre-lecco-2026-quando.html>
{'category': ['Mostre'],
 'city': 'Lecco',
 'city_id': None,
 'content_hash': '1f8129706c219899',
 'date_display': 'dal 1 gennaio al 31 dicembre 2026',
 'date_end': '2026-12-31',
 'date_start': '2026-01-01',
 'description': 'Presentato questa mattina al Palazzo delle Paure il ricco '
                'calendario delle mostre 2026 del Sistema museale urbano '
                'lecchese. Undici esposizioni distribuite tra Torre Viscontea, '
                'Palazzo delle Paure, Biblioteca Civica e Cortile Comunale di '
                'Palazzo Bovara accompagneranno cittadini e visitatori lungo '
                "tutto l'anno, dall'arte giapponese alla fotografia di "
                "montagna, dalle tradizioni locali all'arte contemporanea. "
                "All'incontro, svoltosi giovedì 18 dicembre alle 10, sono "
                "intervenuti l'assessora alla Cultura del Comune di Lecco "
                'Simona Piazza, il managing director di ViDi Cultural Fabio '
                'Sanvito, Barbara Cattaneo, conservatrice onoraria delle '
                "collezioni d'arte del Simul, e Susanna De Maron "
                'dell\'Associazione Culturale Madonna del Rosario. "Undici '
                'realtà del territorio hanno contribuito, sollecitato e '
                'presentato progetti innovativi per la crescita culturale e '
                'territoriale", ha dichiarato l\'assessora Piazza, '
                'ringraziando lo staff comunale per il lavoro svolto nella '
                'programmazione. Fabio Sanvito ha illustrato le motivazioni '
                'alla base della selezione delle mostre: "Lo scopo delle '
                'mostre è portare a conoscenza e non solo esporre", '
                "sottolineando l'importanza della funzione educativa e "
                'divulgativa delle esposizioni. Susanna De Maron ha '
                'evidenziato il successo crescente di "Capolavoro per Lecco", '
                "che quest'anno tornerà dal 6 dicembre 2026 al 7 marzo 2027: "
                '"È una tradizione che sta diventando una realtà molto '
                'interessante che ci porta a scoprire altre opere '
                'significative. Se ne sente parlare sempre di più in giro per '
                "l'Italia. Abbiamo studenti ormai al terzo anno che parlano e "
                'spiegano durante la mostra: la proposta è significativa". '
                'Barbara Cattaneo ha sottolineato la complementarietà degli '
                'spazi espositivi: "Le grandi mostre di Palazzo delle Paure, '
                'in questo momento completo in ogni suo piano, vengono '
                'completate dalle otto mostre della Torre Viscontea". Ha poi '
                'spiegato che "le mostre della Torre sono sempre proposte '
                'dalle associazioni del territorio", evidenziando come '
                'quest\'anno "abbiamo scelto degli argomenti legati tra di '
                'loro e ogni anno si rinnova la continuità tra le iniziative". '
                'Presenti in sala i rappresentanti delle associazioni che '
                'hanno collaborato alla realizzazione del programma.',
 'event_id': 'mostre-lecco-2026-quando',
 'image_url': '//citynews-leccotoday.stgy.ovh/~media/horizontal-low/6572923168525/particolare-nativita-torino.jpg',
 'location_address': 'Piazza XX Settembre',
 'location_name': 'Palazzo delle Paure',
 'price': 'Prezzo non disponibile',
 'raw_data': {'detail': {'altre_informazioni': {'raw_text': 'Altre '
                                                            'informazioni '
                                                            'Evento per '
                                                            'bambini',
                                                'website': None},
                         'descrizione': 'Presentato questa mattina al Palazzo '
                                        'delle Paure il ricco calendario delle '
                                        'mostre 2026 del Sistema museale '
                                        'urbano lecchese. Undici esposizioni '
                                        'distribuite tra Torre Viscontea, '
                                        'Palazzo delle Paure, Biblioteca '
                                        'Civica e Cortile Comunale di Palazzo '
                                        'Bovara accompagneranno cittadini e '
                                        "visitatori lungo tutto l'anno, "
                                        "dall'arte giapponese alla fotografia "
                                        'di montagna, dalle tradizioni locali '
                                        "all'arte contemporanea. All'incontro, "
                                        'svoltosi giovedì 18 dicembre alle 10, '
                                        "sono intervenuti l'assessora alla "
                                        'Cultura del Comune di Lecco Simona '
                                        'Piazza, il managing director di ViDi '
                                        'Cultural Fabio Sanvito, Barbara '
                                        'Cattaneo, conservatrice onoraria '
                                        "delle collezioni d'arte del Simul, e "
                                        "Susanna De Maron dell'Associazione "
                                        'Culturale Madonna del Rosario. '
                                        '"Undici realtà del territorio hanno '
                                        'contribuito, sollecitato e presentato '
                                        'progetti innovativi per la crescita '
                                        'culturale e territoriale", ha '
                                        "dichiarato l'assessora Piazza, "
                                        'ringraziando lo staff comunale per il '
                                        'lavoro svolto nella programmazione. '
                                        'Fabio Sanvito ha illustrato le '
                                        'motivazioni alla base della selezione '
                                        'delle mostre: "Lo scopo delle mostre '
                                        'è portare a conoscenza e non solo '
                                        'esporre", sottolineando l\'importanza '
                                        'della funzione educativa e '
                                        'divulgativa delle esposizioni. '
                                        'Susanna De Maron ha evidenziato il '
                                        'successo crescente di "Capolavoro per '
                                        'Lecco", che quest\'anno tornerà dal 6 '
                                        'dicembre 2026 al 7 marzo 2027: "È una '
                                        'tradizione che sta diventando una '
                                        'realtà molto interessante che ci '
                                        'porta a scoprire altre opere '
                                        'significative. Se ne sente parlare '
                                        "sempre di più in giro per l'Italia. "
                                        'Abbiamo studenti ormai al terzo anno '
                                        'che parlano e spiegano durante la '
                                        'mostra: la proposta è significativa". '
                                        'Barbara Cattaneo ha sottolineato la '
                                        'complementarietà degli spazi '
                                        'espositivi: "Le grandi mostre di '
                                        'Palazzo delle Paure, in questo '
                                        'momento completo in ogni suo piano, '
                                        'vengono completate dalle otto mostre '
                                        'della Torre Viscontea". Ha poi '
                                        'spiegato che "le mostre della Torre '
                                        'sono sempre proposte dalle '
                                        'associazioni del territorio", '
                                        "evidenziando come quest'anno "
                                        '"abbiamo scelto degli argomenti '
                                        'legati tra di loro e ogni anno si '
                                        'rinnova la continuità tra le '
                                        'iniziative". Presenti in sala i '
                                        'rappresentanti delle associazioni che '
                                        'hanno collaborato alla realizzazione '
                                        'del programma.',
                         'dove': {'address': 'Piazza XX Settembre',
                                  'name': 'Palazzo delle Paure',
                                  'raw_text': 'Dove Palazzo delle Paure Piazza '
                                              'XX Settembre'},
                         'image': '//citynews-leccotoday.stgy.ovh/~media/horizontal-low/6572923168525/particolare-nativita-torino.jpg',
                         'prezzo': 'Prezzo non disponibile',
                         'quando': {'date_end': '2026-12-31',
                                    'date_start': '2026-01-01',
                                    'raw_text': 'Quando Dal 01/01/2026 al '
                                                '31/12/2026 Orario non '
                                                'disponibile',
                                    'schedule': 'Orario non disponibile'}},
              'list': {'category': 'Mostre',
                       'date': 'dal 1 gennaio al 31 dicembre 2026',
                       'image': '//citynews-leccotoday.stgy.ovh/~media/horizontal-mid/6572923168525/particolare-nativita-torino.jpg',
                       'location': 'Palazzo delle Paure',
                       'stars': None,
                       'title': 'Le mostre di Lecco nel 2026'}},
 'scraped_at': '2026-02-02T19:46:15.052111',
 'source': 'city_today',
 'title': 'Le mostre di Lecco nel 2026',
 'url': 'https://www.leccotoday.it/eventi/mostre-lecco-2026-quando.html',
 'uuid': 'd1707879c2871343',
 'website': None}
[2026-02-02T19:46:16.118+0000] {docker.py:429} INFO - 2026-02-02 19:46:16 [scrapy.core.engine] DEBUG: Crawled (200) <GET https://www.leccotoday.it/eventi/stagione-teatrale-2025-2026-teatro-invito.html> (referer: https://www.leccotoday.it/eventi/dal/2026-02-02/al/2026-02-08/)
[2026-02-02T19:46:16.236+0000] {docker.py:429} INFO - 2026-02-02 19:46:16 [scrapy.core.scraper] DEBUG: Scraped from <200 https://www.leccotoday.it/eventi/stagione-teatrale-2025-2026-teatro-invito.html>
{'category': ['Teatri'],
 'city': 'Lecco',
 'city_id': None,
 'content_hash': 'ec6a2e9dbd11030a',
 'date_display': 'dal 1 novembre 2025 al 9 maggio 2026',
 'date_end': '2026-05-09',
 'date_start': '2025-11-01',
 'description': 'Teatro Invito taglia un doppio traguardo importante: la '
                'decima stagione nella sede di via Ugo Foscolo a Lecco, dove '
                'la compagnia si è stabilita nel dicembre 2016, e il '
                "quarantesimo compleanno dell'associazione, che verrà "
                'celebrato con una festa finale il 9 maggio 2026. Un percorso '
                'che ha registrato oltre 12.520 presenze negli anni scorsi, '
                'confermando il teatro come luogo di incontro per il pubblico '
                'e le associazioni del territorio. La nuova stagione prende il '
                'via sabato 1° novembre con Roberto Mercadini e il suo '
                '"Animali umani", un viaggio ironico nell\'evoluzione della '
                'specie umana che spazia da Aristotele a Desmond Morris. Il '
                'divulgatore esplora cosa ci distingue e cosa ci accomuna agli '
                'altri esseri viventi, in uno spettacolo che alterna momenti '
                'comici a riflessioni vertiginose sulla nostra natura. Il '
                'programma prosegue il 15 novembre con "Il capro" della '
                'compagnia Retablo, una riflessione sul senso della giustizia '
                'realizzata in collaborazione con la Camera Penale di Lecco e '
                "Como e l'Ordine degli Avvocati di Lecco. Lo spettacolo, "
                'basato sul testo di Alceste Ferrari, porta in scena '
                "un'allegoria sul comportamento della società di fronte ai "
                "temi dell'etica e della morale. undefined Teatro Invito "
                'conferma la sua attenzione ai temi sociali con diversi '
                'appuntamenti legati a ricorrenze significative. Il 27 '
                'novembre, in occasione della giornata contro la violenza '
                'sulle donne, va in scena "Malanova" di Sciara Progetti con '
                'Ture Magro, una storia di violenza raccontata attraverso '
                "un'indagine al maschile. Lo spettacolo, premiato come miglior "
                'lavoro al Festival Inventaria 2017, indaga sulla '
                'responsabilità e sui meccanismi culturali che alimentano la '
                'violenza di genere. Per la giornata della memoria, il 24 '
                'gennaio arriva "Il circo capovolto" di Teatro delle Temperie '
                'con Andrea Lupo. Due storie intrecciate, una generazione nei '
                "campi di concentramento e l'altra nelle periferie rom, unite "
                'dai resti di un circo ereditato dal nonno sterminato dai '
                'nazisti. Il 18 aprile, in occasione della festa della '
                'liberazione, Giancarlo Biffi di Cada die teatro porta "Aria '
                'di libertà", un omaggio alle generazioni che hanno '
                "trasformato l'oppressione in democrazia attraverso storie di "
                'famiglie operaie che hanno attraversato il Novecento. La '
                'compagnia milanese Atir teatro Ringhiera partecipa alla '
                'stagione con due spettacoli. Il 9 gennaio arriva "(S)legati" '
                "con Jacopo Maria Bicocchi e Mattia Fabris, l'incredibile "
                'storia vera degli alpinisti Joe Simpson e Simon Yates durante '
                'la scalata del Siula Grande. Lo spettacolo è inserito nel '
                'progetto "Giochi della cultura" di Regione Lombardia, '
                "nell'ambito delle iniziative culturali legate alle Olimpiadi "
                'Milano-Cortina. Il 7 febbraio debutta "Bravissime", nuova '
                'produzione con la regia di Marcela Serli che esplora il tema '
                'della perfezione e del successo a tutti i costi. Lo '
                'spettacolo racconta le storie di bambine e ragazze cresciute '
                'troppo in fretta, da Nadia Comaneci a Britney Spears, '
                "interrogandosi sul prezzo dell'eccellenza e sulla "
                'responsabilità degli adulti. Il 13 dicembre "La più grande '
                'tragedia dell\'umanità" di Evoè Teatro/Malmadur coinvolge il '
                'pubblico in una performance interattiva dove gli spettatori '
                'devono votare e scegliere tra diverse tragedie, riflettendo '
                'sui meccanismi di percezione del dolore. Il 20 febbraio '
                'Pietro Cerchiello di Dimore Creative presenta "Tecniche di '
                'lavoro di gruppo - appunti per uno Schiuma party", racconto '
                'liberamente ispirato alla sua esperienza di insegnamento in '
                'una scuola media della provincia comasca. Il 7 marzo, per la '
                'giornata internazionale della donna, Teatro al femminile '
                'porta "I dialoghi della vagina", commedia irriverente che '
                "abbatte tabù e luoghi comuni sull'universo femminile con "
                'irresistibile ironia. Il 27 marzo Officine Papage propone "La '
                'strana storia della signora Frola e del signor Ponza suo '
                'genero", libera trasposizione del testo pirandelliano "Così è '
                'se vi pare", una riflessione sull\'epoca della '
                'semplificazione e della presunzione di sapere tutto. La '
                'stagione si chiude il 9 maggio con "quarantannINVITO", serata '
                'gratuita per celebrare i 40 anni della compagnia. In '
                'programma spezzoni degli spettacoli storici, canzoni, video e '
                'collage fotografici per festeggiare insieme al pubblico tutto '
                'il teatro inventato in quattro decenni di attività. Teatro '
                'Invito conferma la sua politica di prezzi sostenibili. Il '
                'biglietto intero costa 15 euro, il ridotto con convenzioni 12 '
                'euro e il ridotto under 30 solo 9 euro. Lo spettacolo di '
                'Roberto Mercadini ha un prezzo unico di 18 euro. Per chi '
                "vuole seguire l'intera stagione, l'abbonamento costa 120 euro "
                '(100 euro con convenzioni, 60 euro under 30). Disponibile '
                'anche la formula "4 spettacoli" a 50 euro (40 euro con '
                'convenzioni, 30 euro under 30). Le convenzioni sono riservate '
                'a scuole di teatro, SPI Cgil, Università della Terza Età, '
                'abbonati Cineminimo e utenti Acinque. Per ogni biglietto '
                'venduto, Teatro Invito finanzia la piantumazione di un albero '
                "in Tanzania attraverso la campagna TreeNation, nell'ambito "
                "del progetto Forest Gardens. Un'iniziativa che fa crescere la "
                'foresta della compagnia insieme al pubblico degli spettatori. '
                'La stagione è sostenuta dal Ministero della Cultura, mentre '
                'Regione Lombardia supporta gli eventi legati allo sport. '
                'Sponsor della rassegna sono Silea, Acinque Energia, Spazio '
                'Tecnico e Linee Lecco. Il quotidiano La Provincia di Lecco è '
                "media partner dell'iniziativa. Teatro Invito ha inoltre il "
                'patrocinio della Provincia di Lecco. Le prenotazioni si '
                'effettuano via email a prenotazioni@teatroinvito.it o '
                'telefonando allo 0341 1691394 dal lunedì al venerdì dalle '
                '9.30 alle 13. Nei giorni di spettacolo il botteghino apre '
                'alle 20, mentre gli spettacoli iniziano alle 20.45. I '
                'biglietti sono acquistabili anche online su vivaticket.com . '
                'Lo Spazio Teatro Invito si trova in via Ugo Foscolo, 42 a '
                'Lecco. Tutte le informazioni sulla stagione sono disponibili '
                'sul sito teatroinvito.it e sui canali social della compagnia.',
 'event_id': 'stagione-teatrale-2025-2026-teatro-invito',
 'image_url': '//citynews-leccotoday.stgy.ovh/~media/horizontal-low/19716122645083/tecniche-di-lavoro-di-gruppo_phkomorebi1.jpg',
 'location_address': 'Via Ugo Foscolo, 42',
 'location_name': 'Teatro Invito',
 'price': "Dettagli nell'articolo",
 'raw_data': {'detail': {'altre_informazioni': {'raw_text': 'Altre '
                                                            'informazioni Sito '
                                                            'web '
                                                            'teatroinvito.it '
                                                            'Evento per '
                                                            'bambini',
                                                'website': 'https://www.teatroinvito.it/'},
                         'descrizione': 'Teatro Invito taglia un doppio '
                                        'traguardo importante: la decima '
                                        'stagione nella sede di via Ugo '
                                        'Foscolo a Lecco, dove la compagnia si '
                                        'è stabilita nel dicembre 2016, e il '
                                        'quarantesimo compleanno '
                                        "dell'associazione, che verrà "
                                        'celebrato con una festa finale il 9 '
                                        'maggio 2026. Un percorso che ha '
                                        'registrato oltre 12.520 presenze '
                                        'negli anni scorsi, confermando il '
                                        'teatro come luogo di incontro per il '
                                        'pubblico e le associazioni del '
                                        'territorio. La nuova stagione prende '
                                        'il via sabato 1° novembre con Roberto '
                                        'Mercadini e il suo "Animali umani", '
                                        "un viaggio ironico nell'evoluzione "
                                        'della specie umana che spazia da '
                                        'Aristotele a Desmond Morris. Il '
                                        'divulgatore esplora cosa ci distingue '
                                        'e cosa ci accomuna agli altri esseri '
                                        'viventi, in uno spettacolo che '
                                        'alterna momenti comici a riflessioni '
                                        'vertiginose sulla nostra natura. Il '
                                        'programma prosegue il 15 novembre con '
                                        '"Il capro" della compagnia Retablo, '
                                        'una riflessione sul senso della '
                                        'giustizia realizzata in '
                                        'collaborazione con la Camera Penale '
                                        "di Lecco e Como e l'Ordine degli "
                                        'Avvocati di Lecco. Lo spettacolo, '
                                        'basato sul testo di Alceste Ferrari, '
                                        "porta in scena un'allegoria sul "
                                        'comportamento della società di fronte '
                                        "ai temi dell'etica e della morale. "
                                        'undefined Teatro Invito conferma la '
                                        'sua attenzione ai temi sociali con '
                                        'diversi appuntamenti legati a '
                                        'ricorrenze significative. Il 27 '
                                        'novembre, in occasione della giornata '
                                        'contro la violenza sulle donne, va in '
                                        'scena "Malanova" di Sciara Progetti '
                                        'con Ture Magro, una storia di '
                                        'violenza raccontata attraverso '
                                        "un'indagine al maschile. Lo "
                                        'spettacolo, premiato come miglior '
                                        'lavoro al Festival Inventaria 2017, '
                                        'indaga sulla responsabilità e sui '
                                        'meccanismi culturali che alimentano '
                                        'la violenza di genere. Per la '
                                        'giornata della memoria, il 24 gennaio '
                                        'arriva "Il circo capovolto" di Teatro '
                                        'delle Temperie con Andrea Lupo. Due '
                                        'storie intrecciate, una generazione '
                                        "nei campi di concentramento e l'altra "
                                        'nelle periferie rom, unite dai resti '
                                        'di un circo ereditato dal nonno '
                                        'sterminato dai nazisti. Il 18 aprile, '
                                        'in occasione della festa della '
                                        'liberazione, Giancarlo Biffi di Cada '
                                        'die teatro porta "Aria di libertà", '
                                        'un omaggio alle generazioni che hanno '
                                        "trasformato l'oppressione in "
                                        'democrazia attraverso storie di '
                                        'famiglie operaie che hanno '
                                        'attraversato il Novecento. La '
                                        'compagnia milanese Atir teatro '
                                        'Ringhiera partecipa alla stagione con '
                                        'due spettacoli. Il 9 gennaio arriva '
                                        '"(S)legati" con Jacopo Maria Bicocchi '
                                        "e Mattia Fabris, l'incredibile storia "
                                        'vera degli alpinisti Joe Simpson e '
                                        'Simon Yates durante la scalata del '
                                        'Siula Grande. Lo spettacolo è '
                                        'inserito nel progetto "Giochi della '
                                        'cultura" di Regione Lombardia, '
                                        "nell'ambito delle iniziative "
                                        'culturali legate alle Olimpiadi '
                                        'Milano-Cortina. Il 7 febbraio debutta '
                                        '"Bravissime", nuova produzione con la '
                                        'regia di Marcela Serli che esplora il '
                                        'tema della perfezione e del successo '
                                        'a tutti i costi. Lo spettacolo '
                                        'racconta le storie di bambine e '
                                        'ragazze cresciute troppo in fretta, '
                                        'da Nadia Comaneci a Britney Spears, '
                                        'interrogandosi sul prezzo '
                                        "dell'eccellenza e sulla "
                                        'responsabilità degli adulti. Il 13 '
                                        'dicembre "La più grande tragedia '
                                        'dell\'umanità" di Evoè '
                                        'Teatro/Malmadur coinvolge il pubblico '
                                        'in una performance interattiva dove '
                                        'gli spettatori devono votare e '
                                        'scegliere tra diverse tragedie, '
                                        'riflettendo sui meccanismi di '
                                        'percezione del dolore. Il 20 febbraio '
                                        'Pietro Cerchiello di Dimore Creative '
                                        'presenta "Tecniche di lavoro di '
                                        'gruppo - appunti per uno Schiuma '
                                        'party", racconto liberamente ispirato '
                                        'alla sua esperienza di insegnamento '
                                        'in una scuola media della provincia '
                                        'comasca. Il 7 marzo, per la giornata '
                                        'internazionale della donna, Teatro al '
                                        'femminile porta "I dialoghi della '
                                        'vagina", commedia irriverente che '
                                        'abbatte tabù e luoghi comuni '
                                        "sull'universo femminile con "
                                        'irresistibile ironia. Il 27 marzo '
                                        'Officine Papage propone "La strana '
                                        'storia della signora Frola e del '
                                        'signor Ponza suo genero", libera '
                                        'trasposizione del testo pirandelliano '
                                        '"Così è se vi pare", una riflessione '
                                        "sull'epoca della semplificazione e "
                                        'della presunzione di sapere tutto. La '
                                        'stagione si chiude il 9 maggio con '
                                        '"quarantannINVITO", serata gratuita '
                                        'per celebrare i 40 anni della '
                                        'compagnia. In programma spezzoni '
                                        'degli spettacoli storici, canzoni, '
                                        'video e collage fotografici per '
                                        'festeggiare insieme al pubblico tutto '
                                        'il teatro inventato in quattro '
                                        'decenni di attività. Teatro Invito '
                                        'conferma la sua politica di prezzi '
                                        'sostenibili. Il biglietto intero '
                                        'costa 15 euro, il ridotto con '
                                        'convenzioni 12 euro e il ridotto '
                                        'under 30 solo 9 euro. Lo spettacolo '
                                        'di Roberto Mercadini ha un prezzo '
                                        'unico di 18 euro. Per chi vuole '
                                        "seguire l'intera stagione, "
                                        "l'abbonamento costa 120 euro (100 "
                                        'euro con convenzioni, 60 euro under '
                                        '30). Disponibile anche la formula "4 '
                                        'spettacoli" a 50 euro (40 euro con '
                                        'convenzioni, 30 euro under 30). Le '
                                        'convenzioni sono riservate a scuole '
                                        'di teatro, SPI Cgil, Università della '
                                        'Terza Età, abbonati Cineminimo e '
                                        'utenti Acinque. Per ogni biglietto '
                                        'venduto, Teatro Invito finanzia la '
                                        'piantumazione di un albero in '
                                        'Tanzania attraverso la campagna '
                                        "TreeNation, nell'ambito del progetto "
                                        "Forest Gardens. Un'iniziativa che fa "
                                        'crescere la foresta della compagnia '
                                        'insieme al pubblico degli spettatori. '
                                        'La stagione è sostenuta dal Ministero '
                                        'della Cultura, mentre Regione '
                                        'Lombardia supporta gli eventi legati '
                                        'allo sport. Sponsor della rassegna '
                                        'sono Silea, Acinque Energia, Spazio '
                                        'Tecnico e Linee Lecco. Il quotidiano '
                                        'La Provincia di Lecco è media partner '
                                        "dell'iniziativa. Teatro Invito ha "
                                        'inoltre il patrocinio della Provincia '
                                        'di Lecco. Le prenotazioni si '
                                        'effettuano via email a '
                                        'prenotazioni@teatroinvito.it o '
                                        'telefonando allo 0341 1691394 dal '
                                        'lunedì al venerdì dalle 9.30 alle 13. '
                                        'Nei giorni di spettacolo il '
                                        'botteghino apre alle 20, mentre gli '
                                        'spettacoli iniziano alle 20.45. I '
                                        'biglietti sono acquistabili anche '
                                        'online su vivaticket.com . Lo Spazio '
                                        'Teatro Invito si trova in via Ugo '
                                        'Foscolo, 42 a Lecco. Tutte le '
                                        'informazioni sulla stagione sono '
                                        'disponibili sul sito teatroinvito.it '
                                        'e sui canali social della compagnia.',
                         'dove': {'address': 'Via Ugo Foscolo, 42',
                                  'name': 'Teatro Invito',
                                  'raw_text': 'Dove Teatro Invito Via Ugo '
                                              'Foscolo, 42'},
                         'image': '//citynews-leccotoday.stgy.ovh/~media/horizontal-low/19716122645083/tecniche-di-lavoro-di-gruppo_phkomorebi1.jpg',
                         'prezzo': "Dettagli nell'articolo",
                         'quando': {'date_end': '2026-05-09',
                                    'date_start': '2025-11-01',
                                    'raw_text': 'Quando Dal 01/11/2025 al '
                                                '09/05/2026 Orario non '
                                                'disponibile',
                                    'schedule': 'Orario non disponibile'}},
              'list': {'category': 'Teatri',
                       'date': 'dal 1 novembre 2025 al 9 maggio 2026',
                       'image': '//citynews-leccotoday.stgy.ovh/~media/horizontal-mid/19716122645083/tecniche-di-lavoro-di-gruppo_phkomorebi1.jpg',
                       'location': 'Teatro Invito',
                       'stars': None,
                       'title': 'Teatro Invito, la stagione 2025/2026'}},
 'scraped_at': '2026-02-02T19:46:16.231844',
 'source': 'city_today',
 'title': 'Teatro Invito, la stagione 2025/2026',
 'url': 'https://www.leccotoday.it/eventi/stagione-teatrale-2025-2026-teatro-invito.html',
 'uuid': '155db3564f3218cf',
 'website': 'https://www.teatroinvito.it/'}
[2026-02-02T19:46:17.112+0000] {docker.py:429} INFO - 2026-02-02 19:46:17 [scrapy.core.engine] DEBUG: Crawled (200) <GET https://www.leccotoday.it/eventi/fiera-sant-apollonia-2026.html> (referer: https://www.leccotoday.it/eventi/dal/2026-02-02/al/2026-02-08/)
[2026-02-02T19:46:17.221+0000] {docker.py:429} INFO - 2026-02-02 19:46:17 [scrapy.core.scraper] DEBUG: Scraped from <200 https://www.leccotoday.it/eventi/fiera-sant-apollonia-2026.html>
{'category': ['Manifestazioni'],
 'city': 'Lecco',
 'city_id': None,
 'content_hash': 'b96159b2205b5445',
 'date_display': '8 febbraio 2026',
 'date_end': '2026-02-08',
 'date_start': '2026-02-08',
 'description': 'Torna a rivivere, come ogni febbraio ad Abbadia Lariana, la '
                "tradizione della Fiera di Sant'Apollonia. Organizza il Comune "
                'di Abbadia con la collaborazione di Civico Museo Setificio '
                'Monti, Comuni di Lecco, Lierna, Mandello e Oliveto Lario, '
                'Navigazione Laghi e Acinque. Il giorno da segnare in rosso '
                'sul calendario è domenica 8 febbraio, quando le bancarelle '
                'riempiranno il lungolago, dal piazzale della chiesa di San '
                'Lorenzo fino al Parco di Chiesa Rotta, dove troveranno spazio '
                'anche i giochi gonfiabili per bambini. Presenti anche gli '
                'stand della Pro loco e delle altre associazioni del paese. '
                "Sant'Apollonia, santa patrona di Abbadia, non è però soltanto "
                'dolciumi e artigianato: troveranno spazio anche le '
                'celebrazioni liturgiche e le visite guidate al Civico Museo '
                'Setificio Monti. In oratorio, inoltre, spazio ai piatti della '
                'tradizione, dalla polenta ai pizzoccheri. Ore 9 | Apertura '
                'Fiera sul Lungolago Stand delle associazioni Ore 10.30 | '
                'Messa solenne in chiesa Ore 15 Vespri Ore 10-13 e 14-17 | '
                'Visite guidate al Civico Museo Setificio Monti Ore 12 e 13.45 '
                '| Piatti della tradizione in Oratorio (asporto dalle 11.30) '
                'Attrazioni e gonfiabili al Parco di Chiesa Rotta Per tutta la '
                'durata della fiera, sia al mattino sia al pomeriggio, '
                'previsti battelli gratuiti della Navigazione Laghi verso '
                'Mandello, Lierna, Oliveto e Lecco. Di seguito gli orari delle '
                'corse.',
 'event_id': 'fiera-sant-apollonia-2026',
 'image_url': '//citynews-leccotoday.stgy.ovh/~media/horizontal-low/20676696778043/fiera-di-sant-apollonia-2025-12.jpg',
 'location_address': 'Via Lungolago',
 'location_name': 'Lungolago di Abbadia',
 'price': 'Prezzo non disponibile',
 'raw_data': {'detail': {'altre_informazioni': {'raw_text': 'Altre '
                                                            'informazioni',
                                                'website': None},
                         'descrizione': 'Torna a rivivere, come ogni febbraio '
                                        'ad Abbadia Lariana, la tradizione '
                                        "della Fiera di Sant'Apollonia. "
                                        'Organizza il Comune di Abbadia con la '
                                        'collaborazione di Civico Museo '
                                        'Setificio Monti, Comuni di Lecco, '
                                        'Lierna, Mandello e Oliveto Lario, '
                                        'Navigazione Laghi e Acinque. Il '
                                        'giorno da segnare in rosso sul '
                                        'calendario è domenica 8 febbraio, '
                                        'quando le bancarelle riempiranno il '
                                        'lungolago, dal piazzale della chiesa '
                                        'di San Lorenzo fino al Parco di '
                                        'Chiesa Rotta, dove troveranno spazio '
                                        'anche i giochi gonfiabili per '
                                        'bambini. Presenti anche gli stand '
                                        'della Pro loco e delle altre '
                                        'associazioni del paese. '
                                        "Sant'Apollonia, santa patrona di "
                                        'Abbadia, non è però soltanto dolciumi '
                                        'e artigianato: troveranno spazio '
                                        'anche le celebrazioni liturgiche e le '
                                        'visite guidate al Civico Museo '
                                        'Setificio Monti. In oratorio, '
                                        'inoltre, spazio ai piatti della '
                                        'tradizione, dalla polenta ai '
                                        'pizzoccheri. Ore 9 | Apertura Fiera '
                                        'sul Lungolago Stand delle '
                                        'associazioni Ore 10.30 | Messa '
                                        'solenne in chiesa Ore 15 Vespri Ore '
                                        '10-13 e 14-17 | Visite guidate al '
                                        'Civico Museo Setificio Monti Ore 12 e '
                                        '13.45 | Piatti della tradizione in '
                                        'Oratorio (asporto dalle 11.30) '
                                        'Attrazioni e gonfiabili al Parco di '
                                        'Chiesa Rotta Per tutta la durata '
                                        'della fiera, sia al mattino sia al '
                                        'pomeriggio, previsti battelli '
                                        'gratuiti della Navigazione Laghi '
                                        'verso Mandello, Lierna, Oliveto e '
                                        'Lecco. Di seguito gli orari delle '
                                        'corse.',
                         'dove': {'address': 'Via Lungolago',
                                  'name': 'Lungolago di Abbadia',
                                  'raw_text': 'Dove Lungolago di Abbadia Via '
                                              'Lungolago Abbadia Lariana'},
                         'image': '//citynews-leccotoday.stgy.ovh/~media/horizontal-low/20676696778043/fiera-di-sant-apollonia-2025-12.jpg',
                         'prezzo': 'Prezzo non disponibile',
                         'quando': {'date_end': '2026-02-08',
                                    'date_start': '2026-02-08',
                                    'raw_text': 'Quando Dal 08/02/2026 al '
                                                '08/02/2026 Vedi programma',
                                    'schedule': 'Vedi programma'}},
              'list': {'category': 'Manifestazioni',
                       'date': '8 febbraio 2026',
                       'image': '//citynews-leccotoday.stgy.ovh/~media/horizontal-mid/20676696778043/fiera-di-sant-apollonia-2025-12.jpg',
                       'location': 'Lungolago di Abbadia',
                       'stars': None,
                       'title': "Fiera di Sant'Apollonia 2026"}},
 'scraped_at': '2026-02-02T19:46:17.219168',
 'source': 'city_today',
 'title': "Fiera di Sant'Apollonia 2026",
 'url': 'https://www.leccotoday.it/eventi/fiera-sant-apollonia-2026.html',
 'uuid': 'c5bc24fff6199c8b',
 'website': None}
[2026-02-02T19:46:17.223+0000] {docker.py:429} INFO - 2026-02-02 19:46:17 [scrapy.core.engine] INFO: Closing spider (finished)
[2026-02-02T19:46:17.224+0000] {docker.py:429} INFO - 2026-02-02 19:46:17 [scrapy.extensions.feedexport] INFO: Stored json feed (4 items) in: /app/city_today/output/eventi_lecco_questa-settimana_20260202_194610.json
[2026-02-02T19:46:17.224+0000] {docker.py:429} INFO - 2026-02-02 19:46:17 [scrapy.statscollectors] INFO: Dumping Scrapy stats:
{'downloader/request_bytes': 2311,
 'downloader/request_count': 6,
 'downloader/request_method_count/GET': 6,
 'downloader/response_bytes': 756118,
 'downloader/response_count': 6,
 'downloader/response_status_count/200': 6,
 'elapsed_time_seconds': 7.004193,
 'feedexport/success_count/FileFeedStorage': 1,
 'finish_reason': 'finished',
 'finish_time': datetime.datetime(2026, 2, 2, 19, 46, 17, 221217, tzinfo=datetime.timezone.utc),
 'httpcompression/response_bytes': 3999558,
 'httpcompression/response_count': 6,
 'item_scraped_count': 4,
 'items_per_city/Lecco': 4,
 'items_per_minute': 34.285714285714285,
 'log_count/DEBUG': 10,
 'log_count/INFO': 3,
 'memusage/max': 69013504,
 'memusage/startup': 69013504,
 'request_depth_max': 1,
 'response_received_count': 6,
 'responses_per_minute': 51.42857142857143,
 'robotstxt/request_count': 1,
 'robotstxt/response_count': 1,
 'robotstxt/response_status_count/200': 1,
 'scheduler/dequeued': 5,
 'scheduler/dequeued/memory': 5,
 'scheduler/enqueued': 5,
 'scheduler/enqueued/memory': 5,
 'start_time': datetime.datetime(2026, 2, 2, 19, 46, 10, 217024, tzinfo=datetime.timezone.utc)}
2026-02-02 19:46:17 [scrapy.core.engine] INFO: Spider closed (finished)
[2026-02-02T19:46:17.254+0000] {docker.py:429} INFO - Scraping completato. File: /app/city_today/output/eventi_lecco_questa-settimana_20260202_194610.json
[2026-02-02T19:46:17.552+0000] {taskinstance.py:1138} INFO - Marking task as SUCCESS. dag_id=etl_events_daily, task_id=process_lecco.scrape_city_today, execution_date=20260201T060000, start_date=20260202T194609, end_date=20260202T194617
[2026-02-02T19:46:17.595+0000] {local_task_job_runner.py:234} INFO - Task exited with return code 0
[2026-02-02T19:46:17.631+0000] {taskinstance.py:3280} INFO - 0 downstream tasks scheduled from follow-on schedule check
