[2026-01-30T14:23:02.926+0000] {taskinstance.py:1956} INFO - Dependencies all met for dep_context=non-requeueable deps ti=<TaskInstance: etl_events_daily.process_ancona.scrape_city_today scheduled__2026-01-29T06:00:00+00:00 [queued]>
[2026-01-30T14:23:02.946+0000] {taskinstance.py:1956} INFO - Dependencies all met for dep_context=requeueable deps ti=<TaskInstance: etl_events_daily.process_ancona.scrape_city_today scheduled__2026-01-29T06:00:00+00:00 [queued]>
[2026-01-30T14:23:02.946+0000] {taskinstance.py:2170} INFO - Starting attempt 1 of 4
[2026-01-30T14:23:02.966+0000] {taskinstance.py:2191} INFO - Executing <Task(FilterableDockerOperator): process_ancona.scrape_city_today> on 2026-01-29 06:00:00+00:00
[2026-01-30T14:23:02.972+0000] {standard_task_runner.py:60} INFO - Started process 239 to run task
[2026-01-30T14:23:02.977+0000] {standard_task_runner.py:87} INFO - Running: ['airflow', 'tasks', 'run', 'etl_events_daily', 'process_ancona.scrape_city_today', 'scheduled__2026-01-29T06:00:00+00:00', '--job-id', '298', '--raw', '--subdir', 'DAGS_FOLDER/scrape_events.py', '--cfg-path', '/tmp/tmpee_8os9b']
[2026-01-30T14:23:02.981+0000] {standard_task_runner.py:88} INFO - Job 298: Subtask process_ancona.scrape_city_today
[2026-01-30T14:23:03.037+0000] {logging_mixin.py:188} WARNING - /home/airflow/.local/lib/python3.11/site-packages/airflow/settings.py:194 DeprecationWarning: The sql_alchemy_conn option in [core] has been moved to the sql_alchemy_conn option in [database] - the old setting has been used, but please update your config.
[2026-01-30T14:23:03.146+0000] {task_command.py:423} INFO - Running <TaskInstance: etl_events_daily.process_ancona.scrape_city_today scheduled__2026-01-29T06:00:00+00:00 [running]> on host a9aac56aef94
[2026-01-30T14:23:03.327+0000] {taskinstance.py:2480} INFO - Exporting env vars: AIRFLOW_CTX_DAG_OWNER='airflow' AIRFLOW_CTX_DAG_ID='etl_events_daily' AIRFLOW_CTX_TASK_ID='process_ancona.scrape_city_today' AIRFLOW_CTX_EXECUTION_DATE='2026-01-29T06:00:00+00:00' AIRFLOW_CTX_TRY_NUMBER='1' AIRFLOW_CTX_DAG_RUN_ID='scheduled__2026-01-29T06:00:00+00:00'
[2026-01-30T14:23:03.380+0000] {docker.py:359} INFO - Starting docker container from image scrapy-events:latest
[2026-01-30T14:23:03.403+0000] {docker.py:367} WARNING - Using remote engine or docker-in-docker and mounting temporary volume from host is not supported. Falling back to `mount_tmp_dir=False` mode. You can set `mount_tmp_dir` parameter to False to disable mounting and remove the warning
[2026-01-30T14:23:04.088+0000] {docker.py:429} INFO - Avvio scraping per: Ancona
Periodo: questa-settimana
[2026-01-30T14:23:04.093+0000] {docker.py:429} INFO - 2026-01-30 14:23:04 [scrapy.utils.log] INFO: Scrapy 2.14.1 started (bot: events)
[2026-01-30T14:23:04.104+0000] {docker.py:429} INFO - 2026-01-30 14:23:04 [scrapy.utils.log] INFO: Versions:
{'lxml': '6.0.2',
 'libxml2': '2.14.6',
 'cssselect': '1.3.0',
 'parsel': '1.10.0',
 'w3lib': '2.3.1',
 'Twisted': '25.5.0',
 'Python': '3.11.14 (main, Jan 13 2026, 03:12:14) [GCC 14.2.0]',
 'pyOpenSSL': '25.3.0 (OpenSSL 3.5.4 30 Sep 2025)',
 'cryptography': '46.0.3',
 'Platform': 'Linux-6.12.54-linuxkit-x86_64-with-glibc2.41'}
2026-01-30 14:23:04 [scrapy.crawler] DEBUG: Using CrawlerProcess
[2026-01-30T14:23:04.106+0000] {docker.py:429} INFO - 2026-01-30 14:23:04 [events] INFO: Scraping città: Ancona
2026-01-30 14:23:04 [events] INFO: Periodo: questa-settimana (2026-01-30 - 2026-02-01)
[2026-01-30T14:23:04.107+0000] {docker.py:429} INFO - 2026-01-30 14:23:04 [scrapy.addons] INFO: Enabled addons:
[]
[2026-01-30T14:23:04.108+0000] {docker.py:429} INFO - 2026-01-30 14:23:04 [asyncio] DEBUG: Using selector: EpollSelector
[2026-01-30T14:23:04.108+0000] {docker.py:429} INFO - 2026-01-30 14:23:04 [scrapy.utils.log] DEBUG: Using reactor: twisted.internet.asyncioreactor.AsyncioSelectorReactor
[2026-01-30T14:23:04.108+0000] {docker.py:429} INFO - 2026-01-30 14:23:04 [scrapy.utils.log] DEBUG: Using asyncio event loop: asyncio.unix_events._UnixSelectorEventLoop
[2026-01-30T14:23:04.113+0000] {docker.py:429} INFO - 2026-01-30 14:23:04 [scrapy.extensions.telnet] INFO: Telnet Password: ded8aa9555d3d499
[2026-01-30T14:23:04.239+0000] {docker.py:429} INFO - 2026-01-30 14:23:04 [scrapy.middleware] INFO: Enabled extensions:
['scrapy.extensions.corestats.CoreStats',
 'scrapy.extensions.logcount.LogCount',
 'scrapy.extensions.telnet.TelnetConsole',
 'scrapy.extensions.memusage.MemoryUsage',
 'scrapy.extensions.feedexport.FeedExporter',
 'scrapy.extensions.logstats.LogStats']
[2026-01-30T14:23:04.239+0000] {docker.py:429} INFO - 2026-01-30 14:23:04 [scrapy.crawler] INFO: Overridden settings:
{'BOT_NAME': 'events',
 'CONCURRENT_REQUESTS': 2,
 'CONCURRENT_REQUESTS_PER_DOMAIN': 1,
 'DOWNLOAD_DELAY': 1,
 'FEED_EXPORT_ENCODING': 'utf-8',
 'NEWSPIDER_MODULE': 'events.spiders',
 'ROBOTSTXT_OBEY': True,
 'SPIDER_MODULES': ['events.spiders'],
 'USER_AGENT': 'Mozilla/5.0 (Macintosh; Intel Mac OS X 10_15_7) '
               'AppleWebKit/537.36 (KHTML, like Gecko) Chrome/120.0.0.0 '
               'Safari/537.36'}
[2026-01-30T14:23:04.307+0000] {docker.py:429} INFO - 2026-01-30 14:23:04 [scrapy.middleware] INFO: Enabled downloader middlewares:
['scrapy.downloadermiddlewares.offsite.OffsiteMiddleware',
 'scrapy.downloadermiddlewares.robotstxt.RobotsTxtMiddleware',
 'scrapy.downloadermiddlewares.httpauth.HttpAuthMiddleware',
 'scrapy.downloadermiddlewares.downloadtimeout.DownloadTimeoutMiddleware',
 'scrapy.downloadermiddlewares.defaultheaders.DefaultHeadersMiddleware',
 'scrapy.downloadermiddlewares.useragent.UserAgentMiddleware',
 'scrapy.downloadermiddlewares.retry.RetryMiddleware',
 'scrapy.downloadermiddlewares.redirect.MetaRefreshMiddleware',
 'scrapy.downloadermiddlewares.httpcompression.HttpCompressionMiddleware',
 'scrapy.downloadermiddlewares.redirect.RedirectMiddleware',
 'scrapy.downloadermiddlewares.cookies.CookiesMiddleware',
 'scrapy.downloadermiddlewares.httpproxy.HttpProxyMiddleware',
 'scrapy.downloadermiddlewares.stats.DownloaderStats']
[2026-01-30T14:23:04.309+0000] {docker.py:429} INFO - 2026-01-30 14:23:04 [scrapy.middleware] INFO: Enabled spider middlewares:
['scrapy.spidermiddlewares.start.StartSpiderMiddleware',
 'scrapy.spidermiddlewares.httperror.HttpErrorMiddleware',
 'scrapy.spidermiddlewares.referer.RefererMiddleware',
 'scrapy.spidermiddlewares.urllength.UrlLengthMiddleware',
 'scrapy.spidermiddlewares.depth.DepthMiddleware']
[2026-01-30T14:23:04.310+0000] {docker.py:429} INFO - 2026-01-30 14:23:04 [scrapy.middleware] INFO: Enabled item pipelines:
[]
[2026-01-30T14:23:04.310+0000] {docker.py:429} INFO - Output file: /app/city_today/output/eventi_ancona_questa-settimana_20260130_142304.json
[2026-01-30T14:23:04.311+0000] {docker.py:429} INFO - 2026-01-30 14:23:04 [scrapy.core.engine] INFO: Spider opened
[2026-01-30T14:23:04.318+0000] {docker.py:429} INFO - 2026-01-30 14:23:04 [scrapy.extensions.logstats] INFO: Crawled 0 pages (at 0 pages/min), scraped 0 items (at 0 items/min)
[2026-01-30T14:23:04.319+0000] {docker.py:429} INFO - 2026-01-30 14:23:04 [scrapy.extensions.telnet] INFO: Telnet console listening on 127.0.0.1:6023
[2026-01-30T14:23:04.510+0000] {docker.py:429} INFO - 2026-01-30 14:23:04 [scrapy.core.engine] DEBUG: Crawled (200) <GET https://www.anconatoday.it/robots.txt> (referer: None)
[2026-01-30T14:23:06.540+0000] {docker.py:429} INFO - 2026-01-30 14:23:06 [scrapy.core.engine] DEBUG: Crawled (200) <GET https://www.anconatoday.it/eventi/dal/2026-01-30/al/2026-02-01/> (referer: None)
[2026-01-30T14:23:07.931+0000] {docker.py:429} INFO - 2026-01-30 14:23:07 [scrapy.core.engine] DEBUG: Crawled (200) <GET https://www.anconatoday.it/eventi/parte-ritagli-un-ciclo-di-incontri-gratuito-sul-mondo-dell-informazione-13399437.html> (referer: https://www.anconatoday.it/eventi/dal/2026-01-30/al/2026-02-01/)
[2026-01-30T14:23:08.062+0000] {docker.py:429} INFO - 2026-01-30 14:23:08 [scrapy.core.scraper] DEBUG: Scraped from <200 https://www.anconatoday.it/eventi/parte-ritagli-un-ciclo-di-incontri-gratuito-sul-mondo-dell-informazione-13399437.html>
{'category': None,
 'city': 'Ancona',
 'content_hash': 'aed23a237d1cbc39',
 'date_end': '2026-04-01',
 'date_start': '2026-01-18',
 'dates': [{'date': '2026-01-18', 'weekday': 'Domenica'},
           {'date': '2026-01-19', 'weekday': 'Lunedì'},
           {'date': '2026-01-20', 'weekday': 'Martedì'},
           {'date': '2026-01-21', 'weekday': 'Mercoledì'},
           {'date': '2026-01-22', 'weekday': 'Giovedì'},
           {'date': '2026-01-23', 'weekday': 'Venerdì'},
           {'date': '2026-01-24', 'weekday': 'Sabato'},
           {'date': '2026-01-25', 'weekday': 'Domenica'},
           {'date': '2026-01-26', 'weekday': 'Lunedì'},
           {'date': '2026-01-27', 'weekday': 'Martedì'},
           {'date': '2026-01-28', 'weekday': 'Mercoledì'},
           {'date': '2026-01-29', 'weekday': 'Giovedì'},
           {'date': '2026-01-30', 'weekday': 'Venerdì'},
           {'date': '2026-01-31', 'weekday': 'Sabato'},
           {'date': '2026-02-01', 'weekday': 'Domenica'},
           {'date': '2026-02-02', 'weekday': 'Lunedì'},
           {'date': '2026-02-03', 'weekday': 'Martedì'},
           {'date': '2026-02-04', 'weekday': 'Mercoledì'},
           {'date': '2026-02-05', 'weekday': 'Giovedì'},
           {'date': '2026-02-06', 'weekday': 'Venerdì'},
           {'date': '2026-02-07', 'weekday': 'Sabato'},
           {'date': '2026-02-08', 'weekday': 'Domenica'},
           {'date': '2026-02-09', 'weekday': 'Lunedì'},
           {'date': '2026-02-10', 'weekday': 'Martedì'},
           {'date': '2026-02-11', 'weekday': 'Mercoledì'},
           {'date': '2026-02-12', 'weekday': 'Giovedì'},
           {'date': '2026-02-13', 'weekday': 'Venerdì'},
           {'date': '2026-02-14', 'weekday': 'Sabato'},
           {'date': '2026-02-15', 'weekday': 'Domenica'},
           {'date': '2026-02-16', 'weekday': 'Lunedì'},
           {'date': '2026-02-17', 'weekday': 'Martedì'},
           {'date': '2026-02-18', 'weekday': 'Mercoledì'},
           {'date': '2026-02-19', 'weekday': 'Giovedì'},
           {'date': '2026-02-20', 'weekday': 'Venerdì'},
           {'date': '2026-02-21', 'weekday': 'Sabato'},
           {'date': '2026-02-22', 'weekday': 'Domenica'},
           {'date': '2026-02-23', 'weekday': 'Lunedì'},
           {'date': '2026-02-24', 'weekday': 'Martedì'},
           {'date': '2026-02-25', 'weekday': 'Mercoledì'},
           {'date': '2026-02-26', 'weekday': 'Giovedì'},
           {'date': '2026-02-27', 'weekday': 'Venerdì'},
           {'date': '2026-02-28', 'weekday': 'Sabato'},
           {'date': '2026-03-01', 'weekday': 'Domenica'},
           {'date': '2026-03-02', 'weekday': 'Lunedì'},
           {'date': '2026-03-03', 'weekday': 'Martedì'},
           {'date': '2026-03-04', 'weekday': 'Mercoledì'},
           {'date': '2026-03-05', 'weekday': 'Giovedì'},
           {'date': '2026-03-06', 'weekday': 'Venerdì'},
           {'date': '2026-03-07', 'weekday': 'Sabato'},
           {'date': '2026-03-08', 'weekday': 'Domenica'},
           {'date': '2026-03-09', 'weekday': 'Lunedì'},
           {'date': '2026-03-10', 'weekday': 'Martedì'},
           {'date': '2026-03-11', 'weekday': 'Mercoledì'},
           {'date': '2026-03-12', 'weekday': 'Giovedì'},
           {'date': '2026-03-13', 'weekday': 'Venerdì'},
           {'date': '2026-03-14', 'weekday': 'Sabato'},
           {'date': '2026-03-15', 'weekday': 'Domenica'},
           {'date': '2026-03-16', 'weekday': 'Lunedì'},
           {'date': '2026-03-17', 'weekday': 'Martedì'},
           {'date': '2026-03-18', 'weekday': 'Mercoledì'},
           {'date': '2026-03-19', 'weekday': 'Giovedì'},
           {'date': '2026-03-20', 'weekday': 'Venerdì'},
           {'date': '2026-03-21', 'weekday': 'Sabato'},
           {'date': '2026-03-22', 'weekday': 'Domenica'},
           {'date': '2026-03-23', 'weekday': 'Lunedì'},
           {'date': '2026-03-24', 'weekday': 'Martedì'},
           {'date': '2026-03-25', 'weekday': 'Mercoledì'},
           {'date': '2026-03-26', 'weekday': 'Giovedì'},
           {'date': '2026-03-27', 'weekday': 'Venerdì'},
           {'date': '2026-03-28', 'weekday': 'Sabato'},
           {'date': '2026-03-29', 'weekday': 'Domenica'},
           {'date': '2026-03-30', 'weekday': 'Lunedì'},
           {'date': '2026-03-31', 'weekday': 'Martedì'},
           {'date': '2026-04-01', 'weekday': 'Mercoledì'}],
 'description': 'Percorso coinvolgente e laboratoriale per apprendere metodi '
                'di analisi delle informazioni e strategie di utilizzo dei '
                'media digitali. Il progetto, ideato da Leonardo Gabrielli, '
                'docente presso il Dipartimento di Ingegneria '
                'dell’Informazione dell’Università Politecnica delle Marche, '
                'apre a tutte e tutti una finestra sul mondo '
                'dell’informazione. “Ritagli” è un percorso che invita a '
                'riflettere criticamente e a mettere in discussione i '
                'frammenti di informazione a cui siamo quotidianamente '
                'esposti, per ricomporli, interrogarne le fonti e restituire '
                'complessità a ciò che troppo spesso ci arriva in forma '
                'semplificata. Il primo incontro si terrà domenica 18 gennaio, '
                'dalle 15:00 alle 18:00, presso la sala polifunzionale della '
                'Casa delle Culture, in via Vallemiano 46. Gli incontri sono '
                'strutturati in una parte informativa e in una parte '
                'laboratoriale, in cui le persone partecipanti saranno '
                'coinvolte in prima persona attraverso attività pratiche '
                'finalizzate all’acquisizione di nuove competenze. Il percorso '
                'proseguirà poi ogni due giovedì, dalle 20:15 alle 22:00. '
                'Questo il calendario: 29 gennaio 2026 – IMMAGINI: PROVE O '
                'ILLUSIONI? Può davvero bastare un’immagine per convincerci di '
                'qualcosa? Come si riconosce un deep fake? Viviamo immersi in '
                'un flusso continuo di immagini, ma sappiamo davvero come '
                'vengono costruite e usate per persuaderci? Un incontro per '
                'allenare lo sguardo critico. 12 febbraio – IMPARIAMO A '
                'LEGGERE I GRAFICI I dati parlano, ma non sempre dicono la '
                'verità. Grafici, numeri e statistiche possono aiutarci a '
                'capire il mondo… o a farci credere qualunque cosa. Impariamo '
                'a leggerli, interpretarli e smontarli, per non farci '
                'manipolare. 26 febbraio – SOCIAL MEDIA, VERITÀ E BOLLE Prima '
                'dei social sapevamo pensare con più calma. Oggi siamo immersi '
                'in bolle, algoritmi, indignazione continua e contenuti '
                'generati dall’IA. Perché funzionano così bene? E come '
                'possiamo uscirne senza spegnere il cervello? 12 marzo – '
                'INTELLIGENZA ARTIFICIALE: OPPORTUNITÀ E RISCHI Le '
                'intelligenze artificiali promettono efficienza e innovazione, '
                'ma producono anche errori, distorsioni e “allucinazioni”. '
                'Insieme a un docente UNIVPM, esploriamo come funzionano '
                'davvero e che impatto hanno sulla produzione e sul consumo '
                'delle notizie. 26 marzo – RICERCA SCIENTIFICA: COME FUNZIONA '
                'E PERCHÉ CI RIGUARDA Chi decide cosa si ricerca? Perché '
                'finanziare la scienza è una scelta politica e collettiva? E '
                'che differenza c’è tra ricerca pubblica e privata? Un '
                'incontro per capire come nasce la conoscenza scientifica e '
                'come arriva fino a noi cittadini.',
 'image_url': '//citynews-anconatoday.stgy.ovh/~media/horizontal-mid/5448681725096/parte-ritagli-un-ciclo-di-incontri-gratuito-sul-mondo-dell-informazione.jpg',
 'location_address': 'Via Valle Miano, 46',
 'location_name': 'Casa delle Culture',
 'price': 'Gratis',
 'scraped_at': '2026-01-30T14:23:06.651049',
 'time_info': 'Orario non disponibile',
 'title': 'Parte RITAGLI - Un ciclo di incontri gratuito sul mondo '
          'dell’informazione',
 'url': 'https://www.anconatoday.it/eventi/parte-ritagli-un-ciclo-di-incontri-gratuito-sul-mondo-dell-informazione-13399437.html',
 'uuid': 'df452e4b4aa82167',
 'website': 'https://www.casacultureancona.it/'}
[2026-01-30T14:23:08.391+0000] {docker.py:429} INFO - 2026-01-30 14:23:08 [scrapy.core.engine] DEBUG: Crawled (200) <GET https://www.anconatoday.it/eventi/teatro-ragazzi-1-febbraio-2026-montecarotto-chiaravalle-corinaldo.html> (referer: https://www.anconatoday.it/eventi/dal/2026-01-30/al/2026-02-01/)
[2026-01-30T14:23:08.502+0000] {docker.py:429} INFO - 2026-01-30 14:23:08 [scrapy.core.scraper] DEBUG: Scraped from <200 https://www.anconatoday.it/eventi/teatro-ragazzi-1-febbraio-2026-montecarotto-chiaravalle-corinaldo.html>
{'category': 'Teatri',
 'city': 'Ancona',
 'content_hash': 'bf7c7e53dfb77460',
 'date_end': '2026-02-01',
 'date_start': '2026-02-01',
 'dates': [{'date': '2026-02-01', 'weekday': 'Domenica'}],
 'description': "JESI - Teatro d'attore e di figura, danza e circo "
                'contemporaneo, con le migliori compagnie del settore danno '
                'appuntamento domenica 1° febbraio ore 17 con tre spettacoli '
                'nei teatri di Montecarotto, Corinaldo e Chiaravalle . Li '
                'propone la 42esima Stagione di Teatro Ragazz i curata dal '
                'Teatro Giovani Teatro Pirata, che prosegue fino alla '
                'primavera in 19 comuni della provincia di Ancona grazie al '
                'sostegno delle amministrazioni locali, della Regione Marche e '
                'del Ministero della Cultura. Al Teatro Comunale di '
                'Montecarotto va in scena "Un nonno da cortile" di e con Alex '
                "Gabellini, attore e autore marchigiano. L'artista interpreta "
                'Florindo Ceccaroli, un nonno buffo, genuino, ironico. '
                'Florindo, trasporta il pubblico in dinamiche assurde '
                'raccontando storie di terra, piante e animali. Come tutti i '
                'nonni, Florindo è paziente e affettuoso, sa che il suo tempo '
                'è prezioso e vuole impegnarsi nel miglior modo possibile. Non '
                'si fa prendere dalla frenesia dei tempi moderni, non deve '
                'correre al lavoro, ma ama la sua terra, il suo orto e la '
                'natura. Florindo è una fonte inesauribile di saggezza, di '
                'storie fantastiche vissute in prima persona. Florindo con la '
                'sua narrazione parla di vita sincera, semplice in cui basta '
                'poco per essere felici. Florindo ha due grandi passioni: la '
                'campagna e il circo. Walter, lo scoiattolo, gli ricorda gli '
                'acrobati, le api sono grandi maghi e le galline perfette '
                'giocoliere. Ama le bolle di sapone perché sono come i sogni, '
                'belle e fragili e non smette mai di inseguirle. Il Teatro '
                'Goldoni di Corinaldo ospita “Legami”, uno spettacolo tra '
                'circo e teatro, di e con Simon Luca Barboni e Mirco Bruzzesi, '
                'con la regia di Simone Guerro. La produzione è firmata da '
                'L’abile Teatro e Teatro Giovani Teatro Pirata , con il '
                'sostegno di Associazione circo contemporaneo.La trama segue '
                'le avventure di due fattorini per la “Human Package”, '
                'un’azienda che si occupa di consegnare pacchi in modo non '
                'convenzionale, utilizzando solo gambe, mani e corde. '
                'Tuttavia, quando i due arrivano al luogo di consegna, il '
                'destinatario è misteriosamente assente. Ciò che inizia come '
                'un’attesa ordinaria si trasforma in una serie di eventi '
                'imprevedibili che porteranno i due fattorini a giocare, '
                'litigare e persino considerare l’idea di abbandonare '
                'l’incarico, solo per poi tornare a sperare nell’arrivo del '
                'destinatario. Nel corso di questa lunga attesa, i due '
                'scoprono una connessione profonda che li lega, mettendo in '
                'luce l’importanza delle relazioni umane. Legami è un mix di '
                'clownerie, giocoleria e teatro dell’assurdo, prendendo '
                'ispirazione dall’infinita attesa del celebre “Aspettando '
                'Godot”. Attraverso un approccio comico e poetico, lo '
                'spettacolo esplora il tema delle relazioni umane e invita il '
                'pubblico a riflettere sulla loro importanza. Al Teatro '
                'Giacconi di Chiaravalle l’appuntamento è con “Felicia” , uno '
                'spettacolo di una giovane compagnia – la Quintoequilibrio di '
                'Palermo - che unisce il teatro di figura e la danza. Il testo '
                'è di Stefania Ventura e Quinzio Quiescenti, in scena Stefania '
                'Ventura, regia di Quinzio Quiescenti. Lo spettacolo, '
                'pluripremiato, ha vinto il bando Cura 2022, il Premio Sicilia '
                'di Scena al Teatro Biondo Palermo nel 2023, la menzione '
                'speciale “Teatro & Critica network, i migliori spettacoli del '
                '2023”, ed ha debuttato anche in lingua inglese nel 2025 al '
                'The F.E.S.T. in Svezia. La pièce affronta il tema del '
                '“diverso/straniero” che arriva in una comunità con tutto il '
                'bagaglio di paure, diffidenza e pregiudizi che provoca. In '
                'questa storia gli animali del bosco si sentono “invasi” da '
                'Felicia, che va ad abitare al limitare del bosco. Dicono di '
                'lei che sia una strega e tentano di cacciarla dal bosco con '
                '“armi” ben poco diplomatiche. Tra gli animali c’è Tasso, una '
                'creatura gentile, che forse la pensa diversamente. Tasso '
                'scoprirà che Felicia è una creatura fragile nella sua '
                'solitudine, che si muove alla ricerca della sua felicità…come '
                'tutti, del resto. Prenotazioni presso Teatro Giovani Teatro '
                'Pirata (Tel. 0731.56590 – 334.1684688 | biglietteria@ '
                "teatrogiovaniteatropirata.it ) o un'ora prima dell'inizio "
                'presso il luogo dello spettacolo. Biglietti disponibili '
                'online su vivaticket.it',
 'image_url': '//citynews-anconatoday.stgy.ovh/~media/horizontal-mid/42757035517387/legami_abile-teatro_foto-marco-pozzi.jpg',
 'location_address': None,
 'location_name': 'Teatro Goldoni di Corinaldo, Teatro Comunale di '
                  'Montecarotto e Teatro Giacconi (Chiaravalle)',
 'price': 'Adulti €8, Ragazzi €6',
 'scraped_at': '2026-01-30T14:23:06.650589',
 'time_info': 'Ore 17',
 'title': 'Dal circo contemporaneo alla danza: tris di appuntamenti con il '
          'Teatro Ragazzi a Montecarotto, Corinaldo e Chiaravalle',
 'url': 'https://www.anconatoday.it/eventi/teatro-ragazzi-1-febbraio-2026-montecarotto-chiaravalle-corinaldo.html',
 'uuid': '8d28202d5a467e6c'}
[2026-01-30T14:23:09.250+0000] {docker.py:429} INFO - 2026-01-30 14:23:09 [scrapy.core.engine] DEBUG: Crawled (200) <GET https://www.anconatoday.it/eventi/carnevale-marche-eventi-2026.html> (referer: https://www.anconatoday.it/eventi/dal/2026-01-30/al/2026-02-01/)
[2026-01-30T14:23:09.363+0000] {docker.py:429} INFO - 2026-01-30 14:23:09 [scrapy.core.scraper] DEBUG: Scraped from <200 https://www.anconatoday.it/eventi/carnevale-marche-eventi-2026.html>
{'category': None,
 'city': 'Ancona',
 'content_hash': '98c795d4707fc6dc',
 'date_end': '2026-02-21',
 'date_start': '2026-02-01',
 'dates': [{'date': '2026-02-01', 'weekday': 'Domenica'},
           {'date': '2026-02-02', 'weekday': 'Lunedì'},
           {'date': '2026-02-03', 'weekday': 'Martedì'},
           {'date': '2026-02-04', 'weekday': 'Mercoledì'},
           {'date': '2026-02-05', 'weekday': 'Giovedì'},
           {'date': '2026-02-06', 'weekday': 'Venerdì'},
           {'date': '2026-02-07', 'weekday': 'Sabato'},
           {'date': '2026-02-08', 'weekday': 'Domenica'},
           {'date': '2026-02-09', 'weekday': 'Lunedì'},
           {'date': '2026-02-10', 'weekday': 'Martedì'},
           {'date': '2026-02-11', 'weekday': 'Mercoledì'},
           {'date': '2026-02-12', 'weekday': 'Giovedì'},
           {'date': '2026-02-13', 'weekday': 'Venerdì'},
           {'date': '2026-02-14', 'weekday': 'Sabato'},
           {'date': '2026-02-15', 'weekday': 'Domenica'},
           {'date': '2026-02-16', 'weekday': 'Lunedì'},
           {'date': '2026-02-17', 'weekday': 'Martedì'},
           {'date': '2026-02-18', 'weekday': 'Mercoledì'},
           {'date': '2026-02-19', 'weekday': 'Giovedì'},
           {'date': '2026-02-20', 'weekday': 'Venerdì'},
           {'date': '2026-02-21', 'weekday': 'Sabato'}],
 'description': 'Colori, suoni, maschere e profumi avvolgono le Marche nel '
                'periodo di Carnevale, trasformando borghi storici e piazze '
                'monumentali in grandi palcoscenici a cielo aperto. Un '
                'appuntamento che unisce tradizione e creatività, capace di '
                'coinvolgere famiglie e viaggiatori alla ricerca di esperienze '
                'autentiche. Dalle grandi città d’arte ai piccoli centri '
                'dell’entroterra, il Carnevale marchigiano si distingue per la '
                'varietà dei suoi riti, il forte legame con la storia locale e '
                'una dimensione partecipativa che rende ogni evento unico e '
                'profondamente identitario. Uno dei Carnevali più antichi '
                'd’Italia si svolge a Fano , documentato sin dal 1347, con il '
                'tema “In viaggio col Vulón ” , in un percorso immaginario '
                'guidato dalla maschera simbolo della città, tra grandi carri '
                'allegorici, musica e il celebre getto di dolciumi per la '
                'gioia collettiva. A coordinare artisticamente l’edizione '
                '2026, che a partire dal 1° febbraio animerà la città per tre '
                'weekend consecutivi, sarà Dante Ferretti , tre volte Premio '
                'Oscar per la scenografia. A Offida , il Carnevale diventa un '
                'rito identitario e non una semplice sfilata. È la '
                'partecipazione a una tradizione secolare con la spettacolare '
                'caccia de “lu Bov Fint”, che coinvolge adulti, ragazzi e '
                'bambini in una corsa rituale carica di ironia e '
                'partecipazione collettiva. Tra consegna delle chiavi della '
                'città, feste, veglioni e momenti dedicati ai bambini, Offida '
                'racconta un Carnevale autentico e legato alla comunità. '
                'Piazza del Popolo ad Ascoli Piceno si trasforma in una grande '
                'sala da ballo all’aperto per il suo Gran Carnevale in Piazza '
                'dal 12 al 17 febbraio, accogliendo migliaia di maschere e '
                'spettatori in un’atmosfera elegante e festosa. A Fermo e '
                'Porto San Giorgio dall’1 al 21 febbraio va in scena '
                '“Baraonda”, un Carnevale diffuso che segue il calendario '
                'tradizionale, con grandi cortei mascherati, confermando la '
                'vocazione del territorio a eventi capaci di unire costa ed '
                'entroterra. Ad Ancona , la tradizionale sfilata nel centro '
                'storico richiama ogni anno migliaia di partecipanti e '
                'domenica 15 febbraio le vie cittadine si riempiranno di '
                'maschere e colori, mentre Macerata celebra il Carnevale con '
                'gruppi mascherati, carri allegorici, bande musicali e un '
                'grande corteo che attraversa il centro storico e i Giardini '
                'Diaz, tra animazione, giochi e dolci per tutti. Nel borgo '
                'medievale di Castignano , il Carnevale ha l’evento centrale '
                'il 17 febbraio con uno dei riti più suggestivi e '
                'profondamente radicato nella cultura popolare: la sfilata de '
                '“Li moccule”, lanterne luminose multicolori realizzate dagli '
                'artigiani locali e accese in un falò collettivo per salutare '
                'simbolicamente la festa. « Il Carnevale rappresenta ogni anno '
                'una particolare e originale opportunità per scoprire un lato '
                'della nostra regione, un momento capace di richiamare '
                'numerosi visitatori attratti dalle tradizioni radicate '
                'nell’identità dei territori - sottolinea Marina Santucci, '
                'direttrice di ATIM , Agenzia per il Turismo e '
                'l’Internazionalizzazione delle Marche - ed è un momento in '
                'cui borghi e città si animano, offrendo esperienze autentiche '
                'che uniscono cultura, partecipazione e gastronomia, '
                'contribuendo a destagionalizzare la presenza turistica e a '
                'promuovere la regione anche fuori dai periodi di alta '
                'stagione» . Elemento centrale della festa è anche la cultura '
                'gastronomica che, nel periodo di Carnevale, trova una delle '
                'sue espressioni più riconoscibili, mentre i dolci della '
                'tradizione, preparati ancora oggi secondo ricette tramandate '
                'di generazione in generazione, diventano parte integrante '
                'dell’esperienza. Un patrimonio di sapori che racconta la '
                'storia rurale e conviviale delle Marche e che accompagna '
                'eventi, veglioni e feste di piazza, dalle chiacchiere agli '
                'scroccafusi, dalla cicerchiata alle castagnole, fino alle '
                'zeppole di patate, agli arancini e limoncini, ai ravioli '
                'fritti di castagne del Piceno e alle immancabili bombe di '
                'Carnevale, ogni dolce racconta una storia di territorio, '
                'stagionalità e convivialità. Una tradizione gastronomica che '
                'rende il Carnevale marchigiano un’esperienza completa, capace '
                'di unire festa, cultura e gusto, e che invita a scoprire la '
                'regione anche fuori dai circuiti turistici tradizionali. Il '
                'periodo di Carnevale si inserisce in un calendario più ampio '
                'di eventi che valorizzano il territorio anche nei mesi di '
                'febbraio e marzo, tra cui appuntamenti enogastronomici legati '
                'al tartufo ad Acqualagna e Amandola , e manifestazioni della '
                'tradizione rurale come “Una domenica andando a Polenta ” ad '
                'Arcevia .',
 'image_url': '//citynews-anconatoday.stgy.ovh/~media/horizontal-mid/36973298855697/il-carnevale-di-fano-2.jpeg',
 'location_address': None,
 'location_name': None,
 'price': 'Prezzo non disponibile',
 'scraped_at': '2026-01-30T14:23:06.649915',
 'time_info': 'Orario non disponibile',
 'title': 'Carri, maschere, coriandoli e dolci: gli appuntamenti di Carnevale '
          'nelle Marche',
 'url': 'https://www.anconatoday.it/eventi/carnevale-marche-eventi-2026.html',
 'uuid': 'e580d3e8d173b0a0',
 'website': 'https://www.carnevaledifano.com  e www.inoffida.com'}
[2026-01-30T14:23:10.494+0000] {docker.py:429} INFO - 2026-01-30 14:23:10 [scrapy.core.engine] DEBUG: Crawled (200) <GET https://www.anconatoday.it/eventi/mostre/erratica-premio-marche-2025-ancona-mole-vanvitelliana-alfredo-trifogli.html> (referer: https://www.anconatoday.it/eventi/dal/2026-01-30/al/2026-02-01/)
[2026-01-30T14:23:10.609+0000] {docker.py:429} INFO - 2026-01-30 14:23:10 [scrapy.core.scraper] DEBUG: Scraped from <200 https://www.anconatoday.it/eventi/mostre/erratica-premio-marche-2025-ancona-mole-vanvitelliana-alfredo-trifogli.html>
{'category': 'Mostre',
 'city': 'Ancona',
 'content_hash': '612c584e8981bf05',
 'date_end': '2026-02-28',
 'date_start': '2025-11-22',
 'dates': [{'date': '2025-11-22', 'weekday': 'Sabato'},
           {'date': '2025-11-23', 'weekday': 'Domenica'},
           {'date': '2025-11-25', 'weekday': 'Martedì'},
           {'date': '2025-11-28', 'weekday': 'Venerdì'},
           {'date': '2025-11-29', 'weekday': 'Sabato'},
           {'date': '2025-11-30', 'weekday': 'Domenica'},
           {'date': '2025-12-02', 'weekday': 'Martedì'},
           {'date': '2025-12-05', 'weekday': 'Venerdì'},
           {'date': '2025-12-06', 'weekday': 'Sabato'},
           {'date': '2025-12-07', 'weekday': 'Domenica'},
           {'date': '2025-12-09', 'weekday': 'Martedì'},
           {'date': '2025-12-12', 'weekday': 'Venerdì'},
           {'date': '2025-12-13', 'weekday': 'Sabato'},
           {'date': '2025-12-14', 'weekday': 'Domenica'},
           {'date': '2025-12-16', 'weekday': 'Martedì'},
           {'date': '2025-12-19', 'weekday': 'Venerdì'},
           {'date': '2025-12-20', 'weekday': 'Sabato'},
           {'date': '2025-12-21', 'weekday': 'Domenica'},
           {'date': '2025-12-23', 'weekday': 'Martedì'},
           {'date': '2025-12-26', 'weekday': 'Venerdì'},
           {'date': '2025-12-27', 'weekday': 'Sabato'},
           {'date': '2025-12-28', 'weekday': 'Domenica'},
           {'date': '2025-12-30', 'weekday': 'Martedì'},
           {'date': '2026-01-02', 'weekday': 'Venerdì'},
           {'date': '2026-01-03', 'weekday': 'Sabato'},
           {'date': '2026-01-04', 'weekday': 'Domenica'},
           {'date': '2026-01-06', 'weekday': 'Martedì'},
           {'date': '2026-01-09', 'weekday': 'Venerdì'},
           {'date': '2026-01-10', 'weekday': 'Sabato'},
           {'date': '2026-01-11', 'weekday': 'Domenica'},
           {'date': '2026-01-13', 'weekday': 'Martedì'},
           {'date': '2026-01-16', 'weekday': 'Venerdì'},
           {'date': '2026-01-17', 'weekday': 'Sabato'},
           {'date': '2026-01-18', 'weekday': 'Domenica'},
           {'date': '2026-01-20', 'weekday': 'Martedì'},
           {'date': '2026-01-23', 'weekday': 'Venerdì'},
           {'date': '2026-01-24', 'weekday': 'Sabato'},
           {'date': '2026-01-25', 'weekday': 'Domenica'},
           {'date': '2026-01-27', 'weekday': 'Martedì'},
           {'date': '2026-01-30', 'weekday': 'Venerdì'},
           {'date': '2026-01-31', 'weekday': 'Sabato'},
           {'date': '2026-02-01', 'weekday': 'Domenica'},
           {'date': '2026-02-03', 'weekday': 'Martedì'},
           {'date': '2026-02-06', 'weekday': 'Venerdì'},
           {'date': '2026-02-07', 'weekday': 'Sabato'},
           {'date': '2026-02-08', 'weekday': 'Domenica'},
           {'date': '2026-02-10', 'weekday': 'Martedì'},
           {'date': '2026-02-13', 'weekday': 'Venerdì'},
           {'date': '2026-02-14', 'weekday': 'Sabato'},
           {'date': '2026-02-15', 'weekday': 'Domenica'},
           {'date': '2026-02-17', 'weekday': 'Martedì'},
           {'date': '2026-02-20', 'weekday': 'Venerdì'},
           {'date': '2026-02-21', 'weekday': 'Sabato'},
           {'date': '2026-02-22', 'weekday': 'Domenica'},
           {'date': '2026-02-24', 'weekday': 'Martedì'},
           {'date': '2026-02-27', 'weekday': 'Venerdì'},
           {'date': '2026-02-28', 'weekday': 'Sabato'}],
 'description': 'ANCONA – Il “Premio Marche 2025 – Biennale d’Arte '
                'contemporanea” torna nella città di Ancona dopo venticinque '
                'anni, dove nacque nel 1957. A celebrare questo nuovo '
                'percorso, una mostra dal titolo “Erratica”, ospitata alla '
                'Mole Vanvitelliana dal 22 novembre 2025 al 28 febbraio 2026, '
                'promossa e co-organizzata da Amia e dall’assessorato alla '
                'Cultura del Comune di Ancona, con il sostegno di Regione '
                'Marche che ne racconta la storia, attraverso tre differenti '
                'sezioni. Un excursus dagli esordi fino alla fine degli anni '
                'Novanta del Novecento, poi un focus sui 25 anni in cui si è '
                'svolto lontano dalla natia Ancona, dal 2000 al 2024, a cura '
                'di Elena Pontiggia e Gabriele Simongini. Infine una parte '
                'dedicata agli artisti che rappresentano lo stato attuale '
                'dell’arte contemporanea a cura di Giacinto Di Pietrantonio. '
                'In occasione dell’inaugurazione della mostra è stato '
                'annunciato il vincitore del Premio Marche 2025 che è '
                'l’artista Simone Berti ed è stata assegnata anche la Targa '
                '“Alfredo Trifogli” all’artista Edoardo Piermattei. Il Premio '
                'Marche prende il via nel 1957 ad Ancona grazie alla figura di '
                'Alfredo Trifogli, personaggio cardine della storia cittadina, '
                'con lo scopo di promuovere la ricerca nell’arte '
                'contemporanea. Promosso dall’Amia, acronimo di Associazione '
                'marchigiana iniziative artistiche, il suo obiettivo ora come '
                'allora è sempre il medesimo: valorizzare il territorio '
                'marchigiano in ambito artistico, qualificando e accreditando '
                'definitivamente la Regione come territorio geografico di '
                'riferimento per il dibattito intorno alle dinamiche dell’arte '
                'contemporanea, dando allo stesso tempo continuità alle '
                'attività espositive realizzate nelle precedenti edizioni, da '
                'quelle storiche a quelle più recenti. Svoltosi ad Ancona fino '
                'al 1999, la storia del Premio subisce una battuta di arresto '
                'e riprende poi nel 2018, con due edizioni realizzate ad '
                'Ascoli Piceno e altre due ospitate a Urbino. Nel 2025 il '
                'Premio Marche torna definitivamente ad Ancona con la mostra '
                '“Erratica”, grazie alla volontà del Comune, riaffermando i '
                'suoi principi ispiratori e allo stesso tempo proponendosi '
                'come un appuntamento biennale che possa rilanciare la città '
                'come polo d’arte contemporanea, in linea con quanto indicato '
                'nel dossier di candidatura a Capitale italiana della Cultura '
                '2028. Con l’inaugurazione della mostra è stato annunciato '
                'anche il vincitore del Premio Marche 2025 che è stato '
                'assegnato all’artista Simone Berti (1966) “per la conversione '
                'innovativa della ricerca nella pratica dell’arte '
                'contemporanea e per la sua riconosciuta personalità artistica '
                'di livello nazionale, anche convertita nel territorio con la '
                'docenza alla Cattedra di Pittura all’Accademia di Belle Arti '
                'di Urbino”. La Targa “Alfredo Trifogli” è stata consegnata '
                'all’artista Edoardo Piermattei “per l’originale, complessa e '
                'stratificata ricerca artistica tra pittura, scultura, '
                'architettura e installazione per un’indagine del rapporto tra '
                "l'essere umano e la natura, esplorandone temi come memoria, "
                'archeologia, mito e tempo e per la recente e riconosciuta '
                'affermazione a livello nazionale nel contesto dei giovani '
                'autori anche marchigiani”. L’assessora alla Cultura del '
                'Comune di Ancona Marta Paraventi , dopo i saluti, ha '
                'dichiarato: «Erratica è il titolo scelto per accogliere ad '
                'Ancona la storica rassegna di arte contemporanea che da '
                'decenni ha segnato la vita culturale regionale e nazionale. '
                'Il Premio Marche, fondato da Alfredo Trifogli, già sindaco '
                'della città e instancabile promotore di cultura. La Mole '
                'Vanvitelliana è lo scenario ideale per ospitare ‘Erratica’, '
                'curata da un team di esperti: Elena Pontiggia, Gabriele '
                'Simongini e Giacinto Di Pietrantonio, con Marco Tittarelli '
                'che ha curato la sezione sulla storia del Premio e il suo '
                'legame con la Pinacoteca Francesco Podesti e concepita per '
                'guidare il pubblico, attraverso servizi didattici e una serie '
                'di conferenze, alla scoperta dei protagonisti dell’arte '
                'contemporanea degli ultimi decenni. Per l’occasione, inoltre, '
                'grazie al supporto di Estra e ViVa Energia, sarà pubblicata a '
                "breve la prima guida alle opere di scultura all'aperto, uno "
                'strumento utile ad arricchire l’offerta di turismo culturale '
                'in città e del percorso di candidatura a Capitale italiana '
                'della Cultura 2028». Il percorso espositivo inizia con un '
                'excursus che ripercorre la storia del Premio Marche dagli '
                'anni Cinquanta agli anni Novanta del Novecento ricordando la '
                'figura di Alfredo Trifogli, fondatore e promotore della '
                'Rassegna e valorizzando la collezione d’arte contemporanea '
                'della Pinacoteca Civica “Francesco Podesti” di Ancona, nata '
                'proprio grazie alle opere del Premio Marche, con una '
                'selezione di opere a cura di Marco Tittarelli provenienti '
                'dalla Pinacoteca stessa. Il cuore della mostra presenta un '
                'focus, a cura di Elena Pontiggia e Gabriele Simongini che '
                'riflette sul tema dell’assenza della manifestazione dal 2000 '
                'al 2024, realizzando una ricognizione dello stato dell’arte '
                'contemporanea durante questi 25 anni attraverso 25 artisti '
                'che a livello nazionale hanno caratterizzato con il proprio '
                'lavoro il corso di questi cinque lustri e che si sono imposti '
                'in questo arco di tempo all’attenzione della critica e del '
                'pubblico. Tra gli altri, sono stati individuati in questa '
                'prima sezione: Vanessa Beecroft, Gabriella Benedini, Giuseppe '
                'Bergomi, Alberto Biasi, Loris Cecchini, Enzo Cucchi, Chiara '
                'Dynys, Omar Galliani, Massimiliano Galliani, Giuliano '
                'Giuliani, Giorgio Griffa, Emilio Isgrò, Maria Lai, Ugo La '
                'Pietra, Eva Marisaldi, Giuseppe Penone, Paola Pezzi, Lisa '
                'Ponti, Rosa Maria Rinaldi, Arcangelo Sassolino, Marinella '
                'Senatore, Grazia Toderi, Grazia Varisco, Cordelia von der '
                'Steinen e Gilberto Zorio. Per i curatori della sezione Elena '
                'Pontiggia e Gabriele Simongini «questi venticinque artisti '
                'rappresentano uno spaccato della ricerca artistica attiva in '
                'Italia in quest’ultimo quarto di secolo, una ricerca '
                'esemplificata anche con opere storiche, in un libero '
                'attraversamento del tempo. Sono esposti artisti delle '
                'tendenze più diverse, con una idea "erratica" e pluralista '
                "dell'arte, senza preclusioni o preferenze di linguaggi. Una "
                'particolare attenzione è stata riservata alle donne artiste: '
                'alcune, attive da decenni, hanno avuto il loro pieno '
                'riconoscimento in questo nuovo millennio, altre si sono '
                'rivelate in questi stessi anni». Una terza sezione a cura di '
                'Giacinto Di Pietrantonio espone le opere di altri quindici '
                'autori che ad oggi possono rappresentare, secondo la scelta '
                'curatoriale, lo stato attuale dell’arte contemporanea, e dove '
                'non mancheranno anche rappresentanti marchigiani. Si tratta '
                'di artiste e artisti che utilizzano vari media, selezionati '
                'per la loro capacità di lavorare in modo innovativo sia con '
                'le tecniche tradizionali come pittura, disegno, scultura che '
                'con quelle più moderne come la fotografia, il digitale e il '
                'mondo del web, tra cui si segnalano Paola Angelini, Stefano '
                'Arienti, Simone Berti, Luigi Carboni, Giuliana Cunéaz, '
                'Loredana Di Lillo, Iulia Ghita, Federica Di Pietrantonio, '
                'Silvia Mariotti, Marco Pace, Edoardo Piermattei, Alice '
                'Romano, Luca Rossi, Lorenzo Scotto Di Luzio, Vedovamazzei. '
                'Giacinto Di Pietrantonio parla così della sua selezione: «Una '
                'delle prime domande che mi sono posto, quando sono stato '
                'invitato a curare il Premio Marche, è stata certamente quali '
                'artiste e artisti invitare? Partendo da quando? Come e '
                'perché? Ho deciso che la selezione, seppur ristretta, avrebbe '
                'dovuto essere anche la mia storia con alcuni artisti con i '
                'quali ho iniziato a collaborare dalla seconda metà degli anni '
                'Ottanta fino ad oggi. Sappiamo che l’abilità tecnica è solo '
                'un aspetto dell’arte, ciò che ha altresì inciso sulla mia '
                'ricognizione son state le tematiche affrontate come la '
                'natura, l’ecologia, l’infanzia, l’educazione e, ultimo ma non '
                'ultimo, la questione dell’arte con la proposta di temi '
                'classici come il ritratto, la natura morta, il paesaggio, '
                'l’astrazione versus figurazione, tecnica versus pensiero per '
                'cui senza la loro relazione non vi è arte che può essere '
                'considerata tale». La direzione artistica della rassegna è di '
                'Stefano Tonti e Arianna Trifogli e il comitato scientifico è '
                'composto da Giacinto Di Pietrantonio, Stefano Papetti, Elena '
                'Pontiggia, Gabriele Simongini, Stefano Tonti e Arianna '
                'Trifogli. Il Premio Marche è una manifestazione d’arte '
                'contemporanea tra le più significative del centro Italia, di '
                'valenza nazionale e di più rilevante e importante tradizione '
                'storica tra quelle attivate nel territorio della regione '
                'delle Marche. Organizzato dall’Amia quale ente fondatore e '
                'principale promotore, l’Associazione ha partecipato nel '
                'territorio all’organizzazione di manifestazioni di livello '
                'sovraregionale e nazionale, rivestendo un ruolo fondamentale '
                'e di grande rilievo per la divulgazione dell’arte, anche '
                'attraverso il proprio spazio espositivo, quello della '
                'Galleria d’Arte Puccini ad Ancona, con un notevole contributo '
                'scientifico di carattere artistico - culturale sia a livello '
                'espositivo che critico. Dopo lo storico esordio della Mostra '
                'd’Arte Regionale del 1956, il Premio Marche, fin dalla sua '
                'prima edizione nel 1957, negli anni Novanta è diventata una '
                'tra le rassegne più significative del secondo Novecento, '
                'seconda solo alle grandi manifestazioni nazionali come la '
                'Biennale di Venezia, la Quadriennale di Roma e la Triennale '
                'di Milano, annoverando tra i suoi curatori critici come '
                'Mariano Apa, Renato Barilli, Maurizio Calvesi, Luciano '
                'Caramel, Enrico Crispolti, Luigi Dania, Mario De Micheli, '
                'Floriano De Santi, Gillo Dorfles, Vittorio Fagone, Armando '
                'Ginesi, Giorgio Di Genova, Sandra Orienti, Cesare Tacchi e '
                'Toni Toniato. Il Premio Marche nel corso della sua storia ha '
                'visto inoltre la partecipazione di quasi la totalità dei '
                'maggiori artisti del secondo Novecento, alcuni già affermati '
                'in quegli anni e altri che lo diventarono in seguito, come '
                'Luigi Bartolini, Ubaldo Bartolini, Alberto Burri, Corrado '
                'Cagli, Massimo Campigli, Giuseppe Capogrossi, Felice '
                'Casorati, Arnaldo Ciarrocchi, Claudio Cintoli, Enzo Cucchi, '
                'Bruno da Osimo, Bruno D’Arcevia, Luciano De Vita, Pericle '
                'Fazzini, Dante Ferretti, Omar Galliani, Piero Gilardi, Renato '
                'Mambor, Eliseo Mattiacci, Giuseppe Migneco, Umberto Peschi, '
                'Cesare Peruzzi, Fausto Pirandello, Gino Severini, Mario '
                'Sironi, Wladimiro Tulli, Orfeo Tamburi, Giuliano Vangi, '
                'Valeriano Trubbiani, per citarne solo alcuni. Stefano Tonti , '
                'presidente dell’Amia «La nostra mostra si chiama Erratica. '
                'Abbiamo infatti “errato” nel tempo, portando il Premio in '
                'diversi luoghi della regione, in città come Ascoli Piceno e '
                'Urbino, agli antipodi delle Marche, ma entrambe realtà con un '
                'ruolo importante nell’ambito artistico: più contemporanea '
                'Ascoli, più storica Urbino, con la sua Galleria Nazionale '
                'delle Marche. Poi abbiamo pensato, ma va dato merito sia alla '
                'Regione Marche, ma soprattutto all’Amministrazione comunale, '
                'che era arrivato il momento di tornare ad Ancona perché il '
                'Premio Marche si riconosce nella sua città, ad Ancona». '
                'Arianna Trifogli , vicepresidente Amia: «Per me oggi è una '
                'grande emozione vedere rinascere il Premio Marche ad Ancona, '
                'nella sua sede originaria, dove mio padre lo fondò e lo fece '
                'crescere. Riportare qui il Premio dopo tanto tempo significa '
                'restituire alla città un’iniziativa capace di raccontare '
                'l’arte contemporanea, proprio come lui desiderava. Ringrazio '
                'la Regione Marche per il sostegno e l’entusiasmo dimostrati: '
                'il presidente Francesco Acquaroli e il sottosegretario alla '
                'Presidenza Silvia Luconi. Ringrazio il Comune per aver '
                'promosso e co-organizzato la mostra: il sindaco Daniele '
                'Silvetti e l’assessore Marta Paraventi. Credo profondamente '
                'che la valorizzazione del nostro territorio passi anche '
                'attraverso l’arte contemporanea. Ringrazio quindi i curatori '
                'Giacinto Di Pietrantonio, Elena Pontiggia e Gabriele '
                'Simongini, per aver creduto nel progetto e Marco Tittarelli '
                'per la sezione dedicata al lascito storico del Premio. Un '
                'grazie anche a Federica Lazzarini, al professor Stefano '
                'Papetti e ai numerosi artisti presenti oggi. Un ulteriore '
                'ringraziamento va a chi ha lavorato per la migliore riuscita '
                'di questa iniziativa. Il progetto è stato condiviso non solo '
                'dagli amministratori, che ne conoscevano il valore, ma anche '
                'da tutti i collaboratori che si sono appassionati alla '
                'rassegna. Credo che questo sia un segno bellissimo: far '
                'ripartire un’iniziativa e, di conseguenza, portare lavoro a '
                'persone del territorio, tutti giovani marchigiani, è un '
                'valore aggiunto, nel nostro piccolo, qualcosa che avrebbe '
                'fatto piacere anche a mio padre: la collaborazione di '
                'maestranze giovani e marchigiane». Silvia Luconi , '
                'sottosegretaria alla Presidenza della Regione Marche: «È '
                'bellissimo che il Premio Marche torni ad Ancona. Questo '
                'dimostra anche l’investimento importante che sia il Comune di '
                'Ancona sia la Regione Marche hanno fatto sul progetto che '
                'vuole mettere al centro gli artisti marchigiani, in un '
                'settore che spesso siamo abituati a pensare come non nostro. '
                'Invece, nella nostra Regione esistono tantissime realtà '
                'artistiche degne di nota. L’arte contemporanea che si respira '
                'qui dentro questa mattina ne è un esempio. Ci sono numerosi '
                'artisti marchigiani di fama nazionale e anche internazionale. '
                'Credo che il turismo possa declinarsi in molteplici modalità, '
                'e la modalità principale per valorizzarlo è proprio la '
                'cultura. Sono quindi felicissima che questa mostra sia nel '
                'capoluogo della nostra bellissima Regione, che dimostra '
                'ancora una volta di essere un punto di riferimento importante '
                'sotto molteplici aspetti, ma soprattutto sotto quelli '
                'culturali. Credo che questa mostra sarà sicuramente un punto '
                'di riferimento importante per il nostro territorio. Nel mio '
                'nuovo incarico, cominciato da poco, sono a disposizione per '
                'tutti i progetti futuri che riterrete fondamentali. La '
                'Regione, ovviamente, c’è». Aldo Grassini , presidente Museo '
                'tattile Statale Omero: «Questa edizione del Premio Marche si '
                'apre per la prima volta all’accessibilità, grazie alla '
                'collaborazione con il Museo Tattile Statale Omero. Sono state '
                'selezionate alcune opere fruibili anche tattilmente e '
                'accompagnate da descrizioni audio disponibili tramite '
                'audiopen. Si tratta di un primo intervento che verrà '
                'completato nel corso di Erratica con ulteriori contributi e '
                'con un programma di visite tattili inclusive. Inoltre sarà '
                'attivata la reciprocità di ingresso ridotto tra Erratica e la '
                'collezione design del Museo Omero». Andrea Agostini , '
                'presidente di Fondazione Marche Cultura: «Fondazione Marche '
                'Cultura sostiene con convinzione il ritorno del Premio Marche '
                '– Biennale di arte contemporanea ad Ancona, con un programma '
                'ambizioso che raccoglie le più significative proposte '
                'artistiche presenti e passate. Il capoluogo della nostra '
                'regione merita di recuperare un ruolo centrale nel dibattito '
                'artistico nazionale. Non è certo casuale, inoltre, che il '
                'premio torni nella sua città natale proprio nell’anno in cui '
                'Ancona si candida, con autorevolezza, a Capitale italiana '
                'della cultura 2028. Mi auguro che questa pregevole rassegna '
                'possa costituire il punto di partenza di un percorso virtuoso '
                'che posiziona la cultura e l’arte come cuore pulsante della '
                'crescita di una città». Beatrice Giongo , Marche Teatro: '
                '«Porto i saluti del presidente Valerio Vico e del Cda. Marche '
                'Teatro è orgogliosamente partner del Premio Marche e ha in '
                'programma azioni di promozione e di co-marketing. Siamo da '
                'sempre aperti alle sinergie, quindi questa collaborazione ci '
                'rende orgogliosi. Bentornati, e lunga vita al Premio Marche». '
                'Moreno Clementi , Viva Energia: «Siamo veramente orgogliosi '
                'di fare la nostra parte per sostenere questa iniziativa che '
                'riporta il Premio Marche ad Ancona. Oltre all’energia, che è '
                'un bisogno primario, siamo lieti di portare al territorio '
                'quella bellezza e quell’armonia che sono la cultura può dare, '
                'trasformandosi anche in motore di sviluppo per la società».',
 'image_url': '//citynews-anconatoday.stgy.ovh/~media/horizontal-mid/19766736894273/21-11-2025-erratica-premio-marche-4.jpg',
 'location_address': None,
 'location_name': 'Mole Vanvitelliana',
 'price': 'Intero € 8 , Ridotto € 5 per residenti, dipendenti comunali, '
          'studenti, over 65, under 25 e possessori di card: Feltrinelli, '
          'Coop, Marche Teatro, iscritti al Fai, Italia Nostra, Touring Club e '
          'Icom, soci Aci / famiglie con minori al seguito. La riduzione è '
          'prevista inoltre per coloro che: pranzano in un ristorante di '
          'Ancona; hanno soggiornato almeno una notte nelle strutture '
          'ricettive marchigiane; visitano la mostra con un accompagnatore '
          'residente nel Comune di Ancona. Gratuito under 16, giornalisti '
          'muniti di tesserino, guide turistiche iscritte all’albo nazionale, '
          'ospiti - per almeno 2 notti - nelle strutture ricettive di Ancona, '
          'disabili e accompagnatori, i dipendenti del Comune di Ancona',
 'schedule': 'Dal martedì al venerdì 15-19, sabato, domenica e festivi 10-13; '
             '15-19',
 'scraped_at': '2026-01-30T14:23:06.649213',
 'title': 'Il "Premio Marche" torna nella natìa Ancona dopo 25 anni di '
          "assenza: l'arte contemporanea sempre più protagonista",
 'url': 'https://www.anconatoday.it/eventi/mostre/erratica-premio-marche-2025-ancona-mole-vanvitelliana-alfredo-trifogli.html',
 'uuid': '78562b0f291ff9c2',
 'website': 'https://www.premiomarche.it',
 'weekdays': 'Martedì, Venerdì, Sabato, Domenica'}
[2026-01-30T14:23:11.596+0000] {docker.py:429} INFO - 2026-01-30 14:23:11 [scrapy.core.engine] DEBUG: Crawled (200) <GET https://www.anconatoday.it/eventi/concerti/dalla-parola-al-grande-schermo-luca-violini-lancia-i-nuovi-corsi-di-comunicazione-e-doppiaggio-ad-ancona-per-l-anno-2026-luca-violini-13337673.html> (referer: https://www.anconatoday.it/eventi/dal/2026-01-30/al/2026-02-01/)
[2026-01-30T14:23:11.710+0000] {docker.py:429} INFO - 2026-01-30 14:23:11 [scrapy.core.scraper] DEBUG: Scraped from <200 https://www.anconatoday.it/eventi/concerti/dalla-parola-al-grande-schermo-luca-violini-lancia-i-nuovi-corsi-di-comunicazione-e-doppiaggio-ad-ancona-per-l-anno-2026-luca-violini-13337673.html>
{'category': None,
 'city': 'Ancona',
 'content_hash': '067cb231a56122b8',
 'date_end': '2026-03-17',
 'date_start': '2026-01-24',
 'dates': [{'date': '2026-01-24', 'weekday': 'Sabato'},
           {'date': '2026-01-25', 'weekday': 'Domenica'},
           {'date': '2026-01-26', 'weekday': 'Lunedì'},
           {'date': '2026-01-27', 'weekday': 'Martedì'},
           {'date': '2026-01-28', 'weekday': 'Mercoledì'},
           {'date': '2026-01-29', 'weekday': 'Giovedì'},
           {'date': '2026-01-30', 'weekday': 'Venerdì'},
           {'date': '2026-01-31', 'weekday': 'Sabato'},
           {'date': '2026-02-01', 'weekday': 'Domenica'},
           {'date': '2026-02-02', 'weekday': 'Lunedì'},
           {'date': '2026-02-03', 'weekday': 'Martedì'},
           {'date': '2026-02-04', 'weekday': 'Mercoledì'},
           {'date': '2026-02-05', 'weekday': 'Giovedì'},
           {'date': '2026-02-06', 'weekday': 'Venerdì'},
           {'date': '2026-02-07', 'weekday': 'Sabato'},
           {'date': '2026-02-08', 'weekday': 'Domenica'},
           {'date': '2026-02-09', 'weekday': 'Lunedì'},
           {'date': '2026-02-10', 'weekday': 'Martedì'},
           {'date': '2026-02-11', 'weekday': 'Mercoledì'},
           {'date': '2026-02-12', 'weekday': 'Giovedì'},
           {'date': '2026-02-13', 'weekday': 'Venerdì'},
           {'date': '2026-02-14', 'weekday': 'Sabato'},
           {'date': '2026-02-15', 'weekday': 'Domenica'},
           {'date': '2026-02-16', 'weekday': 'Lunedì'},
           {'date': '2026-02-17', 'weekday': 'Martedì'},
           {'date': '2026-02-18', 'weekday': 'Mercoledì'},
           {'date': '2026-02-19', 'weekday': 'Giovedì'},
           {'date': '2026-02-20', 'weekday': 'Venerdì'},
           {'date': '2026-02-21', 'weekday': 'Sabato'},
           {'date': '2026-02-22', 'weekday': 'Domenica'},
           {'date': '2026-02-23', 'weekday': 'Lunedì'},
           {'date': '2026-02-24', 'weekday': 'Martedì'},
           {'date': '2026-02-25', 'weekday': 'Mercoledì'},
           {'date': '2026-02-26', 'weekday': 'Giovedì'},
           {'date': '2026-02-27', 'weekday': 'Venerdì'},
           {'date': '2026-02-28', 'weekday': 'Sabato'},
           {'date': '2026-03-01', 'weekday': 'Domenica'},
           {'date': '2026-03-02', 'weekday': 'Lunedì'},
           {'date': '2026-03-03', 'weekday': 'Martedì'},
           {'date': '2026-03-04', 'weekday': 'Mercoledì'},
           {'date': '2026-03-05', 'weekday': 'Giovedì'},
           {'date': '2026-03-06', 'weekday': 'Venerdì'},
           {'date': '2026-03-07', 'weekday': 'Sabato'},
           {'date': '2026-03-08', 'weekday': 'Domenica'},
           {'date': '2026-03-09', 'weekday': 'Lunedì'},
           {'date': '2026-03-10', 'weekday': 'Martedì'},
           {'date': '2026-03-11', 'weekday': 'Mercoledì'},
           {'date': '2026-03-12', 'weekday': 'Giovedì'},
           {'date': '2026-03-13', 'weekday': 'Venerdì'},
           {'date': '2026-03-14', 'weekday': 'Sabato'},
           {'date': '2026-03-15', 'weekday': 'Domenica'},
           {'date': '2026-03-16', 'weekday': 'Lunedì'},
           {'date': '2026-03-17', 'weekday': 'Martedì'}],
 'description': '"Se l’immagine cattura lo sguardo, è la voce a conquistare la '
                'mente." Con questa visione, LUCA VIOLINI presenta la nuova '
                'stagione formativa dedicata a chiunque voglia trasformare la '
                'propria voce in uno strumento di successo, sia nel mondo '
                'professionale che in quello artistico. Sotto la sua '
                "direzione, partono ad Ancona due percorsi d'eccellenza, "
                'distinti ma complementari, pensati per rispondere a esigenze '
                'diverse, dedicati a chiunque voglia trasformare la propria '
                'voce in uno strumento di successo, sia nel mondo '
                'professionale che in quello artistico. CORSO DI LETTURA E '
                'COMUNICAZIONE: Esiste uno strumento che usiamo ogni istante, '
                'ma di cui raramente conosciamo l’immenso potenziale: la '
                "nostra voce. In un’epoca dominata dall' immagine, è la "
                'qualità della nostra comunicazione a determinare chi siamo, '
                'quanto siamo credibili e quanto riusciamo a convincere chi ci '
                'ascolta. La voce non è solo uno strumento di comunicazione, '
                'ma il biglietto da visita della nostra personalità e '
                'professionalità. La comunicazione è il terreno quotidiano su '
                'cui costruiamo relazioni e successi, quindi acquisire '
                'chiarezza e sicurezza nel proprio modo di porsi è diventato '
                'fondamentale. Il corso nasce proprio dalla consapevolezza che '
                'comunicare in modo efficace sia la chiave per vivere con '
                'maggiore serenità la propria vita privata, e con maggiore '
                'produttività la propria vita sociale e lavorativa. Il '
                'percorso ideato e proposto è un’immersione totale '
                'nell’architettura della comunicazione. Il corso è progettato '
                'per chi vuole trasformare la propria voce in uno strumento di '
                'successo: Per il professionista: per gestire con efficacia '
                "una riunione o un colloquio Per l'imprenditore: per "
                'trasmettere autorevolezza e visione ai propri collaboratori e '
                'clienti. Per tutti: per superare le timidezze e comunicare '
                'con una chiarezza che genera fiducia immediata. "La '
                'comunicazione è il terreno su cui costruiamo il nostro futuro '
                'sociale e professionale", spiega Luca Violini. "Imparare a '
                'gestire lo strumento voce significa imparare a gestire se '
                'stessi e l\'impatto che abbiamo sugli altri." Un’esperienza '
                'pratica ed esclusiva Il programma affronta la voce a 360 '
                'gradi. Sette appuntamenti serali per passare dalla teoria '
                'alla pratica immediata, sotto la guida di un Maestro che ha '
                'fatto della voce uno strumento supremo di narrazione ed '
                'emozione. Il Programma Didattico Luca Violini guiderà i '
                'partecipanti attraverso un percorso tecnico ed emozionale che '
                'toccherà i seguenti punti: Fonetica e Dizione: Le basi per '
                'una pronuncia corretta, affidata a Rosetta Martellini Lo '
                'strumento Voce: Scoperta e utilizzo appropriato delle proprie '
                "potenzialità vocali. Comunicazione Efficace: L'importanza del "
                "tono e del ritmo nel trasmettere un messaggio. L'Arte della "
                'Lettura: Interpretare i testi per emozionare e coinvolgere. '
                'Calendario delle lezioni Le lezioni saranno sette e si '
                "terranno ogni MARTEDI' dalle 20:30 alle 23:00, un orario "
                'pensato per chi lavora e vuole investire sulla propria '
                'crescita, dal 3 Febbraio al 17 Marzo CORSO DI DOPPIAGGIO: '
                "L'arte di dare l'anima a un personaggio. Un’esperienza "
                'immersiva per chi desidera scoprire i segreti della sala '
                "d'incisione. Questo corso offre l’opportunità di imparare a "
                'sincronizzare voce, respiro ed emozione sotto la guida di un '
                'corpo docenti di fama nazionale. Un viaggio pratico nella '
                'recitazione al leggio per apprendere come interpretare testi '
                'e immagini. Gli allievi affronteranno tutte le sfide del '
                'doppiaggio: dal sincronismo emozionale di film e telefilm '
                'alla creatività dei cartoni animati, fino alle tecniche '
                'specifiche per documentari, reality e over-sound. Il percorso '
                'prevede in tutte le lezioni sessioni al leggio, dove ogni '
                'allievo potrà testare i progressi fatti incidendo la propria '
                'voce su scene reali. Un momento fondamentale di confronto '
                'tecnico e artistico che simula il vero "turno di doppiaggio" '
                'professionale, lasciando a ogni partecipante la '
                'consapevolezza del proprio potenziale. Insieme a Luca '
                'Violini, metteranno a disposizione la loro esperienza docenti '
                'del calibro di Daniela Debolini, Danny Francucci, Marco De '
                'Risi. E Rosetta Martellini ( per la dizione) Il Programma '
                'didattico: Un viaggio attraverso tutti i linguaggi del '
                "settore: Cinema e Serie TV: L'arte della sincronizzazione "
                "emozionale. Imparare a respirare con l'attore sullo schermo, "
                'catturando ogni sfumatura della recitazione originale nei '
                "grandi film e nei telefilm d'autore. Animazione e Cartoni "
                'Animati: Lo studio della caratterizzazione vocale. Come '
                "creare voci uniche, bizzarre o eroiche, mantenendo l'energia "
                'e il ritmo serrato del mondo cartoon. Telenovelas e Lunga '
                'Serialità: Gestire i ritmi della narrazione seriale, '
                'lavorando sulla continuità emotiva e sulla velocità di '
                'esecuzione. Il Mondo della Realtà (Over-sound e Reality): La '
                'tecnica del "fuori campo" parlato. Come doppiare lasciando in '
                'sottofondo la voce originale (over-sound), mantenendo la '
                'naturalezza tipica dei reality show e dei programmi di '
                'intrattenimento. Documentari e Divulgazione: La voce come '
                'guida. Studio del tono istituzionale, ma coinvolgente, '
                'necessario per narrare la storia, la natura e la scienza. '
                'Calendario delle lezioni Le lezioni saranno sette e si '
                'terranno ogni SABATO dalle 14:00 alle 17:00 dal 24 gennaio al '
                '7 marzo. Scegli il corso a cui vuoi partecipare: I posti sono '
                'limitati per garantire a ogni partecipante un riscontro '
                'diretto e personalizzato da parte del Corpo Docente. Per '
                'maggiori informazioni: corsi@quellicheconlavoce.it – '
                '320.5623974',
 'image_url': '//citynews-anconatoday.stgy.ovh/~media/horizontal-mid/11621404188682/dalla-parola-al-grande-schermo-luca-violini-lancia-i-nuovi-corsi-di-comunicazione-e-doppiaggio-ad-ancona-per-l-anno-2026.jpg',
 'location_address': 'Via Giuseppe di Vittorio, 104',
 'location_name': 'Quellicheconlavoce',
 'price': 'Gratis',
 'scraped_at': '2026-01-30T14:23:06.648792',
 'time_info': 'Orario non disponibile',
 'title': 'Dalla parola al grande schermo: LUCA VIOLINI lancia i nuovi corsi '
          "di Comunicazione e Doppiaggio ad Ancona per l'anno 2026",
 'url': 'https://www.anconatoday.it/eventi/concerti/dalla-parola-al-grande-schermo-luca-violini-lancia-i-nuovi-corsi-di-comunicazione-e-doppiaggio-ad-ancona-per-l-anno-2026-luca-violini-13337673.html',
 'uuid': '4a13c0b6bcaca8ac',
 'website': 'https://www.quellicheconlavoce.it'}
[2026-01-30T14:23:12.709+0000] {docker.py:429} INFO - 2026-01-30 14:23:12 [scrapy.core.engine] DEBUG: Crawled (200) <GET https://www.anconatoday.it/eventi/teatro-nuova-fenice-osimo-31-gennaio-2026-spettacolo-notari-omaggio-ornella-vanoni-gino-paoli.html> (referer: https://www.anconatoday.it/eventi/dal/2026-01-30/al/2026-02-01/)
[2026-01-30T14:23:12.819+0000] {docker.py:429} INFO - 2026-01-30 14:23:12 [scrapy.core.scraper] DEBUG: Scraped from <200 https://www.anconatoday.it/eventi/teatro-nuova-fenice-osimo-31-gennaio-2026-spettacolo-notari-omaggio-ornella-vanoni-gino-paoli.html>
{'category': 'Concerti',
 'city': 'Ancona',
 'content_hash': 'f4958f68bcc4df87',
 'date_end': '2026-01-31',
 'date_start': '2026-01-31',
 'dates': [{'date': '2026-01-31', 'weekday': 'Sabato'}],
 'description': 'OSIMO - Torna nelle Marche l’applauditissimo spettacolo del '
                'noto giornalista marchigiano di Rai 1 Paolo Notari '
                '"Quell\'appuntamento senza fine di Gino e Ornella” che tanto '
                'successo ha riscosso nei teatri locali e italiani, con una '
                'veste rivisitata di un emozionante omaggio dedicato alla '
                'memoria di Ornella Vanoni. In anteprima, sabato 31 gennaio '
                'alle ore 21 al Teatro La Nuova Fenice di Osimo, si aprirà il '
                'palcoscenico sul nuovo spettacolo, originariamente nato nel '
                '2024 come una festa affettuosa per Ornella Vanoni e Gino '
                'Paoli che celebrava il loro quasi novantesimo compleanno, a '
                'Osimo verrà proposto nella nuova veste, come omaggio commosso '
                'e profondo a una donna che ha regalato alla musica italiana '
                'decenni di emozione, raffinatezza e straordinario talento. '
                '«Ho avuto il privilegio di incontrare e di conoscere Ornella '
                'non solo come una grande cantante - ha detto Paolo Notari - '
                'ma come una donna di una sensibilità e di una profondità '
                'rare. Ricordo i suoi occhi intelligenti, la sua capacità di '
                'trasformare ogni nota in un racconto di vita. Perdere Ornella '
                'significa che il palcoscenico della musica italiana ha perso '
                'non solo una voce straordinaria, ma una maestra di arte e di '
                'umanità. Questa rivisitazione dello spettacolo è il nostro '
                'piccolo omaggio a una leggenda della musica, e a Osimo ci '
                'esibiremo con il cuore pieno di gratitudine e di commozione: '
                "vogliamo che il pubblico senta l'eco della sua grandezza, "
                'quella grandezza che non svanirà mai». A dar voce alla '
                'memoria di Ornella Vanoni sarà la cantante Valeria Visconti '
                'di Fermignano (PU) che vanta tre partecipazioni al Festival '
                'di Sanremo (1993,1994 e 1995), una nomination al prestigioso '
                "Latin Grammy Awards come cantante dell'orchestra di tango "
                'argentino “Hijos Ilegitimos De Astor” per l’opera: '
                '“Contemporary Tango Trilogy” di Alejandro Fasanini, oltre a '
                'numerose collaborazioni con grandi artisti e pubblicazioni '
                'discografiche con le principali etichette italiane. La regia '
                'magistrale di Sabino Morra guiderà il pubblico attraverso '
                'questo viaggio emozionale nel mondo di Gino Paoli e Ornella '
                "Vanoni , restituendo splendore alla memoria di un'artista "
                'senza eguali. Un viaggio immersivo tra le pieghe tempo che '
                'racconterà in musiche e parole il rapporto umano e artistico '
                'ma anche sentimentale tra Gino Paoli, interpretato da Paolo '
                'Notari e Ornella Vanoni attraverso gli indimenticabili '
                'successi sempre vivi nei cuori di tutti tra cui “Sapore di '
                'sale”, “Una ragione di più”, “Una lunga storia d’amore”, '
                '“L’appuntamento”, “Il cielo in una stanza”, “Ti lascio una '
                'canzone” e tanti altri brani. Paolo Notari e Valeria Visconti '
                'saranno accompagnati sul palco da cinque formidabili '
                'musicisti: Michele Pelonara (Chitarre), Roberto Fabietti '
                '(Basso), Davide Caprari (Pianoforte e Tastiere) e Benvenuto '
                'Mezzanotte (Sax) e Marco Lorenzetti (Batteria). Lo '
                'spettacolo, organizzato dal Lions Club di Osimo con il '
                'patrocinio del Comune di Osimo manterrà come sempre la sua '
                'vocazione solidale: il ricavato della serata sarà devoluto '
                "all'Oncologia Pediatrica dell'Ospedale Salesi di Ancona.",
 'image_url': '//citynews-anconatoday.stgy.ovh/~media/horizontal-mid/62747425059256/valeria-visconti-paolo-notari-spettacolo-2.jpg',
 'location_address': 'Piazza Guglielmo Marconi, 6',
 'location_name': 'Teatro La Nuova Fenice',
 'price': 'a partire da 20 euro',
 'scraped_at': '2026-01-30T14:23:06.648124',
 'time_info': 'Ore 21',
 'title': 'Ornella Vanoni e Gino Paoli rivivono nello spettacolo del '
          'giornalista Notari: anteprima al Teatro la Nuova Fenice',
 'url': 'https://www.anconatoday.it/eventi/teatro-nuova-fenice-osimo-31-gennaio-2026-spettacolo-notari-omaggio-ornella-vanoni-gino-paoli.html',
 'uuid': '54d7ac391893e563',
 'website': 'https://www.vivaticket.com'}
[2026-01-30T14:23:13.197+0000] {docker.py:429} INFO - 2026-01-30 14:23:13 [scrapy.core.engine] DEBUG: Crawled (200) <GET https://www.anconatoday.it/eventi/popstar-show-concerto-ancona-teatro-panettone-gennaio-2026.html> (referer: https://www.anconatoday.it/eventi/dal/2026-01-30/al/2026-02-01/)
[2026-01-30T14:23:13.308+0000] {docker.py:429} INFO - 2026-01-30 14:23:13 [scrapy.core.scraper] DEBUG: Scraped from <200 https://www.anconatoday.it/eventi/popstar-show-concerto-ancona-teatro-panettone-gennaio-2026.html>
{'category': 'Concerti',
 'city': 'Ancona',
 'content_hash': '39cf5ae4b33979eb',
 'date_end': '2026-01-30',
 'date_start': '2026-01-30',
 'dates': [{'date': '2026-01-30', 'time_start': '20:30', 'weekday': 'Venerdì'}],
 'description': 'ANCONA – “Popstar Show” arriva nelle Marche con una data '
                'speciale al teatro Panettone di Ancona, venerdì 30 gennaio '
                'alle ore 20:30, per una serata all’insegna della grande '
                'musica pop internazionale. Lo spettacolo è un viaggio '
                'musicale immersivo che ripercorre i più grandi successi pop '
                'dagli anni ’60 ai 2000, raccontando attraverso la musica la '
                'storia degli artisti che hanno segnato intere generazioni: da '
                'James Brown e Aretha Franklin a Michael Jackson, Prince e '
                'Madonna, fino ai Queen, Britney Spears, Bruno Mars, Beyoncé e '
                'molti altri. A guidare lo spettacolo, pensato per un pubblico '
                'di tutte le età, capace di emozionare e coinvolgere '
                'dall’inizio alla fine, sono due cantanti performer di '
                'altissimo livello: Eki Cahaya, vincitore di All Together Now '
                'e finalista a The Voice Romania, e Katy Desario, artista '
                'emersa da The Voice of Italy e corista in numerose produzioni '
                'Rai e Mediaset. I due artisti sono accompagnati da una band '
                'dal vivo dal sound travolgente, dal corpo di ballo E-Motion '
                'Dance Studio, da un disegno luci coinvolgente e da una '
                'narrazione emozionante che accompagna il pubblico in un '
                'percorso fatto di energia, ricordi e grandi canzoni. Tra i '
                'momenti più intensi dello spettacolo, la partecipazione del '
                'coro misto di bambini e adulti SonavoxChoir di Ancona, '
                'protagonista di uno speciale medley dedicato a Michael '
                'Jackson, che trasforma la musica in un momento di forte '
                'impatto emotivo.',
 'image_url': '//citynews-anconatoday.stgy.ovh/~media/horizontal-mid/13175982562181/pop-star-panettone-ancona.jpeg',
 'location_address': 'Via Maestri del Lavoro',
 'location_name': 'Teatro Panettone',
 'price': '€ 16 - € 21',
 'scraped_at': '2026-01-30T14:23:06.647422',
 'time_info': 'ore 20.30',
 'title': '"Popstar Show" arriva ad Ancona: al \'Panettone\' il grande '
          'spettacolo dedicato alla musica pop',
 'url': 'https://www.anconatoday.it/eventi/popstar-show-concerto-ancona-teatro-panettone-gennaio-2026.html',
 'uuid': '42388769d2264a03',
 'website': 'https://www.popstarshow.it'}
[2026-01-30T14:23:13.308+0000] {docker.py:429} INFO - 2026-01-30 14:23:13 [scrapy.core.engine] INFO: Closing spider (finished)
[2026-01-30T14:23:13.309+0000] {docker.py:429} INFO - 2026-01-30 14:23:13 [scrapy.extensions.feedexport] INFO: Stored json feed (7 items) in: /app/city_today/output/eventi_ancona_questa-settimana_20260130_142304.json
[2026-01-30T14:23:13.309+0000] {docker.py:429} INFO - 2026-01-30 14:23:13 [scrapy.statscollectors] INFO: Dumping Scrapy stats:
{'downloader/request_bytes': 3909,
 'downloader/request_count': 9,
 'downloader/request_method_count/GET': 9,
 'downloader/response_bytes': 1241183,
 'downloader/response_count': 9,
 'downloader/response_status_count/200': 9,
 'elapsed_time_seconds': 8.990715,
 'feedexport/success_count/FileFeedStorage': 1,
 'finish_reason': 'finished',
 'finish_time': datetime.datetime(2026, 1, 30, 14, 23, 13, 308203, tzinfo=datetime.timezone.utc),
 'httpcompression/response_bytes': 6596706,
 'httpcompression/response_count': 9,
 'item_scraped_count': 7,
 'items_per_city/Ancona': 7,
 'items_per_minute': 52.5,
 'log_count/DEBUG': 16,
 'log_count/INFO': 3,
 'memusage/max': 68661248,
 'memusage/startup': 68661248,
 'request_depth_max': 1,
 'response_received_count': 9,
 'responses_per_minute': 67.5,
 'robotstxt/request_count': 1,
 'robotstxt/response_count': 1,
 'robotstxt/response_status_count/200': 1,
 'scheduler/dequeued': 8,
 'scheduler/dequeued/memory': 8,
 'scheduler/enqueued': 8,
 'scheduler/enqueued/memory': 8,
 'start_time': datetime.datetime(2026, 1, 30, 14, 23, 4, 317488, tzinfo=datetime.timezone.utc)}
2026-01-30 14:23:13 [scrapy.core.engine] INFO: Spider closed (finished)
[2026-01-30T14:23:13.353+0000] {docker.py:429} INFO - Scraping completato. File: /app/city_today/output/eventi_ancona_questa-settimana_20260130_142304.json
[2026-01-30T14:23:13.628+0000] {taskinstance.py:1138} INFO - Marking task as SUCCESS. dag_id=etl_events_daily, task_id=process_ancona.scrape_city_today, execution_date=20260129T060000, start_date=20260130T142302, end_date=20260130T142313
[2026-01-30T14:23:13.656+0000] {local_task_job_runner.py:234} INFO - Task exited with return code 0
[2026-01-30T14:23:13.693+0000] {taskinstance.py:3280} INFO - 0 downstream tasks scheduled from follow-on schedule check
