[2026-01-28T20:50:27.817+0000] {taskinstance.py:1956} INFO - Dependencies all met for dep_context=non-requeueable deps ti=<TaskInstance: etl_events_daily.load_to_staging scheduled__2026-01-27T06:00:00+00:00 [queued]>
[2026-01-28T20:50:27.826+0000] {taskinstance.py:1956} INFO - Dependencies all met for dep_context=requeueable deps ti=<TaskInstance: etl_events_daily.load_to_staging scheduled__2026-01-27T06:00:00+00:00 [queued]>
[2026-01-28T20:50:27.826+0000] {taskinstance.py:2170} INFO - Starting attempt 1 of 4
[2026-01-28T20:50:27.836+0000] {taskinstance.py:2191} INFO - Executing <Task(PythonOperator): load_to_staging> on 2026-01-27 06:00:00+00:00
[2026-01-28T20:50:27.840+0000] {standard_task_runner.py:60} INFO - Started process 302 to run task
[2026-01-28T20:50:27.843+0000] {standard_task_runner.py:87} INFO - Running: ['airflow', 'tasks', 'run', 'etl_events_daily', 'load_to_staging', 'scheduled__2026-01-27T06:00:00+00:00', '--job-id', '111', '--raw', '--subdir', 'DAGS_FOLDER/scrape_events.py', '--cfg-path', '/tmp/tmp4ko4v_vl']
[2026-01-28T20:50:27.845+0000] {standard_task_runner.py:88} INFO - Job 111: Subtask load_to_staging
[2026-01-28T20:50:27.864+0000] {logging_mixin.py:188} WARNING - /home/airflow/.local/lib/python3.11/site-packages/airflow/settings.py:194 DeprecationWarning: The sql_alchemy_conn option in [core] has been moved to the sql_alchemy_conn option in [database] - the old setting has been used, but please update your config.
[2026-01-28T20:50:27.910+0000] {task_command.py:423} INFO - Running <TaskInstance: etl_events_daily.load_to_staging scheduled__2026-01-27T06:00:00+00:00 [running]> on host a9aac56aef94
[2026-01-28T20:50:28.003+0000] {taskinstance.py:2480} INFO - Exporting env vars: AIRFLOW_CTX_DAG_OWNER='airflow' AIRFLOW_CTX_DAG_ID='etl_events_daily' AIRFLOW_CTX_TASK_ID='load_to_staging' AIRFLOW_CTX_EXECUTION_DATE='2026-01-27T06:00:00+00:00' AIRFLOW_CTX_TRY_NUMBER='1' AIRFLOW_CTX_DAG_RUN_ID='scheduled__2026-01-27T06:00:00+00:00'
[2026-01-28T20:50:28.021+0000] {base.py:83} INFO - Using connection ID 'events_postgres' for task execution.
[2026-01-28T20:50:28.042+0000] {logging_mixin.py:188} INFO - Errore processando /data/eventi_zero_bologna_20260126_013119.json: [Errno 2] No such file or directory: '/data/eventi_zero_bologna_20260126_013119.json' -> '/data/eventi_zero_bologna_20260126_013119.20260128205028.processed'
[2026-01-28T20:50:28.043+0000] {taskinstance.py:2698} ERROR - Task failed with exception
Traceback (most recent call last):
  File "/home/airflow/.local/lib/python3.11/site-packages/airflow/models/taskinstance.py", line 433, in _execute_task
    result = execute_callable(context=context, **execute_callable_kwargs)
             ^^^^^^^^^^^^^^^^^^^^^^^^^^^^^^^^^^^^^^^^^^^^^^^^^^^^^^^^^^^^
  File "/home/airflow/.local/lib/python3.11/site-packages/airflow/operators/python.py", line 199, in execute
    return_value = self.execute_callable()
                   ^^^^^^^^^^^^^^^^^^^^^^^
  File "/home/airflow/.local/lib/python3.11/site-packages/airflow/operators/python.py", line 216, in execute_callable
    return self.python_callable(*self.op_args, **self.op_kwargs)
           ^^^^^^^^^^^^^^^^^^^^^^^^^^^^^^^^^^^^^^^^^^^^^^^^^^^^^
  File "/opt/airflow/dags/scrape_events.py", line 214, in load_json_to_staging
    os.rename(json_file, archive_path)
FileNotFoundError: [Errno 2] No such file or directory: '/data/eventi_zero_bologna_20260126_013119.json' -> '/data/eventi_zero_bologna_20260126_013119.20260128205028.processed'
[2026-01-28T20:50:28.058+0000] {taskinstance.py:1138} INFO - Marking task as UP_FOR_RETRY. dag_id=etl_events_daily, task_id=load_to_staging, execution_date=20260127T060000, start_date=20260128T205027, end_date=20260128T205028
[2026-01-28T20:50:28.069+0000] {standard_task_runner.py:107} ERROR - Failed to execute job 111 for task load_to_staging ([Errno 2] No such file or directory: '/data/eventi_zero_bologna_20260126_013119.json' -> '/data/eventi_zero_bologna_20260126_013119.20260128205028.processed'; 302)
[2026-01-28T20:50:28.104+0000] {local_task_job_runner.py:234} INFO - Task exited with return code 1
[2026-01-28T20:50:28.131+0000] {taskinstance.py:3280} INFO - 0 downstream tasks scheduled from follow-on schedule check
