[2026-02-02T19:46:16.001+0000] {taskinstance.py:1956} INFO - Dependencies all met for dep_context=non-requeueable deps ti=<TaskInstance: etl_events_daily.process_pescara.scrape_city_today scheduled__2026-02-01T06:00:00+00:00 [queued]>
[2026-02-02T19:46:16.015+0000] {taskinstance.py:1956} INFO - Dependencies all met for dep_context=requeueable deps ti=<TaskInstance: etl_events_daily.process_pescara.scrape_city_today scheduled__2026-02-01T06:00:00+00:00 [queued]>
[2026-02-02T19:46:16.016+0000] {taskinstance.py:2170} INFO - Starting attempt 1 of 4
[2026-02-02T19:46:16.027+0000] {taskinstance.py:2191} INFO - Executing <Task(FilterableDockerOperator): process_pescara.scrape_city_today> on 2026-02-01 06:00:00+00:00
[2026-02-02T19:46:16.031+0000] {standard_task_runner.py:60} INFO - Started process 313 to run task
[2026-02-02T19:46:16.034+0000] {standard_task_runner.py:87} INFO - Running: ['airflow', 'tasks', 'run', 'etl_events_daily', 'process_pescara.scrape_city_today', 'scheduled__2026-02-01T06:00:00+00:00', '--job-id', '422', '--raw', '--subdir', 'DAGS_FOLDER/scrape_events.py', '--cfg-path', '/tmp/tmpsbtpsbik']
[2026-02-02T19:46:16.036+0000] {standard_task_runner.py:88} INFO - Job 422: Subtask process_pescara.scrape_city_today
[2026-02-02T19:46:16.052+0000] {logging_mixin.py:188} WARNING - /home/airflow/.local/lib/python3.11/site-packages/airflow/settings.py:194 DeprecationWarning: The sql_alchemy_conn option in [core] has been moved to the sql_alchemy_conn option in [database] - the old setting has been used, but please update your config.
[2026-02-02T19:46:16.107+0000] {task_command.py:423} INFO - Running <TaskInstance: etl_events_daily.process_pescara.scrape_city_today scheduled__2026-02-01T06:00:00+00:00 [running]> on host d1594f2b36ec
[2026-02-02T19:46:16.284+0000] {taskinstance.py:2480} INFO - Exporting env vars: AIRFLOW_CTX_DAG_OWNER='airflow' AIRFLOW_CTX_DAG_ID='etl_events_daily' AIRFLOW_CTX_TASK_ID='process_pescara.scrape_city_today' AIRFLOW_CTX_EXECUTION_DATE='2026-02-01T06:00:00+00:00' AIRFLOW_CTX_TRY_NUMBER='1' AIRFLOW_CTX_DAG_RUN_ID='scheduled__2026-02-01T06:00:00+00:00'
[2026-02-02T19:46:16.324+0000] {docker.py:359} INFO - Starting docker container from image scrapy-events:latest
[2026-02-02T19:46:16.337+0000] {docker.py:367} WARNING - Using remote engine or docker-in-docker and mounting temporary volume from host is not supported. Falling back to `mount_tmp_dir=False` mode. You can set `mount_tmp_dir` parameter to False to disable mounting and remove the warning
[2026-02-02T19:46:17.111+0000] {docker.py:429} INFO - Avvio scraping per: Pescara
Periodo: questa-settimana
[2026-02-02T19:46:17.113+0000] {docker.py:429} INFO - 2026-02-02 19:46:17 [scrapy.utils.log] INFO: Scrapy 2.14.1 started (bot: events)
[2026-02-02T19:46:17.119+0000] {docker.py:429} INFO - 2026-02-02 19:46:17 [scrapy.utils.log] INFO: Versions:
{'lxml': '6.0.2',
 'libxml2': '2.14.6',
 'cssselect': '1.3.0',
 'parsel': '1.10.0',
 'w3lib': '2.3.1',
 'Twisted': '25.5.0',
 'Python': '3.11.14 (main, Jan 13 2026, 03:12:14) [GCC 14.2.0]',
 'pyOpenSSL': '25.3.0 (OpenSSL 3.5.4 30 Sep 2025)',
 'cryptography': '46.0.3',
 'Platform': 'Linux-6.12.54-linuxkit-x86_64-with-glibc2.41'}
2026-02-02 19:46:17 [scrapy.crawler] DEBUG: Using CrawlerProcess
[2026-02-02T19:46:17.121+0000] {docker.py:429} INFO - 2026-02-02 19:46:17 [events] INFO: Scraping città: Pescara
2026-02-02 19:46:17 [events] INFO: Periodo: questa-settimana (2026-02-02 - 2026-02-08)
[2026-02-02T19:46:17.121+0000] {docker.py:429} INFO - 2026-02-02 19:46:17 [scrapy.addons] INFO: Enabled addons:
[]
[2026-02-02T19:46:17.123+0000] {docker.py:429} INFO - 2026-02-02 19:46:17 [asyncio] DEBUG: Using selector: EpollSelector
[2026-02-02T19:46:17.124+0000] {docker.py:429} INFO - 2026-02-02 19:46:17 [scrapy.utils.log] DEBUG: Using reactor: twisted.internet.asyncioreactor.AsyncioSelectorReactor
2026-02-02 19:46:17 [scrapy.utils.log] DEBUG: Using asyncio event loop: asyncio.unix_events._UnixSelectorEventLoop
[2026-02-02T19:46:17.126+0000] {docker.py:429} INFO - 2026-02-02 19:46:17 [scrapy.extensions.telnet] INFO: Telnet Password: a7a36df7bfa9c71f
[2026-02-02T19:46:17.179+0000] {docker.py:429} INFO - 2026-02-02 19:46:17 [scrapy.middleware] INFO: Enabled extensions:
['scrapy.extensions.corestats.CoreStats',
 'scrapy.extensions.logcount.LogCount',
 'scrapy.extensions.telnet.TelnetConsole',
 'scrapy.extensions.memusage.MemoryUsage',
 'scrapy.extensions.feedexport.FeedExporter',
 'scrapy.extensions.logstats.LogStats']
[2026-02-02T19:46:17.179+0000] {docker.py:429} INFO - 2026-02-02 19:46:17 [scrapy.crawler] INFO: Overridden settings:
{'BOT_NAME': 'events',
 'CONCURRENT_REQUESTS': 2,
 'CONCURRENT_REQUESTS_PER_DOMAIN': 1,
 'DOWNLOAD_DELAY': 1,
 'FEED_EXPORT_ENCODING': 'utf-8',
 'NEWSPIDER_MODULE': 'events.spiders',
 'ROBOTSTXT_OBEY': True,
 'SPIDER_MODULES': ['events.spiders'],
 'USER_AGENT': 'Mozilla/5.0 (Macintosh; Intel Mac OS X 10_15_7) '
               'AppleWebKit/537.36 (KHTML, like Gecko) Chrome/120.0.0.0 '
               'Safari/537.36'}
[2026-02-02T19:46:17.234+0000] {docker.py:429} INFO - 2026-02-02 19:46:17 [scrapy.middleware] INFO: Enabled downloader middlewares:
['scrapy.downloadermiddlewares.offsite.OffsiteMiddleware',
 'scrapy.downloadermiddlewares.robotstxt.RobotsTxtMiddleware',
 'scrapy.downloadermiddlewares.httpauth.HttpAuthMiddleware',
 'scrapy.downloadermiddlewares.downloadtimeout.DownloadTimeoutMiddleware',
 'scrapy.downloadermiddlewares.defaultheaders.DefaultHeadersMiddleware',
 'scrapy.downloadermiddlewares.useragent.UserAgentMiddleware',
 'scrapy.downloadermiddlewares.retry.RetryMiddleware',
 'scrapy.downloadermiddlewares.redirect.MetaRefreshMiddleware',
 'scrapy.downloadermiddlewares.httpcompression.HttpCompressionMiddleware',
 'scrapy.downloadermiddlewares.redirect.RedirectMiddleware',
 'scrapy.downloadermiddlewares.cookies.CookiesMiddleware',
 'scrapy.downloadermiddlewares.httpproxy.HttpProxyMiddleware',
 'scrapy.downloadermiddlewares.stats.DownloaderStats']
[2026-02-02T19:46:17.236+0000] {docker.py:429} INFO - 2026-02-02 19:46:17 [scrapy.middleware] INFO: Enabled spider middlewares:
['scrapy.spidermiddlewares.start.StartSpiderMiddleware',
 'scrapy.spidermiddlewares.httperror.HttpErrorMiddleware',
 'scrapy.spidermiddlewares.referer.RefererMiddleware',
 'scrapy.spidermiddlewares.urllength.UrlLengthMiddleware',
 'scrapy.spidermiddlewares.depth.DepthMiddleware']
[2026-02-02T19:46:17.237+0000] {docker.py:429} INFO - 2026-02-02 19:46:17 [scrapy.middleware] INFO: Enabled item pipelines:
[]
[2026-02-02T19:46:17.238+0000] {docker.py:429} INFO - Output file: /app/city_today/output/eventi_pescara_questa-settimana_20260202_194617.json
[2026-02-02T19:46:17.238+0000] {docker.py:429} INFO - 2026-02-02 19:46:17 [scrapy.core.engine] INFO: Spider opened
[2026-02-02T19:46:17.244+0000] {docker.py:429} INFO - 2026-02-02 19:46:17 [scrapy.extensions.logstats] INFO: Crawled 0 pages (at 0 pages/min), scraped 0 items (at 0 items/min)
[2026-02-02T19:46:17.245+0000] {docker.py:429} INFO - 2026-02-02 19:46:17 [scrapy.extensions.telnet] INFO: Telnet console listening on 127.0.0.1:6023
[2026-02-02T19:46:17.405+0000] {docker.py:429} INFO - 2026-02-02 19:46:17 [scrapy.core.engine] DEBUG: Crawled (200) <GET https://www.ilpescara.it/robots.txt> (referer: None)
[2026-02-02T19:46:19.414+0000] {docker.py:429} INFO - 2026-02-02 19:46:19 [scrapy.core.engine] DEBUG: Crawled (200) <GET https://www.ilpescara.it/eventi/dal/2026-02-02/al/2026-02-08/> (referer: None)
[2026-02-02T19:46:20.249+0000] {docker.py:429} INFO - 2026-02-02 19:46:20 [scrapy.core.engine] DEBUG: Crawled (200) <GET https://www.ilpescara.it/eventi/mostre/mostra-stars-tears-marco-vespasiani.html> (referer: https://www.ilpescara.it/eventi/dal/2026-02-02/al/2026-02-08/)
[2026-02-02T19:46:20.368+0000] {docker.py:429} INFO - 2026-02-02 19:46:20 [scrapy.core.scraper] DEBUG: Scraped from <200 https://www.ilpescara.it/eventi/mostre/mostra-stars-tears-marco-vespasiani.html>
{'category': ['Mostre'],
 'city': 'Pescara',
 'city_id': None,
 'content_hash': 'a8bd3ed747e808e7',
 'date_display': 'dal 17 gennaio al 8 febbraio 2026',
 'date_end': '2026-02-08',
 'date_start': '2026-01-17',
 'description': 'Al museo delle Genti d’Abruzzo è possibile visitare, fino al '
                'prossimo 8 febbraio, la mostra di Marco Vespasiani, dal '
                'titolo “Stars and tears”. L’esposizione è a cura di Francesco '
                'Binetti e Giuseppe Bacci. Il progetto raccoglie le opere '
                'realizzate dall’artista negli ultimi tre mesi, successivi '
                'alla scomparsa del padre. I dipinti raccontano un passaggio: '
                'la continuità che si manifesta in potenti forme simboliche e '
                'visionarie. Rappresentati cieli stellati, tigri, velieri, '
                'cori angelici e musica cosmica. Una mostra da vedere e '
                'vivere.',
 'event_id': 'mostra-stars-tears-marco-vespasiani',
 'image_url': '//citynews-ilpescara.stgy.ovh/~media/horizontal-low/19943340616845/vespasiani-mostra.jpg',
 'location_address': 'Via delle Caserme',
 'location_name': "Museo delle Genti d'Abruzzo",
 'price': 'Adulti: €12,00; Ridotto (sotto i 18 e sopra i 65 anni): €8,00',
 'raw_data': {'detail': {'altre_informazioni': {'raw_text': 'Altre '
                                                            'informazioni '
                                                            'Evento per '
                                                            'bambini',
                                                'website': None},
                         'descrizione': 'Al museo delle Genti d’Abruzzo è '
                                        'possibile visitare, fino al prossimo '
                                        '8 febbraio, la mostra di Marco '
                                        'Vespasiani, dal titolo “Stars and '
                                        'tears”. L’esposizione è a cura di '
                                        'Francesco Binetti e Giuseppe Bacci. '
                                        'Il progetto raccoglie le opere '
                                        'realizzate dall’artista negli ultimi '
                                        'tre mesi, successivi alla scomparsa '
                                        'del padre. I dipinti raccontano un '
                                        'passaggio: la continuità che si '
                                        'manifesta in potenti forme simboliche '
                                        'e visionarie. Rappresentati cieli '
                                        'stellati, tigri, velieri, cori '
                                        'angelici e musica cosmica. Una mostra '
                                        'da vedere e vivere.',
                         'dove': {'address': 'Via delle Caserme',
                                  'name': "Museo delle Genti d'Abruzzo",
                                  'raw_text': 'Dove Museo delle Genti '
                                              "d'Abruzzo Via delle Caserme"},
                         'image': '//citynews-ilpescara.stgy.ovh/~media/horizontal-low/19943340616845/vespasiani-mostra.jpg',
                         'prezzo': 'Adulti: €12,00; Ridotto (sotto i 18 e '
                                   'sopra i 65 anni): €8,00',
                         'quando': {'date_end': '2026-02-08',
                                    'date_start': '2026-01-17',
                                    'raw_text': 'Quando Dal 17/01/2026 al '
                                                '08/02/2026 Da lunedì a '
                                                'venerdì dalle 9:00 alle 13:00 '
                                                'Sabato e Domenica dalle 16:00 '
                                                'alle 20:00',
                                    'schedule': 'Da lunedì a venerdì dalle '
                                                '9:00 alle 13:00 Sabato e '
                                                'Domenica dalle 16:00 alle '
                                                '20:00'}},
              'list': {'category': 'Mostre',
                       'date': 'dal 17 gennaio al 8 febbraio 2026',
                       'image': '//citynews-ilpescara.stgy.ovh/~media/horizontal-mid/19943340616845/vespasiani-mostra.jpg',
                       'location': "Museo delle Genti d'Abruzzo",
                       'stars': None,
                       'title': 'Mostra “Stars and tears” di Marco '
                                'Vespasiani'}},
 'scraped_at': '2026-02-02T19:46:20.364673',
 'source': 'city_today',
 'title': 'Mostra “Stars and tears” di Marco Vespasiani',
 'url': 'https://www.ilpescara.it/eventi/mostre/mostra-stars-tears-marco-vespasiani.html',
 'uuid': 'ea74c0516e72b2fd',
 'website': None}
[2026-02-02T19:46:21.057+0000] {docker.py:429} INFO - 2026-02-02 19:46:21 [scrapy.core.engine] DEBUG: Crawled (200) <GET https://www.ilpescara.it/eventi/cultura/pianella-san-valentino-2026-maxi-cuore-luminoso.html> (referer: https://www.ilpescara.it/eventi/dal/2026-02-02/al/2026-02-08/)
[2026-02-02T19:46:21.168+0000] {docker.py:429} INFO - 2026-02-02 19:46:21 [scrapy.core.scraper] DEBUG: Scraped from <200 https://www.ilpescara.it/eventi/cultura/pianella-san-valentino-2026-maxi-cuore-luminoso.html>
{'category': ['Escursioni'],
 'city': 'Pescara',
 'city_id': None,
 'content_hash': '4d926d1b492b8189',
 'date_display': 'dal 3 al 17 febbraio 2026',
 'date_end': '2026-02-17',
 'date_start': '2026-02-03',
 'description': 'Un grande cuore illumina piazza dei Vestini, a Pianella. Un '
                'luogo magico e incantato per vivere l’amore dal 3 al 17 '
                'febbraio 2026. Questa è l’iniziativa di san Valentino '
                'promossa dall’amministrazione comunale e dall’assessore al '
                'turismo ed eventi Anna Bruna Giansante. Due settimane sotto '
                'il segno dell’amore, con il simbolo dedicato a tutti gli '
                'innamorati che diventa un vero e proprio luogo di incontro. '
                'Un’iniziativa che culminerà con l’evento previsto sabato 14 '
                'febbraio, alle ore 17.30. Proprio nel giorno di san Valentino '
                'sarà possibile partecipare a una passeggiata romantica '
                'guidata alla scoperta del centro storico, per scoprire il '
                'fascino di vicoli, storie e scorci suggestivi con un esperto '
                'del territorio. E per rendere la serata ancora più speciale, '
                'ci sono le attività commerciali del borgo: botteghe, negozi e '
                'locali aspettano tutti con idee regalo, prodotti tipici e '
                'proposte dedicate a san Valentino.',
 'event_id': 'pianella-san-valentino-2026-maxi-cuore-luminoso',
 'image_url': '//citynews-ilpescara.stgy.ovh/~media/horizontal-low/48218953896652/san-valentino-2026-pianella.jpg',
 'location_address': 'Piazza dei Vestini',
 'location_name': 'Centro',
 'price': 'Gratis',
 'raw_data': {'detail': {'altre_informazioni': {'raw_text': 'Altre '
                                                            'informazioni Tema '
                                                            'San valentino',
                                                'website': None},
                         'descrizione': 'Un grande cuore illumina piazza dei '
                                        'Vestini, a Pianella. Un luogo magico '
                                        'e incantato per vivere l’amore dal 3 '
                                        'al 17 febbraio 2026. Questa è '
                                        'l’iniziativa di san Valentino '
                                        'promossa dall’amministrazione '
                                        'comunale e dall’assessore al turismo '
                                        'ed eventi Anna Bruna Giansante. Due '
                                        'settimane sotto il segno dell’amore, '
                                        'con il simbolo dedicato a tutti gli '
                                        'innamorati che diventa un vero e '
                                        'proprio luogo di incontro. '
                                        'Un’iniziativa che culminerà con '
                                        'l’evento previsto sabato 14 febbraio, '
                                        'alle ore 17.30. Proprio nel giorno di '
                                        'san Valentino sarà possibile '
                                        'partecipare a una passeggiata '
                                        'romantica guidata alla scoperta del '
                                        'centro storico, per scoprire il '
                                        'fascino di vicoli, storie e scorci '
                                        'suggestivi con un esperto del '
                                        'territorio. E per rendere la serata '
                                        'ancora più speciale, ci sono le '
                                        'attività commerciali del borgo: '
                                        'botteghe, negozi e locali aspettano '
                                        'tutti con idee regalo, prodotti '
                                        'tipici e proposte dedicate a san '
                                        'Valentino.',
                         'dove': {'address': 'Piazza dei Vestini',
                                  'name': 'Centro',
                                  'raw_text': 'Dove Centro Piazza dei Vestini '
                                              'Pianella'},
                         'image': '//citynews-ilpescara.stgy.ovh/~media/horizontal-low/48218953896652/san-valentino-2026-pianella.jpg',
                         'prezzo': 'Gratis',
                         'quando': {'date_end': '2026-02-17',
                                    'date_start': '2026-02-03',
                                    'raw_text': 'Quando Dal 03/02/2026 al '
                                                '17/02/2026 da domani tutto il '
                                                'giorno - ore 17.30 escursione '
                                                'del 14 febbraio',
                                    'schedule': 'tutto il giorno - ore 17.30 '
                                                'escursione del 14 febbraio'}},
              'list': {'category': 'Escursioni',
                       'date': 'dal 3 al 17 febbraio 2026',
                       'image': '//citynews-ilpescara.stgy.ovh/~media/horizontal-mid/48218953896652/san-valentino-2026-pianella.jpg',
                       'location': 'Centro',
                       'stars': None,
                       'title': 'Pianella per San Valentino si veste d’amore '
                                'con un maxi cuore luminoso'}},
 'scraped_at': '2026-02-02T19:46:21.166197',
 'source': 'city_today',
 'title': 'Pianella per San Valentino si veste d’amore con un maxi cuore '
          'luminoso',
 'url': 'https://www.ilpescara.it/eventi/cultura/pianella-san-valentino-2026-maxi-cuore-luminoso.html',
 'uuid': '8cc54934854e469c',
 'website': None}
[2026-02-02T19:46:22.496+0000] {docker.py:429} INFO - 2026-02-02 19:46:22 [scrapy.core.engine] DEBUG: Crawled (200) <GET https://www.ilpescara.it/eventi/cultura/carnival-village-2026-eventi-programma-outlet-santangelo.html> (referer: https://www.ilpescara.it/eventi/dal/2026-02-02/al/2026-02-08/)
[2026-02-02T19:46:22.607+0000] {docker.py:429} INFO - 2026-02-02 19:46:22 [scrapy.core.scraper] DEBUG: Scraped from <200 https://www.ilpescara.it/eventi/cultura/carnival-village-2026-eventi-programma-outlet-santangelo.html>
{'category': ['Manifestazioni'],
 'city': 'Pescara',
 'city_id': None,
 'content_hash': 'eac8c432a863ca69',
 'date_display': 'dal 24 gennaio al 17 febbraio 2026',
 'date_end': '2026-02-17',
 'date_start': '2026-01-24',
 'description': 'In attesa del Carnevale, il Santangelo outlet village si '
                'colora di allegria e fantasia con l’inizio del Carnival '
                'Village, il grande contenitore di eventi, che ha preso il via '
                'sabato 24 gennaio, registrando sin da subito un’ottima '
                'partecipazione di pubblico, e che terminerà il prossimo 17 '
                'febbraio, nel giorno di martedì grasso. Un progetto pensato '
                'per stupire grandi e bambini, capace di trasformare una '
                'giornata di shopping in un’esperienza coinvolgente e '
                'memorabile, tra scenografie a tema, laboratori creativi e '
                'momenti di intrattenimento. Il cuore pulsante della '
                'manifestazione sono le unità 132–133 del Village, due spazi '
                'completamente trasformati in ambientazioni scenografiche a '
                'tema carnevalesco, pronte ad accogliere i più piccoli in un '
                'mondo di colori, creatività e immaginazione. Protagonisti del '
                'Carnival village sono i laboratori creativi a tema, in '
                'programma con doppia fascia oraria (10:30–12:30 e '
                '15:00–19:00) nei weekend del 24/25 gennaio, 31 gennaio/1 '
                'febbraio, 7/8 febbraio, 14/15 febbraio, fino al gran finale '
                'di martedì 17 febbraio. Il calendario delle attività prevede: '
                '· Sabato 31 gennaio: maschere da clown personalizzate · '
                'Sabato 7 febbraio e domenica 15 febbraio: il tendone del '
                'circo · Domenica 8 febbraio e sabato 14 febbraio: cornici '
                'portafoto a tema circense · Martedì 17 febbraio: '
                'sparacoriandoli Sabato 14 febbraio, in occasione di San '
                'Valentino, il Village celebrerà l’amore in tutte le sue forme '
                'con un ospite d’eccezione: il Meet & Greet con la mascotte '
                'dei Care Bears (Orsetti del cuore). Un appuntamento speciale '
                'per incontrare i personaggi più amati di sempre e scattare '
                'foto ricordo. Orari delle uscite della mascotte (Ogni uscita '
                'durerà circa 25 minuti): Mattina: 10:30 – 11:30 – 12:30 '
                'Pomeriggio: 15:00 – 16:00 – 17:00 – 18:00 Il divertimento '
                'prosegue sabato 14 e domenica 15 febbraio con truccabimbi a '
                'tema e degustazioni gratuite di popcorn caldi e soffice '
                'zucchero filato, per una pausa golosa tra un’attività e '
                'l’altra. Gran chiusura domenica 15 febbraio con la sfilata '
                'delle mascherine di Carnevale, un momento di festa dedicato '
                'alla creatività e all’originalità dei piccoli partecipanti. '
                'Tra shopping, laboratori, spettacolo e momenti golosi, il '
                'Santangelo outlet village si conferma ancora una volta come '
                'destinazione ideale per vivere il Carnevale in famiglia e '
                'lasciarsi conquistare dalla magia del Carnival village.',
 'event_id': 'carnival-village-2026-eventi-programma-outlet-santangelo',
 'image_url': '//citynews-ilpescara.stgy.ovh/~media/horizontal-low/54121332584301/carnival-village.jpg',
 'location_address': 'Via Moscarola',
 'location_name': 'Santangelo outlet village',
 'price': 'Gratis',
 'raw_data': {'detail': {'altre_informazioni': {'raw_text': 'Altre '
                                                            'informazioni Tema '
                                                            'Carnevale Evento '
                                                            'per bambini',
                                                'website': None},
                         'descrizione': 'In attesa del Carnevale, il '
                                        'Santangelo outlet village si colora '
                                        'di allegria e fantasia con l’inizio '
                                        'del Carnival Village, il grande '
                                        'contenitore di eventi, che ha preso '
                                        'il via sabato 24 gennaio, registrando '
                                        'sin da subito un’ottima '
                                        'partecipazione di pubblico, e che '
                                        'terminerà il prossimo 17 febbraio, '
                                        'nel giorno di martedì grasso. Un '
                                        'progetto pensato per stupire grandi e '
                                        'bambini, capace di trasformare una '
                                        'giornata di shopping in un’esperienza '
                                        'coinvolgente e memorabile, tra '
                                        'scenografie a tema, laboratori '
                                        'creativi e momenti di '
                                        'intrattenimento. Il cuore pulsante '
                                        'della manifestazione sono le unità '
                                        '132–133 del Village, due spazi '
                                        'completamente trasformati in '
                                        'ambientazioni scenografiche a tema '
                                        'carnevalesco, pronte ad accogliere i '
                                        'più piccoli in un mondo di colori, '
                                        'creatività e immaginazione. '
                                        'Protagonisti del Carnival village '
                                        'sono i laboratori creativi a tema, in '
                                        'programma con doppia fascia oraria '
                                        '(10:30–12:30 e 15:00–19:00) nei '
                                        'weekend del 24/25 gennaio, 31 '
                                        'gennaio/1 febbraio, 7/8 febbraio, '
                                        '14/15 febbraio, fino al gran finale '
                                        'di martedì 17 febbraio. Il calendario '
                                        'delle attività prevede: · Sabato 31 '
                                        'gennaio: maschere da clown '
                                        'personalizzate · Sabato 7 febbraio e '
                                        'domenica 15 febbraio: il tendone del '
                                        'circo · Domenica 8 febbraio e sabato '
                                        '14 febbraio: cornici portafoto a tema '
                                        'circense · Martedì 17 febbraio: '
                                        'sparacoriandoli Sabato 14 febbraio, '
                                        'in occasione di San Valentino, il '
                                        'Village celebrerà l’amore in tutte le '
                                        'sue forme con un ospite d’eccezione: '
                                        'il Meet & Greet con la mascotte dei '
                                        'Care Bears (Orsetti del cuore). Un '
                                        'appuntamento speciale per incontrare '
                                        'i personaggi più amati di sempre e '
                                        'scattare foto ricordo. Orari delle '
                                        'uscite della mascotte (Ogni uscita '
                                        'durerà circa 25 minuti): Mattina: '
                                        '10:30 – 11:30 – 12:30 Pomeriggio: '
                                        '15:00 – 16:00 – 17:00 – 18:00 Il '
                                        'divertimento prosegue sabato 14 e '
                                        'domenica 15 febbraio con truccabimbi '
                                        'a tema e degustazioni gratuite di '
                                        'popcorn caldi e soffice zucchero '
                                        'filato, per una pausa golosa tra '
                                        'un’attività e l’altra. Gran chiusura '
                                        'domenica 15 febbraio con la sfilata '
                                        'delle mascherine di Carnevale, un '
                                        'momento di festa dedicato alla '
                                        'creatività e all’originalità dei '
                                        'piccoli partecipanti. Tra shopping, '
                                        'laboratori, spettacolo e momenti '
                                        'golosi, il Santangelo outlet village '
                                        'si conferma ancora una volta come '
                                        'destinazione ideale per vivere il '
                                        'Carnevale in famiglia e lasciarsi '
                                        'conquistare dalla magia del Carnival '
                                        'village.',
                         'dove': {'address': 'Via Moscarola',
                                  'name': 'Santangelo outlet village',
                                  'raw_text': 'Dove Santangelo outlet village '
                                              'Via Moscarola Città '
                                              "sant'angelo"},
                         'image': '//citynews-ilpescara.stgy.ovh/~media/horizontal-low/54121332584301/carnival-village.jpg',
                         'prezzo': 'Gratis',
                         'quando': {'date_end': '2026-02-17',
                                    'date_start': '2026-01-24',
                                    'raw_text': 'Quando Dal 24/01/2026 al '
                                                '17/02/2026 (10:30–12:30 e '
                                                '15:00–19:00) nei weekend del '
                                                '24/25 gennaio, 31 gennaio/1 '
                                                'febbraio, 7/8 febbraio, 14/15 '
                                                'febbraio e 17 febbraio',
                                    'schedule': '(10:30–12:30 e 15:00–19:00) '
                                                'nei weekend del 24/25 '
                                                'gennaio, 31 gennaio/1 '
                                                'febbraio, 7/8 febbraio, 14/15 '
                                                'febbraio e 17 febbraio'}},
              'list': {'category': 'Manifestazioni',
                       'date': 'dal 24 gennaio al 17 febbraio 2026',
                       'image': '//citynews-ilpescara.stgy.ovh/~media/horizontal-mid/54121332584301/carnival-village.jpg',
                       'location': 'Santangelo outlet village',
                       'stars': None,
                       'title': 'Carnival village: gli eventi in programma '
                                'all’outlet Santangelo'}},
 'scraped_at': '2026-02-02T19:46:22.605539',
 'source': 'city_today',
 'title': 'Carnival village: gli eventi in programma all’outlet Santangelo',
 'url': 'https://www.ilpescara.it/eventi/cultura/carnival-village-2026-eventi-programma-outlet-santangelo.html',
 'uuid': 'f9d780614f136999',
 'website': None}
[2026-02-02T19:46:24.130+0000] {docker.py:429} INFO - 2026-02-02 19:46:24 [scrapy.core.engine] DEBUG: Crawled (200) <GET https://www.ilpescara.it/eventi/mostre/sculture-vito-pancella-mostra-2025-2026.html> (referer: https://www.ilpescara.it/eventi/dal/2026-02-02/al/2026-02-08/)
[2026-02-02T19:46:24.241+0000] {docker.py:429} INFO - 2026-02-02 19:46:24 [scrapy.core.scraper] DEBUG: Scraped from <200 https://www.ilpescara.it/eventi/mostre/sculture-vito-pancella-mostra-2025-2026.html>
{'category': ['Mostre'],
 'city': 'Pescara',
 'city_id': None,
 'content_hash': 'a135d1e551aef4ee',
 'date_display': 'dal 5 dicembre 2025 al 8 marzo 2026',
 'date_end': '2026-03-08',
 'date_start': '2025-12-05',
 'description': 'Il prossimo 5 dicembre si terrà l’inaugurazione della mostra '
                '“Vito Pancella: dare vita alla materia”, a ottant’anni dalla '
                'nascita e vent’anni dalla scomparsa dello scultore abruzzese '
                '(Lanciano, 1945 – 2005). L’esposizione sarà allestita a '
                'Maison des Arts, promossa da fondazione Pescarabruzzo. Il '
                'vernissage si terrà il 5 dicembre, alle ore 17.30, a ingresso '
                'libero, e la mostra sarà visitabile fino al prossimo 8 marzo '
                '2026. Curata dalla storica e critica d’arte, Ida Mitrano, la '
                'mostra propone una lettura rinnovata della ricerca di '
                'Pancella e del suo rapporto profondo con la natura, la forma '
                'e il “respiro” della materia. Come sottolinea il presidente '
                'della Pescarabruzzo Nicola Mattoscio, l’esposizione nasce dal '
                'principio che guidava l’artista: la necessità di “dare la '
                'vita, il respiro alla materia”, trasformando bronzo, marmo e '
                'gesso in forme animate, vibranti e cariche di tensione '
                'poetica. L’esposizione presenta 55 opere complessive, di cui: '
                '33 sculture in bronzo, marmo e gesso, che documentano '
                'l’evoluzione stilistica dell’artista dai primi lavori degli '
                'anni ‘70 alla piena maturità, e 22 opere grafiche, tra '
                'incisioni e disegni, specialmente degli anni ‘80, che '
                'dialogano con le sculture evidenziando la libertà espressiva '
                'e la padronanza tecnica dell’autore. Due gessi degli anni ‘70 '
                'legati agli studi romani presso Pericle Fazzini, aprono il '
                'percorso, mentre un nucleo di opere dedicate ai fenomeni '
                'naturali – dall’alba alla luna, dal vento alla primavera – '
                'restituisce lo sguardo umano e poetico dell’artista, capace '
                'di trasformare gli elementi in forme che raccontano la '
                'ciclicità della vita e l’intimo legame tra uomo e natura. '
                'Nelle parole della curatrice Ida Mitrano, le sculture di '
                'Pancella rivelano un sentimento della natura» che è '
                'esperienza interiore e vibrazione emotiva, tra leggerezza, '
                'tensione e fragilità. Al vernissage, dopo i saluti '
                'istituzionali di Nicola Mattoscio, e Carlo Masci, '
                'interverranno gli autori dei testi del catalogo: Ida Mitrano, '
                'curatrice della mostra, e Alessandro Masi, storico dell’arte '
                'e segretario generale della società Dante Alighieri di Roma. '
                'Saranno presenti i familiari dell’artista. Un artista tra '
                'mito, natura e forma. Il percorso espositivo mostra un’opera '
                'sospesa tra classicità e inquietudine contemporanea: figure '
                'femminili enigmatiche, corpi attraversati dal vento, '
                'superfici vibrate, forme che sembrano emergere e dissolversi '
                'allo stesso tempo. Come osserva Mitrano, Pancella «non vuole '
                'rappresentare, ma essere», restituendo alla scultura una '
                'dimensione esistenziale che unisce etica, estetica e umanità '
                'profonda. Nel suo saggio, Alessandro Masi amplia lo sguardo '
                'sulla figura dell’artista e sulla sua appartenenza alla '
                'grande stagione della scultura italiana della seconda metà '
                'del Novecento, erede della lezione di Pericle Fazzini e '
                'interprete originale del rapporto tra forma, mito e natura. '
                'Vito Pancella nasce a Lanciano nel 1945, dove compie gli '
                'studi artistici prima di trasferirsi a Roma per frequentare '
                'l’Accademia di Belle Arti. Qui si forma alla scuola dello '
                'scultore Pericle Fazzini e dell’incisore Lino Bianchi '
                'Barriviera. Per oltre vent’anni insegna nei licei artistici '
                'di Bari e di Roma, città dove mantiene a lungo il proprio '
                'studio e partecipa attivamente alla vita culturale. Nel 1989 '
                'torna stabilmente a Lanciano, pur continuando a lavorare tra '
                'le fonderie di Verona e i laboratori del marmo di '
                'Pietrasanta. La sua intensa attività espositiva, durata quasi '
                'quarant’anni, lo vede presente in numerose personali e '
                'collettive in Italia e all’estero, con riconoscimenti e premi '
                'significativi. Muore il 12 giugno 2005, dopo una lunga '
                'malattia.',
 'event_id': 'sculture-vito-pancella-mostra-2025-2026',
 'image_url': '//citynews-ilpescara.stgy.ovh/~media/horizontal-low/14556323710682/invito-web_mostra-vito-pancella.jpg',
 'location_address': 'Corso Umberto I, 83',
 'location_name': 'Maison des Arts | Fondazione Pescarabruzzo',
 'price': 'Gratis',
 'raw_data': {'detail': {'altre_informazioni': {'raw_text': 'Altre '
                                                            'informazioni',
                                                'website': None},
                         'descrizione': 'Il prossimo 5 dicembre si terrà '
                                        'l’inaugurazione della mostra “Vito '
                                        'Pancella: dare vita alla materia”, a '
                                        'ottant’anni dalla nascita e vent’anni '
                                        'dalla scomparsa dello scultore '
                                        'abruzzese (Lanciano, 1945 – 2005). '
                                        'L’esposizione sarà allestita a Maison '
                                        'des Arts, promossa da fondazione '
                                        'Pescarabruzzo. Il vernissage si terrà '
                                        'il 5 dicembre, alle ore 17.30, a '
                                        'ingresso libero, e la mostra sarà '
                                        'visitabile fino al prossimo 8 marzo '
                                        '2026. Curata dalla storica e critica '
                                        'd’arte, Ida Mitrano, la mostra '
                                        'propone una lettura rinnovata della '
                                        'ricerca di Pancella e del suo '
                                        'rapporto profondo con la natura, la '
                                        'forma e il “respiro” della materia. '
                                        'Come sottolinea il presidente della '
                                        'Pescarabruzzo Nicola Mattoscio, '
                                        'l’esposizione nasce dal principio che '
                                        'guidava l’artista: la necessità di '
                                        '“dare la vita, il respiro alla '
                                        'materia”, trasformando bronzo, marmo '
                                        'e gesso in forme animate, vibranti e '
                                        'cariche di tensione poetica. '
                                        'L’esposizione presenta 55 opere '
                                        'complessive, di cui: 33 sculture in '
                                        'bronzo, marmo e gesso, che '
                                        'documentano l’evoluzione stilistica '
                                        'dell’artista dai primi lavori degli '
                                        'anni ‘70 alla piena maturità, e 22 '
                                        'opere grafiche, tra incisioni e '
                                        'disegni, specialmente degli anni ‘80, '
                                        'che dialogano con le sculture '
                                        'evidenziando la libertà espressiva e '
                                        'la padronanza tecnica dell’autore. '
                                        'Due gessi degli anni ‘70 legati agli '
                                        'studi romani presso Pericle Fazzini, '
                                        'aprono il percorso, mentre un nucleo '
                                        'di opere dedicate ai fenomeni '
                                        'naturali – dall’alba alla luna, dal '
                                        'vento alla primavera – restituisce lo '
                                        'sguardo umano e poetico dell’artista, '
                                        'capace di trasformare gli elementi in '
                                        'forme che raccontano la ciclicità '
                                        'della vita e l’intimo legame tra uomo '
                                        'e natura. Nelle parole della '
                                        'curatrice Ida Mitrano, le sculture di '
                                        'Pancella rivelano un sentimento della '
                                        'natura» che è esperienza interiore e '
                                        'vibrazione emotiva, tra leggerezza, '
                                        'tensione e fragilità. Al vernissage, '
                                        'dopo i saluti istituzionali di Nicola '
                                        'Mattoscio, e Carlo Masci, '
                                        'interverranno gli autori dei testi '
                                        'del catalogo: Ida Mitrano, curatrice '
                                        'della mostra, e Alessandro Masi, '
                                        'storico dell’arte e segretario '
                                        'generale della società Dante '
                                        'Alighieri di Roma. Saranno presenti i '
                                        'familiari dell’artista. Un artista '
                                        'tra mito, natura e forma. Il percorso '
                                        'espositivo mostra un’opera sospesa '
                                        'tra classicità e inquietudine '
                                        'contemporanea: figure femminili '
                                        'enigmatiche, corpi attraversati dal '
                                        'vento, superfici vibrate, forme che '
                                        'sembrano emergere e dissolversi allo '
                                        'stesso tempo. Come osserva Mitrano, '
                                        'Pancella «non vuole rappresentare, ma '
                                        'essere», restituendo alla scultura '
                                        'una dimensione esistenziale che '
                                        'unisce etica, estetica e umanità '
                                        'profonda. Nel suo saggio, Alessandro '
                                        'Masi amplia lo sguardo sulla figura '
                                        'dell’artista e sulla sua appartenenza '
                                        'alla grande stagione della scultura '
                                        'italiana della seconda metà del '
                                        'Novecento, erede della lezione di '
                                        'Pericle Fazzini e interprete '
                                        'originale del rapporto tra forma, '
                                        'mito e natura. Vito Pancella nasce a '
                                        'Lanciano nel 1945, dove compie gli '
                                        'studi artistici prima di trasferirsi '
                                        'a Roma per frequentare l’Accademia di '
                                        'Belle Arti. Qui si forma alla scuola '
                                        'dello scultore Pericle Fazzini e '
                                        'dell’incisore Lino Bianchi '
                                        'Barriviera. Per oltre vent’anni '
                                        'insegna nei licei artistici di Bari e '
                                        'di Roma, città dove mantiene a lungo '
                                        'il proprio studio e partecipa '
                                        'attivamente alla vita culturale. Nel '
                                        '1989 torna stabilmente a Lanciano, '
                                        'pur continuando a lavorare tra le '
                                        'fonderie di Verona e i laboratori del '
                                        'marmo di Pietrasanta. La sua intensa '
                                        'attività espositiva, durata quasi '
                                        'quarant’anni, lo vede presente in '
                                        'numerose personali e collettive in '
                                        'Italia e all’estero, con '
                                        'riconoscimenti e premi significativi. '
                                        'Muore il 12 giugno 2005, dopo una '
                                        'lunga malattia.',
                         'dove': {'address': 'Corso Umberto I, 83',
                                  'name': 'Maison des Arts | Fondazione '
                                          'Pescarabruzzo',
                                  'raw_text': 'Dove Maison des Arts | '
                                              'Fondazione Pescarabruzzo Corso '
                                              'Umberto I, 83'},
                         'image': '//citynews-ilpescara.stgy.ovh/~media/horizontal-low/14556323710682/invito-web_mostra-vito-pancella.jpg',
                         'prezzo': 'Gratis',
                         'quando': {'date_end': '2026-03-08',
                                    'date_start': '2025-12-05',
                                    'raw_text': 'Quando Dal 05/12/2025 al '
                                                '08/03/2026 Mercoledì – '
                                                'Venerdì: 17:00 – 20:00 - '
                                                'Sabato: 16:00 – 20:00 - '
                                                'Domenica: 10:30 – 13:30 | '
                                                '16:00 – 20:00',
                                    'schedule': 'Mercoledì – Venerdì: 17:00 – '
                                                '20:00 - Sabato: 16:00 – 20:00 '
                                                '- Domenica: 10:30 – 13:30 | '
                                                '16:00 – 20:00'}},
              'list': {'category': 'Mostre',
                       'date': 'dal 5 dicembre 2025 al 8 marzo 2026',
                       'image': '//citynews-ilpescara.stgy.ovh/~media/horizontal-mid/14556323710682/invito-web_mostra-vito-pancella.jpg',
                       'location': 'Maison des Arts | Fondazione Pescarabruzzo',
                       'stars': None,
                       'title': 'Le sculture di Vito Pancella in mostra'}},
 'scraped_at': '2026-02-02T19:46:24.237732',
 'source': 'city_today',
 'title': 'Le sculture di Vito Pancella in mostra',
 'url': 'https://www.ilpescara.it/eventi/mostre/sculture-vito-pancella-mostra-2025-2026.html',
 'uuid': '332ca28b19d6b337',
 'website': None}
[2026-02-02T19:46:25.115+0000] {docker.py:429} INFO - 2026-02-02 19:46:25 [scrapy.core.engine] DEBUG: Crawled (200) <GET https://www.ilpescara.it/eventi/cultura/ciambella-moscatello-si-rinnova-tradizione-castiglione-casauria.html> (referer: https://www.ilpescara.it/eventi/dal/2026-02-02/al/2026-02-08/)
[2026-02-02T19:46:25.226+0000] {docker.py:429} INFO - 2026-02-02 19:46:25 [scrapy.core.scraper] DEBUG: Scraped from <200 https://www.ilpescara.it/eventi/cultura/ciambella-moscatello-si-rinnova-tradizione-castiglione-casauria.html>
{'category': ['Manifestazioni'],
 'city': 'Pescara',
 'city_id': None,
 'content_hash': '372a6274910717a3',
 'date_display': 'dal 25 gennaio al 4 febbraio 2026',
 'date_end': '2026-02-04',
 'date_start': '2026-01-25',
 'description': 'Domenica 25 gennaio, alle 15.30, nella cantina di Tenuta '
                'secondo IX si terrà la terza edizione di “La ciambelle de San '
                'Biasce” organizzata da Interpromium in collaborazione con '
                'l’azienda vitivinicola. L’evento si concluderà il 4 febbraio '
                'alle ore 17.30 con il IX Premio del Moscatello al palazzo De '
                'Petris-Fraggianni. L’iniziativa rientra nei festeggiamenti in '
                'onore di San Biagio, con il patrocinio del comune di '
                'Castiglione a Casauria. L’intento è quello di rilanciare le '
                'due tipicità enogastronomiche del paese attraverso '
                'l’istituzione di due premi, due momenti per riconoscere il '
                'merito dei produttori amatoriali della ciambella '
                'castiglionese e del Moscatello di Castiglione. Un’iniziativa '
                'che vuole riportare al centro i "custodi della ricetta": le '
                'famiglie e i produttori amatoriali. I produttori che '
                'desiderano mettere alla prova la propria abilità, potranno '
                'iscriversi gratuitamente. Due giurie apposite, nei due '
                'giorni, valuteranno i prodotti e decreteranno i vincitori. '
                '"Con queste iniziative non vogliamo solo premiare la '
                'ciambella o il Moscatello migliori, ma riattivare i forni e '
                'le cantine della nostra memoria collettiva" , dichiarano i '
                'rappresentanti delle associazioni. “ Vogliamo che sia la '
                'comunità stessa a farsi portavoce della bellezza e della '
                'bontà dei nostri prodotti."',
 'event_id': 'ciambella-moscatello-si-rinnova-tradizione-castiglione-casauria',
 'image_url': '//citynews-ilpescara.stgy.ovh/~media/horizontal-low/32311562345127/moscatello-e-ciambelle-1.jpg',
 'location_address': None,
 'location_name': 'Cantina di Tenuta secondo IX e palazzo De Petris-Fraggianni',
 'price': 'Gratis',
 'raw_data': {'detail': {'altre_informazioni': {'raw_text': 'Altre '
                                                            'informazioni '
                                                            'Evento per '
                                                            'bambini',
                                                'website': None},
                         'descrizione': 'Domenica 25 gennaio, alle 15.30, '
                                        'nella cantina di Tenuta secondo IX si '
                                        'terrà la terza edizione di “La '
                                        'ciambelle de San Biasce” organizzata '
                                        'da Interpromium in collaborazione con '
                                        'l’azienda vitivinicola. L’evento si '
                                        'concluderà il 4 febbraio alle ore '
                                        '17.30 con il IX Premio del Moscatello '
                                        'al palazzo De Petris-Fraggianni. '
                                        'L’iniziativa rientra nei '
                                        'festeggiamenti in onore di San '
                                        'Biagio, con il patrocinio del comune '
                                        'di Castiglione a Casauria. L’intento '
                                        'è quello di rilanciare le due '
                                        'tipicità enogastronomiche del paese '
                                        'attraverso l’istituzione di due '
                                        'premi, due momenti per riconoscere il '
                                        'merito dei produttori amatoriali '
                                        'della ciambella castiglionese e del '
                                        'Moscatello di Castiglione. '
                                        'Un’iniziativa che vuole riportare al '
                                        'centro i "custodi della ricetta": le '
                                        'famiglie e i produttori amatoriali. I '
                                        'produttori che desiderano mettere '
                                        'alla prova la propria abilità, '
                                        'potranno iscriversi gratuitamente. '
                                        'Due giurie apposite, nei due giorni, '
                                        'valuteranno i prodotti e decreteranno '
                                        'i vincitori. "Con queste iniziative '
                                        'non vogliamo solo premiare la '
                                        'ciambella o il Moscatello migliori, '
                                        'ma riattivare i forni e le cantine '
                                        'della nostra memoria collettiva" , '
                                        'dichiarano i rappresentanti delle '
                                        'associazioni. “ Vogliamo che sia la '
                                        'comunità stessa a farsi portavoce '
                                        'della bellezza e della bontà dei '
                                        'nostri prodotti."',
                         'dove': {'address': None,
                                  'name': 'Cantina di Tenuta secondo IX e '
                                          'palazzo De Petris-Fraggianni',
                                  'raw_text': 'Dove Cantina di Tenuta secondo '
                                              'IX e palazzo De '
                                              'Petris-Fraggianni Indirizzo non '
                                              'disponibile Castiglione a '
                                              'casauria'},
                         'image': '//citynews-ilpescara.stgy.ovh/~media/horizontal-low/32311562345127/moscatello-e-ciambelle-1.jpg',
                         'prezzo': 'Gratis',
                         'quando': {'date_end': '2026-02-04',
                                    'date_start': '2026-01-25',
                                    'raw_text': 'Quando Dal 25/01/2026 al '
                                                '04/02/2026 consultare il '
                                                'programma',
                                    'schedule': 'consultare il programma'}},
              'list': {'category': 'Manifestazioni',
                       'date': 'dal 25 gennaio al 4 febbraio 2026',
                       'image': '//citynews-ilpescara.stgy.ovh/~media/horizontal-mid/32311562345127/moscatello-e-ciambelle-1.jpg',
                       'location': 'Cantina di Tenuta secondo IX e palazzo De '
                                   'Petris-Fraggianni',
                       'stars': None,
                       'title': 'Ciambella e moscatello: si rinnova la '
                                'tradizione a Castiglione a Casauria'}},
 'scraped_at': '2026-02-02T19:46:25.223988',
 'source': 'city_today',
 'title': 'Ciambella e moscatello: si rinnova la tradizione a Castiglione a '
          'Casauria',
 'url': 'https://www.ilpescara.it/eventi/cultura/ciambella-moscatello-si-rinnova-tradizione-castiglione-casauria.html',
 'uuid': '2a6c7d435c487157',
 'website': None}
[2026-02-02T19:46:26.042+0000] {docker.py:429} INFO - 2026-02-02 19:46:26 [scrapy.core.engine] DEBUG: Crawled (200) <GET https://www.ilpescara.it/eventi/cultura/yoga-mindfulness-lezione-prova-gratuita-febbraio-2026.html> (referer: https://www.ilpescara.it/eventi/dal/2026-02-02/al/2026-02-08/)
[2026-02-02T19:46:26.147+0000] {docker.py:429} INFO - 2026-02-02 19:46:26 [scrapy.core.scraper] DEBUG: Scraped from <200 https://www.ilpescara.it/eventi/cultura/yoga-mindfulness-lezione-prova-gratuita-febbraio-2026.html>
{'category': ['Incontri'],
 'city': 'Pescara',
 'city_id': None,
 'content_hash': 'ca254380e3fb98b4',
 'date_display': '7 febbraio 2026',
 'date_end': '2026-02-07',
 'date_start': '2026-02-07',
 'description': 'Sta per partire un nuovo corso di yoga e mindfulness a '
                'Pescara. Appuntamento al 7 febbraio con Simona Valente, '
                'insegnate yoga e istruttore mindfulness certificato. Un '
                'viaggio per ritrovare equilibrio e presenza attraverso '
                'l\'unione di due discipline millenarie. "La consapevolezza è '
                'la chiave per vivere ogni istante con pienezza” Gli incontri '
                'si svolgeranno nei seguenti giorni e orari: - Lunedì 16.30 – '
                '17.30 - Venerdì 16.30 – 17.30 - Sabato 12.00 – 13.00 Gli '
                'incontri si terranno nello spazio Cts, Centro teatro studi in '
                'via Puccini 63. La lezione di prova gratuita è aperta a tutti '
                'e si terrà nella giornata di sabato 7 febbraio. È gradita la '
                'prenotazione; per tutte le informazioni contattare il n. '
                '3383342493.',
 'event_id': 'yoga-mindfulness-lezione-prova-gratuita-febbraio-2026',
 'image_url': '//citynews-ilpescara.stgy.ovh/~media/horizontal-low/52865856980317/corso-yoga-mindfulness-cts-pescara.jpeg',
 'location_address': 'Via Giacomo Puccini, 63',
 'location_name': 'Cts, Centro teatro studi',
 'price': 'Gratis',
 'raw_data': {'detail': {'altre_informazioni': {'raw_text': 'Altre '
                                                            'informazioni',
                                                'website': None},
                         'descrizione': 'Sta per partire un nuovo corso di '
                                        'yoga e mindfulness a Pescara. '
                                        'Appuntamento al 7 febbraio con Simona '
                                        'Valente, insegnate yoga e istruttore '
                                        'mindfulness certificato. Un viaggio '
                                        'per ritrovare equilibrio e presenza '
                                        "attraverso l'unione di due discipline "
                                        'millenarie. "La consapevolezza è la '
                                        'chiave per vivere ogni istante con '
                                        'pienezza” Gli incontri si svolgeranno '
                                        'nei seguenti giorni e orari: - Lunedì '
                                        '16.30 – 17.30 - Venerdì 16.30 – 17.30 '
                                        '- Sabato 12.00 – 13.00 Gli incontri '
                                        'si terranno nello spazio Cts, Centro '
                                        'teatro studi in via Puccini 63. La '
                                        'lezione di prova gratuita è aperta a '
                                        'tutti e si terrà nella giornata di '
                                        'sabato 7 febbraio. È gradita la '
                                        'prenotazione; per tutte le '
                                        'informazioni contattare il n. '
                                        '3383342493.',
                         'dove': {'address': 'Via Giacomo Puccini, 63',
                                  'name': 'Cts, Centro teatro studi',
                                  'raw_text': 'Dove Cts, Centro teatro studi '
                                              'Via Giacomo Puccini, 63'},
                         'image': '//citynews-ilpescara.stgy.ovh/~media/horizontal-low/52865856980317/corso-yoga-mindfulness-cts-pescara.jpeg',
                         'prezzo': 'Gratis',
                         'quando': {'date_end': '2026-02-07',
                                    'date_start': '2026-02-07',
                                    'raw_text': 'Quando Dal 07/02/2026 al '
                                                '07/02/2026 16.30',
                                    'schedule': '16.30'}},
              'list': {'category': 'Incontri',
                       'date': '7 febbraio 2026',
                       'image': '//citynews-ilpescara.stgy.ovh/~media/horizontal-mid/52865856980317/corso-yoga-mindfulness-cts-pescara.jpeg',
                       'location': 'Cts, Centro teatro studi',
                       'stars': None,
                       'title': 'Yoga e mindfulness: lezione di prova '
                                'gratuita'}},
 'scraped_at': '2026-02-02T19:46:26.145549',
 'source': 'city_today',
 'title': 'Yoga e mindfulness: lezione di prova gratuita',
 'url': 'https://www.ilpescara.it/eventi/cultura/yoga-mindfulness-lezione-prova-gratuita-febbraio-2026.html',
 'uuid': '3f8ac0f632bfcfaa',
 'website': None}
[2026-02-02T19:46:27.449+0000] {docker.py:429} INFO - 2026-02-02 19:46:27 [scrapy.core.engine] DEBUG: Crawled (200) <GET https://www.ilpescara.it/eventi/teatro/morte-accidentale-anarchico-pescara-spettacolo-dario-fo-franca-rame.html> (referer: https://www.ilpescara.it/eventi/dal/2026-02-02/al/2026-02-08/)
[2026-02-02T19:46:27.575+0000] {docker.py:429} INFO - 2026-02-02 19:46:27 [scrapy.core.scraper] DEBUG: Scraped from <200 https://www.ilpescara.it/eventi/teatro/morte-accidentale-anarchico-pescara-spettacolo-dario-fo-franca-rame.html>
{'category': ['Teatri'],
 'city': 'Pescara',
 'city_id': None,
 'content_hash': '1b1cfdd220bcc67a',
 'date_display': '7 febbraio 2026',
 'date_end': '2026-02-07',
 'date_start': '2026-02-07',
 'description': 'Il prossimo 7 febbraio, alle ore 21, al teatro Cavour di '
                'Pescara andrà in scena lo spettacolo dal titolo “Morte '
                'accidentale di un anarchico” di Dario Fo e Franca Rame con '
                'Eleftherìa, compagnia teatrale indipendente di Torino. Con la '
                'commedia di Fo e Rame hanno debuttato a Torino il 4 aprile '
                '2025 e replicato nello stesso mese a Rivalta di Torino, '
                'Genova, Bologna e Forlì. Nei mesi di Settembre e Ottobre '
                'siamo invece stati a Roma, Buriasco, nel Torinese, e Bari. '
                '"Morte accidentale di un anarchico” è una commedia in due '
                'atti di Dario Fo e Franca Rame. La regia è curata da Claudio '
                'Destino e Federica Tucci. La commedia vede in scena gli '
                'attori Claudio Destino, Simone Ricci, Vincenzo Leone, '
                'Francesco Savarino, Beatrice Frattini. Le musiche sono state '
                'scelte da Claudio Destino e arrangiate da Marcello Coco, che '
                'cura anche il disegno luci. Mentre scenografia e costumi sono '
                'curati da Claudio Destino e Federica Tucci. La commedia fu '
                'rappresentata la prima volta il 5 dicembre a Varese e il 10 '
                'dicembre del 1970 a Milano. "La «morte accidentale» a cui '
                "allude ironicamente il titolo è quella dell'anarchico "
                'Giuseppe Pinelli, precipitato il 15 dicembre 1969 dalla '
                'finestra del quarto piano della questura di Milano, nel corso '
                "dell'interrogatorio per la strage di Piazza Fontana. Le "
                'circostanze della morte, inizialmente non chiare, furono poi '
                'archiviate come un caso di «malore attivo»." Il testo di Fo e '
                'Rame, che prende vita un anno dopo il fatto, rappresenta una '
                "farsa irresistibile, che attraverso l'uso del grottesco e del "
                'paradosso, mette in luce le menzogne e le contraddizioni del '
                "potere, nella sua natura più universale. L'effetto "
                'giullaresco è di una totale e travolgente comicità. '
                'Impossibile quindi non pensare che ancora oggi, davanti alle '
                '"morti accidentali" seppur per altre ragioni, si accomuna '
                "puntuale, il vuoto d'informazione attorno all'evento, spesso "
                "tradotto dalla negazione, dall'incoerenza di dichiarazioni "
                'ufficiali, atti giudiziari grotteschi, testimonianze '
                "appannate, incerte. Il testo di Fo ci riporta all'attenzione "
                'queste scomode verità, con audace e provocatoria genialità '
                'artistica, mette quasi in guardia, esortandoci a non fermarsi '
                'mai alle verità raccontate e ai fatti così riportarti nel '
                'nome della giustizia e della fiducia, nel nome '
                "dell'informazione, e di come anzi il potere, riesca a "
                'organizzare il "gioco" del massacro, gestire il pianto, lo '
                'sdegno, lo scandalo, scegliere i colpevoli, le vittime, le '
                'medaglie alle vedove e agli orfani. “Siamo partiti dallo '
                'studio, non solo del testo di Fo e di tutto il materiale che '
                'lascia in eredità, ma aprendo anche uno spazio al dialogo, '
                'alla riflessione e alla condivisione. Abbiamo cercato '
                'attraverso i dati e gli atti ufficiali che hanno '
                'caratterizzato la scrittura del testo di Fo, di ritornare in '
                'quella stanza della questura di Milano e ripercorrere ciò che '
                'accadde, per non dimenticare. Il nostro lavoro parte '
                "dall'urgenza etica e artistica di risvegliare la forma del "
                'teatro nella sua essenza più naturale, per credere che il '
                'teatro si possa ancora dimostrare il luogo più autentico, per '
                'riconquistare quegli spazi di espressione e libertà. Quella '
                'stessa libertà e abilità drammaturgica, che contraddistingue '
                'Dario Fo, di dar vita e ricreare in scena, attorno ai '
                'personaggi del commissario, del questore, e della '
                'giornalista, la figura del Matto, perno di tutta la farsa, '
                'che è guida e regista di un dialogo rapido e serrato, in cui '
                'con pungente ironia ci fa ridere e poi ancora arrabbiare, '
                'riflettere. Da questo personaggio infatti, il Matto, prende '
                'vita anche la nostra idea sulla locandina, che rappresenta un '
                'volto sorridente ed esasperato, quasi come se volesse '
                '"urlarci" in faccia la verità. I tratti del dipinto '
                'realizzato a mano da Diego Lalomia, si ispirano non a caso al '
                'volto di Claudio Destino, che interpreterà appunto il Matto. '
                'Con scenografia e costumi abbiamo voluto, invece, "giocare" '
                "tra i giorni nostri e gli anni '70. Come per riportare la "
                'vicenda di quegli anni ad oggi. Abbiamo deciso di ricreare la '
                'stanza della questura in modo essenziale e pulito, quasi '
                'scarna e fredda. E per spostare il focus più sui dialoghi '
                'serrati e i contenuti del testo. Abbiamo inoltre deciso di '
                "ricreare la finestra come un'ampia cornice, quasi come a "
                'rappresentare un simbolo, un passaggio oltre il quale non si '
                'torna più indietro. Desideriamo, per chi ancora non la '
                "conosce, raccontare attraverso la commedia di Fo, che cos'è "
                'accaduto a Giuseppe Pinelli e, al contempo, omaggiare la sua '
                'memoria a chi invece ha seguito e vissuto in quegli anni la '
                'vicenda. Poi, senza giudizio alcuno, vogliamo ricordare e '
                'dedicare questo spettacolo a tutte quelle morti accidentali '
                'che purtroppo ancora oggi accadono. Infine, ci auguriamo di '
                'poter lasciare una piccola speranza e dose di coraggio per '
                'non farsi schiacciare inesorabilmente dalle ingiustizie che '
                'ci circondano quotidianamente anche quando sono dettate dal '
                'potere.”',
 'event_id': 'morte-accidentale-anarchico-pescara-spettacolo-dario-fo-franca-rame',
 'image_url': '//citynews-ilpescara.stgy.ovh/~media/horizontal-low/30379580304937/eleftheria.jpg',
 'location_address': 'Via Camillo Benso Conte di Cavour, 9',
 'location_name': 'Teatro Cavour',
 'price': '9,00€ - 11,00€',
 'raw_data': {'detail': {'altre_informazioni': {'raw_text': 'Altre '
                                                            'informazioni Sito '
                                                            'web '
                                                            'ciaotickets.com',
                                                'website': 'https://www.ciaotickets.com/it/biglietti/morte-accidentale-di-un-anarchico-pescara'},
                         'descrizione': 'Il prossimo 7 febbraio, alle ore 21, '
                                        'al teatro Cavour di Pescara andrà in '
                                        'scena lo spettacolo dal titolo “Morte '
                                        'accidentale di un anarchico” di Dario '
                                        'Fo e Franca Rame con Eleftherìa, '
                                        'compagnia teatrale indipendente di '
                                        'Torino. Con la commedia di Fo e Rame '
                                        'hanno debuttato a Torino il 4 aprile '
                                        '2025 e replicato nello stesso mese a '
                                        'Rivalta di Torino, Genova, Bologna e '
                                        'Forlì. Nei mesi di Settembre e '
                                        'Ottobre siamo invece stati a Roma, '
                                        'Buriasco, nel Torinese, e Bari. '
                                        '"Morte accidentale di un anarchico” è '
                                        'una commedia in due atti di Dario Fo '
                                        'e Franca Rame. La regia è curata da '
                                        'Claudio Destino e Federica Tucci. La '
                                        'commedia vede in scena gli attori '
                                        'Claudio Destino, Simone Ricci, '
                                        'Vincenzo Leone, Francesco Savarino, '
                                        'Beatrice Frattini. Le musiche sono '
                                        'state scelte da Claudio Destino e '
                                        'arrangiate da Marcello Coco, che cura '
                                        'anche il disegno luci. Mentre '
                                        'scenografia e costumi sono curati da '
                                        'Claudio Destino e Federica Tucci. La '
                                        'commedia fu rappresentata la prima '
                                        'volta il 5 dicembre a Varese e il 10 '
                                        'dicembre del 1970 a Milano. "La '
                                        '«morte accidentale» a cui allude '
                                        'ironicamente il titolo è quella '
                                        "dell'anarchico Giuseppe Pinelli, "
                                        'precipitato il 15 dicembre 1969 dalla '
                                        'finestra del quarto piano della '
                                        'questura di Milano, nel corso '
                                        "dell'interrogatorio per la strage di "
                                        'Piazza Fontana. Le circostanze della '
                                        'morte, inizialmente non chiare, '
                                        'furono poi archiviate come un caso di '
                                        '«malore attivo»." Il testo di Fo e '
                                        'Rame, che prende vita un anno dopo il '
                                        'fatto, rappresenta una farsa '
                                        "irresistibile, che attraverso l'uso "
                                        'del grottesco e del paradosso, mette '
                                        'in luce le menzogne e le '
                                        'contraddizioni del potere, nella sua '
                                        "natura più universale. L'effetto "
                                        'giullaresco è di una totale e '
                                        'travolgente comicità. Impossibile '
                                        'quindi non pensare che ancora oggi, '
                                        'davanti alle "morti accidentali" '
                                        'seppur per altre ragioni, si accomuna '
                                        "puntuale, il vuoto d'informazione "
                                        "attorno all'evento, spesso tradotto "
                                        "dalla negazione, dall'incoerenza di "
                                        'dichiarazioni ufficiali, atti '
                                        'giudiziari grotteschi, testimonianze '
                                        'appannate, incerte. Il testo di Fo ci '
                                        "riporta all'attenzione queste scomode "
                                        'verità, con audace e provocatoria '
                                        'genialità artistica, mette quasi in '
                                        'guardia, esortandoci a non fermarsi '
                                        'mai alle verità raccontate e ai fatti '
                                        'così riportarti nel nome della '
                                        'giustizia e della fiducia, nel nome '
                                        "dell'informazione, e di come anzi il "
                                        'potere, riesca a organizzare il '
                                        '"gioco" del massacro, gestire il '
                                        'pianto, lo sdegno, lo scandalo, '
                                        'scegliere i colpevoli, le vittime, le '
                                        'medaglie alle vedove e agli orfani. '
                                        '“Siamo partiti dallo studio, non solo '
                                        'del testo di Fo e di tutto il '
                                        'materiale che lascia in eredità, ma '
                                        'aprendo anche uno spazio al dialogo, '
                                        'alla riflessione e alla condivisione. '
                                        'Abbiamo cercato attraverso i dati e '
                                        'gli atti ufficiali che hanno '
                                        'caratterizzato la scrittura del testo '
                                        'di Fo, di ritornare in quella stanza '
                                        'della questura di Milano e '
                                        'ripercorrere ciò che accadde, per non '
                                        'dimenticare. Il nostro lavoro parte '
                                        "dall'urgenza etica e artistica di "
                                        'risvegliare la forma del teatro nella '
                                        'sua essenza più naturale, per credere '
                                        'che il teatro si possa ancora '
                                        'dimostrare il luogo più autentico, '
                                        'per riconquistare quegli spazi di '
                                        'espressione e libertà. Quella stessa '
                                        'libertà e abilità drammaturgica, che '
                                        'contraddistingue Dario Fo, di dar '
                                        'vita e ricreare in scena, attorno ai '
                                        'personaggi del commissario, del '
                                        'questore, e della giornalista, la '
                                        'figura del Matto, perno di tutta la '
                                        'farsa, che è guida e regista di un '
                                        'dialogo rapido e serrato, in cui con '
                                        'pungente ironia ci fa ridere e poi '
                                        'ancora arrabbiare, riflettere. Da '
                                        'questo personaggio infatti, il Matto, '
                                        'prende vita anche la nostra idea '
                                        'sulla locandina, che rappresenta un '
                                        'volto sorridente ed esasperato, quasi '
                                        'come se volesse "urlarci" in faccia '
                                        'la verità. I tratti del dipinto '
                                        'realizzato a mano da Diego Lalomia, '
                                        'si ispirano non a caso al volto di '
                                        'Claudio Destino, che interpreterà '
                                        'appunto il Matto. Con scenografia e '
                                        'costumi abbiamo voluto, invece, '
                                        '"giocare" tra i giorni nostri e gli '
                                        "anni '70. Come per riportare la "
                                        'vicenda di quegli anni ad oggi. '
                                        'Abbiamo deciso di ricreare la stanza '
                                        'della questura in modo essenziale e '
                                        'pulito, quasi scarna e fredda. E per '
                                        'spostare il focus più sui dialoghi '
                                        'serrati e i contenuti del testo. '
                                        'Abbiamo inoltre deciso di ricreare la '
                                        "finestra come un'ampia cornice, quasi "
                                        'come a rappresentare un simbolo, un '
                                        'passaggio oltre il quale non si torna '
                                        'più indietro. Desideriamo, per chi '
                                        'ancora non la conosce, raccontare '
                                        'attraverso la commedia di Fo, che '
                                        "cos'è accaduto a Giuseppe Pinelli e, "
                                        'al contempo, omaggiare la sua memoria '
                                        'a chi invece ha seguito e vissuto in '
                                        'quegli anni la vicenda. Poi, senza '
                                        'giudizio alcuno, vogliamo ricordare e '
                                        'dedicare questo spettacolo a tutte '
                                        'quelle morti accidentali che '
                                        'purtroppo ancora oggi accadono. '
                                        'Infine, ci auguriamo di poter '
                                        'lasciare una piccola speranza e dose '
                                        'di coraggio per non farsi schiacciare '
                                        'inesorabilmente dalle ingiustizie che '
                                        'ci circondano quotidianamente anche '
                                        'quando sono dettate dal potere.”',
                         'dove': {'address': 'Via Camillo Benso Conte di '
                                             'Cavour, 9',
                                  'name': 'Teatro Cavour',
                                  'raw_text': 'Dove Teatro Cavour Via Camillo '
                                              'Benso Conte di Cavour, 9'},
                         'image': '//citynews-ilpescara.stgy.ovh/~media/horizontal-low/30379580304937/eleftheria.jpg',
                         'prezzo': '9,00€ - 11,00€',
                         'quando': {'date_end': '2026-02-07',
                                    'date_start': '2026-02-07',
                                    'raw_text': 'Quando Dal 07/02/2026 al '
                                                '07/02/2026 21',
                                    'schedule': '21'}},
              'list': {'category': 'Teatri',
                       'date': '7 febbraio 2026',
                       'image': '//citynews-ilpescara.stgy.ovh/~media/horizontal-mid/30379580304937/eleftheria.jpg',
                       'location': 'Teatro Cavour',
                       'stars': None,
                       'title': 'Morte accidentale di un anarchico: a Pescara '
                                'lo spettacolo di Dario Fo e Franca Rame'}},
 'scraped_at': '2026-02-02T19:46:27.568962',
 'source': 'city_today',
 'title': 'Morte accidentale di un anarchico: a Pescara lo spettacolo di Dario '
          'Fo e Franca Rame',
 'url': 'https://www.ilpescara.it/eventi/teatro/morte-accidentale-anarchico-pescara-spettacolo-dario-fo-franca-rame.html',
 'uuid': '69efb80c7fdc3192',
 'website': 'https://www.ciaotickets.com/it/biglietti/morte-accidentale-di-un-anarchico-pescara'}
[2026-02-02T19:46:28.894+0000] {docker.py:429} INFO - 2026-02-02 19:46:28 [scrapy.core.engine] DEBUG: Crawled (200) <GET https://www.ilpescara.it/eventi/mostre/mostra-michelangelo-pistoletto-sculture-disegni.html> (referer: https://www.ilpescara.it/eventi/dal/2026-02-02/al/2026-02-08/)
[2026-02-02T19:46:29.012+0000] {docker.py:429} INFO - 2026-02-02 19:46:29 [scrapy.core.scraper] DEBUG: Scraped from <200 https://www.ilpescara.it/eventi/mostre/mostra-michelangelo-pistoletto-sculture-disegni.html>
{'category': ['Mostre'],
 'city': 'Pescara',
 'city_id': None,
 'content_hash': '5137fee08ac77912',
 'date_display': 'dal 24 novembre 2025 al 31 maggio 2026',
 'date_end': '2026-05-31',
 'date_start': '2025-11-24',
 'description': 'Fondazione Pescarabruzzo presenta “Michelangelo Pistoletto. '
                'Sculture e disegni (1982–1986)” a cura di Zerynthia – '
                'associazione per l’arte Contemporanea odv. La mostra è stata '
                'inaugurata lo scorso 24 novembre e sarà visitabile fino al 30 '
                'maggio 2026 al MicHub di Pescara. Si tratta di un nuovo '
                'capitolo del progetto “Arte povera e oltre”, dedicato alla '
                'ricerca di Michelangelo Pistoletto e, in particolare, al '
                'nucleo di opere realizzate tra il 1982 e il 1986. Insieme '
                'alla ricostruzione delle installazioni di Luciano Fabro, '
                'Jannis Kounellis, Mario Merz e Vettor Pisani, esposte da '
                'Mario Pieroni al "Bagno Borbonico", via delle Caserme, '
                'Pescara 1975-1978, la nuova esposizione temporanea mira a '
                'proporre alla città di Pescara un periodo specifico di '
                'Michelangelo Pistoletto, denominato anche Quarta Generazione '
                'e definito nella sua pubblicazione, Poetica Dura. Apre la '
                'rassegna La Spalla, una scultura che sembra avere due '
                'momenti, un lato prospetticamente levigato, piatto, che '
                'evidenzia l’assemblaggio dei blocchi, un altro sbozzato e '
                'smussato, tracciando le linee di un’ipotetica forma in '
                'formazione. Le altre opere in mostra – in totale cinque '
                'sculture e dieci disegni – furono presentate per la prima '
                'volta nell’esposizione Arte dello Squallore nella Galleria di '
                'Giorgio Persano nel 1985 e nel 1986 proprio nella Galleria '
                'Pieroni di Roma e sono costituite da superfici e volumi dai '
                "colori scuri e cupi, grandi blocchi di poliuretano. L'artista "
                "ha spesso utilizzato per questi lavori anche l'espressione "
                '“materiale anonimo”, lavori che stanno in un campo indefinito '
                'tra pittura e scultura. Tra i volumi imponenti e la serie di '
                'carboncini - che ripetono sul piano a due dimensioni quello '
                'che i blocchi scultorei interpretano all’interno dello spazio '
                'reale – si scopre una sorta di contraltare visivo e '
                'concettuale alle opere specchianti, tanto celebri dello '
                'stesso artista. Si sono trasformati in immagine esattamente '
                'come le persone e gli oggetti comuni sulle superfici '
                'specchianti dei periodi successivi di Michelangelo '
                'Pistoletto. «Con questa esposizione», afferma Nicola '
                'Mattoscio, presidente della Fondazione Pescarabruzzo , '
                '«continua la missione di promozione culturale e di diffusione '
                'della conoscenza anche attraverso il nuovo polo MicHub, luogo '
                'di ricerca, sperimentazione e approfondimento dedicato ai '
                'linguaggi creativi, artistici, tecnologici e scientifici. Per '
                'la nuova e straordinaria opportunità resa possibile '
                'sviluppando il progetto Imago Museum / Arte Povera e oltre, '
                'si deve essere pubblicamente riconoscenti agli infaticabili '
                'coniugi Dora Stiefelmeier e Mario Pieroni e alla '
                'disponibilità di Michelangelo Pistoletto, uno dei '
                'protagonisti più significativi dell’arte contemporanea, come '
                'gli viene riconosciuto in tutto il mondo».',
 'event_id': 'mostra-michelangelo-pistoletto-sculture-disegni',
 'image_url': '//citynews-ilpescara.stgy.ovh/~media/horizontal-low/31332711309727/pistoletto.jpg',
 'location_address': 'Via Michelangelo',
 'location_name': 'MicHub',
 'price': 'Prezzo non disponibile',
 'raw_data': {'detail': {'altre_informazioni': {'raw_text': 'Altre '
                                                            'informazioni Sito '
                                                            'web rp-press.it '
                                                            'Evento per '
                                                            'bambini',
                                                'website': 'https://www.rp-press.it/portfolio/michelangelo-pistoletto-sculture-e-disegni-1982-1986-24-novembre-2025-michub-pescara/'},
                         'descrizione': 'Fondazione Pescarabruzzo presenta '
                                        '“Michelangelo Pistoletto. Sculture e '
                                        'disegni (1982–1986)” a cura di '
                                        'Zerynthia – associazione per l’arte '
                                        'Contemporanea odv. La mostra è stata '
                                        'inaugurata lo scorso 24 novembre e '
                                        'sarà visitabile fino al 30 maggio '
                                        '2026 al MicHub di Pescara. Si tratta '
                                        'di un nuovo capitolo del progetto '
                                        '“Arte povera e oltre”, dedicato alla '
                                        'ricerca di Michelangelo Pistoletto e, '
                                        'in particolare, al nucleo di opere '
                                        'realizzate tra il 1982 e il 1986. '
                                        'Insieme alla ricostruzione delle '
                                        'installazioni di Luciano Fabro, '
                                        'Jannis Kounellis, Mario Merz e Vettor '
                                        'Pisani, esposte da Mario Pieroni al '
                                        '"Bagno Borbonico", via delle Caserme, '
                                        'Pescara 1975-1978, la nuova '
                                        'esposizione temporanea mira a '
                                        'proporre alla città di Pescara un '
                                        'periodo specifico di Michelangelo '
                                        'Pistoletto, denominato anche Quarta '
                                        'Generazione e definito nella sua '
                                        'pubblicazione, Poetica Dura. Apre la '
                                        'rassegna La Spalla, una scultura che '
                                        'sembra avere due momenti, un lato '
                                        'prospetticamente levigato, piatto, '
                                        'che evidenzia l’assemblaggio dei '
                                        'blocchi, un altro sbozzato e '
                                        'smussato, tracciando le linee di '
                                        'un’ipotetica forma in formazione. Le '
                                        'altre opere in mostra – in totale '
                                        'cinque sculture e dieci disegni – '
                                        'furono presentate per la prima volta '
                                        'nell’esposizione Arte dello Squallore '
                                        'nella Galleria di Giorgio Persano nel '
                                        '1985 e nel 1986 proprio nella '
                                        'Galleria Pieroni di Roma e sono '
                                        'costituite da superfici e volumi dai '
                                        'colori scuri e cupi, grandi blocchi '
                                        "di poliuretano. L'artist
[2026-02-02T19:46:29.016+0000] {docker.py:429} INFO - a ha spesso "
                                        'utilizzato per questi lavori anche '
                                        "l'espressione “materiale anonimo”, "
                                        'lavori che stanno in un campo '
                                        'indefinito tra pittura e scultura. '
                                        'Tra i volumi imponenti e la serie di '
                                        'carboncini - che ripetono sul piano a '
                                        'due dimensioni quello che i blocchi '
                                        'scultorei interpretano all’interno '
                                        'dello spazio reale – si scopre una '
                                        'sorta di contraltare visivo e '
                                        'concettuale alle opere specchianti, '
                                        'tanto celebri dello stesso artista. '
                                        'Si sono trasformati in immagine '
                                        'esattamente come le persone e gli '
                                        'oggetti comuni sulle superfici '
                                        'specchianti dei periodi successivi di '
                                        'Michelangelo Pistoletto. «Con questa '
                                        'esposizione», afferma Nicola '
                                        'Mattoscio, presidente della '
                                        'Fondazione Pescarabruzzo , «continua '
                                        'la missione di promozione culturale e '
                                        'di diffusione della conoscenza anche '
                                        'attraverso il nuovo polo MicHub, '
                                        'luogo di ricerca, sperimentazione e '
                                        'approfondimento dedicato ai linguaggi '
                                        'creativi, artistici, tecnologici e '
                                        'scientifici. Per la nuova e '
                                        'straordinaria opportunità resa '
                                        'possibile sviluppando il progetto '
                                        'Imago Museum / Arte Povera e oltre, '
                                        'si deve essere pubblicamente '
                                        'riconoscenti agli infaticabili '
                                        'coniugi Dora Stiefelmeier e Mario '
                                        'Pieroni e alla disponibilità di '
                                        'Michelangelo Pistoletto, uno dei '
                                        'protagonisti più significativi '
                                        'dell’arte contemporanea, come gli '
                                        'viene riconosciuto in tutto il '
                                        'mondo».',
                         'dove': {'address': 'Via Michelangelo',
                                  'name': 'MicHub',
                                  'raw_text': 'Dove MicHub Via Michelangelo'},
                         'image': '//citynews-ilpescara.stgy.ovh/~media/horizontal-low/31332711309727/pistoletto.jpg',
                         'prezzo': 'Prezzo non disponibile',
                         'quando': {'date_end': '2026-05-31',
                                    'date_start': '2025-11-24',
                                    'raw_text': 'Quando Dal 24/11/2025 al '
                                                '31/05/2026 Orari di apertura '
                                                'dal martedì alla domenica '
                                                '10.30 - 13.30 - 13.00; 16.00 '
                                                '- 20.00',
                                    'schedule': 'Orari di apertura dal martedì '
                                                'alla domenica 10.30 - 13.30 - '
                                                '13.00; 16.00 - 20.00'}},
              'list': {'category': 'Mostre',
                       'date': 'dal 24 novembre 2025 al 31 maggio 2026',
                       'image': '//citynews-ilpescara.stgy.ovh/~media/horizontal-mid/31332711309727/pistoletto.jpg',
                       'location': 'MicHub',
                       'stars': None,
                       'title': 'Mostra Michelangelo Pistoletto, sculture e '
                                'disegni'}},
 'scraped_at': '2026-02-02T19:46:29.004704',
 'source': 'city_today',
 'title': 'Mostra Michelangelo Pistoletto, sculture e disegni',
 'url': 'https://www.ilpescara.it/eventi/mostre/mostra-michelangelo-pistoletto-sculture-disegni.html',
 'uuid': '9909c7da48d4b7c6',
 'website': 'https://www.rp-press.it/portfolio/michelangelo-pistoletto-sculture-e-disegni-1982-1986-24-novembre-2025-michub-pescara/'}
[2026-02-02T19:46:29.018+0000] {docker.py:429} INFO - 2026-02-02 19:46:29 [scrapy.core.engine] INFO: Closing spider (finished)
2026-02-02 19:46:29 [scrapy.extensions.feedexport] INFO: Stored json feed (8 items) in: /app/city_today/output/eventi_pescara_questa-settimana_20260202_194617.json
[2026-02-02T19:46:29.019+0000] {docker.py:429} INFO - 2026-02-02 19:46:29 [scrapy.statscollectors] INFO: Dumping Scrapy stats:
{'downloader/request_bytes': 4175,
 'downloader/request_count': 10,
 'downloader/request_method_count/GET': 10,
 'downloader/response_bytes': 1378730,
 'downloader/response_count': 10,
 'downloader/response_status_count/200': 10,
 'elapsed_time_seconds': 11.767539,
 'feedexport/success_count/FileFeedStorage': 1,
 'finish_reason': 'finished',
 'finish_time': datetime.datetime(2026, 2, 2, 19, 46, 29, 11229, tzinfo=datetime.timezone.utc),
 'httpcompression/response_bytes': 7357431,
 'httpcompression/response_count': 10,
 'item_scraped_count': 8,
 'items_per_city/Pescara': 8,
 'items_per_minute': 43.63636363636364,
 'log_count/DEBUG': 18,
 'log_count/INFO': 3,
 'memusage/max': 68820992,
 'memusage/startup': 68820992,
 'request_depth_max': 1,
 'response_received_count': 10,
 'responses_per_minute': 54.54545454545455,
 'robotstxt/request_count': 1,
 'robotstxt/response_count': 1,
 'robotstxt/response_status_count/200': 1,
 'scheduler/dequeued': 9,
 'scheduler/dequeued/memory': 9,
 'scheduler/enqueued': 9,
 'scheduler/enqueued/memory': 9,
 'start_time': datetime.datetime(2026, 2, 2, 19, 46, 17, 243690, tzinfo=datetime.timezone.utc)}
[2026-02-02T19:46:29.020+0000] {docker.py:429} INFO - 2026-02-02 19:46:29 [scrapy.core.engine] INFO: Spider closed (finished)
[2026-02-02T19:46:29.053+0000] {docker.py:429} INFO - Scraping completato. File: /app/city_today/output/eventi_pescara_questa-settimana_20260202_194617.json
[2026-02-02T19:46:29.534+0000] {taskinstance.py:1138} INFO - Marking task as SUCCESS. dag_id=etl_events_daily, task_id=process_pescara.scrape_city_today, execution_date=20260201T060000, start_date=20260202T194616, end_date=20260202T194629
[2026-02-02T19:46:29.591+0000] {local_task_job_runner.py:234} INFO - Task exited with return code 0
[2026-02-02T19:46:29.664+0000] {taskinstance.py:3280} INFO - 0 downstream tasks scheduled from follow-on schedule check
